PS C:\Users\DAB\mysite\backend\build_new> cmake -G "Visual Studio 17 2022" ..
-- Selecting Windows SDK version 10.0.22621.0 to target Windows 10.0.22631.
-- The C compiler identification is MSVC 19.37.32825.0
-- The CXX compiler identification is MSVC 19.37.32825.0
-- Detecting C compiler ABI info
-- Detecting C compiler ABI info - done
-- Check for working C compiler: C:/Program Files/Microsoft Visual Studio/2022/Community/VC/Tools/MSVC/14.37.32822/bin/Hostx64/x64/cl.exe - skipped
-- Detecting C compile features
-- Detecting C compile features - done
-- Detecting CXX compiler ABI info
-- Detecting CXX compiler ABI info - done
-- Check for working CXX compiler: C:/Program Files/Microsoft Visual Studio/2022/Community/VC/Tools/MSVC/14.37.32822/bin/Hostx64/x64/cl.exe - skipped
-- Detecting CXX compile features
-- Detecting CXX compile features - done
-- Found Boost 1.88.0 at C:/Users/DAB/Desktop/vcpkg/installed/x64-windows/share/boost
--   Requested configuration: REQUIRED COMPONENTS system;filesystem
-- BoostConfig: find_package(boost_headers 1.88.0 EXACT CONFIG REQUIRED  HINTS C:/Users/DAB/Desktop/vcpkg/installed/x64-windows/share)
-- Found boost_headers 1.88.0 at C:/Users/DAB/Desktop/vcpkg/installed/x64-windows/share/boost_headers
-- BoostConfig: find_package(boost_system 1.88.0 EXACT CONFIG REQUIRED  HINTS C:/Users/DAB/Desktop/vcpkg/installed/x64-windows/share)
-- Found boost_system 1.88.0 at C:/Users/DAB/Desktop/vcpkg/installed/x64-windows/share/boost_system
-- Found boost_assert 1.88.0 at C:/Users/DAB/Desktop/vcpkg/installed/x64-windows/share/boost_assert
-- Found boost_config 1.88.0 at C:/Users/DAB/Desktop/vcpkg/installed/x64-windows/share/boost_config
-- Found boost_throw_exception 1.88.0 at C:/Users/DAB/Desktop/vcpkg/installed/x64-windows/share/boost_throw_exception
-- Found boost_variant2 1.88.0 at C:/Users/DAB/Desktop/vcpkg/installed/x64-windows/share/boost_variant2
-- Found boost_mp11 1.88.0 at C:/Users/DAB/Desktop/vcpkg/installed/x64-windows/share/boost_mp11
-- Found boost_winapi 1.88.0 at C:/Users/DAB/Desktop/vcpkg/installed/x64-windows/share/boost_winapi
-- Found boost_predef 1.88.0 at C:/Users/DAB/Desktop/vcpkg/installed/x64-windows/share/boost_predef
-- BoostConfig: find_package(boost_filesystem 1.88.0 EXACT CONFIG REQUIRED  HINTS C:/Users/DAB/Desktop/vcpkg/installed/x64-windows/share)
-- Found boost_filesystem 1.88.0 at C:/Users/DAB/Desktop/vcpkg/installed/x64-windows/share/boost_filesystem
-- Found boost_container_hash 1.88.0 at C:/Users/DAB/Desktop/vcpkg/installed/x64-windows/share/boost_container_hash
-- Found boost_describe 1.88.0 at C:/Users/DAB/Desktop/vcpkg/installed/x64-windows/share/boost_describe
-- Found boost_detail 1.88.0 at C:/Users/DAB/Desktop/vcpkg/installed/x64-windows/share/boost_detail
-- Found boost_core 1.88.0 at C:/Users/DAB/Desktop/vcpkg/installed/x64-windows/share/boost_core
-- Found boost_static_assert 1.88.0 at C:/Users/DAB/Desktop/vcpkg/installed/x64-windows/share/boost_static_assert
-- Found boost_preprocessor 1.88.0 at C:/Users/DAB/Desktop/vcpkg/installed/x64-windows/share/boost_preprocessor
-- Found boost_type_traits 1.88.0 at C:/Users/DAB/Desktop/vcpkg/installed/x64-windows/share/boost_type_traits
-- Found boost_io 1.88.0 at C:/Users/DAB/Desktop/vcpkg/installed/x64-windows/share/boost_io
-- Found boost_iterator 1.88.0 at C:/Users/DAB/Desktop/vcpkg/installed/x64-windows/share/boost_iterator
-- Found boost_concept_check 1.88.0 at C:/Users/DAB/Desktop/vcpkg/installed/x64-windows/share/boost_concept_check
-- Found boost_fusion 1.88.0 at C:/Users/DAB/Desktop/vcpkg/installed/x64-windows/share/boost_fusion
-- Found boost_function_types 1.88.0 at C:/Users/DAB/Desktop/vcpkg/installed/x64-windows/share/boost_function_types
-- Found boost_mpl 1.88.0 at C:/Users/DAB/Desktop/vcpkg/installed/x64-windows/share/boost_mpl
-- Found boost_utility 1.88.0 at C:/Users/DAB/Desktop/vcpkg/installed/x64-windows/share/boost_utility
-- Found boost_tuple 1.88.0 at C:/Users/DAB/Desktop/vcpkg/installed/x64-windows/share/boost_tuple
-- Found boost_typeof 1.88.0 at C:/Users/DAB/Desktop/vcpkg/installed/x64-windows/share/boost_typeof
-- Found boost_functional 1.88.0 at C:/Users/DAB/Desktop/vcpkg/installed/x64-windows/share/boost_functional
-- Found boost_function 1.88.0 at C:/Users/DAB/Desktop/vcpkg/installed/x64-windows/share/boost_function
-- Found boost_bind 1.88.0 at C:/Users/DAB/Desktop/vcpkg/installed/x64-windows/share/boost_bind
-- Found boost_optional 1.88.0 at C:/Users/DAB/Desktop/vcpkg/installed/x64-windows/share/boost_optional
-- Found boost_smart_ptr 1.88.0 at C:/Users/DAB/Desktop/vcpkg/installed/x64-windows/share/boost_smart_ptr
-- Found boost_scope 1.88.0 at C:/Users/DAB/Desktop/vcpkg/installed/x64-windows/share/boost_scope
-- Found boost_atomic 1.88.0 at C:/Users/DAB/Desktop/vcpkg/installed/x64-windows/share/boost_atomic
-- Found boost_align 1.88.0 at C:/Users/DAB/Desktop/vcpkg/installed/x64-windows/share/boost_align
-- Performing Test CMAKE_HAVE_LIBC_PTHREAD
-- Performing Test CMAKE_HAVE_LIBC_PTHREAD - Failed
-- Looking for pthread_create in pthreads
-- Looking for pthread_create in pthreads - not found
-- Looking for pthread_create in pthread
-- Looking for pthread_create in pthread - not found
-- Found Threads: TRUE
-- Found OpenSSL: C:/Users/DAB/Desktop/vcpkg/installed/x64-windows/lib/libcrypto.lib (found version "3.5.0")
-- Found ZLIB: C:/Users/DAB/Desktop/vcpkg/installed/x64-windows/lib/zlib.lib (found version "1.3.1")
-- Found BZip2: C:/Users/DAB/Desktop/vcpkg/installed/x64-windows/lib/libbz2.lib (found version "1.0.8")
-- Looking for BZ2_bzCompressInit
-- Looking for BZ2_bzCompressInit - not found
-- Configuring done (9.3s)
-- Generating done (0.1s)
-- Build files have been written to: C:/Users/DAB/mysite/backend/build_new
PS C:\Users\DAB\mysite\backend\build_new> cmake --build . --config Debug
Версия MSBuild 17.7.2+d6990bcfa для .NET Framework

  1>Checking Build System
  Creating directories for 'crow'
  Building Custom Rule C:/Users/DAB/mysite/backend/CMakeLists.txt
  Performing download step (git clone) for 'crow'
  Cloning into 'crow'...
  HEAD is now at edf12f699 Added unittest for Host header
  Performing update step for 'crow'
  -- Already at requested tag: v1.0+5
  No patch step for 'crow'
  Performing configure step for 'crow'
  -- Selecting Windows SDK version 10.0.22621.0 to target Windows 10.0.22631.
  -- The CXX compiler identification is MSVC 19.37.32825.0
  -- Detecting CXX compiler ABI info
  -- Detecting CXX compiler ABI info - done
  -- Check for working CXX compiler: C:/Program Files/Microsoft Visual Studio/2022/C
  ommunity/VC/Tools/MSVC/14.37.32822/bin/Hostx64/x64/cl.exe - skipped
  -- Detecting CXX compile features
  -- Detecting CXX compile features - done
  CMake Warning (dev) at CMakeLists.txt:55 (find_package):
    Policy CMP0167 is not set: The FindBoost module is removed.  Run "cmake
    --help-policy CMP0167" for policy details.  Use the cmake_policy command to
    set the policy and suppress this warning.

  This warning is for project developers.  Use -Wno-dev to suppress it.

  -- Found Boost 1.88.0 at C:/Users/DAB/Desktop/vcpkg/installed/x64-windows/share/bo
  ost
  --   Requested configuration: QUIET REQUIRED COMPONENTS system;date_time
  -- BoostConfig: find_package(boost_headers 1.88.0 EXACT CONFIG REQUIRED QUIET HINT
  S C:/Users/DAB/Desktop/vcpkg/installed/x64-windows/share)
  -- Found boost_headers 1.88.0 at C:/Users/DAB/Desktop/vcpkg/installed/x64-windows/
  share/boost_headers
  -- BoostConfig: find_package(boost_system 1.88.0 EXACT CONFIG REQUIRED QUIET HINTS
   C:/Users/DAB/Desktop/vcpkg/installed/x64-windows/share)
  -- Found boost_system 1.88.0 at C:/Users/DAB/Desktop/vcpkg/installed/x64-windows/s
  hare/boost_system
  -- Found boost_assert 1.88.0 at C:/Users/DAB/Desktop/vcpkg/installed/x64-windows/s
  hare/boost_assert
  -- Found boost_config 1.88.0 at C:/Users/DAB/Desktop/vcpkg/installed/x64-windows/s
  hare/boost_config
  -- Found boost_throw_exception 1.88.0 at C:/Users/DAB/Desktop/vcpkg/installed/x64-
  windows/share/boost_throw_exception
  -- Found boost_variant2 1.88.0 at C:/Users/DAB/Desktop/vcpkg/installed/x64-windows
  /share/boost_variant2
  -- Found boost_mp11 1.88.0 at C:/Users/DAB/Desktop/vcpkg/installed/x64-windows/sha
  re/boost_mp11
  -- Found boost_winapi 1.88.0 at C:/Users/DAB/Desktop/vcpkg/installed/x64-windows/s
  hare/boost_winapi
  -- Found boost_predef 1.88.0 at C:/Users/DAB/Desktop/vcpkg/installed/x64-windows/s
  hare/boost_predef
  -- BoostConfig: find_package(boost_date_time 1.88.0 EXACT CONFIG REQUIRED QUIET HI
  NTS C:/Users/DAB/Desktop/vcpkg/installed/x64-windows/share)
  -- Found boost_date_time 1.88.0 at C:/Users/DAB/Desktop/vcpkg/installed/x64-window
  s/share/boost_date_time
  -- Found boost_algorithm 1.88.0 at C:/Users/DAB/Desktop/vcpkg/installed/x64-window
  s/share/boost_algorithm
  -- Found boost_array 1.88.0 at C:/Users/DAB/Desktop/vcpkg/installed/x64-windows/sh
  are/boost_array
  -- Found boost_static_assert 1.88.0 at C:/Users/DAB/Desktop/vcpkg/installed/x64-wi
  ndows/share/boost_static_assert
  -- Found boost_bind 1.88.0 at C:/Users/DAB/Desktop/vcpkg/installed/x64-windows/sha
  re/boost_bind
  -- Found boost_core 1.88.0 at C:/Users/DAB/Desktop/vcpkg/installed/x64-windows/sha
  re/boost_core
  -- Found boost_concept_check 1.88.0 at C:/Users/DAB/Desktop/vcpkg/installed/x64-wi
  ndows/share/boost_concept_check
  -- Found boost_preprocessor 1.88.0 at C:/Users/DAB/Desktop/vcpkg/installed/x64-win
  dows/share/boost_preprocessor
  -- Found boost_type_traits 1.88.0 at C:/Users/DAB/Desktop/vcpkg/installed/x64-wind
  ows/share/boost_type_traits
  -- Found boost_exception 1.88.0 at C:/Users/DAB/Desktop/vcpkg/installed/x64-window
  s/share/boost_exception
  -- Found boost_smart_ptr 1.88.0 at C:/Users/DAB/Desktop/vcpkg/installed/x64-window
  s/share/boost_smart_ptr
  -- Found boost_tuple 1.88.0 at C:/Users/DAB/Desktop/vcpkg/installed/x64-windows/sh
  are/boost_tuple
  -- Found boost_function 1.88.0 at C:/Users/DAB/Desktop/vcpkg/installed/x64-windows
  /share/boost_function
  -- Found boost_iterator 1.88.0 at C:/Users/DAB/Desktop/vcpkg/installed/x64-windows
  /share/boost_iterator
  -- Found boost_detail 1.88.0 at C:/Users/DAB/Desktop/vcpkg/installed/x64-windows/s
  hare/boost_detail
  -- Found boost_fusion 1.88.0 at C:/Users/DAB/Desktop/vcpkg/installed/x64-windows/s
  hare/boost_fusion
  -- Found boost_container_hash 1.88.0 at C:/Users/DAB/Desktop/vcpkg/installed/x64-w
  indows/share/boost_container_hash
  -- Found boost_describe 1.88.0 at C:/Users/DAB/Desktop/vcpkg/installed/x64-windows
  /share/boost_describe
  -- Found boost_function_types 1.88.0 at C:/Users/DAB/Desktop/vcpkg/installed/x64-w
  indows/share/boost_function_types
  -- Found boost_mpl 1.88.0 at C:/Users/DAB/Desktop/vcpkg/installed/x64-windows/shar
  e/boost_mpl
  -- Found boost_utility 1.88.0 at C:/Users/DAB/Desktop/vcpkg/installed/x64-windows/
  share/boost_utility
  -- Found boost_io 1.88.0 at C:/Users/DAB/Desktop/vcpkg/installed/x64-windows/share
  /boost_io
  -- Found boost_typeof 1.88.0 at C:/Users/DAB/Desktop/vcpkg/installed/x64-windows/s
  hare/boost_typeof
  -- Found boost_functional 1.88.0 at C:/Users/DAB/Desktop/vcpkg/installed/x64-windo
  ws/share/boost_functional
  -- Found boost_optional 1.88.0 at C:/Users/DAB/Desktop/vcpkg/installed/x64-windows
  /share/boost_optional
  -- Found boost_range 1.88.0 at C:/Users/DAB/Desktop/vcpkg/installed/x64-windows/sh
  are/boost_range
  -- Found boost_conversion 1.88.0 at C:/Users/DAB/Desktop/vcpkg/installed/x64-windo
  ws/share/boost_conversion
  -- Found boost_regex 1.88.0 at C:/Users/DAB/Desktop/vcpkg/installed/x64-windows/sh
  are/boost_regex
  -- Found boost_unordered 1.88.0 at C:/Users/DAB/Desktop/vcpkg/installed/x64-window
  s/share/boost_unordered
  -- Found boost_lexical_cast 1.88.0 at C:/Users/DAB/Desktop/vcpkg/installed/x64-win
  dows/share/boost_lexical_cast
  -- Found boost_container 1.88.0 at C:/Users/DAB/Desktop/vcpkg/installed/x64-window
  s/share/boost_container
  -- Found boost_intrusive 1.88.0 at C:/Users/DAB/Desktop/vcpkg/installed/x64-window
  s/share/boost_intrusive
  -- Found boost_move 1.88.0 at C:/Users/DAB/Desktop/vcpkg/installed/x64-windows/sha
  re/boost_move
  -- Found boost_numeric_conversion 1.88.0 at C:/Users/DAB/Desktop/vcpkg/installed/x
  64-windows/share/boost_numeric_conversion
  -- Found boost_tokenizer 1.88.0 at C:/Users/DAB/Desktop/vcpkg/installed/x64-window
  s/share/boost_tokenizer
  -- Found Boost: C:/Users/DAB/Desktop/vcpkg/installed/x64-windows/share/boost/Boost
  Config.cmake (found suitable version "1.88.0", minimum required is "1.64") found c
  omponents: system date_time
  -- Performing Test CMAKE_HAVE_LIBC_PTHREAD
  -- Performing Test CMAKE_HAVE_LIBC_PTHREAD - Failed
  -- Looking for pthread_create in pthreads
  -- Looking for pthread_create in pthreads - not found
  -- Looking for pthread_create in pthread
  -- Looking for pthread_create in pthread - not found
  -- Found Threads: TRUE
  -- The C compiler identification is MSVC 19.37.32825.0
  -- Detecting C compiler ABI info
  -- Detecting C compiler ABI info - done
  -- Check for working C compiler: C:/Program Files/Microsoft Visual Studio/2022/Com
  munity/VC/Tools/MSVC/14.37.32822/bin/Hostx64/x64/cl.exe - skipped
  -- Detecting C compile features
  -- Detecting C compile features - done
  -- example_compression example deactivated
  -- example_ssl example deactivated
  -- Configuring done (9.3s)
  -- Generating done (0.3s)
CUSTOMBUILD : CMake warning :  [C:\Users\DAB\mysite\backend\build_new\crow.vcxproj]
    Manually-specified variables were not used by the project:

      BUILD_EXAMPLES
      BUILD_TESTING
      Boost_INCLUDEDIR
      Boost_LIBRARYDIR
      Boost_USE_MULTITHREADED
      Boost_USE_STATIC_LIBS
      Boost_USE_STATIC_RUNTIME


  -- Build files have been written to: C:/Users/DAB/mysite/backend/build_new/crow-pr
  efix/src/crow-build
  Performing build step for 'crow'
  Версия MSBuild 17.7.2+d6990bcfa для .NET Framework

    1>Checking Build System
    Generating example_chat.html
    Building Custom Rule C:/Users/DAB/mysite/backend/build_new/crow-prefix/src/crow/
  examples/CMakeLists.txt
C:\Program Files\Microsoft Visual Studio\2022\Community\MSBuild\Microsoft\VC\v170\Mi
crosoft.CppCommon.targets(249,5): warning MSB8065: настраиваемая сборка для элемента
 "C:\Users\DAB\mysite\backend\build_new\crow-prefix\src\crow-build\CMakeFiles\eccdf9
d1b7a427a4d4f52ec605699e23\example_chat.html.rule" успешно выполнена, но указанные в
ыходные данные "c:\users\dab\mysite\backend\build_new\crow-prefix\src\crow-build\exa
mples\example_chat.html" не созданы. Это может привести к неправильной работе инкрем
ентной сборки. [C:\Users\DAB\mysite\backend\build_new\crow-prefix\src\crow-build\exa
mples\example_chat_copy.vcxproj] [C:\Users\DAB\mysite\backend\build_new\crow.vcxproj
]
    Generating example_test.py
    Building Custom Rule C:/Users/DAB/mysite/backend/build_new/crow-prefix/src/crow/
  examples/CMakeLists.txt
    Generating ws.html
    Building Custom Rule C:/Users/DAB/mysite/backend/build_new/crow-prefix/src/crow/
  examples/CMakeLists.txt
C:\Program Files\Microsoft Visual Studio\2022\Community\MSBuild\Microsoft\VC\v170\Mi
crosoft.CppCommon.targets(249,5): warning MSB8065: настраиваемая сборка для элемента
 "C:\Users\DAB\mysite\backend\build_new\crow-prefix\src\crow-build\CMakeFiles\eccdf9
d1b7a427a4d4f52ec605699e23\ws.html.rule" успешно выполнена, но указанные выходные да
нные "c:\users\dab\mysite\backend\build_new\crow-prefix\src\crow-build\examples\ws.h
tml" не созданы. Это может привести к неправильной работе инкрементной сборки. [C:\U
sers\DAB\mysite\backend\build_new\crow-prefix\src\crow-build\examples\example_ws_cop
y.vcxproj] [C:\Users\DAB\mysite\backend\build_new\crow.vcxproj]
    Building Custom Rule C:/Users/DAB/mysite/backend/build_new/crow-prefix/src/crow/
  examples/CMakeLists.txt
    example.cpp
C:\Users\DAB\mysite\backend\build_new\crow-prefix\src\crow\include\crow/query_string
.h(117,20): warning C4267: =: преобразование из "size_t" в "int"; возможна потеря да
нных [C:\Users\DAB\mysite\backend\build_new\crow-prefix\src\crow-build\examples\basi
c_example.vcxproj] [C:\Users\DAB\mysite\backend\build_new\crow.vcxproj]
C:\Users\DAB\mysite\backend\build_new\crow-prefix\src\crow\include\crow/query_string
.h(370,92): warning C4267: аргумент: преобразование из "size_t" в "int"; возможна по
теря данных [C:\Users\DAB\mysite\backend\build_new\crow-prefix\src\crow-build\exampl
es\basic_example.vcxproj] [C:\Users\DAB\mysite\backend\build_new\crow.vcxproj]
C:\Users\DAB\mysite\backend\build_new\crow-prefix\src\crow\include\crow/query_string
.h(406,94): warning C4267: аргумент: преобразование из "size_t" в "int"; возможна по
теря данных [C:\Users\DAB\mysite\backend\build_new\crow-prefix\src\crow-build\exampl
es\basic_example.vcxproj] [C:\Users\DAB\mysite\backend\build_new\crow.vcxproj]
C:\Users\DAB\mysite\backend\build_new\crow-prefix\src\crow\include\crow/query_string
.h(445,112): warning C4267: аргумент: преобразование из "size_t" в "int"; возможна п
отеря данных [C:\Users\DAB\mysite\backend\build_new\crow-prefix\src\crow-build\examp
les\basic_example.vcxproj] [C:\Users\DAB\mysite\backend\build_new\crow.vcxproj]
C:\Users\DAB\mysite\backend\build_new\crow-prefix\src\crow\include\crow/utility.h(67
2,39): warning C4267: инициализация: преобразование из "size_t" в "unsigned int"; во
зможна потеря данных [C:\Users\DAB\mysite\backend\build_new\crow-prefix\src\crow-bui
ld\examples\basic_example.vcxproj] [C:\Users\DAB\mysite\backend\build_new\crow.vcxpr
oj]
C:\Users\DAB\mysite\backend\build_new\crow-prefix\src\crow\include\crow/http_parser_
merged.h(589,32): warning C4244: =: преобразование "__int64" в "unsigned long", возм
ожна потеря данных [C:\Users\DAB\mysite\backend\build_new\crow-prefix\src\crow-build
\examples\basic_example.vcxproj] [C:\Users\DAB\mysite\backend\build_new\crow.vcxproj
]
C:\Users\DAB\mysite\backend\build_new\crow-prefix\src\crow\include\crow/http_parser_
merged.h(609,32): warning C4244: =: преобразование "__int64" в "unsigned long", возм
ожна потеря данных [C:\Users\DAB\mysite\backend\build_new\crow-prefix\src\crow-build
\examples\basic_example.vcxproj] [C:\Users\DAB\mysite\backend\build_new\crow.vcxproj
]
    Please define _WIN32_WINNT or _WIN32_WINDOWS appropriately. For example:
    - add -D_WIN32_WINNT=0x0601 to the compiler command line; or
    - add _WIN32_WINNT=0x0601 to your project's Preprocessor Definitions.
    Assuming _WIN32_WINNT=0x0601 (i.e. Windows 7 target).
C:\Users\DAB\mysite\backend\build_new\crow-prefix\src\crow\include\crow/socket_adapt
ors.h(21,36): error C2039: "io_service": не является членом "boost::asio". [C:\Users
\DAB\mysite\backend\build_new\crow-prefix\src\crow-build\examples\basic_example.vcxp
roj] [C:\Users\DAB\mysite\backend\build_new\crow.vcxproj]
  C:\Users\DAB\Desktop\vcpkg\installed\x64-windows\include\boost/asio/impl/write_at.
  hpp(35,11): message : см. объявление "boost::asio" [C:\Users\DAB\mysite\backend\bu
  ild_new\crow-prefix\src\crow-build\examples\basic_example.vcxproj]
C:\Users\DAB\mysite\backend\build_new\crow-prefix\src\crow\include\crow/socket_adapt
ors.h(21,36): error C2061: синтаксическая ошибка: идентификатор "io_service" [C:\Use
rs\DAB\mysite\backend\build_new\crow-prefix\src\crow-build\examples\basic_example.vc
xproj] [C:\Users\DAB\mysite\backend\build_new\crow.vcxproj]
C:\Users\DAB\mysite\backend\build_new\crow-prefix\src\crow\include\crow/socket_adapt
ors.h(25,22): error C2039: "io_service": не является членом "boost::asio". [C:\Users
\DAB\mysite\backend\build_new\crow-prefix\src\crow-build\examples\basic_example.vcxp
roj] [C:\Users\DAB\mysite\backend\build_new\crow.vcxproj]
  C:\Users\DAB\Desktop\vcpkg\installed\x64-windows\include\boost/asio/impl/write_at.
  hpp(35,11): message : см. объявление "boost::asio" [C:\Users\DAB\mysite\backend\bu
  ild_new\crow-prefix\src\crow-build\examples\basic_example.vcxproj]
C:\Users\DAB\mysite\backend\build_new\crow-prefix\src\crow\include\crow/socket_adapt
ors.h(25,32): error C2143: синтаксическая ошибка: отсутствие ";" перед "&" [C:\Users
\DAB\mysite\backend\build_new\crow-prefix\src\crow-build\examples\basic_example.vcxp
roj] [C:\Users\DAB\mysite\backend\build_new\crow.vcxproj]
C:\Users\DAB\mysite\backend\build_new\crow-prefix\src\crow\include\crow/socket_adapt
ors.h(25,32): error C4430: отсутствует спецификатор типа - предполагается int. Приме
чание. C++ не поддерживает int по умолчанию [C:\Users\DAB\mysite\backend\build_new\c
row-prefix\src\crow-build\examples\basic_example.vcxproj] [C:\Users\DAB\mysite\backe
nd\build_new\crow.vcxproj]
C:\Users\DAB\mysite\backend\build_new\crow-prefix\src\crow\include\crow/socket_adapt
ors.h(26,9): error C2334: непредвиденные лексемы перед "{"; пропуск вероятного тела
функции [C:\Users\DAB\mysite\backend\build_new\crow-prefix\src\crow-build\examples\b
asic_example.vcxproj] [C:\Users\DAB\mysite\backend\build_new\crow.vcxproj]
C:\Users\DAB\mysite\backend\build_new\crow-prefix\src\crow\include\crow/socket_adapt
ors.h(22,19): error C2065: io_service: необъявленный идентификатор [C:\Users\DAB\mys
ite\backend\build_new\crow-prefix\src\crow-build\examples\basic_example.vcxproj] [C:
\Users\DAB\mysite\backend\build_new\crow.vcxproj]
C:\Users\DAB\mysite\backend\build_new\crow-prefix\src\crow\include\crow/json.h(63,42
): warning C4244: аргумент: преобразование "int" в "_Elem", возможна потеря данных [
C:\Users\DAB\mysite\backend\build_new\crow-prefix\src\crow-build\examples\basic_exam
ple.vcxproj] [C:\Users\DAB\mysite\backend\build_new\crow.vcxproj]
            with
            [
                _Elem=char
            ]
C:\Users\DAB\mysite\backend\build_new\crow-prefix\src\crow\include\crow/json.h(64,42
): warning C4244: аргумент: преобразование "int" в "_Elem", возможна потеря данных [
C:\Users\DAB\mysite\backend\build_new\crow-prefix\src\crow-build\examples\basic_exam
ple.vcxproj] [C:\Users\DAB\mysite\backend\build_new\crow.vcxproj]
            with
            [
                _Elem=char
            ]
C:\Users\DAB\mysite\backend\build_new\crow-prefix\src\crow\include\crow/json.h(461,5
6): warning C4244: =: преобразование "unsigned int" в "char", возможна потеря данных
 [C:\Users\DAB\mysite\backend\build_new\crow-prefix\src\crow-build\examples\basic_ex
ample.vcxproj] [C:\Users\DAB\mysite\backend\build_new\crow.vcxproj]
C:\Users\DAB\mysite\backend\build_new\crow-prefix\src\crow\include\crow/json.h(467,5
6): warning C4244: =: преобразование "unsigned int" в "char", возможна потеря данных
 [C:\Users\DAB\mysite\backend\build_new\crow-prefix\src\crow-build\examples\basic_ex
ample.vcxproj] [C:\Users\DAB\mysite\backend\build_new\crow.vcxproj]
C:\Users\DAB\mysite\backend\build_new\crow-prefix\src\crow\include\crow/json.h(472,5
1): warning C4244: =: преобразование "unsigned int" в "char", возможна потеря данных
 [C:\Users\DAB\mysite\backend\build_new\crow-prefix\src\crow-build\examples\basic_ex
ample.vcxproj] [C:\Users\DAB\mysite\backend\build_new\crow.vcxproj]
C:\Users\DAB\mysite\backend\build_new\crow-prefix\src\crow\include\crow/json.h(681,4
1): warning C4244: =: преобразование "uint32_t" в "uint16_t", возможна потеря данных
 [C:\Users\DAB\mysite\backend\build_new\crow-prefix\src\crow-build\examples\basic_ex
ample.vcxproj] [C:\Users\DAB\mysite\backend\build_new\crow.vcxproj]
C:\Users\DAB\mysite\backend\build_new\crow-prefix\src\crow\include\crow/json.h(1211,
35): warning C4267: аргумент: преобразование из "size_t" в "uint32_t"; возможна поте
ря данных [C:\Users\DAB\mysite\backend\build_new\crow-prefix\src\crow-build\examples
\basic_example.vcxproj] [C:\Users\DAB\mysite\backend\build_new\crow.vcxproj]
C:\Users\DAB\mysite\backend\build_new\crow-prefix\src\crow\include\crow/json.h(1671,
32): warning C4267: return: преобразование из "size_t" в "int"; возможна потеря данн
ых [C:\Users\DAB\mysite\backend\build_new\crow-prefix\src\crow-build\examples\basic_
example.vcxproj] [C:\Users\DAB\mysite\backend\build_new\crow.vcxproj]
C:\Users\DAB\mysite\backend\build_new\crow-prefix\src\crow\include\crow/json.h(1792,
52): warning C4458: объявление "o" скрывает член класса [C:\Users\DAB\mysite\backend
\build_new\crow-prefix\src\crow-build\examples\basic_example.vcxproj] [C:\Users\DAB\
mysite\backend\build_new\crow.vcxproj]
  C:\Users\DAB\mysite\backend\build_new\crow-prefix\src\crow\include\crow/json.h(127
  0,37): message : см. объявление "crow::json::wvalue::o" [C:\Users\DAB\mysite\backe
  nd\build_new\crow-prefix\src\crow-build\examples\basic_example.vcxproj]
C:\Users\DAB\mysite\backend\build_new\crow-prefix\src\crow\include\crow/mustache.h(9
7,33): warning C4267: инициализация: преобразование из "size_t" в "int"; возможна по
теря данных [C:\Users\DAB\mysite\backend\build_new\crow-prefix\src\crow-build\exampl
es\basic_example.vcxproj] [C:\Users\DAB\mysite\backend\build_new\crow.vcxproj]
C:\Users\DAB\mysite\backend\build_new\crow-prefix\src\crow\include\crow/mustache.h(1
16,48): warning C4267: =: преобразование из "size_t" в "int"; возможна потеря данных
 [C:\Users\DAB\mysite\backend\build_new\crow-prefix\src\crow-build\examples\basic_ex
ample.vcxproj] [C:\Users\DAB\mysite\backend\build_new\crow.vcxproj]
C:\Users\DAB\mysite\backend\build_new\crow-prefix\src\crow\include\crow/mustache.h(1
18,53): warning C4267: аргумент: преобразование из "size_t" в "_Ty"; возможна потеря
 данных [C:\Users\DAB\mysite\backend\build_new\crow-prefix\src\crow-build\examples\b
asic_example.vcxproj] [C:\Users\DAB\mysite\backend\build_new\crow.vcxproj]
            with
            [
                _Ty=int
            ]
C:\Users\DAB\mysite\backend\build_new\crow-prefix\src\crow\include\crow/mustache.h(2
21,94): warning C4267: аргумент: преобразование из "size_t" в "int"; возможна потеря
 данных [C:\Users\DAB\mysite\backend\build_new\crow-prefix\src\crow-build\examples\b
asic_example.vcxproj] [C:\Users\DAB\mysite\backend\build_new\crow.vcxproj]
C:\Users\DAB\mysite\backend\build_new\crow-prefix\src\crow\include\crow/mustache.h(3
67,54): warning C4267: аргумент: преобразование из "size_t" в "int"; возможна потеря
 данных [C:\Users\DAB\mysite\backend\build_new\crow-prefix\src\crow-build\examples\b
asic_example.vcxproj] [C:\Users\DAB\mysite\backend\build_new\crow.vcxproj]
C:\Users\DAB\mysite\backend\build_new\crow-prefix\src\crow\include\crow/mustache.h(3
78,54): warning C4267: аргумент: преобразование из "size_t" в "int"; возможна потеря
 данных [C:\Users\DAB\mysite\backend\build_new\crow-prefix\src\crow-build\examples\b
asic_example.vcxproj] [C:\Users\DAB\mysite\backend\build_new\crow.vcxproj]
C:\Users\DAB\mysite\backend\build_new\crow-prefix\src\crow\include\crow/mustache.h(3
90,54): warning C4267: аргумент: преобразование из "size_t" в "int"; возможна потеря
 данных [C:\Users\DAB\mysite\backend\build_new\crow-prefix\src\crow-build\examples\b
asic_example.vcxproj] [C:\Users\DAB\mysite\backend\build_new\crow.vcxproj]
C:\Users\DAB\mysite\backend\build_new\crow-prefix\src\crow\include\crow/mustache.h(4
01,54): warning C4267: аргумент: преобразование из "size_t" в "int"; возможна потеря
 данных [C:\Users\DAB\mysite\backend\build_new\crow-prefix\src\crow-build\examples\b
asic_example.vcxproj] [C:\Users\DAB\mysite\backend\build_new\crow.vcxproj]
C:\Users\DAB\mysite\backend\build_new\crow-prefix\src\crow\include\crow/mustache.h(4
63,60): warning C4267: =: преобразование из "size_t" в "int"; возможна потеря данных
 [C:\Users\DAB\mysite\backend\build_new\crow-prefix\src\crow-build\examples\basic_ex
ample.vcxproj] [C:\Users\DAB\mysite\backend\build_new\crow.vcxproj]
C:\Users\DAB\mysite\backend\build_new\crow-prefix\src\crow\include\crow/mustache.h(5
63,28): warning C4267: инициализация: преобразование из "size_t" в "int"; возможна п
отеря данных [C:\Users\DAB\mysite\backend\build_new\crow-prefix\src\crow-build\examp
les\basic_example.vcxproj] [C:\Users\DAB\mysite\backend\build_new\crow.vcxproj]
C:\Users\DAB\mysite\backend\build_new\crow-prefix\src\crow\include\crow/task_timer.h
(28,37): error C2039: "io_service": не является членом "boost::asio". [C:\Users\DAB\
mysite\backend\build_new\crow-prefix\src\crow-build\examples\basic_example.vcxproj]
[C:\Users\DAB\mysite\backend\build_new\crow.vcxproj]
  C:\Users\DAB\Desktop\vcpkg\installed\x64-windows\include\boost/asio/impl/write_at.
  hpp(35,11): message : см. объявление "boost::asio" [C:\Users\DAB\mysite\backend\bu
  ild_new\crow-prefix\src\crow-build\examples\basic_example.vcxproj]
C:\Users\DAB\mysite\backend\build_new\crow-prefix\src\crow\include\crow/task_timer.h
(28,37): error C2061: синтаксическая ошибка: идентификатор "io_service" [C:\Users\DA
B\mysite\backend\build_new\crow-prefix\src\crow-build\examples\basic_example.vcxproj
] [C:\Users\DAB\mysite\backend\build_new\crow.vcxproj]
C:\Users\DAB\mysite\backend\build_new\crow-prefix\src\crow\include\crow/task_timer.h
(123,26): error C2039: "io_service": не является членом "boost::asio". [C:\Users\DAB
\mysite\backend\build_new\crow-prefix\src\crow-build\examples\basic_example.vcxproj]
 [C:\Users\DAB\mysite\backend\build_new\crow.vcxproj]
  C:\Users\DAB\Desktop\vcpkg\installed\x64-windows\include\boost/asio/impl/write_at.
  hpp(35,11): message : см. объявление "boost::asio" [C:\Users\DAB\mysite\backend\bu
  ild_new\crow-prefix\src\crow-build\examples\basic_example.vcxproj]
C:\Users\DAB\mysite\backend\build_new\crow-prefix\src\crow\include\crow/task_timer.h
(123,36): error C2143: синтаксическая ошибка: отсутствие ";" перед "&" [C:\Users\DAB
\mysite\backend\build_new\crow-prefix\src\crow-build\examples\basic_example.vcxproj]
 [C:\Users\DAB\mysite\backend\build_new\crow.vcxproj]
C:\Users\DAB\mysite\backend\build_new\crow-prefix\src\crow\include\crow/task_timer.h
(123,36): error C4430: отсутствует спецификатор типа - предполагается int. Примечани
е. C++ не поддерживает int по умолчанию [C:\Users\DAB\mysite\backend\build_new\crow-
prefix\src\crow-build\examples\basic_example.vcxproj] [C:\Users\DAB\mysite\backend\b
uild_new\crow.vcxproj]
C:\Users\DAB\mysite\backend\build_new\crow-prefix\src\crow\include\crow/task_timer.h
(123,49): error C2238: непредвиденные лексемы перед ";" [C:\Users\DAB\mysite\backend
\build_new\crow-prefix\src\crow-build\examples\basic_example.vcxproj] [C:\Users\DAB\
mysite\backend\build_new\crow.vcxproj]
C:\Users\DAB\mysite\backend\build_new\crow-prefix\src\crow\include\crow/task_timer.h
(29,27): error C2065: io_service: необъявленный идентификатор [C:\Users\DAB\mysite\b
ackend\build_new\crow-prefix\src\crow-build\examples\basic_example.vcxproj] [C:\User
s\DAB\mysite\backend\build_new\crow.vcxproj]
C:\Users\DAB\mysite\backend\build_new\crow-prefix\src\crow\include\crow/task_timer.h
(29,56): error C2065: io_service_: необъявленный идентификатор [C:\Users\DAB\mysite\
backend\build_new\crow-prefix\src\crow-build\examples\basic_example.vcxproj] [C:\Use
rs\DAB\mysite\backend\build_new\crow.vcxproj]
C:\Users\DAB\mysite\backend\build_new\crow-prefix\src\crow\include\crow/task_timer.h
(29,15): error C2614: crow::detail::task_timer: недопустимая инициализация члена: "i
o_service_" не является базовым классом или членом [C:\Users\DAB\mysite\backend\buil
d_new\crow-prefix\src\crow-build\examples\basic_example.vcxproj] [C:\Users\DAB\mysit
e\backend\build_new\crow.vcxproj]
C:\Users\DAB\mysite\backend\build_new\crow-prefix\src\crow\include\crow/http_request
.h(38,22): error C2039: "io_service": не является членом "boost::asio". [C:\Users\DA
B\mysite\backend\build_new\crow-prefix\src\crow-build\examples\basic_example.vcxproj
] [C:\Users\DAB\mysite\backend\build_new\crow.vcxproj]
  C:\Users\DAB\Desktop\vcpkg\installed\x64-windows\include\boost/asio/impl/write_at.
  hpp(35,11): message : см. объявление "boost::asio" [C:\Users\DAB\mysite\backend\bu
  ild_new\crow-prefix\src\crow-build\examples\basic_example.vcxproj]
C:\Users\DAB\mysite\backend\build_new\crow-prefix\src\crow\include\crow/http_request
.h(38,32): error C2143: синтаксическая ошибка: отсутствие ";" перед "*" [C:\Users\DA
B\mysite\backend\build_new\crow-prefix\src\crow-build\examples\basic_example.vcxproj
] [C:\Users\DAB\mysite\backend\build_new\crow.vcxproj]
C:\Users\DAB\mysite\backend\build_new\crow-prefix\src\crow\include\crow/http_request
.h(38,32): error C4430: отсутствует спецификатор типа - предполагается int. Примечан
ие. C++ не поддерживает int по умолчанию [C:\Users\DAB\mysite\backend\build_new\crow
-prefix\src\crow-build\examples\basic_example.vcxproj] [C:\Users\DAB\mysite\backend\
build_new\crow.vcxproj]
C:\Users\DAB\mysite\backend\build_new\crow-prefix\src\crow\include\crow/http_request
.h(38,44): error C2334: непредвиденные лексемы перед "{"; пропуск вероятного тела фу
нкции [C:\Users\DAB\mysite\backend\build_new\crow-prefix\src\crow-build\examples\bas
ic_example.vcxproj] [C:\Users\DAB\mysite\backend\build_new\crow.vcxproj]
C:\Users\DAB\mysite\backend\build_new\crow-prefix\src\crow\include\crow/http_request
.h(69,13): error C3861: io_service: идентификатор не найден [C:\Users\DAB\mysite\bac
kend\build_new\crow-prefix\src\crow-build\examples\basic_example.vcxproj] [C:\Users\
DAB\mysite\backend\build_new\crow.vcxproj]
  C:\Users\DAB\mysite\backend\build_new\crow-prefix\src\crow\include\crow/http_reque
  st.h(67,14): message : Сообщение диагностики возникло в созданной компилятором фун
  кции "void crow::request::post(CompletionHandler)" [C:\Users\DAB\mysite\backend\bu
  ild_new\crow-prefix\src\crow-build\examples\basic_example.vcxproj]
C:\Users\DAB\mysite\backend\build_new\crow-prefix\src\crow\include\crow/http_request
.h(69,13): error C2065: io_service: необъявленный идентификатор [C:\Users\DAB\mysite
\backend\build_new\crow-prefix\src\crow-build\examples\basic_example.vcxproj] [C:\Us
ers\DAB\mysite\backend\build_new\crow.vcxproj]
  C:\Users\DAB\mysite\backend\build_new\crow-prefix\src\crow\include\crow/http_reque
  st.h(67,14): message : Сообщение диагностики возникло в созданной компилятором фун
  кции "void crow::request::post(CompletionHandler)" [C:\Users\DAB\mysite\backend\bu
  ild_new\crow-prefix\src\crow-build\examples\basic_example.vcxproj]
C:\Users\DAB\mysite\backend\build_new\crow-prefix\src\crow\include\crow/http_request
.h(76,13): error C3861: io_service: идентификатор не найден [C:\Users\DAB\mysite\bac
kend\build_new\crow-prefix\src\crow-build\examples\basic_example.vcxproj] [C:\Users\
DAB\mysite\backend\build_new\crow.vcxproj]
  C:\Users\DAB\mysite\backend\build_new\crow-prefix\src\crow\include\crow/http_reque
  st.h(74,14): message : Сообщение диагностики возникло в созданной компилятором фун
  кции "void crow::request::dispatch(CompletionHandler)" [C:\Users\DAB\mysite\backen
  d\build_new\crow-prefix\src\crow-build\examples\basic_example.vcxproj]
C:\Users\DAB\mysite\backend\build_new\crow-prefix\src\crow\include\crow/http_request
.h(76,13): error C2065: io_service: необъявленный идентификатор [C:\Users\DAB\mysite
\backend\build_new\crow-prefix\src\crow-build\examples\basic_example.vcxproj] [C:\Us
ers\DAB\mysite\backend\build_new\crow.vcxproj]
  C:\Users\DAB\mysite\backend\build_new\crow-prefix\src\crow\include\crow/http_reque
  st.h(74,14): message : Сообщение диагностики возникло в созданной компилятором фун
  кции "void crow::request::dispatch(CompletionHandler)" [C:\Users\DAB\mysite\backen
  d\build_new\crow-prefix\src\crow-build\examples\basic_example.vcxproj]
C:\Users\DAB\mysite\backend\build_new\crow-prefix\src\crow\include\crow/multipart.h(
167,84): warning C4458: объявление "part_map" скрывает член класса [C:\Users\DAB\mys
ite\backend\build_new\crow-prefix\src\crow-build\examples\basic_example.vcxproj] [C:
\Users\DAB\mysite\backend\build_new\crow.vcxproj]
  C:\Users\DAB\mysite\backend\build_new\crow-prefix\src\crow\include\crow/multipart.
  h(79,20): message : см. объявление "crow::multipart::message::part_map" [C:\Users\
  DAB\mysite\backend\build_new\crow-prefix\src\crow-build\examples\basic_example.vcx
  proj]
C:\Users\DAB\mysite\backend\build_new\crow-prefix\src\crow\include\crow/multipart.h(
218,32): warning C4456: объявление "found" скрывает предыдущее локальное объявление
[C:\Users\DAB\mysite\backend\build_new\crow-prefix\src\crow-build\examples\basic_exa
mple.vcxproj] [C:\Users\DAB\mysite\backend\build_new\crow.vcxproj]
  C:\Users\DAB\mysite\backend\build_new\crow-prefix\src\crow\include\crow/multipart.
  h(211,28): message : см. объявление "found" [C:\Users\DAB\mysite\backend\build_new
  \crow-prefix\src\crow-build\examples\basic_example.vcxproj]
C:\Users\DAB\mysite\backend\build_new\crow-prefix\src\crow\include\crow/multipart.h(
234,32): warning C4456: объявление "found" скрывает предыдущее локальное объявление
[C:\Users\DAB\mysite\backend\build_new\crow-prefix\src\crow-build\examples\basic_exa
mple.vcxproj] [C:\Users\DAB\mysite\backend\build_new\crow.vcxproj]
  C:\Users\DAB\mysite\backend\build_new\crow-prefix\src\crow\include\crow/multipart.
  h(211,28): message : см. объявление "found" [C:\Users\DAB\mysite\backend\build_new
  \crow-prefix\src\crow-build\examples\basic_example.vcxproj]
C:\Users\DAB\mysite\backend\build_new\crow-prefix\src\crow\include\crow/routing.h(80
0,70): warning C4244: аргумент: преобразование "__int64" в "unsigned int", возможна
потеря данных [C:\Users\DAB\mysite\backend\build_new\crow-prefix\src\crow-build\exam
ples\basic_example.vcxproj] [C:\Users\DAB\mysite\backend\build_new\crow.vcxproj]
C:\Users\DAB\mysite\backend\build_new\crow-prefix\src\crow\include\crow/routing.h(82
1,70): warning C4244: аргумент: преобразование "__int64" в "unsigned int", возможна
потеря данных [C:\Users\DAB\mysite\backend\build_new\crow-prefix\src\crow-build\exam
ples\basic_example.vcxproj] [C:\Users\DAB\mysite\backend\build_new\crow.vcxproj]
C:\Users\DAB\mysite\backend\build_new\crow-prefix\src\crow\include\crow/routing.h(84
2,70): warning C4244: аргумент: преобразование "__int64" в "unsigned int", возможна
потеря данных [C:\Users\DAB\mysite\backend\build_new\crow-prefix\src\crow-build\exam
ples\basic_example.vcxproj] [C:\Users\DAB\mysite\backend\build_new\crow.vcxproj]
C:\Users\DAB\mysite\backend\build_new\crow-prefix\src\crow\include\crow/routing.h(86
4,61): warning C4267: аргумент: преобразование из "size_t" в "unsigned int"; возможн
а потеря данных [C:\Users\DAB\mysite\backend\build_new\crow-prefix\src\crow-build\ex
amples\basic_example.vcxproj] [C:\Users\DAB\mysite\backend\build_new\crow.vcxproj]
C:\Users\DAB\mysite\backend\build_new\crow-prefix\src\crow\include\crow/routing.h(88
0,61): warning C4267: аргумент: преобразование из "size_t" в "unsigned int"; возможн
а потеря данных [C:\Users\DAB\mysite\backend\build_new\crow-prefix\src\crow-build\ex
amples\basic_example.vcxproj] [C:\Users\DAB\mysite\backend\build_new\crow.vcxproj]
C:\Users\DAB\mysite\backend\build_new\crow-prefix\src\crow\include\crow/routing.h(89
5,61): warning C4267: аргумент: преобразование из "size_t" в "unsigned int"; возможн
а потеря данных [C:\Users\DAB\mysite\backend\build_new\crow-prefix\src\crow-build\ex
amples\basic_example.vcxproj] [C:\Users\DAB\mysite\backend\build_new\crow.vcxproj]
C:\Users\DAB\mysite\backend\build_new\crow-prefix\src\crow\include\crow/routing.h(94
5,53): warning C4267: +=: преобразование из "size_t" в "unsigned int"; возможна поте
ря данных [C:\Users\DAB\mysite\backend\build_new\crow-prefix\src\crow-build\examples
\basic_example.vcxproj] [C:\Users\DAB\mysite\backend\build_new\crow.vcxproj]
C:\Users\DAB\mysite\backend\build_new\crow-prefix\src\crow\include\crow/routing.h(95
6,45): warning C4267: +=: преобразование из "size_t" в "unsigned int"; возможна поте
ря данных [C:\Users\DAB\mysite\backend\build_new\crow-prefix\src\crow-build\examples
\basic_example.vcxproj] [C:\Users\DAB\mysite\backend\build_new\crow.vcxproj]
C:\Users\DAB\mysite\backend\build_new\crow-prefix\src\crow\include\crow/routing.h(10
02,36): warning C4267: +=: преобразование из "size_t" в "unsigned int"; возможна пот
еря данных [C:\Users\DAB\mysite\backend\build_new\crow-prefix\src\crow-build\example
s\basic_example.vcxproj] [C:\Users\DAB\mysite\backend\build_new\crow.vcxproj]
C:\Users\DAB\mysite\backend\build_new\crow-prefix\src\crow\include\crow/routing.h(10
05,33): warning C4267: +=: преобразование из "size_t" в "unsigned int"; возможна пот
еря данных [C:\Users\DAB\mysite\backend\build_new\crow-prefix\src\crow-build\example
s\basic_example.vcxproj] [C:\Users\DAB\mysite\backend\build_new\crow.vcxproj]
C:\Users\DAB\mysite\backend\build_new\crow-prefix\src\crow\include\crow/routing.h(12
04,101): warning C4267: аргумент: преобразование из "size_t" в "unsigned int"; возмо
жна потеря данных [C:\Users\DAB\mysite\backend\build_new\crow-prefix\src\crow-build\
examples\basic_example.vcxproj] [C:\Users\DAB\mysite\backend\build_new\crow.vcxproj]
C:\Users\DAB\mysite\backend\build_new\crow-prefix\src\crow\include\crow/routing.h(12
04,87): warning C4267: аргумент: преобразование из "size_t" в "uint16_t"; возможна п
отеря данных [C:\Users\DAB\mysite\backend\build_new\crow-prefix\src\crow-build\examp
les\basic_example.vcxproj] [C:\Users\DAB\mysite\backend\build_new\crow.vcxproj]
C:\Users\DAB\mysite\backend\build_new\crow-prefix\src\crow\include\crow/routing.h(12
10,118): warning C4267: аргумент: преобразование из "size_t" в "unsigned int"; возмо
жна потеря данных [C:\Users\DAB\mysite\backend\build_new\crow-prefix\src\crow-build\
examples\basic_example.vcxproj] [C:\Users\DAB\mysite\backend\build_new\crow.vcxproj]
C:\Users\DAB\mysite\backend\build_new\crow-prefix\src\crow\include\crow/routing.h(12
58,29): warning C4456: объявление "i" скрывает предыдущее локальное объявление [C:\U
sers\DAB\mysite\backend\build_new\crow-prefix\src\crow-build\examples\basic_example.
vcxproj] [C:\Users\DAB\mysite\backend\build_new\crow.vcxproj]
  C:\Users\DAB\mysite\backend\build_new\crow-prefix\src\crow\include\crow/routing.h(
  1249,27): message : см. объявление "i" [C:\Users\DAB\mysite\backend\build_new\crow
  -prefix\src\crow-build\examples\basic_example.vcxproj]
C:\Users\DAB\mysite\backend\build_new\crow-prefix\src\crow\include\crow/routing.h(12
59,104): warning C4244: аргумент: преобразование "int" в "uint16_t", возможна потеря
 данных [C:\Users\DAB\mysite\backend\build_new\crow-prefix\src\crow-build\examples\b
asic_example.vcxproj] [C:\Users\DAB\mysite\backend\build_new\crow.vcxproj]
C:\Users\DAB\mysite\backend\build_new\crow-prefix\src\crow\include\crow/routing.h(12
59,100): warning C4267: аргумент: преобразование из "size_t" в "unsigned int"; возмо
жна потеря данных [C:\Users\DAB\mysite\backend\build_new\crow-prefix\src\crow-build\
examples\basic_example.vcxproj] [C:\Users\DAB\mysite\backend\build_new\crow.vcxproj]
C:\Users\DAB\mysite\backend\build_new\crow-prefix\src\crow\include\crow/routing.h(12
70,76): warning C4244: аргумент: преобразование "unsigned int" в "const uint16_t", в
озможна потеря данных [C:\Users\DAB\mysite\backend\build_new\crow-prefix\src\crow-bu
ild\examples\basic_example.vcxproj] [C:\Users\DAB\mysite\backend\build_new\crow.vcxp
roj]
C:\Users\DAB\mysite\backend\build_new\crow-prefix\src\crow\include\crow/routing.h(14
20,24): warning C4267: инициализация: преобразование из "size_t" в "int"; возможна п
отеря данных [C:\Users\DAB\mysite\backend\build_new\crow-prefix\src\crow-build\examp
les\basic_example.vcxproj] [C:\Users\DAB\mysite\backend\build_new\crow.vcxproj]
C:\Users\DAB\mysite\backend\build_new\crow-prefix\src\crow\include\crow/routing.h(15
11,28): warning C4456: объявление "per_method" скрывает предыдущее локальное объявле
ние [C:\Users\DAB\mysite\backend\build_new\crow-prefix\src\crow-build\examples\basic
_example.vcxproj] [C:\Users\DAB\mysite\backend\build_new\crow.vcxproj]
  C:\Users\DAB\mysite\backend\build_new\crow-prefix\src\crow\include\crow/routing.h(
  1501,19): message : см. объявление "per_method" [C:\Users\DAB\mysite\backend\build
  _new\crow-prefix\src\crow-build\examples\basic_example.vcxproj]
C:\Users\DAB\mysite\backend\build_new\crow-prefix\src\crow\include\crow/routing.h(15
53,13): warning C4530: Использован обработчик исключений C++, но семантика уничтожен
ия объектов не включена. Задайте параметр /EHsc [C:\Users\DAB\mysite\backend\build_n
ew\crow-prefix\src\crow-build\examples\basic_example.vcxproj] [C:\Users\DAB\mysite\b
ackend\build_new\crow.vcxproj]
C:\Users\DAB\mysite\backend\build_new\crow-prefix\src\crow\include\crow/http_connect
ion.h(40,24): error C2039: "io_service": не является членом "boost::asio". [C:\Users
\DAB\mysite\backend\build_new\crow-prefix\src\crow-build\examples\basic_example.vcxp
roj] [C:\Users\DAB\mysite\backend\build_new\crow.vcxproj]
  C:\Users\DAB\Desktop\vcpkg\installed\x64-windows\include\boost/asio/impl/write_at.
  hpp(35,11): message : см. объявление "boost::asio" [C:\Users\DAB\mysite\backend\bu
  ild_new\crow-prefix\src\crow-build\examples\basic_example.vcxproj]
  C:\Users\DAB\mysite\backend\build_new\crow-prefix\src\crow\include\crow/http_conne
  ction.h(626,6): message : выполняется компиляция ссылки на экземпляр класс шаблон
  функции "crow::Connection<Adaptor,Handler,Middlewares...>" [C:\Users\DAB\mysite\ba
  ckend\build_new\crow-prefix\src\crow-build\examples\basic_example.vcxproj]
C:\Users\DAB\mysite\backend\build_new\crow-prefix\src\crow\include\crow/http_connect
ion.h(40,24): error C2061: синтаксическая ошибка: идентификатор "io_service" [C:\Use
rs\DAB\mysite\backend\build_new\crow-prefix\src\crow-build\examples\basic_example.vc
xproj] [C:\Users\DAB\mysite\backend\build_new\crow.vcxproj]
C:\Users\DAB\mysite\backend\build_new\crow-prefix\src\crow\include\crow/http_connect
ion.h(48,20): error C3861: io_service: идентификатор не найден [C:\Users\DAB\mysite\
backend\build_new\crow-prefix\src\crow-build\examples\basic_example.vcxproj] [C:\Use
rs\DAB\mysite\backend\build_new\crow.vcxproj]
C:\Users\DAB\mysite\backend\build_new\crow-prefix\src\crow\include\crow/http_connect
ion.h(48,32): error C3861: adaptor_ctx_: идентификатор не найден [C:\Users\DAB\mysit
e\backend\build_new\crow-prefix\src\crow-build\examples\basic_example.vcxproj] [C:\U
sers\DAB\mysite\backend\build_new\crow.vcxproj]
C:\Users\DAB\mysite\backend\build_new\crow-prefix\src\crow\include\crow/http_connect
ion.h(49,20): error C3861: handler: идентификатор не найден [C:\Users\DAB\mysite\bac
kend\build_new\crow-prefix\src\crow-build\examples\basic_example.vcxproj] [C:\Users\
DAB\mysite\backend\build_new\crow.vcxproj]
C:\Users\DAB\mysite\backend\build_new\crow-prefix\src\crow\include\crow/http_connect
ion.h(51,24): error C3861: server_name: идентификатор не найден [C:\Users\DAB\mysite
\backend\build_new\crow-prefix\src\crow-build\examples\basic_example.vcxproj] [C:\Us
ers\DAB\mysite\backend\build_new\crow.vcxproj]
C:\Users\DAB\mysite\backend\build_new\crow-prefix\src\crow\include\crow/http_connect
ion.h(52,24): error C3861: middlewares: идентификатор не найден [C:\Users\DAB\mysite
\backend\build_new\crow-prefix\src\crow-build\examples\basic_example.vcxproj] [C:\Us
ers\DAB\mysite\backend\build_new\crow.vcxproj]
C:\Users\DAB\mysite\backend\build_new\crow-prefix\src\crow\include\crow/http_connect
ion.h(53,31): error C3861: get_cached_date_str_f: идентификатор не найден [C:\Users\
DAB\mysite\backend\build_new\crow-prefix\src\crow-build\examples\basic_example.vcxpr
oj] [C:\Users\DAB\mysite\backend\build_new\crow.vcxproj]
C:\Users\DAB\mysite\backend\build_new\crow-prefix\src\crow\include\crow/http_connect
ion.h(54,23): error C3861: task_timer: идентификатор не найден [C:\Users\DAB\mysite\
backend\build_new\crow-prefix\src\crow-build\examples\basic_example.vcxproj] [C:\Use
rs\DAB\mysite\backend\build_new\crow.vcxproj]
C:\Users\DAB\mysite\backend\build_new\crow-prefix\src\crow\include\crow/http_connect
ion.h(55,33): error C3861: handler: идентификатор не найден [C:\Users\DAB\mysite\bac
kend\build_new\crow-prefix\src\crow-build\examples\basic_example.vcxproj] [C:\Users\
DAB\mysite\backend\build_new\crow.vcxproj]
C:\Users\DAB\mysite\backend\build_new\crow-prefix\src\crow\include\crow/http_connect
ion.h(56,25): error C3861: queue_length: идентификатор не найден [C:\Users\DAB\mysit
e\backend\build_new\crow-prefix\src\crow-build\examples\basic_example.vcxproj] [C:\U
sers\DAB\mysite\backend\build_new\crow.vcxproj]
C:\Users\DAB\mysite\backend\build_new\crow-prefix\src\crow\include\crow/http_connect
ion.h(48,20): error C2065: io_service: необъявленный идентификатор [C:\Users\DAB\mys
ite\backend\build_new\crow-prefix\src\crow-build\examples\basic_example.vcxproj] [C:
\Users\DAB\mysite\backend\build_new\crow.vcxproj]
C:\Users\DAB\mysite\backend\build_new\crow-prefix\src\crow\include\crow/http_connect
ion.h(48,32): error C2065: adaptor_ctx_: необъявленный идентификатор [C:\Users\DAB\m
ysite\backend\build_new\crow-prefix\src\crow-build\examples\basic_example.vcxproj] [
C:\Users\DAB\mysite\backend\build_new\crow.vcxproj]
C:\Users\DAB\mysite\backend\build_new\crow-prefix\src\crow\include\crow/http_connect
ion.h(49,20): error C2065: handler: необъявленный идентификатор [C:\Users\DAB\mysite
\backend\build_new\crow-prefix\src\crow-build\examples\basic_example.vcxproj] [C:\Us
ers\DAB\mysite\backend\build_new\crow.vcxproj]
C:\Users\DAB\mysite\backend\build_new\crow-prefix\src\crow\include\crow/http_connect
ion.h(51,24): error C2065: server_name: необъявленный идентификатор [C:\Users\DAB\my
site\backend\build_new\crow-prefix\src\crow-build\examples\basic_example.vcxproj] [C
:\Users\DAB\mysite\backend\build_new\crow.vcxproj]
C:\Users\DAB\mysite\backend\build_new\crow-prefix\src\crow\include\crow/http_connect
ion.h(52,24): error C2065: middlewares: необъявленный идентификатор [C:\Users\DAB\my
site\backend\build_new\crow-prefix\src\crow-build\examples\basic_example.vcxproj] [C
:\Users\DAB\mysite\backend\build_new\crow.vcxproj]
C:\Users\DAB\mysite\backend\build_new\crow-prefix\src\crow\include\crow/http_connect
ion.h(53,31): error C2065: get_cached_date_str_f: необъявленный идентификатор [C:\Us
ers\DAB\mysite\backend\build_new\crow-prefix\src\crow-build\examples\basic_example.v
cxproj] [C:\Users\DAB\mysite\backend\build_new\crow.vcxproj]
C:\Users\DAB\mysite\backend\build_new\crow-prefix\src\crow\include\crow/http_connect
ion.h(54,23): error C2065: task_timer: необъявленный идентификатор [C:\Users\DAB\mys
ite\backend\build_new\crow-prefix\src\crow-build\examples\basic_example.vcxproj] [C:
\Users\DAB\mysite\backend\build_new\crow.vcxproj]
C:\Users\DAB\mysite\backend\build_new\crow-prefix\src\crow\include\crow/http_connect
ion.h(55,33): error C2065: handler: необъявленный идентификатор [C:\Users\DAB\mysite
\backend\build_new\crow-prefix\src\crow-build\examples\basic_example.vcxproj] [C:\Us
ers\DAB\mysite\backend\build_new\crow.vcxproj]
C:\Users\DAB\mysite\backend\build_new\crow-prefix\src\crow\include\crow/http_connect
ion.h(56,25): error C2065: queue_length: необъявленный идентификатор [C:\Users\DAB\m
ysite\backend\build_new\crow-prefix\src\crow-build\examples\basic_example.vcxproj] [
C:\Users\DAB\mysite\backend\build_new\crow.vcxproj]
C:\Users\DAB\mysite\backend\build_new\crow-prefix\src\crow\include\crow/http_server.
h(226,15): error C2039: "io_service": не является членом "boost::asio". [C:\Users\DA
B\mysite\backend\build_new\crow-prefix\src\crow-build\examples\basic_example.vcxproj
] [C:\Users\DAB\mysite\backend\build_new\crow.vcxproj]
  C:\Users\DAB\Desktop\vcpkg\installed\x64-windows\include\boost/asio/impl/write_at.
  hpp(35,11): message : см. объявление "boost::asio" [C:\Users\DAB\mysite\backend\bu
  ild_new\crow-prefix\src\crow-build\examples\basic_example.vcxproj]
  C:\Users\DAB\mysite\backend\build_new\crow-prefix\src\crow\include\crow/http_serve
  r.h(248,6): message : выполняется компиляция ссылки на экземпляр класс шаблон функ
  ции "crow::Server<Handler,Adaptor,Middlewares...>" [C:\Users\DAB\mysite\backend\bu
  ild_new\crow-prefix\src\crow-build\examples\basic_example.vcxproj]
C:\Users\DAB\mysite\backend\build_new\crow-prefix\src\crow\include\crow/http_server.
h(226,26): error C3646: io_service_: неизвестный спецификатор переопределения [C:\Us
ers\DAB\mysite\backend\build_new\crow-prefix\src\crow-build\examples\basic_example.v
cxproj] [C:\Users\DAB\mysite\backend\build_new\crow.vcxproj]
C:\Users\DAB\mysite\backend\build_new\crow-prefix\src\crow\include\crow/http_server.
h(226,1): error C4430: отсутствует спецификатор типа - предполагается int. Примечани
е. C++ не поддерживает int по умолчанию [C:\Users\DAB\mysite\backend\build_new\crow-
prefix\src\crow-build\examples\basic_example.vcxproj] [C:\Users\DAB\mysite\backend\b
uild_new\crow.vcxproj]
C:\Users\DAB\mysite\backend\build_new\crow-prefix\src\crow\include\crow/http_server.
h(227,43): error C2039: "io_service": не является членом "boost::asio". [C:\Users\DA
B\mysite\backend\build_new\crow-prefix\src\crow-build\examples\basic_example.vcxproj
] [C:\Users\DAB\mysite\backend\build_new\crow.vcxproj]
  C:\Users\DAB\Desktop\vcpkg\installed\x64-windows\include\boost/asio/impl/write_at.
  hpp(35,11): message : см. объявление "boost::asio" [C:\Users\DAB\mysite\backend\bu
  ild_new\crow-prefix\src\crow-build\examples\basic_example.vcxproj]
C:\Users\DAB\mysite\backend\build_new\crow-prefix\src\crow\include\crow/http_server.
h(227,43): error C2065: io_service: необъявленный идентификатор [C:\Users\DAB\mysite
\backend\build_new\crow-prefix\src\crow-build\examples\basic_example.vcxproj] [C:\Us
ers\DAB\mysite\backend\build_new\crow.vcxproj]
C:\Users\DAB\mysite\backend\build_new\crow-prefix\src\crow\include\crow/http_server.
h(227,26): error C2923: std::unique_ptr: "io_service" не является допустимым аргумен
том типа шаблон для параметра "_Ty" [C:\Users\DAB\mysite\backend\build_new\crow-pref
ix\src\crow-build\examples\basic_example.vcxproj] [C:\Users\DAB\mysite\backend\build
_new\crow.vcxproj]
  C:\Users\DAB\mysite\backend\build_new\crow-prefix\src\crow\include\crow/http_serve
  r.h(227,43): message : см. объявление "io_service" [C:\Users\DAB\mysite\backend\bu
  ild_new\crow-prefix\src\crow-build\examples\basic_example.vcxproj]
C:\Users\DAB\mysite\backend\build_new\crow-prefix\src\crow\include\crow/http_server.
h(227,26): error C2976: std::unique_ptr: слишком мало аргументов шаблон [C:\Users\DA
B\mysite\backend\build_new\crow-prefix\src\crow-build\examples\basic_example.vcxproj
] [C:\Users\DAB\mysite\backend\build_new\crow.vcxproj]
  C:\Program Files\Microsoft Visual Studio\2022\Community\VC\Tools\MSVC\14.37.32822\
  include\memory(3213,1): message : см. объявление "std::unique_ptr" [C:\Users\DAB\m
  ysite\backend\build_new\crow-prefix\src\crow-build\examples\basic_example.vcxproj]
C:\Users\DAB\mysite\backend\build_new\crow-prefix\src\crow\include\crow/http_server.
h(227,26): error C3203: "unique_ptr": неспециализированный класс шаблон нельзя испол
ьзовать в качестве аргумента шаблон для параметра шаблон "_Ty", требуется действител
ьный тип [C:\Users\DAB\mysite\backend\build_new\crow-prefix\src\crow-build\examples\
basic_example.vcxproj] [C:\Users\DAB\mysite\backend\build_new\crow.vcxproj]
C:\Users\DAB\mysite\backend\build_new\crow-prefix\src\crow\include\crow/http_server.
h(30,21): error C3861: io_service_: идентификатор не найден [C:\Users\DAB\mysite\bac
kend\build_new\crow-prefix\src\crow-build\examples\basic_example.vcxproj] [C:\Users\
DAB\mysite\backend\build_new\crow.vcxproj]
C:\Users\DAB\mysite\backend\build_new\crow-prefix\src\crow\include\crow/http_server.
h(31,20): error C3861: io_service_: идентификатор не найден [C:\Users\DAB\mysite\bac
kend\build_new\crow-prefix\src\crow-build\examples\basic_example.vcxproj] [C:\Users\
DAB\mysite\backend\build_new\crow.vcxproj]
C:\Users\DAB\mysite\backend\build_new\crow-prefix\src\crow\include\crow/http_server.
h(32,23): error C3861: io_service_: идентификатор не найден [C:\Users\DAB\mysite\bac
kend\build_new\crow-prefix\src\crow-build\examples\basic_example.vcxproj] [C:\Users\
DAB\mysite\backend\build_new\crow.vcxproj]
C:\Users\DAB\mysite\backend\build_new\crow-prefix\src\crow\include\crow/http_server.
h(30,21): error C2065: io_service_: необъявленный идентификатор [C:\Users\DAB\mysite
\backend\build_new\crow-prefix\src\crow-build\examples\basic_example.vcxproj] [C:\Us
ers\DAB\mysite\backend\build_new\crow.vcxproj]
C:\Users\DAB\mysite\backend\build_new\crow-prefix\src\crow\include\crow/http_server.
h(31,20): error C2065: io_service_: необъявленный идентификатор [C:\Users\DAB\mysite
\backend\build_new\crow-prefix\src\crow-build\examples\basic_example.vcxproj] [C:\Us
ers\DAB\mysite\backend\build_new\crow.vcxproj]
C:\Users\DAB\mysite\backend\build_new\crow-prefix\src\crow\include\crow/http_server.
h(32,23): error C2065: io_service_: необъявленный идентификатор [C:\Users\DAB\mysite
\backend\build_new\crow-prefix\src\crow-build\examples\basic_example.vcxproj] [C:\Us
ers\DAB\mysite\backend\build_new\crow.vcxproj]
C:\Users\DAB\mysite\backend\build_new\crow-prefix\src\crow\include\crow/http_server.
h(65,51): error C2187: синтаксическая ошибка: непредвиденный здесь элемент "boost" [
C:\Users\DAB\mysite\backend\build_new\crow-prefix\src\crow-build\examples\basic_exam
ple.vcxproj] [C:\Users\DAB\mysite\backend\build_new\crow.vcxproj]
C:\Users\DAB\mysite\backend\build_new\crow-prefix\src\crow\include\crow/http_server.
h(65,74): error C3878: синтаксическая ошибка: непредвиденный маркер "(" после "expre
ssion" [C:\Users\DAB\mysite\backend\build_new\crow-prefix\src\crow-build\examples\ba
sic_example.vcxproj] [C:\Users\DAB\mysite\backend\build_new\crow.vcxproj]
  C:\Users\DAB\mysite\backend\build_new\crow-prefix\src\crow\include\crow/http_serve
  r.h(65,74): message : пропущено восстановление ошибки: "(" [C:\Users\DAB\mysite\ba
  ckend\build_new\crow-prefix\src\crow-build\examples\basic_example.vcxproj]
C:\Users\DAB\mysite\backend\build_new\crow-prefix\src\crow\include\crow/http_server.
h(65,75): error C2760: синтаксическая ошибка: непредвиденный элемент ")". Ожидается
";" [C:\Users\DAB\mysite\backend\build_new\crow-prefix\src\crow-build\examples\basic
_example.vcxproj] [C:\Users\DAB\mysite\backend\build_new\crow.vcxproj]
C:\Users\DAB\mysite\backend\build_new\crow-prefix\src\crow\include\crow/http_server.
h(65,75): error C3878: синтаксическая ошибка: непредвиденный маркер ")" после "expre
ssion_statement" [C:\Users\DAB\mysite\backend\build_new\crow-prefix\src\crow-build\e
xamples\basic_example.vcxproj] [C:\Users\DAB\mysite\backend\build_new\crow.vcxproj]
  C:\Users\DAB\mysite\backend\build_new\crow-prefix\src\crow\include\crow/http_serve
  r.h(65,75): message : пропущено восстановление ошибки: ") )" [C:\Users\DAB\mysite\
  backend\build_new\crow-prefix\src\crow-build\examples\basic_example.vcxproj]
C:\Users\DAB\mysite\backend\build_new\crow-prefix\src\crow\include\crow/http_server.
h(156,19): error C2065: io_service_: необъявленный идентификатор [C:\Users\DAB\mysit
e\backend\build_new\crow-prefix\src\crow-build\examples\basic_example.vcxproj] [C:\U
sers\DAB\mysite\backend\build_new\crow.vcxproj]
C:\Users\DAB\mysite\backend\build_new\crow-prefix\src\crow\include\crow/http_server.
h(164,13): error C3861: io_service_: идентификатор не найден [C:\Users\DAB\mysite\ba
ckend\build_new\crow-prefix\src\crow-build\examples\basic_example.vcxproj] [C:\Users
\DAB\mysite\backend\build_new\crow.vcxproj]
C:\Users\DAB\mysite\backend\build_new\crow-prefix\src\crow\include\crow/http_server.
h(164,13): error C2065: io_service_: необъявленный идентификатор [C:\Users\DAB\mysit
e\backend\build_new\crow-prefix\src\crow-build\examples\basic_example.vcxproj] [C:\U
sers\DAB\mysite\backend\build_new\crow.vcxproj]
C:\Users\DAB\mysite\backend\build_new\crow-prefix\src\crow\include\crow/http_server.
h(197,19): error C2039: "io_service": не является членом "boost::asio". [C:\Users\DA
B\mysite\backend\build_new\crow-prefix\src\crow-build\examples\basic_example.vcxproj
] [C:\Users\DAB\mysite\backend\build_new\crow.vcxproj]
  C:\Users\DAB\Desktop\vcpkg\installed\x64-windows\include\boost/asio/impl/write_at.
  hpp(35,11): message : см. объявление "boost::asio" [C:\Users\DAB\mysite\backend\bu
  ild_new\crow-prefix\src\crow-build\examples\basic_example.vcxproj]
C:\Users\DAB\mysite\backend\build_new\crow-prefix\src\crow\include\crow/http_server.
h(197,31): error C3861: is: идентификатор не найден [C:\Users\DAB\mysite\backend\bui
ld_new\crow-prefix\src\crow-build\examples\basic_example.vcxproj] [C:\Users\DAB\mysi
te\backend\build_new\crow.vcxproj]
C:\Users\DAB\mysite\backend\build_new\crow-prefix\src\crow\include\crow/http_server.
h(199,32): error C2065: is: необъявленный идентификатор [C:\Users\DAB\mysite\backend
\build_new\crow-prefix\src\crow-build\examples\basic_example.vcxproj] [C:\Users\DAB\
mysite\backend\build_new\crow.vcxproj]
C:\Users\DAB\mysite\backend\build_new\crow-prefix\src\crow\include\crow/http_server.
h(199,32): error C3861: is: идентификатор не найден [C:\Users\DAB\mysite\backend\bui
ld_new\crow-prefix\src\crow-build\examples\basic_example.vcxproj] [C:\Users\DAB\mysi
te\backend\build_new\crow.vcxproj]
C:\Users\DAB\mysite\backend\build_new\crow-prefix\src\crow\include\crow/http_server.
h(202,15): error C3861: is: идентификатор не найден [C:\Users\DAB\mysite\backend\bui
ld_new\crow-prefix\src\crow-build\examples\basic_example.vcxproj] [C:\Users\DAB\mysi
te\backend\build_new\crow.vcxproj]
C:\Users\DAB\mysite\backend\build_new\crow-prefix\src\crow\include\crow/http_server.
h(207,26): error C3861: is: идентификатор не найден [C:\Users\DAB\mysite\backend\bui
ld_new\crow-prefix\src\crow-build\examples\basic_example.vcxproj] [C:\Users\DAB\mysi
te\backend\build_new\crow.vcxproj]
C:\Users\DAB\mysite\backend\build_new\crow-prefix\src\crow\include\crow/http_server.
h(210,23): error C3861: is: идентификатор не найден [C:\Users\DAB\mysite\backend\bui
ld_new\crow-prefix\src\crow-build\examples\basic_example.vcxproj] [C:\Users\DAB\mysi
te\backend\build_new\crow.vcxproj]
C:\Users\DAB\mysite\backend\build_new\crow-prefix\src\crow\include\crow/http_server.
h(218,42): error C2065: is: необъявленный идентификатор [C:\Users\DAB\mysite\backend
\build_new\crow-prefix\src\crow-build\examples\basic_example.vcxproj] [C:\Users\DAB\
mysite\backend\build_new\crow.vcxproj]
C:\Users\DAB\mysite\backend\build_new\crow-prefix\src\crow\include\crow/http_server.
h(218,42): error C3861: is: идентификатор не найден [C:\Users\DAB\mysite\backend\bui
ld_new\crow-prefix\src\crow-build\examples\basic_example.vcxproj] [C:\Users\DAB\mysi
te\backend\build_new\crow.vcxproj]
C:\Users\DAB\mysite\backend\build_new\crow-prefix\src\crow\include\crow/http_server.
h(197,31): error C2065: is: необъявленный идентификатор [C:\Users\DAB\mysite\backend
\build_new\crow-prefix\src\crow-build\examples\basic_example.vcxproj] [C:\Users\DAB\
mysite\backend\build_new\crow.vcxproj]
C:\Users\DAB\mysite\backend\build_new\crow-prefix\src\crow\include\crow/http_server.
h(202,15): error C2065: is: необъявленный идентификатор [C:\Users\DAB\mysite\backend
\build_new\crow-prefix\src\crow-build\examples\basic_example.vcxproj] [C:\Users\DAB\
mysite\backend\build_new\crow.vcxproj]
C:\Users\DAB\mysite\backend\build_new\crow-prefix\src\crow\include\crow/http_server.
h(210,23): error C2065: is: необъявленный идентификатор [C:\Users\DAB\mysite\backend
\build_new\crow-prefix\src\crow-build\examples\basic_example.vcxproj] [C:\Users\DAB\
mysite\backend\build_new\crow.vcxproj]
C:\Users\DAB\mysite\backend\build_new\crow-prefix\src\crow\examples\example.cpp(160,
19): warning C4244: инициализация: преобразование "int64_t" в "int", возможна потеря
 данных [C:\Users\DAB\mysite\backend\build_new\crow-prefix\src\crow-build\examples\b
asic_example.vcxproj] [C:\Users\DAB\mysite\backend\build_new\crow.vcxproj]
    Building Custom Rule C:/Users/DAB/mysite/backend/build_new/crow-prefix/src/crow/
  examples/CMakeLists.txt
    example_blueprint.cpp
C:\Users\DAB\mysite\backend\build_new\crow-prefix\src\crow\include\crow/query_string
.h(117,20): warning C4267: =: преобразование из "size_t" в "int"; возможна потеря да
нных [C:\Users\DAB\mysite\backend\build_new\crow-prefix\src\crow-build\examples\exam
ple_blueprint.vcxproj] [C:\Users\DAB\mysite\backend\build_new\crow.vcxproj]
C:\Users\DAB\mysite\backend\build_new\crow-prefix\src\crow\include\crow/query_string
.h(370,92): warning C4267: аргумент: преобразование из "size_t" в "int"; возможна по
теря данных [C:\Users\DAB\mysite\backend\build_new\crow-prefix\src\crow-build\exampl
es\example_blueprint.vcxproj] [C:\Users\DAB\mysite\backend\build_new\crow.vcxproj]
C:\Users\DAB\mysite\backend\build_new\crow-prefix\src\crow\include\crow/query_string
.h(406,94): warning C4267: аргумент: преобразование из "size_t" в "int"; возможна по
теря данных [C:\Users\DAB\mysite\backend\build_new\crow-prefix\src\crow-build\exampl
es\example_blueprint.vcxproj] [C:\Users\DAB\mysite\backend\build_new\crow.vcxproj]
C:\Users\DAB\mysite\backend\build_new\crow-prefix\src\crow\include\crow/query_string
.h(445,112): warning C4267: аргумент: преобразование из "size_t" в "int"; возможна п
отеря данных [C:\Users\DAB\mysite\backend\build_new\crow-prefix\src\crow-build\examp
les\example_blueprint.vcxproj] [C:\Users\DAB\mysite\backend\build_new\crow.vcxproj]
C:\Users\DAB\mysite\backend\build_new\crow-prefix\src\crow\include\crow/utility.h(67
2,39): warning C4267: инициализация: преобразование из "size_t" в "unsigned int"; во
зможна потеря данных [C:\Users\DAB\mysite\backend\build_new\crow-prefix\src\crow-bui
ld\examples\example_blueprint.vcxproj] [C:\Users\DAB\mysite\backend\build_new\crow.v
cxproj]
C:\Users\DAB\mysite\backend\build_new\crow-prefix\src\crow\include\crow/http_parser_
merged.h(589,32): warning C4244: =: преобразование "__int64" в "unsigned long", возм
ожна потеря данных [C:\Users\DAB\mysite\backend\build_new\crow-prefix\src\crow-build
\examples\example_blueprint.vcxproj] [C:\Users\DAB\mysite\backend\build_new\crow.vcx
proj]
C:\Users\DAB\mysite\backend\build_new\crow-prefix\src\crow\include\crow/http_parser_
merged.h(609,32): warning C4244: =: преобразование "__int64" в "unsigned long", возм
ожна потеря данных [C:\Users\DAB\mysite\backend\build_new\crow-prefix\src\crow-build
\examples\example_blueprint.vcxproj] [C:\Users\DAB\mysite\backend\build_new\crow.vcx
proj]
    Please define _WIN32_WINNT or _WIN32_WINDOWS appropriately. For example:
    - add -D_WIN32_WINNT=0x0601 to the compiler command line; or
    - add _WIN32_WINNT=0x0601 to your project's Preprocessor Definitions.
    Assuming _WIN32_WINNT=0x0601 (i.e. Windows 7 target).
C:\Users\DAB\mysite\backend\build_new\crow-prefix\src\crow\include\crow/socket_adapt
ors.h(21,36): error C2039: "io_service": не является членом "boost::asio". [C:\Users
\DAB\mysite\backend\build_new\crow-prefix\src\crow-build\examples\example_blueprint.
vcxproj] [C:\Users\DAB\mysite\backend\build_new\crow.vcxproj]
  C:\Users\DAB\Desktop\vcpkg\installed\x64-windows\include\boost/asio/impl/write_at.
  hpp(35,11): message : см. объявление "boost::asio" [C:\Users\DAB\mysite\backend\bu
  ild_new\crow-prefix\src\crow-build\examples\example_blueprint.vcxproj]
C:\Users\DAB\mysite\backend\build_new\crow-prefix\src\crow\include\crow/socket_adapt
ors.h(21,36): error C2061: синтаксическая ошибка: идентификатор "io_service" [C:\Use
rs\DAB\mysite\backend\build_new\crow-prefix\src\crow-build\examples\example_blueprin
t.vcxproj] [C:\Users\DAB\mysite\backend\build_new\crow.vcxproj]
C:\Users\DAB\mysite\backend\build_new\crow-prefix\src\crow\include\crow/socket_adapt
ors.h(25,22): error C2039: "io_service": не является членом "boost::asio". [C:\Users
\DAB\mysite\backend\build_new\crow-prefix\src\crow-build\examples\example_blueprint.
vcxproj] [C:\Users\DAB\mysite\backend\build_new\crow.vcxproj]
  C:\Users\DAB\Desktop\vcpkg\installed\x64-windows\include\boost/asio/impl/write_at.
  hpp(35,11): message : см. объявление "boost::asio" [C:\Users\DAB\mysite\backend\bu
  ild_new\crow-prefix\src\crow-build\examples\example_blueprint.vcxproj]
C:\Users\DAB\mysite\backend\build_new\crow-prefix\src\crow\include\crow/socket_adapt
ors.h(25,32): error C2143: синтаксическая ошибка: отсутствие ";" перед "&" [C:\Users
\DAB\mysite\backend\build_new\crow-prefix\src\crow-build\examples\example_blueprint.
vcxproj] [C:\Users\DAB\mysite\backend\build_new\crow.vcxproj]
C:\Users\DAB\mysite\backend\build_new\crow-prefix\src\crow\include\crow/socket_adapt
ors.h(25,32): error C4430: отсутствует спецификатор типа - предполагается int. Приме
чание. C++ не поддерживает int по умолчанию [C:\Users\DAB\mysite\backend\build_new\c
row-prefix\src\crow-build\examples\example_blueprint.vcxproj] [C:\Users\DAB\mysite\b
ackend\build_new\crow.vcxproj]
C:\Users\DAB\mysite\backend\build_new\crow-prefix\src\crow\include\crow/socket_adapt
ors.h(26,9): error C2334: непредвиденные лексемы перед "{"; пропуск вероятного тела
функции [C:\Users\DAB\mysite\backend\build_new\crow-prefix\src\crow-build\examples\e
xample_blueprint.vcxproj] [C:\Users\DAB\mysite\backend\build_new\crow.vcxproj]
C:\Users\DAB\mysite\backend\build_new\crow-prefix\src\crow\include\crow/socket_adapt
ors.h(22,19): error C2065: io_service: необъявленный идентификатор [C:\Users\DAB\mys
ite\backend\build_new\crow-prefix\src\crow-build\examples\example_blueprint.vcxproj]
 [C:\Users\DAB\mysite\backend\build_new\crow.vcxproj]
C:\Users\DAB\mysite\backend\build_new\crow-prefix\src\crow\include\crow/json.h(63,42
): warning C4244: аргумент: преобразование "int" в "_Elem", возможна потеря данных [
C:\Users\DAB\mysite\backend\build_new\crow-prefix\src\crow-build\examples\example_bl
ueprint.vcxproj] [C:\Users\DAB\mysite\backend\build_new\crow.vcxproj]
            with
            [
                _Elem=char
            ]
C:\Users\DAB\mysite\backend\build_new\crow-prefix\src\crow\include\crow/json.h(64,42
): warning C4244: аргумент: преобразование "int" в "_Elem", возможна потеря данных [
C:\Users\DAB\mysite\backend\build_new\crow-prefix\src\crow-build\examples\example_bl
ueprint.vcxproj] [C:\Users\DAB\mysite\backend\build_new\crow.vcxproj]
            with
            [
                _Elem=char
            ]
C:\Users\DAB\mysite\backend\build_new\crow-prefix\src\crow\include\crow/json.h(461,5
6): warning C4244: =: преобразование "unsigned int" в "char", возможна потеря данных
 [C:\Users\DAB\mysite\backend\build_new\crow-prefix\src\crow-build\examples\example_
blueprint.vcxproj] [C:\Users\DAB\mysite\backend\build_new\crow.vcxproj]
C:\Users\DAB\mysite\backend\build_new\crow-prefix\src\crow\include\crow/json.h(467,5
6): warning C4244: =: преобразование "unsigned int" в "char", возможна потеря данных
 [C:\Users\DAB\mysite\backend\build_new\crow-prefix\src\crow-build\examples\example_
blueprint.vcxproj] [C:\Users\DAB\mysite\backend\build_new\crow.vcxproj]
C:\Users\DAB\mysite\backend\build_new\crow-prefix\src\crow\include\crow/json.h(472,5
1): warning C4244: =: преобразование "unsigned int" в "char", возможна потеря данных
 [C:\Users\DAB\mysite\backend\build_new\crow-prefix\src\crow-build\examples\example_
blueprint.vcxproj] [C:\Users\DAB\mysite\backend\build_new\crow.vcxproj]
C:\Users\DAB\mysite\backend\build_new\crow-prefix\src\crow\include\crow/json.h(681,4
1): warning C4244: =: преобразование "uint32_t" в "uint16_t", возможна потеря данных
 [C:\Users\DAB\mysite\backend\build_new\crow-prefix\src\crow-build\examples\example_
blueprint.vcxproj] [C:\Users\DAB\mysite\backend\build_new\crow.vcxproj]
C:\Users\DAB\mysite\backend\build_new\crow-prefix\src\crow\include\crow/json.h(1211,
35): warning C4267: аргумент: преобразование из "size_t" в "uint32_t"; возможна поте
ря данных [C:\Users\DAB\mysite\backend\build_new\crow-prefix\src\crow-build\examples
\example_blueprint.vcxproj] [C:\Users\DAB\mysite\backend\build_new\crow.vcxproj]
C:\Users\DAB\mysite\backend\build_new\crow-prefix\src\crow\include\crow/json.h(1671,
32): warning C4267: return: преобразование из "size_t" в "int"; возможна потеря данн
ых [C:\Users\DAB\mysite\backend\build_new\crow-prefix\src\crow-build\examples\exampl
e_blueprint.vcxproj] [C:\Users\DAB\mysite\backend\build_new\crow.vcxproj]
C:\Users\DAB\mysite\backend\build_new\crow-prefix\src\crow\include\crow/json.h(1792,
52): warning C4458: объявление "o" скрывает член класса [C:\Users\DAB\mysite\backend
\build_new\crow-prefix\src\crow-build\examples\example_blueprint.vcxproj] [C:\Users\
DAB\mysite\backend\build_new\crow.vcxproj]
  C:\Users\DAB\mysite\backend\build_new\crow-prefix\src\crow\include\crow/json.h(127
  0,37): message : см. объявление "crow::json::wvalue::o" [C:\Users\DAB\mysite\backe
  nd\build_new\crow-prefix\src\crow-build\examples\example_blueprint.vcxproj]
C:\Users\DAB\mysite\backend\build_new\crow-prefix\src\crow\include\crow/mustache.h(9
7,33): warning C4267: инициализация: преобразование из "size_t" в "int"; возможна по
теря данных [C:\Users\DAB\mysite\backend\build_new\crow-prefix\src\crow-build\exampl
es\example_blueprint.vcxproj] [C:\Users\DAB\mysite\backend\build_new\crow.vcxproj]
C:\Users\DAB\mysite\backend\build_new\crow-prefix\src\crow\include\crow/mustache.h(1
16,48): warning C4267: =: преобразование из "size_t" в "int"; возможна потеря данных
 [C:\Users\DAB\mysite\backend\build_new\crow-prefix\src\crow-build\examples\example_
blueprint.vcxproj] [C:\Users\DAB\mysite\backend\build_new\crow.vcxproj]
C:\Users\DAB\mysite\backend\build_new\crow-prefix\src\crow\include\crow/mustache.h(1
18,53): warning C4267: аргумент: преобразование из "size_t" в "_Ty"; возможна потеря
 данных [C:\Users\DAB\mysite\backend\build_new\crow-prefix\src\crow-build\examples\e
xample_blueprint.vcxproj] [C:\Users\DAB\mysite\backend\build_new\crow.vcxproj]
            with
            [
                _Ty=int
            ]
C:\Users\DAB\mysite\backend\build_new\crow-prefix\src\crow\include\crow/mustache.h(2
21,94): warning C4267: аргумент: преобразование из "size_t" в "int"; возможна потеря
 данных [C:\Users\DAB\mysite\backend\build_new\crow-prefix\src\crow-build\examples\e
xample_blueprint.vcxproj] [C:\Users\DAB\mysite\backend\build_new\crow.vcxproj]
C:\Users\DAB\mysite\backend\build_new\crow-prefix\src\crow\include\crow/mustache.h(3
67,54): warning C4267: аргумент: преобразование из "size_t" в "int"; возможна потеря
 данных [C:\Users\DAB\mysite\backend\build_new\crow-prefix\src\crow-build\examples\e
xample_blueprint.vcxproj] [C:\Users\DAB\mysite\backend\build_new\crow.vcxproj]
C:\Users\DAB\mysite\backend\build_new\crow-prefix\src\crow\include\crow/mustache.h(3
78,54): warning C4267: аргумент: преобразование из "size_t" в "int"; возможна потеря
 данных [C:\Users\DAB\mysite\backend\build_new\crow-prefix\src\crow-build\examples\e
xample_blueprint.vcxproj] [C:\Users\DAB\mysite\backend\build_new\crow.vcxproj]
C:\Users\DAB\mysite\backend\build_new\crow-prefix\src\crow\include\crow/mustache.h(3
90,54): warning C4267: аргумент: преобразование из "size_t" в "int"; возможна потеря
 данных [C:\Users\DAB\mysite\backend\build_new\crow-prefix\src\crow-build\examples\e
xample_blueprint.vcxproj] [C:\Users\DAB\mysite\backend\build_new\crow.vcxproj]
C:\Users\DAB\mysite\backend\build_new\crow-prefix\src\crow\include\crow/mustache.h(4
01,54): warning C4267: аргумент: преобразование из "size_t" в "int"; возможна потеря
 данных [C:\Users\DAB\mysite\backend\build_new\crow-prefix\src\crow-build\examples\e
xample_blueprint.vcxproj] [C:\Users\DAB\mysite\backend\build_new\crow.vcxproj]
C:\Users\DAB\mysite\backend\build_new\crow-prefix\src\crow\include\crow/mustache.h(4
63,60): warning C4267: =: преобразование из "size_t" в "int"; возможна потеря данных
 [C:\Users\DAB\mysite\backend\build_new\crow-prefix\src\crow-build\examples\example_
blueprint.vcxproj] [C:\Users\DAB\mysite\backend\build_new\crow.vcxproj]
C:\Users\DAB\mysite\backend\build_new\crow-prefix\src\crow\include\crow/mustache.h(5
63,28): warning C4267: инициализация: преобразование из "size_t" в "int"; возможна п
отеря данных [C:\Users\DAB\mysite\backend\build_new\crow-prefix\src\crow-build\examp
les\example_blueprint.vcxproj] [C:\Users\DAB\mysite\backend\build_new\crow.vcxproj]
C:\Users\DAB\mysite\backend\build_new\crow-prefix\src\crow\include\crow/task_timer.h
(28,37): error C2039: "io_service": не является членом "boost::asio". [C:\Users\DAB\
mysite\backend\build_new\crow-prefix\src\crow-build\examples\example_blueprint.vcxpr
oj] [C:\Users\DAB\mysite\backend\build_new\crow.vcxproj]
  C:\Users\DAB\Desktop\vcpkg\installed\x64-windows\include\boost/asio/impl/write_at.
  hpp(35,11): message : см. объявление "boost::asio" [C:\Users\DAB\mysite\backend\bu
  ild_new\crow-prefix\src\crow-build\examples\example_blueprint.vcxproj]
C:\Users\DAB\mysite\backend\build_new\crow-prefix\src\crow\include\crow/task_timer.h
(28,37): error C2061: синтаксическая ошибка: идентификатор "io_service" [C:\Users\DA
B\mysite\backend\build_new\crow-prefix\src\crow-build\examples\example_blueprint.vcx
proj] [C:\Users\DAB\mysite\backend\build_new\crow.vcxproj]
C:\Users\DAB\mysite\backend\build_new\crow-prefix\src\crow\include\crow/task_timer.h
(123,26): error C2039: "io_service": не является членом "boost::asio". [C:\Users\DAB
\mysite\backend\build_new\crow-prefix\src\crow-build\examples\example_blueprint.vcxp
roj] [C:\Users\DAB\mysite\backend\build_new\crow.vcxproj]
  C:\Users\DAB\Desktop\vcpkg\installed\x64-windows\include\boost/asio/impl/write_at.
  hpp(35,11): message : см. объявление "boost::asio" [C:\Users\DAB\mysite\backend\bu
  ild_new\crow-prefix\src\crow-build\examples\example_blueprint.vcxproj]
C:\Users\DAB\mysite\backend\build_new\crow-prefix\src\crow\include\crow/task_timer.h
(123,36): error C2143: синтаксическая ошибка: отсутствие ";" перед "&" [C:\Users\DAB
\mysite\backend\build_new\crow-prefix\src\crow-build\examples\example_blueprint.vcxp
roj] [C:\Users\DAB\mysite\backend\build_new\crow.vcxproj]
C:\Users\DAB\mysite\backend\build_new\crow-prefix\src\crow\include\crow/task_timer.h
(123,36): error C4430: отсутствует спецификатор типа - предполагается int. Примечани
е. C++ не поддерживает int по умолчанию [C:\Users\DAB\mysite\backend\build_new\crow-
prefix\src\crow-build\examples\example_blueprint.vcxproj] [C:\Users\DAB\mysite\backe
nd\build_new\crow.vcxproj]
C:\Users\DAB\mysite\backend\build_new\crow-prefix\src\crow\include\crow/task_timer.h
(123,49): error C2238: непредвиденные лексемы перед ";" [C:\Users\DAB\mysite\backend
\build_new\crow-prefix\src\crow-build\examples\example_blueprint.vcxproj] [C:\Users\
DAB\mysite\backend\build_new\crow.vcxproj]
C:\Users\DAB\mysite\backend\build_new\crow-prefix\src\crow\include\crow/task_timer.h
(29,27): error C2065: io_service: необъявленный идентификатор [C:\Users\DAB\mysite\b
ackend\build_new\crow-prefix\src\crow-build\examples\example_blueprint.vcxproj] [C:\
Users\DAB\mysite\backend\build_new\crow.vcxproj]
C:\Users\DAB\mysite\backend\build_new\crow-prefix\src\crow\include\crow/task_timer.h
(29,56): error C2065: io_service_: необъявленный идентификатор [C:\Users\DAB\mysite\
backend\build_new\crow-prefix\src\crow-build\examples\example_blueprint.vcxproj] [C:
\Users\DAB\mysite\backend\build_new\crow.vcxproj]
C:\Users\DAB\mysite\backend\build_new\crow-prefix\src\crow\include\crow/task_timer.h
(29,15): error C2614: crow::detail::task_timer: недопустимая инициализация члена: "i
o_service_" не является базовым классом или членом [C:\Users\DAB\mysite\backend\buil
d_new\crow-prefix\src\crow-build\examples\example_blueprint.vcxproj] [C:\Users\DAB\m
ysite\backend\build_new\crow.vcxproj]
C:\Users\DAB\mysite\backend\build_new\crow-prefix\src\crow\include\crow/http_request
.h(38,22): error C2039: "io_service": не является членом "boost::asio". [C:\Users\DA
B\mysite\backend\build_new\crow-prefix\src\crow-build\examples\example_blueprint.vcx
proj] [C:\Users\DAB\mysite\backend\build_new\crow.vcxproj]
  C:\Users\DAB\Desktop\vcpkg\installed\x64-windows\include\boost/asio/impl/write_at.
  hpp(35,11): message : см. объявление "boost::asio" [C:\Users\DAB\mysite\backend\bu
  ild_new\crow-prefix\src\crow-build\examples\example_blueprint.vcxproj]
C:\Users\DAB\mysite\backend\build_new\crow-prefix\src\crow\include\crow/http_request
.h(38,32): error C2143: синтаксическая ошибка: отсутствие ";" перед "*" [C:\Users\DA
B\mysite\backend\build_new\crow-prefix\src\crow-build\examples\example_blueprint.vcx
proj] [C:\Users\DAB\mysite\backend\build_new\crow.vcxproj]
C:\Users\DAB\mysite\backend\build_new\crow-prefix\src\crow\include\crow/http_request
.h(38,32): error C4430: отсутствует спецификатор типа - предполагается int. Примечан
ие. C++ не поддерживает int по умолчанию [C:\Users\DAB\mysite\backend\build_new\crow
-prefix\src\crow-build\examples\example_blueprint.vcxproj] [C:\Users\DAB\mysite\back
end\build_new\crow.vcxproj]
C:\Users\DAB\mysite\backend\build_new\crow-prefix\src\crow\include\crow/http_request
.h(38,44): error C2334: непредвиденные лексемы перед "{"; пропуск вероятного тела фу
нкции [C:\Users\DAB\mysite\backend\build_new\crow-prefix\src\crow-build\examples\exa
mple_blueprint.vcxproj] [C:\Users\DAB\mysite\backend\build_new\crow.vcxproj]
C:\Users\DAB\mysite\backend\build_new\crow-prefix\src\crow\include\crow/http_request
.h(69,13): error C3861: io_service: идентификатор не найден [C:\Users\DAB\mysite\bac
kend\build_new\crow-prefix\src\crow-build\examples\example_blueprint.vcxproj] [C:\Us
ers\DAB\mysite\backend\build_new\crow.vcxproj]
  C:\Users\DAB\mysite\backend\build_new\crow-prefix\src\crow\include\crow/http_reque
  st.h(67,14): message : Сообщение диагностики возникло в созданной компилятором фун
  кции "void crow::request::post(CompletionHandler)" [C:\Users\DAB\mysite\backend\bu
  ild_new\crow-prefix\src\crow-build\examples\example_blueprint.vcxproj]
C:\Users\DAB\mysite\backend\build_new\crow-prefix\src\crow\include\crow/http_request
.h(69,13): error C2065: io_service: необъявленный идентификатор [C:\Users\DAB\mysite
\backend\build_new\crow-prefix\src\crow-build\examples\example_blueprint.vcxproj] [C
:\Users\DAB\mysite\backend\build_new\crow.vcxproj]
  C:\Users\DAB\mysite\backend\build_new\crow-prefix\src\crow\include\crow/http_reque
  st.h(67,14): message : Сообщение диагностики возникло в созданной компилятором фун
  кции "void crow::request::post(CompletionHandler)" [C:\Users\DAB\mysite\backend\bu
  ild_new\crow-prefix\src\crow-build\examples\example_blueprint.vcxproj]
C:\Users\DAB\mysite\backend\build_new\crow-prefix\src\crow\include\crow/http_request
.h(76,13): error C3861: io_service: идентификатор не найден [C:\Users\DAB\mysite\bac
kend\build_new\crow-prefix\src\crow-build\examples\example_blueprint.vcxproj] [C:\Us
ers\DAB\mysite\backend\build_new\crow.vcxproj]
  C:\Users\DAB\mysite\backend\build_new\crow-prefix\src\crow\include\crow/http_reque
  st.h(74,14): message : Сообщение диагностики возникло в созданной компилятором фун
  кции "void crow::request::dispatch(CompletionHandler)" [C:\Users\DAB\mysite\backen
  d\build_new\crow-prefix\src\crow-build\examples\example_blueprint.vcxproj]
C:\Users\DAB\mysite\backend\build_new\crow-prefix\src\crow\include\crow/http_request
.h(76,13): error C2065: io_service: необъявленный идентификатор [C:\Users\DAB\mysite
\backend\build_new\crow-prefix\src\crow-build\examples\example_blueprint.vcxproj] [C
:\Users\DAB\mysite\backend\build_new\crow.vcxproj]
  C:\Users\DAB\mysite\backend\build_new\crow-prefix\src\crow\include\crow/http_reque
  st.h(74,14): message : Сообщение диагностики возникло в созданной компилятором фун
  кции "void crow::request::dispatch(CompletionHandler)" [C:\Users\DAB\mysite\backen
  d\build_new\crow-prefix\src\crow-build\examples\example_blueprint.vcxproj]
C:\Users\DAB\mysite\backend\build_new\crow-prefix\src\crow\include\crow/multipart.h(
167,84): warning C4458: объявление "part_map" скрывает член класса [C:\Users\DAB\mys
ite\backend\build_new\crow-prefix\src\crow-build\examples\example_blueprint.vcxproj]
 [C:\Users\DAB\mysite\backend\build_new\crow.vcxproj]
  C:\Users\DAB\mysite\backend\build_new\crow-prefix\src\crow\include\crow/multipart.
  h(79,20): message : см. объявление "crow::multipart::message::part_map" [C:\Users\
  DAB\mysite\backend\build_new\crow-prefix\src\crow-build\examples\example_blueprint
  .vcxproj]
C:\Users\DAB\mysite\backend\build_new\crow-prefix\src\crow\include\crow/multipart.h(
218,32): warning C4456: объявление "found" скрывает предыдущее локальное объявление
[C:\Users\DAB\mysite\backend\build_new\crow-prefix\src\crow-build\examples\example_b
lueprint.vcxproj] [C:\Users\DAB\mysite\backend\build_new\crow.vcxproj]
  C:\Users\DAB\mysite\backend\build_new\crow-prefix\src\crow\include\crow/multipart.
  h(211,28): message : см. объявление "found" [C:\Users\DAB\mysite\backend\build_new
  \crow-prefix\src\crow-build\examples\example_blueprint.vcxproj]
C:\Users\DAB\mysite\backend\build_new\crow-prefix\src\crow\include\crow/multipart.h(
234,32): warning C4456: объявление "found" скрывает предыдущее локальное объявление
[C:\Users\DAB\mysite\backend\build_new\crow-prefix\src\crow-build\examples\example_b
lueprint.vcxproj] [C:\Users\DAB\mysite\backend\build_new\crow.vcxproj]
  C:\Users\DAB\mysite\backend\build_new\crow-prefix\src\crow\include\crow/multipart.
  h(211,28): message : см. объявление "found" [C:\Users\DAB\mysite\backend\build_new
  \crow-prefix\src\crow-build\examples\example_blueprint.vcxproj]
C:\Users\DAB\mysite\backend\build_new\crow-prefix\src\crow\include\crow/routing.h(80
0,70): warning C4244: аргумент: преобразование "__int64" в "unsigned int", возможна
потеря данных [C:\Users\DAB\mysite\backend\build_new\crow-prefix\src\crow-build\exam
ples\example_blueprint.vcxproj] [C:\Users\DAB\mysite\backend\build_new\crow.vcxproj]
C:\Users\DAB\mysite\backend\build_new\crow-prefix\src\crow\include\crow/routing.h(82
1,70): warning C4244: аргумент: преобразование "__int64" в "unsigned int", возможна
потеря данных [C:\Users\DAB\mysite\backend\build_new\crow-prefix\src\crow-build\exam
ples\example_blueprint.vcxproj] [C:\Users\DAB\mysite\backend\build_new\crow.vcxproj]
C:\Users\DAB\mysite\backend\build_new\crow-prefix\src\crow\include\crow/routing.h(84
2,70): warning C4244: аргумент: преобразование "__int64" в "unsigned int", возможна
потеря данных [C:\Users\DAB\mysite\backend\build_new\crow-prefix\src\crow-build\exam
ples\example_blueprint.vcxproj] [C:\Users\DAB\mysite\backend\build_new\crow.vcxproj]
C:\Users\DAB\mysite\backend\build_new\crow-prefix\src\crow\include\crow/routing.h(86
4,61): warning C4267: аргумент: преобразование из "size_t" в "unsigned int"; возможн
а потеря данных [C:\Users\DAB\mysite\backend\build_new\crow-prefix\src\crow-build\ex
amples\example_blueprint.vcxproj] [C:\Users\DAB\mysite\backend\build_new\crow.vcxpro
j]
C:\Users\DAB\mysite\backend\build_new\crow-prefix\src\crow\include\crow/routing.h(88
0,61): warning C4267: аргумент: преобразование из "size_t" в "unsigned int"; возможн
а потеря данных [C:\Users\DAB\mysite\backend\build_new\crow-prefix\src\crow-build\ex
amples\example_blueprint.vcxproj] [C:\Users\DAB\mysite\backend\build_new\crow.vcxpro
j]
C:\Users\DAB\mysite\backend\build_new\crow-prefix\src\crow\include\crow/routing.h(89
5,61): warning C4267: аргумент: преобразование из "size_t" в "unsigned int"; возможн
а потеря данных [C:\Users\DAB\mysite\backend\build_new\crow-prefix\src\crow-build\ex
amples\example_blueprint.vcxproj] [C:\Users\DAB\mysite\backend\build_new\crow.vcxpro
j]
C:\Users\DAB\mysite\backend\build_new\crow-prefix\src\crow\include\crow/routing.h(94
5,53): warning C4267: +=: преобразование из "size_t" в "unsigned int"; возможна поте
ря данных [C:\Users\DAB\mysite\backend\build_new\crow-prefix\src\crow-build\examples
\example_blueprint.vcxproj] [C:\Users\DAB\mysite\backend\build_new\crow.vcxproj]
C:\Users\DAB\mysite\backend\build_new\crow-prefix\src\crow\include\crow/routing.h(95
6,45): warning C4267: +=: преобразование из "size_t" в "unsigned int"; возможна поте
ря данных [C:\Users\DAB\mysite\backend\build_new\crow-prefix\src\crow-build\examples
\example_blueprint.vcxproj] [C:\Users\DAB\mysite\backend\build_new\crow.vcxproj]
C:\Users\DAB\mysite\backend\build_new\crow-prefix\src\crow\include\crow/routing.h(10
02,36): warning C4267: +=: преобразование из "size_t" в "unsigned int"; возможна пот
еря данных [C:\Users\DAB\mysite\backend\build_new\crow-prefix\src\crow-build\example
s\example_blueprint.vcxproj] [C:\Users\DAB\mysite\backend\build_new\crow.vcxproj]
C:\Users\DAB\mysite\backend\build_new\crow-prefix\src\crow\include\crow/routing.h(10
05,33): warning C4267: +=: преобразование из "size_t" в "unsigned int"; возможна пот
еря данных [C:\Users\DAB\mysite\backend\build_new\crow-prefix\src\crow-build\example
s\example_blueprint.vcxproj] [C:\Users\DAB\mysite\backend\build_new\crow.vcxproj]
C:\Users\DAB\mysite\backend\build_new\crow-prefix\src\crow\include\crow/routing.h(12
04,101): warning C4267: аргумент: преобразование из "size_t" в "unsigned int"; возмо
жна потеря данных [C:\Users\DAB\mysite\backend\build_new\crow-prefix\src\crow-build\
examples\example_blueprint.vcxproj] [C:\Users\DAB\mysite\backend\build_new\crow.vcxp
roj]
C:\Users\DAB\mysite\backend\build_new\crow-prefix\src\crow\include\crow/routing.h(12
04,87): warning C4267: аргумент: преобразование из "size_t" в "uint16_t"; возможна п
отеря данных [C:\Users\DAB\mysite\backend\build_new\crow-prefix\src\crow-build\examp
les\example_blueprint.vcxproj] [C:\Users\DAB\mysite\backend\build_new\crow.vcxproj]
C:\Users\DAB\mysite\backend\build_new\crow-prefix\src\crow\include\crow/routing.h(12
10,118): warning C4267: аргумент: преобразование из "size_t" в "unsigned int"; возмо
жна потеря данных [C:\Users\DAB\mysite\backend\build_new\crow-prefix\src\crow-build\
examples\example_blueprint.vcxproj] [C:\Users\DAB\mysite\backend\build_new\crow.vcxp
roj]
C:\Users\DAB\mysite\backend\build_new\crow-prefix\src\crow\include\crow/routing.h(12
58,29): warning C4456: объявление "i" скрывает предыдущее локальное объявление [C:\U
sers\DAB\mysite\backend\build_new\crow-prefix\src\crow-build\examples\example_bluepr
int.vcxproj] [C:\Users\DAB\mysite\backend\build_new\crow.vcxproj]
  C:\Users\DAB\mysite\backend\build_new\crow-prefix\src\crow\include\crow/routing.h(
  1249,27): message : см. объявление "i" [C:\Users\DAB\mysite\backend\build_new\crow
  -prefix\src\crow-build\examples\example_blueprint.vcxproj]
C:\Users\DAB\mysite\backend\build_new\crow-prefix\src\crow\include\crow/routing.h(12
59,104): warning C4244: аргумент: преобразование "int" в "uint16_t", возможна потеря
 данных [C:\Users\DAB\mysite\backend\build_new\crow-prefix\src\crow-build\examples\e
xample_blueprint.vcxproj] [C:\Users\DAB\mysite\backend\build_new\crow.vcxproj]
C:\Users\DAB\mysite\backend\build_new\crow-prefix\src\crow\include\crow/routing.h(12
59,100): warning C4267: аргумент: преобразование из "size_t" в "unsigned int"; возмо
жна потеря данных [C:\Users\DAB\mysite\backend\build_new\crow-prefix\src\crow-build\
examples\example_blueprint.vcxproj] [C:\Users\DAB\mysite\backend\build_new\crow.vcxp
roj]
C:\Users\DAB\mysite\backend\build_new\crow-prefix\src\crow\include\crow/routing.h(12
70,76): warning C4244: аргумент: преобразование "unsigned int" в "const uint16_t", в
озможна потеря данных [C:\Users\DAB\mysite\backend\build_new\crow-prefix\src\crow-bu
ild\examples\example_blueprint.vcxproj] [C:\Users\DAB\mysite\backend\build_new\crow.
vcxproj]
C:\Users\DAB\mysite\backend\build_new\crow-prefix\src\crow\include\crow/routing.h(14
20,24): warning C4267: инициализация: преобразование из "size_t" в "int"; возможна п
отеря данных [C:\Users\DAB\mysite\backend\build_new\crow-prefix\src\crow-build\examp
les\example_blueprint.vcxproj] [C:\Users\DAB\mysite\backend\build_new\crow.vcxproj]
C:\Users\DAB\mysite\backend\build_new\crow-prefix\src\crow\include\crow/routing.h(15
11,28): warning C4456: объявление "per_method" скрывает предыдущее локальное объявле
ние [C:\Users\DAB\mysite\backend\build_new\crow-prefix\src\crow-build\examples\examp
le_blueprint.vcxproj] [C:\Users\DAB\mysite\backend\build_new\crow.vcxproj]
  C:\Users\DAB\mysite\backend\build_new\crow-prefix\src\crow\include\crow/routing.h(
  1501,19): message : см. объявление "per_method" [C:\Users\DAB\mysite\backend\build
  _new\crow-prefix\src\crow-build\examples\example_blueprint.vcxproj]
C:\Users\DAB\mysite\backend\build_new\crow-prefix\src\crow\include\crow/routing.h(15
53,13): warning C4530: Использован обработчик исключений C++, но семантика уничтожен
ия объектов не включена. Задайте параметр /EHsc [C:\Users\DAB\mysite\backend\build_n
ew\crow-prefix\src\crow-build\examples\example_blueprint.vcxproj] [C:\Users\DAB\mysi
te\backend\build_new\crow.vcxproj]
C:\Users\DAB\mysite\backend\build_new\crow-prefix\src\crow\include\crow/http_connect
ion.h(40,24): error C2039: "io_service": не является членом "boost::asio". [C:\Users
\DAB\mysite\backend\build_new\crow-prefix\src\crow-build\examples\example_blueprint.
vcxproj] [C:\Users\DAB\mysite\backend\build_new\crow.vcxproj]
  C:\Users\DAB\Desktop\vcpkg\installed\x64-windows\include\boost/asio/impl/write_at.
  hpp(35,11): message : см. объявление "boost::asio" [C:\Users\DAB\mysite\backend\bu
  ild_new\crow-prefix\src\crow-build\examples\example_blueprint.vcxproj]
  C:\Users\DAB\mysite\backend\build_new\crow-prefix\src\crow\include\crow/http_conne
  ction.h(626,6): message : выполняется компиляция ссылки на экземпляр класс шаблон
  функции "crow::Connection<Adaptor,Handler,Middlewares...>" [C:\Users\DAB\mysite\ba
  ckend\build_new\crow-prefix\src\crow-build\examples\example_blueprint.vcxproj]
C:\Users\DAB\mysite\backend\build_new\crow-prefix\src\crow\include\crow/http_connect
ion.h(40,24): error C2061: синтаксическая ошибка: идентификатор "io_service" [C:\Use
rs\DAB\mysite\backend\build_new\crow-prefix\src\crow-build\examples\example_blueprin
t.vcxproj] [C:\Users\DAB\mysite\backend\build_new\crow.vcxproj]
C:\Users\DAB\mysite\backend\build_new\crow-prefix\src\crow\include\crow/http_connect
ion.h(48,20): error C3861: io_service: идентификатор не найден [C:\Users\DAB\mysite\
backend\build_new\crow-prefix\src\crow-build\examples\example_blueprint.vcxproj] [C:
\Users\DAB\mysite\backend\build_new\crow.vcxproj]
C:\Users\DAB\mysite\backend\build_new\crow-prefix\src\crow\include\crow/http_connect
ion.h(48,32): error C3861: adaptor_ctx_: идентификатор не найден [C:\Users\DAB\mysit
e\backend\build_new\crow-prefix\src\crow-build\examples\example_blueprint.vcxproj] [
C:\Users\DAB\mysite\backend\build_new\crow.vcxproj]
C:\Users\DAB\mysite\backend\build_new\crow-prefix\src\crow\include\crow/http_connect
ion.h(49,20): error C3861: handler: идентификатор не найден [C:\Users\DAB\mysite\bac
kend\build_new\crow-prefix\src\crow-build\examples\example_blueprint.vcxproj] [C:\Us
ers\DAB\mysite\backend\build_new\crow.vcxproj]
C:\Users\DAB\mysite\backend\build_new\crow-prefix\src\crow\include\crow/http_connect
ion.h(51,24): error C3861: server_name: идентификатор не найден [C:\Users\DAB\mysite
\backend\build_new\crow-prefix\src\crow-build\examples\example_blueprint.vcxproj] [C
:\Users\DAB\mysite\backend\build_new\crow.vcxproj]
C:\Users\DAB\mysite\backend\build_new\crow-prefix\src\crow\include\crow/http_connect
ion.h(52,24): error C3861: middlewares: идентификатор не найден [C:\Users\DAB\mysite
\backend\build_new\crow-prefix\src\crow-build\examples\example_blueprint.vcxproj] [C
:\Users\DAB\mysite\backend\build_new\crow.vcxproj]
C:\Users\DAB\mysite\backend\build_new\crow-prefix\src\crow\include\crow/http_connect
ion.h(53,31): error C3861: get_cached_date_str_f: идентификатор не найден [C:\Users\
DAB\mysite\backend\build_new\crow-prefix\src\crow-build\examples\example_blueprint.v
cxproj] [C:\Users\DAB\mysite\backend\build_new\crow.vcxproj]
C:\Users\DAB\mysite\backend\build_new\crow-prefix\src\crow\include\crow/http_connect
ion.h(54,23): error C3861: task_timer: идентификатор не найден [C:\Users\DAB\mysite\
backend\build_new\crow-prefix\src\crow-build\examples\example_blueprint.vcxproj] [C:
\Users\DAB\mysite\backend\build_new\crow.vcxproj]
C:\Users\DAB\mysite\backend\build_new\crow-prefix\src\crow\include\crow/http_connect
ion.h(55,33): error C3861: handler: идентификатор не найден [C:\Users\DAB\mysite\bac
kend\build_new\crow-prefix\src\crow-build\examples\example_blueprint.vcxproj] [C:\Us
ers\DAB\mysite\backend\build_new\crow.vcxproj]
C:\Users\DAB\mysite\backend\build_new\crow-prefix\src\crow\include\crow/http_connect
ion.h(56,25): error C3861: queue_length: идентификатор не найден [C:\Users\DAB\mysit
e\backend\build_new\crow-prefix\src\crow-build\examples\example_blueprint.vcxproj] [
C:\Users\DAB\mysite\backend\build_new\crow.vcxproj]
C:\Users\DAB\mysite\backend\build_new\crow-prefix\src\crow\include\crow/http_connect
ion.h(48,20): error C2065: io_service: необъявленный идентификатор [C:\Users\DAB\mys
ite\backend\build_new\crow-prefix\src\crow-build\examples\example_blueprint.vcxproj]
 [C:\Users\DAB\mysite\backend\build_new\crow.vcxproj]
C:\Users\DAB\mysite\backend\build_new\crow-prefix\src\crow\include\crow/http_connect
ion.h(48,32): error C2065: adaptor_ctx_: необъявленный идентификатор [C:\Users\DAB\m
ysite\backend\build_new\crow-prefix\src\crow-build\examples\example_blueprint.vcxpro
j] [C:\Users\DAB\mysite\backend\build_new\crow.vcxproj]
C:\Users\DAB\mysite\backend\build_new\crow-prefix\src\crow\include\crow/http_connect
ion.h(49,20): error C2065: handler: необъявленный идентификатор [C:\Users\DAB\mysite
\backend\build_new\crow-prefix\src\crow-build\examples\example_blueprint.vcxproj] [C
:\Users\DAB\mysite\backend\build_new\crow.vcxproj]
C:\Users\DAB\mysite\backend\build_new\crow-prefix\src\crow\include\crow/http_connect
ion.h(51,24): error C2065: server_name: необъявленный идентификатор [C:\Users\DAB\my
site\backend\build_new\crow-prefix\src\crow-build\examples\example_blueprint.vcxproj
] [C:\Users\DAB\mysite\backend\build_new\crow.vcxproj]
C:\Users\DAB\mysite\backend\build_new\crow-prefix\src\crow\include\crow/http_connect
ion.h(52,24): error C2065: middlewares: необъявленный идентификатор [C:\Users\DAB\my
site\backend\build_new\crow-prefix\src\crow-build\examples\example_blueprint.vcxproj
] [C:\Users\DAB\mysite\backend\build_new\crow.vcxproj]
C:\Users\DAB\mysite\backend\build_new\crow-prefix\src\crow\include\crow/http_connect
ion.h(53,31): error C2065: get_cached_date_str_f: необъявленный идентификатор [C:\Us
ers\DAB\mysite\backend\build_new\crow-prefix\src\crow-build\examples\example_bluepri
nt.vcxproj] [C:\Users\DAB\mysite\backend\build_new\crow.vcxproj]
C:\Users\DAB\mysite\backend\build_new\crow-prefix\src\crow\include\crow/http_connect
ion.h(54,23): error C2065: task_timer: необъявленный идентификатор [C:\Users\DAB\mys
ite\backend\build_new\crow-prefix\src\crow-build\examples\example_blueprint.vcxproj]
 [C:\Users\DAB\mysite\backend\build_new\crow.vcxproj]
C:\Users\DAB\mysite\backend\build_new\crow-prefix\src\crow\include\crow/http_connect
ion.h(55,33): error C2065: handler: необъявленный идентификатор [C:\Users\DAB\mysite
\backend\build_new\crow-prefix\src\crow-build\examples\example_blueprint.vcxproj] [C
:\Users\DAB\mysite\backend\build_new\crow.vcxproj]
C:\Users\DAB\mysite\backend\build_new\crow-prefix\src\crow\include\crow/http_connect
ion.h(56,25): error C2065: queue_length: необъявленный идентификатор [C:\Users\DAB\m
ysite\backend\build_new\crow-prefix\src\crow-build\examples\example_blueprint.vcxpro
j] [C:\Users\DAB\mysite\backend\build_new\crow.vcxproj]
C:\Users\DAB\mysite\backend\build_new\crow-prefix\src\crow\include\crow/http_server.
h(226,15): error C2039: "io_service": не является членом "boost::asio". [C:\Users\DA
B\mysite\backend\build_new\crow-prefix\src\crow-build\examples\example_blueprint.vcx
proj] [C:\Users\DAB\mysite\backend\build_new\crow.vcxproj]
  C:\Users\DAB\Desktop\vcpkg\installed\x64-windows\include\boost/asio/impl/write_at.
  hpp(35,11): message : см. объявление "boost::asio" [C:\Users\DAB\mysite\backend\bu
  ild_new\crow-prefix\src\crow-build\examples\example_blueprint.vcxproj]
  C:\Users\DAB\mysite\backend\build_new\crow-prefix\src\crow\include\crow/http_serve
  r.h(248,6): message : выполняется компиляция ссылки на экземпляр класс шаблон функ
  ции "crow::Server<Handler,Adaptor,Middlewares...>" [C:\Users\DAB\mysite\backend\bu
  ild_new\crow-prefix\src\crow-build\examples\example_blueprint.vcxproj]
C:\Users\DAB\mysite\backend\build_new\crow-prefix\src\crow\include\crow/http_server.
h(226,26): error C3646: io_service_: неизвестный спецификатор переопределения [C:\Us
ers\DAB\mysite\backend\build_new\crow-prefix\src\crow-build\examples\example_bluepri
nt.vcxproj] [C:\Users\DAB\mysite\backend\build_new\crow.vcxproj]
C:\Users\DAB\mysite\backend\build_new\crow-prefix\src\crow\include\crow/http_server.
h(226,1): error C4430: отсутствует спецификатор типа - предполагается int. Примечани
е. C++ не поддерживает int по умолчанию [C:\Users\DAB\mysite\backend\build_new\crow-
prefix\src\crow-build\examples\example_blueprint.vcxproj] [C:\Users\DAB\mysite\backe
nd\build_new\crow.vcxproj]
C:\Users\DAB\mysite\backend\build_new\crow-prefix\src\crow\include\crow/http_server.
h(227,43): error C2039: "io_service": не является членом "boost::asio". [C:\Users\DA
B\mysite\backend\build_new\crow-prefix\src\crow-build\examples\example_blueprint.vcx
proj] [C:\Users\DAB\mysite\backend\build_new\crow.vcxproj]
  C:\Users\DAB\Desktop\vcpkg\installed\x64-windows\include\boost/asio/impl/write_at.
  hpp(35,11): message : см. объявление "boost::asio" [C:\Users\DAB\mysite\backend\bu
  ild_new\crow-prefix\src\crow-build\examples\example_blueprint.vcxproj]
C:\Users\DAB\mysite\backend\build_new\crow-prefix\src\crow\include\crow/http_server.
h(227,43): error C2065: io_service: необъявленный идентификатор [C:\Users\DAB\mysite
\backend\build_new\crow-prefix\src\crow-build\examples\example_blueprint.vcxproj] [C
:\Users\DAB\mysite\backend\build_new\crow.vcxproj]
C:\Users\DAB\mysite\backend\build_new\crow-prefix\src\crow\include\crow/http_server.
h(227,26): error C2923: std::unique_ptr: "io_service" не является допустимым аргумен
том типа шаблон для параметра "_Ty" [C:\Users\DAB\mysite\backend\build_new\crow-pref
ix\src\crow-build\examples\example_blueprint.vcxproj] [C:\Users\DAB\mysite\backend\b
uild_new\crow.vcxproj]
  C:\Users\DAB\mysite\backend\build_new\crow-prefix\src\crow\include\crow/http_serve
  r.h(227,43): message : см. объявление "io_service" [C:\Users\DAB\mysite\backend\bu
  ild_new\crow-prefix\src\crow-build\examples\example_blueprint.vcxproj]
C:\Users\DAB\mysite\backend\build_new\crow-prefix\src\crow\include\crow/http_server.
h(227,26): error C2976: std::unique_ptr: слишком мало аргументов шаблон [C:\Users\DA
B\mysite\backend\build_new\crow-prefix\src\crow-build\examples\example_blueprint.vcx
proj] [C:\Users\DAB\mysite\backend\build_new\crow.vcxproj]
  C:\Program Files\Microsoft Visual Studio\2022\Community\VC\Tools\MSVC\14.37.32822\
  include\memory(3213,1): message : см. объявление "std::unique_ptr" [C:\Users\DAB\m
  ysite\backend\build_new\crow-prefix\src\crow-build\examples\example_blueprint.vcxp
  roj]
C:\Users\DAB\mysite\backend\build_new\crow-prefix\src\crow\include\crow/http_server.
h(227,26): error C3203: "unique_ptr": неспециализированный класс шаблон нельзя испол
ьзовать в качестве аргумента шаблон для параметра шаблон "_Ty", требуется действител
ьный тип [C:\Users\DAB\mysite\backend\build_new\crow-prefix\src\crow-build\examples\
example_blueprint.vcxproj] [C:\Users\DAB\mysite\backend\build_new\crow.vcxproj]
C:\Users\DAB\mysite\backend\build_new\crow-prefix\src\crow\include\crow/http_server.
h(30,21): error C3861: io_service_: идентификатор не найден [C:\Users\DAB\mysite\bac
kend\build_new\crow-prefix\src\crow-build\examples\example_blueprint.vcxproj] [C:\Us
ers\DAB\mysite\backend\build_new\crow.vcxproj]
C:\Users\DAB\mysite\backend\build_new\crow-prefix\src\crow\include\crow/http_server.
h(31,20): error C3861: io_service_: идентификатор не найден [C:\Users\DAB\mysite\bac
kend\build_new\crow-prefix\src\crow-build\examples\example_blueprint.vcxproj] [C:\Us
ers\DAB\mysite\backend\build_new\crow.vcxproj]
C:\Users\DAB\mysite\backend\build_new\crow-prefix\src\crow\include\crow/http_server.
h(32,23): error C3861: io_service_: идентификатор не найден [C:\Users\DAB\mysite\bac
kend\build_new\crow-prefix\src\crow-build\examples\example_blueprint.vcxproj] [C:\Us
ers\DAB\mysite\backend\build_new\crow.vcxproj]
C:\Users\DAB\mysite\backend\build_new\crow-prefix\src\crow\include\crow/http_server.
h(30,21): error C2065: io_service_: необъявленный идентификатор [C:\Users\DAB\mysite
\backend\build_new\crow-prefix\src\crow-build\examples\example_blueprint.vcxproj] [C
:\Users\DAB\mysite\backend\build_new\crow.vcxproj]
C:\Users\DAB\mysite\backend\build_new\crow-prefix\src\crow\include\crow/http_server.
h(31,20): error C2065: io_service_: необъявленный идентификатор [C:\Users\DAB\mysite
\backend\build_new\crow-prefix\src\crow-build\examples\example_blueprint.vcxproj] [C
:\Users\DAB\mysite\backend\build_new\crow.vcxproj]
C:\Users\DAB\mysite\backend\build_new\crow-prefix\src\crow\include\crow/http_server.
h(32,23): error C2065: io_service_: необъявленный идентификатор [C:\Users\DAB\mysite
\backend\build_new\crow-prefix\src\crow-build\examples\example_blueprint.vcxproj] [C
:\Users\DAB\mysite\backend\build_new\crow.vcxproj]
C:\Users\DAB\mysite\backend\build_new\crow-prefix\src\crow\include\crow/http_server.
h(65,51): error C2187: синтаксическая ошибка: непредвиденный здесь элемент "boost" [
C:\Users\DAB\mysite\backend\build_new\crow-prefix\src\crow-build\examples\example_bl
ueprint.vcxproj] [C:\Users\DAB\mysite\backend\build_new\crow.vcxproj]
C:\Users\DAB\mysite\backend\build_new\crow-prefix\src\crow\include\crow/http_server.
h(65,74): error C3878: синтаксическая ошибка: непредвиденный маркер "(" после "expre
ssion" [C:\Users\DAB\mysite\backend\build_new\crow-prefix\src\crow-build\examples\ex
ample_blueprint.vcxproj] [C:\Users\DAB\mysite\backend\build_new\crow.vcxproj]
  C:\Users\DAB\mysite\backend\build_new\crow-prefix\src\crow\include\crow/http_serve
  r.h(65,74): message : пропущено восстановление ошибки: "(" [C:\Users\DAB\mysite\ba
  ckend\build_new\crow-prefix\src\crow-build\examples\example_blueprint.vcxproj]
C:\Users\DAB\mysite\backend\build_new\crow-prefix\src\crow\include\crow/http_server.
h(65,75): error C2760: синтаксическая ошибка: непредвиденный элемент ")". Ожидается
";" [C:\Users\DAB\mysite\backend\build_new\crow-prefix\src\crow-build\examples\examp
le_blueprint.vcxproj] [C:\Users\DAB\mysite\backend\build_new\crow.vcxproj]
C:\Users\DAB\mysite\backend\build_new\crow-prefix\src\crow\include\crow/http_server.
h(65,75): error C3878: синтаксическая ошибка: непредвиденный маркер ")" после "expre
ssion_statement" [C:\Users\DAB\mysite\backend\build_new\crow-prefix\src\crow-build\e
xamples\example_blueprint.vcxproj] [C:\Users\DAB\mysite\backend\build_new\crow.vcxpr
oj]
  C:\Users\DAB\mysite\backend\build_new\crow-prefix\src\crow\include\crow/http_serve
  r.h(65,75): message : пропущено восстановление ошибки: ") )" [C:\Users\DAB\mysite\
  backend\build_new\crow-prefix\src\crow-build\examples\example_blueprint.vcxproj]
C:\Users\DAB\mysite\backend\build_new\crow-prefix\src\crow\include\crow/http_server.
h(156,19): error C2065: io_service_: необъявленный идентификатор [C:\Users\DAB\mysit
e\backend\build_new\crow-prefix\src\crow-build\examples\example_blueprint.vcxproj] [
C:\Users\DAB\mysite\backend\build_new\crow.vcxproj]
C:\Users\DAB\mysite\backend\build_new\crow-prefix\src\crow\include\crow/http_server.
h(164,13): error C3861: io_service_: идентификатор не найден [C:\Users\DAB\mysite\ba
ckend\build_new\crow-prefix\src\crow-build\examples\example_blueprint.vcxproj] [C:\U
sers\DAB\mysite\backend\build_new\crow.vcxproj]
C:\Users\DAB\mysite\backend\build_new\crow-prefix\src\crow\include\crow/http_server.
h(164,13): error C2065: io_service_: необъявленный идентификатор [C:\Users\DAB\mysit
e\backend\build_new\crow-prefix\src\crow-build\examples\example_blueprint.vcxproj] [
C:\Users\DAB\mysite\backend\build_new\crow.vcxproj]
C:\Users\DAB\mysite\backend\build_new\crow-prefix\src\crow\include\crow/http_server.
h(197,19): error C2039: "io_service": не является членом "boost::asio". [C:\Users\DA
B\mysite\backend\build_new\crow-prefix\src\crow-build\examples\example_blueprint.vcx
proj] [C:\Users\DAB\mysite\backend\build_new\crow.vcxproj]
  C:\Users\DAB\Desktop\vcpkg\installed\x64-windows\include\boost/asio/impl/write_at.
  hpp(35,11): message : см. объявление "boost::asio" [C:\Users\DAB\mysite\backend\bu
  ild_new\crow-prefix\src\crow-build\examples\example_blueprint.vcxproj]
C:\Users\DAB\mysite\backend\build_new\crow-prefix\src\crow\include\crow/http_server.
h(197,31): error C3861: is: идентификатор не найден [C:\Users\DAB\mysite\backend\bui
ld_new\crow-prefix\src\crow-build\examples\example_blueprint.vcxproj] [C:\Users\DAB\
mysite\backend\build_new\crow.vcxproj]
C:\Users\DAB\mysite\backend\build_new\crow-prefix\src\crow\include\crow/http_server.
h(199,32): error C2065: is: необъявленный идентификатор [C:\Users\DAB\mysite\backend
\build_new\crow-prefix\src\crow-build\examples\example_blueprint.vcxproj] [C:\Users\
DAB\mysite\backend\build_new\crow.vcxproj]
C:\Users\DAB\mysite\backend\build_new\crow-prefix\src\crow\include\crow/http_server.
h(199,32): error C3861: is: идентификатор не найден [C:\Users\DAB\mysite\backend\bui
ld_new\crow-prefix\src\crow-build\examples\example_blueprint.vcxproj] [C:\Users\DAB\
mysite\backend\build_new\crow.vcxproj]
C:\Users\DAB\mysite\backend\build_new\crow-prefix\src\crow\include\crow/http_server.
h(202,15): error C3861: is: идентификатор не найден [C:\Users\DAB\mysite\backend\bui
ld_new\crow-prefix\src\crow-build\examples\example_blueprint.vcxproj] [C:\Users\DAB\
mysite\backend\build_new\crow.vcxproj]
C:\Users\DAB\mysite\backend\build_new\crow-prefix\src\crow\include\crow/http_server.
h(207,26): error C3861: is: идентификатор не найден [C:\Users\DAB\mysite\backend\bui
ld_new\crow-prefix\src\crow-build\examples\example_blueprint.vcxproj] [C:\Users\DAB\
mysite\backend\build_new\crow.vcxproj]
C:\Users\DAB\mysite\backend\build_new\crow-prefix\src\crow\include\crow/http_server.
h(210,23): error C3861: is: идентификатор не найден [C:\Users\DAB\mysite\backend\bui
ld_new\crow-prefix\src\crow-build\examples\example_blueprint.vcxproj] [C:\Users\DAB\
mysite\backend\build_new\crow.vcxproj]
C:\Users\DAB\mysite\backend\build_new\crow-prefix\src\crow\include\crow/http_server.
h(218,42): error C2065: is: необъявленный идентификатор [C:\Users\DAB\mysite\backend
\build_new\crow-prefix\src\crow-build\examples\example_blueprint.vcxproj] [C:\Users\
DAB\mysite\backend\build_new\crow.vcxproj]
C:\Users\DAB\mysite\backend\build_new\crow-prefix\src\crow\include\crow/http_server.
h(218,42): error C3861: is: идентификатор не найден [C:\Users\DAB\mysite\backend\bui
ld_new\crow-prefix\src\crow-build\examples\example_blueprint.vcxproj] [C:\Users\DAB\
mysite\backend\build_new\crow.vcxproj]
C:\Users\DAB\mysite\backend\build_new\crow-prefix\src\crow\include\crow/http_server.
h(197,31): error C2065: is: необъявленный идентификатор [C:\Users\DAB\mysite\backend
\build_new\crow-prefix\src\crow-build\examples\example_blueprint.vcxproj] [C:\Users\
DAB\mysite\backend\build_new\crow.vcxproj]
C:\Users\DAB\mysite\backend\build_new\crow-prefix\src\crow\include\crow/http_server.
h(202,15): error C2065: is: необъявленный идентификатор [C:\Users\DAB\mysite\backend
\build_new\crow-prefix\src\crow-build\examples\example_blueprint.vcxproj] [C:\Users\
DAB\mysite\backend\build_new\crow.vcxproj]
C:\Users\DAB\mysite\backend\build_new\crow-prefix\src\crow\include\crow/http_server.
h(210,23): error C2065: is: необъявленный идентификатор [C:\Users\DAB\mysite\backend
\build_new\crow-prefix\src\crow-build\examples\example_blueprint.vcxproj] [C:\Users\
DAB\mysite\backend\build_new\crow.vcxproj]
    Building Custom Rule C:/Users/DAB/mysite/backend/build_new/crow-prefix/src/crow/
  examples/CMakeLists.txt
    example_catchall.cpp
C:\Users\DAB\mysite\backend\build_new\crow-prefix\src\crow\include\crow/query_string
.h(117,20): warning C4267: =: преобразование из "size_t" в "int"; возможна потеря да
нных [C:\Users\DAB\mysite\backend\build_new\crow-prefix\src\crow-build\examples\exam
ple_catchall.vcxproj] [C:\Users\DAB\mysite\backend\build_new\crow.vcxproj]
C:\Users\DAB\mysite\backend\build_new\crow-prefix\src\crow\include\crow/query_string
.h(370,92): warning C4267: аргумент: преобразование из "size_t" в "int"; возможна по
теря данных [C:\Users\DAB\mysite\backend\build_new\crow-prefix\src\crow-build\exampl
es\example_catchall.vcxproj] [C:\Users\DAB\mysite\backend\build_new\crow.vcxproj]
C:\Users\DAB\mysite\backend\build_new\crow-prefix\src\crow\include\crow/query_string
.h(406,94): warning C4267: аргумент: преобразование из "size_t" в "int"; возможна по
теря данных [C:\Users\DAB\mysite\backend\build_new\crow-prefix\src\crow-build\exampl
es\example_catchall.vcxproj] [C:\Users\DAB\mysite\backend\build_new\crow.vcxproj]
C:\Users\DAB\mysite\backend\build_new\crow-prefix\src\crow\include\crow/query_string
.h(445,112): warning C4267: аргумент: преобразование из "size_t" в "int"; возможна п
отеря данных [C:\Users\DAB\mysite\backend\build_new\crow-prefix\src\crow-build\examp
les\example_catchall.vcxproj] [C:\Users\DAB\mysite\backend\build_new\crow.vcxproj]
C:\Users\DAB\mysite\backend\build_new\crow-prefix\src\crow\include\crow/utility.h(67
2,39): warning C4267: инициализация: преобразование из "size_t" в "unsigned int"; во
зможна потеря данных [C:\Users\DAB\mysite\backend\build_new\crow-prefix\src\crow-bui
ld\examples\example_catchall.vcxproj] [C:\Users\DAB\mysite\backend\build_new\crow.vc
xproj]
C:\Users\DAB\mysite\backend\build_new\crow-prefix\src\crow\include\crow/http_parser_
merged.h(589,32): warning C4244: =: преобразование "__int64" в "unsigned long", возм
ожна потеря данных [C:\Users\DAB\mysite\backend\build_new\crow-prefix\src\crow-build
\examples\example_catchall.vcxproj] [C:\Users\DAB\mysite\backend\build_new\crow.vcxp
roj]
C:\Users\DAB\mysite\backend\build_new\crow-prefix\src\crow\include\crow/http_parser_
merged.h(609,32): warning C4244: =: преобразование "__int64" в "unsigned long", возм
ожна потеря данных [C:\Users\DAB\mysite\backend\build_new\crow-prefix\src\crow-build
\examples\example_catchall.vcxproj] [C:\Users\DAB\mysite\backend\build_new\crow.vcxp
roj]
    Please define _WIN32_WINNT or _WIN32_WINDOWS appropriately. For example:
    - add -D_WIN32_WINNT=0x0601 to the compiler command line; or
    - add _WIN32_WINNT=0x0601 to your project's Preprocessor Definitions.
    Assuming _WIN32_WINNT=0x0601 (i.e. Windows 7 target).
C:\Users\DAB\mysite\backend\build_new\crow-prefix\src\crow\include\crow/socket_adapt
ors.h(21,36): error C2039: "io_service": не является членом "boost::asio". [C:\Users
\DAB\mysite\backend\build_new\crow-prefix\src\crow-build\examples\example_catchall.v
cxproj] [C:\Users\DAB\mysite\backend\build_new\crow.vcxproj]
  C:\Users\DAB\Desktop\vcpkg\installed\x64-windows\include\boost/asio/impl/write_at.
  hpp(35,11): message : см. объявление "boost::asio" [C:\Users\DAB\mysite\backend\bu
  ild_new\crow-prefix\src\crow-build\examples\example_catchall.vcxproj]
C:\Users\DAB\mysite\backend\build_new\crow-prefix\src\crow\include\crow/socket_adapt
ors.h(21,36): error C2061: синтаксическая ошибка: идентификатор "io_service" [C:\Use
rs\DAB\mysite\backend\build_new\crow-prefix\src\crow-build\examples\example_catchall
.vcxproj] [C:\Users\DAB\mysite\backend\build_new\crow.vcxproj]
C:\Users\DAB\mysite\backend\build_new\crow-prefix\src\crow\include\crow/socket_adapt
ors.h(25,22): error C2039: "io_service": не является членом "boost::asio". [C:\Users
\DAB\mysite\backend\build_new\crow-prefix\src\crow-build\examples\example_catchall.v
cxproj] [C:\Users\DAB\mysite\backend\build_new\crow.vcxproj]
  C:\Users\DAB\Desktop\vcpkg\installed\x64-windows\include\boost/asio/impl/write_at.
  hpp(35,11): message : см. объявление "boost::asio" [C:\Users\DAB\mysite\backend\bu
  ild_new\crow-prefix\src\crow-build\examples\example_catchall.vcxproj]
C:\Users\DAB\mysite\backend\build_new\crow-prefix\src\crow\include\crow/socket_adapt
ors.h(25,32): error C2143: синтаксическая ошибка: отсутствие ";" перед "&" [C:\Users
\DAB\mysite\backend\build_new\crow-prefix\src\crow-build\examples\example_catchall.v
cxproj] [C:\Users\DAB\mysite\backend\build_new\crow.vcxproj]
C:\Users\DAB\mysite\backend\build_new\crow-prefix\src\crow\include\crow/socket_adapt
ors.h(25,32): error C4430: отсутствует спецификатор типа - предполагается int. Приме
чание. C++ не поддерживает int по умолчанию [C:\Users\DAB\mysite\backend\build_new\c
row-prefix\src\crow-build\examples\example_catchall.vcxproj] [C:\Users\DAB\mysite\ba
ckend\build_new\crow.vcxproj]
C:\Users\DAB\mysite\backend\build_new\crow-prefix\src\crow\include\crow/socket_adapt
ors.h(26,9): error C2334: непредвиденные лексемы перед "{"; пропуск вероятного тела
функции [C:\Users\DAB\mysite\backend\build_new\crow-prefix\src\crow-build\examples\e
xample_catchall.vcxproj] [C:\Users\DAB\mysite\backend\build_new\crow.vcxproj]
C:\Users\DAB\mysite\backend\build_new\crow-prefix\src\crow\include\crow/socket_adapt
ors.h(22,19): error C2065: io_service: необъявленный идентификатор [C:\Users\DAB\mys
ite\backend\build_new\crow-prefix\src\crow-build\examples\example_catchall.vcxproj]
[C:\Users\DAB\mysite\backend\build_new\crow.vcxproj]
C:\Users\DAB\mysite\backend\build_new\crow-prefix\src\crow\include\crow/json.h(63,42
): warning C4244: аргумент: преобразование "int" в "_Elem", возможна потеря данных [
C:\Users\DAB\mysite\backend\build_new\crow-prefix\src\crow-build\examples\example_ca
tchall.vcxproj] [C:\Users\DAB\mysite\backend\build_new\crow.vcxproj]
            with
            [
                _Elem=char
            ]
C:\Users\DAB\mysite\backend\build_new\crow-prefix\src\crow\include\crow/json.h(64,42
): warning C4244: аргумент: преобразование "int" в "_Elem", возможна потеря данных [
C:\Users\DAB\mysite\backend\build_new\crow-prefix\src\crow-build\examples\example_ca
tchall.vcxproj] [C:\Users\DAB\mysite\backend\build_new\crow.vcxproj]
            with
            [
                _Elem=char
            ]
C:\Users\DAB\mysite\backend\build_new\crow-prefix\src\crow\include\crow/json.h(461,5
6): warning C4244: =: преобразование "unsigned int" в "char", возможна потеря данных
 [C:\Users\DAB\mysite\backend\build_new\crow-prefix\src\crow-build\examples\example_
catchall.vcxproj] [C:\Users\DAB\mysite\backend\build_new\crow.vcxproj]
C:\Users\DAB\mysite\backend\build_new\crow-prefix\src\crow\include\crow/json.h(467,5
6): warning C4244: =: преобразование "unsigned int" в "char", возможна потеря данных
 [C:\Users\DAB\mysite\backend\build_new\crow-prefix\src\crow-build\examples\example_
catchall.vcxproj] [C:\Users\DAB\mysite\backend\build_new\crow.vcxproj]
C:\Users\DAB\mysite\backend\build_new\crow-prefix\src\crow\include\crow/json.h(472,5
1): warning C4244: =: преобразование "unsigned int" в "char", возможна потеря данных
 [C:\Users\DAB\mysite\backend\build_new\crow-prefix\src\crow-build\examples\example_
catchall.vcxproj] [C:\Users\DAB\mysite\backend\build_new\crow.vcxproj]
C:\Users\DAB\mysite\backend\build_new\crow-prefix\src\crow\include\crow/json.h(681,4
1): warning C4244: =: преобразование "uint32_t" в "uint16_t", возможна потеря данных
 [C:\Users\DAB\mysite\backend\build_new\crow-prefix\src\crow-build\examples\example_
catchall.vcxproj] [C:\Users\DAB\mysite\backend\build_new\crow.vcxproj]
C:\Users\DAB\mysite\backend\build_new\crow-prefix\src\crow\include\crow/json.h(1211,
35): warning C4267: аргумент: преобразование из "size_t" в "uint32_t"; возможна поте
ря данных [C:\Users\DAB\mysite\backend\build_new\crow-prefix\src\crow-build\examples
\example_catchall.vcxproj] [C:\Users\DAB\mysite\backend\build_new\crow.vcxproj]
C:\Users\DAB\mysite\backend\build_new\crow-prefix\src\crow\include\crow/json.h(1671,
32): warning C4267: return: преобразование из "size_t" в "int"; возможна потеря данн
ых [C:\Users\DAB\mysite\backend\build_new\crow-prefix\src\crow-build\examples\exampl
e_catchall.vcxproj] [C:\Users\DAB\mysite\backend\build_new\crow.vcxproj]
C:\Users\DAB\mysite\backend\build_new\crow-prefix\src\crow\include\crow/json.h(1792,
52): warning C4458: объявление "o" скрывает член класса [C:\Users\DAB\mysite\backend
\build_new\crow-prefix\src\crow-build\examples\example_catchall.vcxproj] [C:\Users\D
AB\mysite\backend\build_new\crow.vcxproj]
  C:\Users\DAB\mysite\backend\build_new\crow-prefix\src\crow\include\crow/json.h(127
  0,37): message : см. объявление "crow::json::wvalue::o" [C:\Users\DAB\mysite\backe
  nd\build_new\crow-prefix\src\crow-build\examples\example_catchall.vcxproj]
C:\Users\DAB\mysite\backend\build_new\crow-prefix\src\crow\include\crow/mustache.h(9
7,33): warning C4267: инициализация: преобразование из "size_t" в "int"; возможна по
теря данных [C:\Users\DAB\mysite\backend\build_new\crow-prefix\src\crow-build\exampl
es\example_catchall.vcxproj] [C:\Users\DAB\mysite\backend\build_new\crow.vcxproj]
C:\Users\DAB\mysite\backend\build_new\crow-prefix\src\crow\include\crow/mustache.h(1
16,48): warning C4267: =: преобразование из "size_t" в "int"; возможна потеря данных
 [C:\Users\DAB\mysite\backend\build_new\crow-prefix\src\crow-build\examples\example_
catchall.vcxproj] [C:\Users\DAB\mysite\backend\build_new\crow.vcxproj]
C:\Users\DAB\mysite\backend\build_new\crow-prefix\src\crow\include\crow/mustache.h(1
18,53): warning C4267: аргумент: преобразование из "size_t" в "_Ty"; возможна потеря
 данных [C:\Users\DAB\mysite\backend\build_new\crow-prefix\src\crow-build\examples\e
xample_catchall.vcxproj] [C:\Users\DAB\mysite\backend\build_new\crow.vcxproj]
            with
            [
                _Ty=int
            ]
C:\Users\DAB\mysite\backend\build_new\crow-prefix\src\crow\include\crow/mustache.h(2
21,94): warning C4267: аргумент: преобразование из "size_t" в "int"; возможна потеря
 данных [C:\Users\DAB\mysite\backend\build_new\crow-prefix\src\crow-build\examples\e
xample_catchall.vcxproj] [C:\Users\DAB\mysite\backend\build_new\crow.vcxproj]
C:\Users\DAB\mysite\backend\build_new\crow-prefix\src\crow\include\crow/mustache.h(3
67,54): warning C4267: аргумент: преобразование из "size_t" в "int"; возможна потеря
 данных [C:\Users\DAB\mysite\backend\build_new\crow-prefix\src\crow-build\examples\e
xample_catchall.vcxproj] [C:\Users\DAB\mysite\backend\build_new\crow.vcxproj]
C:\Users\DAB\mysite\backend\build_new\crow-prefix\src\crow\include\crow/mustache.h(3
78,54): warning C4267: аргумент: преобразование из "size_t" в "int"; возможна потеря
 данных [C:\Users\DAB\mysite\backend\build_new\crow-prefix\src\crow-build\examples\e
xample_catchall.vcxproj] [C:\Users\DAB\mysite\backend\build_new\crow.vcxproj]
C:\Users\DAB\mysite\backend\build_new\crow-prefix\src\crow\include\crow/mustache.h(3
90,54): warning C4267: аргумент: преобразование из "size_t" в "int"; возможна потеря
 данных [C:\Users\DAB\mysite\backend\build_new\crow-prefix\src\crow-build\examples\e
xample_catchall.vcxproj] [C:\Users\DAB\mysite\backend\build_new\crow.vcxproj]
C:\Users\DAB\mysite\backend\build_new\crow-prefix\src\crow\include\crow/mustache.h(4
01,54): warning C4267: аргумент: преобразование из "size_t" в "int"; возможна потеря
 данных [C:\Users\DAB\mysite\backend\build_new\crow-prefix\src\crow-build\examples\e
xample_catchall.vcxproj] [C:\Users\DAB\mysite\backend\build_new\crow.vcxproj]
C:\Users\DAB\mysite\backend\build_new\crow-prefix\src\crow\include\crow/mustache.h(4
63,60): warning C4267: =: преобразование из "size_t" в "int"; возможна потеря данных
 [C:\Users\DAB\mysite\backend\build_new\crow-prefix\src\crow-build\examples\example_
catchall.vcxproj] [C:\Users\DAB\mysite\backend\build_new\crow.vcxproj]
C:\Users\DAB\mysite\backend\build_new\crow-prefix\src\crow\include\crow/mustache.h(5
63,28): warning C4267: инициализация: преобразование из "size_t" в "int"; возможна п
отеря данных [C:\Users\DAB\mysite\backend\build_new\crow-prefix\src\crow-build\examp
les\example_catchall.vcxproj] [C:\Users\DAB\mysite\backend\build_new\crow.vcxproj]
C:\Users\DAB\mysite\backend\build_new\crow-prefix\src\crow\include\crow/task_timer.h
(28,37): error C2039: "io_service": не является членом "boost::asio". [C:\Users\DAB\
mysite\backend\build_new\crow-prefix\src\crow-build\examples\example_catchall.vcxpro
j] [C:\Users\DAB\mysite\backend\build_new\crow.vcxproj]
  C:\Users\DAB\Desktop\vcpkg\installed\x64-windows\include\boost/asio/impl/write_at.
  hpp(35,11): message : см. объявление "boost::asio" [C:\Users\DAB\mysite\backend\bu
  ild_new\crow-prefix\src\crow-build\examples\example_catchall.vcxproj]
C:\Users\DAB\mysite\backend\build_new\crow-prefix\src\crow\include\crow/task_timer.h
(28,37): error C2061: синтаксическая ошибка: идентификатор "io_service" [C:\Users\DA
B\mysite\backend\build_new\crow-prefix\src\crow-build\examples\example_catchall.vcxp
roj] [C:\Users\DAB\mysite\backend\build_new\crow.vcxproj]
C:\Users\DAB\mysite\backend\build_new\crow-prefix\src\crow\include\crow/task_timer.h
(123,26): error C2039: "io_service": не является членом "boost::asio". [C:\Users\DAB
\mysite\backend\build_new\crow-prefix\src\crow-build\examples\example_catchall.vcxpr
oj] [C:\Users\DAB\mysite\backend\build_new\crow.vcxproj]
  C:\Users\DAB\Desktop\vcpkg\installed\x64-windows\include\boost/asio/impl/write_at.
  hpp(35,11): message : см. объявление "boost::asio" [C:\Users\DAB\mysite\backend\bu
  ild_new\crow-prefix\src\crow-build\examples\example_catchall.vcxproj]
C:\Users\DAB\mysite\backend\build_new\crow-prefix\src\crow\include\crow/task_timer.h
(123,36): error C2143: синтаксическая ошибка: отсутствие ";" перед "&" [C:\Users\DAB
\mysite\backend\build_new\crow-prefix\src\crow-build\examples\example_catchall.vcxpr
oj] [C:\Users\DAB\mysite\backend\build_new\crow.vcxproj]
C:\Users\DAB\mysite\backend\build_new\crow-prefix\src\crow\include\crow/task_timer.h
(123,36): error C4430: отсутствует спецификатор типа - предполагается int. Примечани
е. C++ не поддерживает int по умолчанию [C:\Users\DAB\mysite\backend\build_new\crow-
prefix\src\crow-build\examples\example_catchall.vcxproj] [C:\Users\DAB\mysite\backen
d\build_new\crow.vcxproj]
C:\Users\DAB\mysite\backend\build_new\crow-prefix\src\crow\include\crow/task_timer.h
(123,49): error C2238: непредвиденные лексемы перед ";" [C:\Users\DAB\mysite\backend
\build_new\crow-prefix\src\crow-build\examples\example_catchall.vcxproj] [C:\Users\D
AB\mysite\backend\build_new\crow.vcxproj]
C:\Users\DAB\mysite\backend\build_new\crow-prefix\src\crow\include\crow/task_timer.h
(29,27): error C2065: io_service: необъявленный идентификатор [C:\Users\DAB\mysite\b
ackend\build_new\crow-prefix\src\crow-build\examples\example_catchall.vcxproj] [C:\U
sers\DAB\mysite\backend\build_new\crow.vcxproj]
C:\Users\DAB\mysite\backend\build_new\crow-prefix\src\crow\include\crow/task_timer.h
(29,56): error C2065: io_service_: необъявленный идентификатор [C:\Users\DAB\mysite\
backend\build_new\crow-prefix\src\crow-build\examples\example_catchall.vcxproj] [C:\
Users\DAB\mysite\backend\build_new\crow.vcxproj]
C:\Users\DAB\mysite\backend\build_new\crow-prefix\src\crow\include\crow/task_timer.h
(29,15): error C2614: crow::detail::task_timer: недопустимая инициализация члена: "i
o_service_" не является базовым классом или членом [C:\Users\DAB\mysite\backend\buil
d_new\crow-prefix\src\crow-build\examples\example_catchall.vcxproj] [C:\Users\DAB\my
site\backend\build_new\crow.vcxproj]
C:\Users\DAB\mysite\backend\build_new\crow-prefix\src\crow\include\crow/http_request
.h(38,22): error C2039: "io_service": не является членом "boost::asio". [C:\Users\DA
B\mysite\backend\build_new\crow-prefix\src\crow-build\examples\example_catchall.vcxp
roj] [C:\Users\DAB\mysite\backend\build_new\crow.vcxproj]
  C:\Users\DAB\Desktop\vcpkg\installed\x64-windows\include\boost/asio/impl/write_at.
  hpp(35,11): message : см. объявление "boost::asio" [C:\Users\DAB\mysite\backend\bu
  ild_new\crow-prefix\src\crow-build\examples\example_catchall.vcxproj]
C:\Users\DAB\mysite\backend\build_new\crow-prefix\src\crow\include\crow/http_request
.h(38,32): error C2143: синтаксическая ошибка: отсутствие ";" перед "*" [C:\Users\DA
B\mysite\backend\build_new\crow-prefix\src\crow-build\examples\example_catchall.vcxp
roj] [C:\Users\DAB\mysite\backend\build_new\crow.vcxproj]
C:\Users\DAB\mysite\backend\build_new\crow-prefix\src\crow\include\crow/http_request
.h(38,32): error C4430: отсутствует спецификатор типа - предполагается int. Примечан
ие. C++ не поддерживает int по умолчанию [C:\Users\DAB\mysite\backend\build_new\crow
-prefix\src\crow-build\examples\example_catchall.vcxproj] [C:\Users\DAB\mysite\backe
nd\build_new\crow.vcxproj]
C:\Users\DAB\mysite\backend\build_new\crow-prefix\src\crow\include\crow/http_request
.h(38,44): error C2334: непредвиденные лексемы перед "{"; пропуск вероятного тела фу
нкции [C:\Users\DAB\mysite\backend\build_new\crow-prefix\src\crow-build\examples\exa
mple_catchall.vcxproj] [C:\Users\DAB\mysite\backend\build_new\crow.vcxproj]
C:\Users\DAB\mysite\backend\build_new\crow-prefix\src\crow\include\crow/http_request
.h(69,13): error C3861: io_service: идентификатор не найден [C:\Users\DAB\mysite\bac
kend\build_new\crow-prefix\src\crow-build\examples\example_catchall.vcxproj] [C:\Use
rs\DAB\mysite\backend\build_new\crow.vcxproj]
  C:\Users\DAB\mysite\backend\build_new\crow-prefix\src\crow\include\crow/http_reque
  st.h(67,14): message : Сообщение диагностики возникло в созданной компилятором фун
  кции "void crow::request::post(CompletionHandler)" [C:\Users\DAB\mysite\backend\bu
  ild_new\crow-prefix\src\crow-build\examples\example_catchall.vcxproj]
C:\Users\DAB\mysite\backend\build_new\crow-prefix\src\crow\include\crow/http_request
.h(69,13): error C2065: io_service: необъявленный идентификатор [C:\Users\DAB\mysite
\backend\build_new\crow-prefix\src\crow-build\examples\example_catchall.vcxproj] [C:
\Users\DAB\mysite\backend\build_new\crow.vcxproj]
  C:\Users\DAB\mysite\backend\build_new\crow-prefix\src\crow\include\crow/http_reque
  st.h(67,14): message : Сообщение диагностики возникло в созданной компилятором фун
  кции "void crow::request::post(CompletionHandler)" [C:\Users\DAB\mysite\backend\bu
  ild_new\crow-prefix\src\crow-build\examples\example_catchall.vcxproj]
C:\Users\DAB\mysite\backend\build_new\crow-prefix\src\crow\include\crow/http_request
.h(76,13): error C3861: io_service: идентификатор не найден [C:\Users\DAB\mysite\bac
kend\build_new\crow-prefix\src\crow-build\examples\example_catchall.vcxproj] [C:\Use
rs\DAB\mysite\backend\build_new\crow.vcxproj]
  C:\Users\DAB\mysite\backend\build_new\crow-prefix\src\crow\include\crow/http_reque
  st.h(74,14): message : Сообщение диагностики возникло в созданной компилятором фун
  кции "void crow::request::dispatch(CompletionHandler)" [C:\Users\DAB\mysite\backen
  d\build_new\crow-prefix\src\crow-build\examples\example_catchall.vcxproj]
C:\Users\DAB\mysite\backend\build_new\crow-prefix\src\crow\include\crow/http_request
.h(76,13): error C2065: io_service: необъявленный идентификатор [C:\Users\DAB\mysite
\backend\build_new\crow-prefix\src\crow-build\examples\example_catchall.vcxproj] [C:
\Users\DAB\mysite\backend\build_new\crow.vcxproj]
  C:\Users\DAB\mysite\backend\build_new\crow-prefix\src\crow\include\crow/http_reque
  st.h(74,14): message : Сообщение диагностики возникло в созданной компилятором фун
  кции "void crow::request::dispatch(CompletionHandler)" [C:\Users\DAB\mysite\backen
  d\build_new\crow-prefix\src\crow-build\examples\example_catchall.vcxproj]
C:\Users\DAB\mysite\backend\build_new\crow-prefix\src\crow\include\crow/multipart.h(
167,84): warning C4458: объявление "part_map" скрывает член класса [C:\Users\DAB\mys
ite\backend\build_new\crow-prefix\src\crow-build\examples\example_catchall.vcxproj]
[C:\Users\DAB\mysite\backend\build_new\crow.vcxproj]
  C:\Users\DAB\mysite\backend\build_new\crow-prefix\src\crow\include\crow/multipart.
  h(79,20): message : см. объявление "crow::multipart::message::part_map" [C:\Users\
  DAB\mysite\backend\build_new\crow-prefix\src\crow-build\examples\example_catchall.
  vcxproj]
C:\Users\DAB\mysite\backend\build_new\crow-prefix\src\crow\include\crow/multipart.h(
218,32): warning C4456: объявление "found" скрывает предыдущее локальное объявление
[C:\Users\DAB\mysite\backend\build_new\crow-prefix\src\crow-build\examples\example_c
atchall.vcxproj] [C:\Users\DAB\mysite\backend\build_new\crow.vcxproj]
  C:\Users\DAB\mysite\backend\build_new\crow-prefix\src\crow\include\crow/multipart.
  h(211,28): message : см. объявление "found" [C:\Users\DAB\mysite\backend\build_new
  \crow-prefix\src\crow-build\examples\example_catchall.vcxproj]
C:\Users\DAB\mysite\backend\build_new\crow-prefix\src\crow\include\crow/multipart.h(
234,32): warning C4456: объявление "found" скрывает предыдущее локальное объявление
[C:\Users\DAB\mysite\backend\build_new\crow-prefix\src\crow-build\examples\example_c
atchall.vcxproj] [C:\Users\DAB\mysite\backend\build_new\crow.vcxproj]
  C:\Users\DAB\mysite\backend\build_new\crow-prefix\src\crow\include\crow/multipart.
  h(211,28): message : см. объявление "found" [C:\Users\DAB\mysite\backend\build_new
  \crow-prefix\src\crow-build\examples\example_catchall.vcxproj]
C:\Users\DAB\mysite\backend\build_new\crow-prefix\src\crow\include\crow/routing.h(80
0,70): warning C4244: аргумент: преобразование "__int64" в "unsigned int", возможна
потеря данных [C:\Users\DAB\mysite\backend\build_new\crow-prefix\src\crow-build\exam
ples\example_catchall.vcxproj] [C:\Users\DAB\mysite\backend\build_new\crow.vcxproj]
C:\Users\DAB\mysite\backend\build_new\crow-prefix\src\crow\include\crow/routing.h(82
1,70): warning C4244: аргумент: преобразование "__int64" в "unsigned int", возможна
потеря данных [C:\Users\DAB\mysite\backend\build_new\crow-prefix\src\crow-build\exam
ples\example_catchall.vcxproj] [C:\Users\DAB\mysite\backend\build_new\crow.vcxproj]
C:\Users\DAB\mysite\backend\build_new\crow-prefix\src\crow\include\crow/routing.h(84
2,70): warning C4244: аргумент: преобразование "__int64" в "unsigned int", возможна
потеря данных [C:\Users\DAB\mysite\backend\build_new\crow-prefix\src\crow-build\exam
ples\example_catchall.vcxproj] [C:\Users\DAB\mysite\backend\build_new\crow.vcxproj]
C:\Users\DAB\mysite\backend\build_new\crow-prefix\src\crow\include\crow/routing.h(86
4,61): warning C4267: аргумент: преобразование из "size_t" в "unsigned int"; возможн
а потеря данных [C:\Users\DAB\mysite\backend\build_new\crow-prefix\src\crow-build\ex
amples\example_catchall.vcxproj] [C:\Users\DAB\mysite\backend\build_new\crow.vcxproj
]
C:\Users\DAB\mysite\backend\build_new\crow-prefix\src\crow\include\crow/routing.h(88
0,61): warning C4267: аргумент: преобразование из "size_t" в "unsigned int"; возможн
а потеря данных [C:\Users\DAB\mysite\backend\build_new\crow-prefix\src\crow-build\ex
amples\example_catchall.vcxproj] [C:\Users\DAB\mysite\backend\build_new\crow.vcxproj
]
C:\Users\DAB\mysite\backend\build_new\crow-prefix\src\crow\include\crow/routing.h(89
5,61): warning C4267: аргумент: преобразование из "size_t" в "unsigned int"; возможн
а потеря данных [C:\Users\DAB\mysite\backend\build_new\crow-prefix\src\crow-build\ex
amples\example_catchall.vcxproj] [C:\Users\DAB\mysite\backend\build_new\crow.vcxproj
]
C:\Users\DAB\mysite\backend\build_new\crow-prefix\src\crow\include\crow/routing.h(94
5,53): warning C4267: +=: преобразование из "size_t" в "unsigned int"; возможна поте
ря данных [C:\Users\DAB\mysite\backend\build_new\crow-prefix\src\crow-build\examples
\example_catchall.vcxproj] [C:\Users\DAB\mysite\backend\build_new\crow.vcxproj]
C:\Users\DAB\mysite\backend\build_new\crow-prefix\src\crow\include\crow/routing.h(95
6,45): warning C4267: +=: преобразование из "size_t" в "unsigned int"; возможна поте
ря данных [C:\Users\DAB\mysite\backend\build_new\crow-prefix\src\crow-build\examples
\example_catchall.vcxproj] [C:\Users\DAB\mysite\backend\build_new\crow.vcxproj]
C:\Users\DAB\mysite\backend\build_new\crow-prefix\src\crow\include\crow/routing.h(10
02,36): warning C4267: +=: преобразование из "size_t" в "unsigned int"; возможна пот
еря данных [C:\Users\DAB\mysite\backend\build_new\crow-prefix\src\crow-build\example
s\example_catchall.vcxproj] [C:\Users\DAB\mysite\backend\build_new\crow.vcxproj]
C:\Users\DAB\mysite\backend\build_new\crow-prefix\src\crow\include\crow/routing.h(10
05,33): warning C4267: +=: преобразование из "size_t" в "unsigned int"; возможна пот
еря данных [C:\Users\DAB\mysite\backend\build_new\crow-prefix\src\crow-build\example
s\example_catchall.vcxproj] [C:\Users\DAB\mysite\backend\build_new\crow.vcxproj]
C:\Users\DAB\mysite\backend\build_new\crow-prefix\src\crow\include\crow/routing.h(12
04,101): warning C4267: аргумент: преобразование из "size_t" в "unsigned int"; возмо
жна потеря данных [C:\Users\DAB\mysite\backend\build_new\crow-prefix\src\crow-build\
examples\example_catchall.vcxproj] [C:\Users\DAB\mysite\backend\build_new\crow.vcxpr
oj]
C:\Users\DAB\mysite\backend\build_new\crow-prefix\src\crow\include\crow/routing.h(12
04,87): warning C4267: аргумент: преобразование из "size_t" в "uint16_t"; возможна п
отеря данных [C:\Users\DAB\mysite\backend\build_new\crow-prefix\src\crow-build\examp
les\example_catchall.vcxproj] [C:\Users\DAB\mysite\backend\build_new\crow.vcxproj]
C:\Users\DAB\mysite\backend\build_new\crow-prefix\src\crow\include\crow/routing.h(12
10,118): warning C4267: аргумент: преобразование из "size_t" в "unsigned int"; возмо
жна потеря данных [C:\Users\DAB\mysite\backend\build_new\crow-prefix\src\crow-build\
examples\example_catchall.vcxproj] [C:\Users\DAB\mysite\backend\build_new\crow.vcxpr
oj]
C:\Users\DAB\mysite\backend\build_new\crow-prefix\src\crow\include\crow/routing.h(12
58,29): warning C4456: объявление "i" скрывает предыдущее локальное объявление [C:\U
sers\DAB\mysite\backend\build_new\crow-prefix\src\crow-build\examples\example_catcha
ll.vcxproj] [C:\Users\DAB\mysite\backend\build_new\crow.vcxproj]
  C:\Users\DAB\mysite\backend\build_new\crow-prefix\src\crow\include\crow/routing.h(
  1249,27): message : см. объявление "i" [C:\Users\DAB\mysite\backend\build_new\crow
  -prefix\src\crow-build\examples\example_catchall.vcxproj]
C:\Users\DAB\mysite\backend\build_new\crow-prefix\src\crow\include\crow/routing.h(12
59,104): warning C4244: аргумент: преобразование "int" в "uint16_t", возможна потеря
 данных [C:\Users\DAB\mysite\backend\build_new\crow-prefix\src\crow-build\examples\e
xample_catchall.vcxproj] [C:\Users\DAB\mysite\backend\build_new\crow.vcxproj]
C:\Users\DAB\mysite\backend\build_new\crow-prefix\src\crow\include\crow/routing.h(12
59,100): warning C4267: аргумент: преобразование из "size_t" в "unsigned int"; возмо
жна потеря данных [C:\Users\DAB\mysite\backend\build_new\crow-prefix\src\crow-build\
examples\example_catchall.vcxproj] [C:\Users\DAB\mysite\backend\build_new\crow.vcxpr
oj]
C:\Users\DAB\mysite\backend\build_new\crow-prefix\src\crow\include\crow/routing.h(12
70,76): warning C4244: аргумент: преобразование "unsigned int" в "const uint16_t", в
озможна потеря данных [C:\Users\DAB\mysite\backend\build_new\crow-prefix\src\crow-bu
ild\examples\example_catchall.vcxproj] [C:\Users\DAB\mysite\backend\build_new\crow.v
cxproj]
C:\Users\DAB\mysite\backend\build_new\crow-prefix\src\crow\include\crow/routing.h(14
20,24): warning C4267: инициализация: преобразование из "size_t" в "int"; возможна п
отеря данных [C:\Users\DAB\mysite\backend\build_new\crow-prefix\src\crow-build\examp
les\example_catchall.vcxproj] [C:\Users\DAB\mysite\backend\build_new\crow.vcxproj]
C:\Users\DAB\mysite\backend\build_new\crow-prefix\src\crow\include\crow/routing.h(15
11,28): warning C4456: объявление "per_method" скрывает предыдущее локальное объявле
ние [C:\Users\DAB\mysite\backend\build_new\crow-prefix\src\crow-build\examples\examp
le_catchall.vcxproj] [C:\Users\DAB\mysite\backend\build_new\crow.vcxproj]
  C:\Users\DAB\mysite\backend\build_new\crow-prefix\src\crow\include\crow/routing.h(
  1501,19): message : см. объявление "per_method" [C:\Users\DAB\mysite\backend\build
  _new\crow-prefix\src\crow-build\examples\example_catchall.vcxproj]
C:\Users\DAB\mysite\backend\build_new\crow-prefix\src\crow\include\crow/routing.h(15
53,13): warning C4530: Использован обработчик исключений C++, но семантика уничтожен
ия объектов не включена. Задайте параметр /EHsc [C:\Users\DAB\mysite\backend\build_n
ew\crow-prefix\src\crow-build\examples\example_catchall.vcxproj] [C:\Users\DAB\mysit
e\backend\build_new\crow.vcxproj]
C:\Users\DAB\mysite\backend\build_new\crow-prefix\src\crow\include\crow/http_connect
ion.h(40,24): error C2039: "io_service": не является членом "boost::asio". [C:\Users
\DAB\mysite\backend\build_new\crow-prefix\src\crow-build\examples\example_catchall.v
cxproj] [C:\Users\DAB\mysite\backend\build_new\crow.vcxproj]
  C:\Users\DAB\Desktop\vcpkg\installed\x64-windows\include\boost/asio/impl/write_at.
  hpp(35,11): message : см. объявление "boost::asio" [C:\Users\DAB\mysite\backend\bu
  ild_new\crow-prefix\src\crow-build\examples\example_catchall.vcxproj]
  C:\Users\DAB\mysite\backend\build_new\crow-prefix\src\crow\include\crow/http_conne
  ction.h(626,6): message : выполняется компиляция ссылки на экземпляр класс шаблон
  функции "crow::Connection<Adaptor,Handler,Middlewares...>" [C:\Users\DAB\mysite\ba
  ckend\build_new\crow-prefix\src\crow-build\examples\example_catchall.vcxproj]
C:\Users\DAB\mysite\backend\build_new\crow-prefix\src\crow\include\crow/http_connect
ion.h(40,24): error C2061: синтаксическая ошибка: идентификатор "io_service" [C:\Use
rs\DAB\mysite\backend\build_new\crow-prefix\src\crow-build\examples\example_catchall
.vcxproj] [C:\Users\DAB\mysite\backend\build_new\crow.vcxproj]
C:\Users\DAB\mysite\backend\build_new\crow-prefix\src\crow\include\crow/http_connect
ion.h(48,20): error C3861: io_service: идентификатор не найден [C:\Users\DAB\mysite\
backend\build_new\crow-prefix\src\crow-build\examples\example_catchall.vcxproj] [C:\
Users\DAB\mysite\backend\build_new\crow.vcxproj]
C:\Users\DAB\mysite\backend\build_new\crow-prefix\src\crow\include\crow/http_connect
ion.h(48,32): error C3861: adaptor_ctx_: идентификатор не найден [C:\Users\DAB\mysit
e\backend\build_new\crow-prefix\src\crow-build\examples\example_catchall.vcxproj] [C
:\Users\DAB\mysite\backend\build_new\crow.vcxproj]
C:\Users\DAB\mysite\backend\build_new\crow-prefix\src\crow\include\crow/http_connect
ion.h(49,20): error C3861: handler: идентификатор не найден [C:\Users\DAB\mysite\bac
kend\build_new\crow-prefix\src\crow-build\examples\example_catchall.vcxproj] [C:\Use
rs\DAB\mysite\backend\build_new\crow.vcxproj]
C:\Users\DAB\mysite\backend\build_new\crow-prefix\src\crow\include\crow/http_connect
ion.h(51,24): error C3861: server_name: идентификатор не найден [C:\Users\DAB\mysite
\backend\build_new\crow-prefix\src\crow-build\examples\example_catchall.vcxproj] [C:
\Users\DAB\mysite\backend\build_new\crow.vcxproj]
C:\Users\DAB\mysite\backend\build_new\crow-prefix\src\crow\include\crow/http_connect
ion.h(52,24): error C3861: middlewares: идентификатор не найден [C:\Users\DAB\mysite
\backend\build_new\crow-prefix\src\crow-build\examples\example_catchall.vcxproj] [C:
\Users\DAB\mysite\backend\build_new\crow.vcxproj]
C:\Users\DAB\mysite\backend\build_new\crow-prefix\src\crow\include\crow/http_connect
ion.h(53,31): error C3861: get_cached_date_str_f: идентификатор не найден [C:\Users\
DAB\mysite\backend\build_new\crow-prefix\src\crow-build\examples\example_catchall.vc
xproj] [C:\Users\DAB\mysite\backend\build_new\crow.vcxproj]
C:\Users\DAB\mysite\backend\build_new\crow-prefix\src\crow\include\crow/http_connect
ion.h(54,23): error C3861: task_timer: идентификатор не найден [C:\Users\DAB\mysite\
backend\build_new\crow-prefix\src\crow-build\examples\example_catchall.vcxproj] [C:\
Users\DAB\mysite\backend\build_new\crow.vcxproj]
C:\Users\DAB\mysite\backend\build_new\crow-prefix\src\crow\include\crow/http_connect
ion.h(55,33): error C3861: handler: идентификатор не найден [C:\Users\DAB\mysite\bac
kend\build_new\crow-prefix\src\crow-build\examples\example_catchall.vcxproj] [C:\Use
rs\DAB\mysite\backend\build_new\crow.vcxproj]
C:\Users\DAB\mysite\backend\build_new\crow-prefix\src\crow\include\crow/http_connect
ion.h(56,25): error C3861: queue_length: идентификатор не найден [C:\Users\DAB\mysit
e\backend\build_new\crow-prefix\src\crow-build\examples\example_catchall.vcxproj] [C
:\Users\DAB\mysite\backend\build_new\crow.vcxproj]
C:\Users\DAB\mysite\backend\build_new\crow-prefix\src\crow\include\crow/http_connect
ion.h(48,20): error C2065: io_service: необъявленный идентификатор [C:\Users\DAB\mys
ite\backend\build_new\crow-prefix\src\crow-build\examples\example_catchall.vcxproj]
[C:\Users\DAB\mysite\backend\build_new\crow.vcxproj]
C:\Users\DAB\mysite\backend\build_new\crow-prefix\src\crow\include\crow/http_connect
ion.h(48,32): error C2065: adaptor_ctx_: необъявленный идентификатор [C:\Users\DAB\m
ysite\backend\build_new\crow-prefix\src\crow-build\examples\example_catchall.vcxproj
] [C:\Users\DAB\mysite\backend\build_new\crow.vcxproj]
C:\Users\DAB\mysite\backend\build_new\crow-prefix\src\crow\include\crow/http_connect
ion.h(49,20): error C2065: handler: необъявленный идентификатор [C:\Users\DAB\mysite
\backend\build_new\crow-prefix\src\crow-build\examples\example_catchall.vcxproj] [C:
\Users\DAB\mysite\backend\build_new\crow.vcxproj]
C:\Users\DAB\mysite\backend\build_new\crow-prefix\src\crow\include\crow/http_connect
ion.h(51,24): error C2065: server_name: необъявленный идентификатор [C:\Users\DAB\my
site\backend\build_new\crow-prefix\src\crow-build\examples\example_catchall.vcxproj]
 [C:\Users\DAB\mysite\backend\build_new\crow.vcxproj]
C:\Users\DAB\mysite\backend\build_new\crow-prefix\src\crow\include\crow/http_connect
ion.h(52,24): error C2065: middlewares: необъявленный идентификатор [C:\Users\DAB\my
site\backend\build_new\crow-prefix\src\crow-build\examples\example_catchall.vcxproj]
 [C:\Users\DAB\mysite\backend\build_new\crow.vcxproj]
C:\Users\DAB\mysite\backend\build_new\crow-prefix\src\crow\include\crow/http_connect
ion.h(53,31): error C2065: get_cached_date_str_f: необъявленный идентификатор [C:\Us
ers\DAB\mysite\backend\build_new\crow-prefix\src\crow-build\examples\example_catchal
l.vcxproj] [C:\Users\DAB\mysite\backend\build_new\crow.vcxproj]
C:\Users\DAB\mysite\backend\build_new\crow-prefix\src\crow\include\crow/http_connect
ion.h(54,23): error C2065: task_timer: необъявленный идентификатор [C:\Users\DAB\mys
ite\backend\build_new\crow-prefix\src\crow-build\examples\example_catchall.vcxproj]
[C:\Users\DAB\mysite\backend\build_new\crow.vcxproj]
C:\Users\DAB\mysite\backend\build_new\crow-prefix\src\crow\include\crow/http_connect
ion.h(55,33): error C2065: handler: необъявленный идентификатор [C:\Users\DAB\mysite
\backend\build_new\crow-prefix\src\crow-build\examples\example_catchall.vcxproj] [C:
\Users\DAB\mysite\backend\build_new\crow.vcxproj]
C:\Users\DAB\mysite\backend\build_new\crow-prefix\src\crow\include\crow/http_connect
ion.h(56,25): error C2065: queue_length: необъявленный идентификатор [C:\Users\DAB\m
ysite\backend\build_new\crow-prefix\src\crow-build\examples\example_catchall.vcxproj
] [C:\Users\DAB\mysite\backend\build_new\crow.vcxproj]
C:\Users\DAB\mysite\backend\build_new\crow-prefix\src\crow\include\crow/http_server.
h(226,15): error C2039: "io_service": не является членом "boost::asio". [C:\Users\DA
B\mysite\backend\build_new\crow-prefix\src\crow-build\examples\example_catchall.vcxp
roj] [C:\Users\DAB\mysite\backend\build_new\crow.vcxproj]
  C:\Users\DAB\Desktop\vcpkg\installed\x64-windows\include\boost/asio/impl/write_at.
  hpp(35,11): message : см. объявление "boost::asio" [C:\Users\DAB\mysite\backend\bu
  ild_new\crow-prefix\src\crow-build\examples\example_catchall.vcxproj]
  C:\Users\DAB\mysite\backend\build_new\crow-prefix\src\crow\include\crow/http_serve
  r.h(248,6): message : выполняется компиляция ссылки на экземпляр класс шаблон функ
  ции "crow::Server<Handler,Adaptor,Middlewares...>" [C:\Users\DAB\mysite\backend\bu
  ild_new\crow-prefix\src\crow-build\examples\example_catchall.vcxproj]
C:\Users\DAB\mysite\backend\build_new\crow-prefix\src\crow\include\crow/http_server.
h(226,26): error C3646: io_service_: неизвестный спецификатор переопределения [C:\Us
ers\DAB\mysite\backend\build_new\crow-prefix\src\crow-build\examples\example_catchal
l.vcxproj] [C:\Users\DAB\mysite\backend\build_new\crow.vcxproj]
C:\Users\DAB\mysite\backend\build_new\crow-prefix\src\crow\include\crow/http_server.
h(226,1): error C4430: отсутствует спецификатор типа - предполагается int. Примечани
е. C++ не поддерживает int по умолчанию [C:\Users\DAB\mysite\backend\build_new\crow-
prefix\src\crow-build\examples\example_catchall.vcxproj] [C:\Users\DAB\mysite\backen
d\build_new\crow.vcxproj]
C:\Users\DAB\mysite\backend\build_new\crow-prefix\src\crow\include\crow/http_server.
h(227,43): error C2039: "io_service": не является членом "boost::asio". [C:\Users\DA
B\mysite\backend\build_new\crow-prefix\src\crow-build\examples\example_catchall.vcxp
roj] [C:\Users\DAB\mysite\backend\build_new\crow.vcxproj]
  C:\Users\DAB\Desktop\vcpkg\installed\x64-windows\include\boost/asio/impl/write_at.
  hpp(35,11): message : см. объявление "boost::asio" [C:\Users\DAB\mysite\backend\bu
  ild_new\crow-prefix\src\crow-build\examples\example_catchall.vcxproj]
C:\Users\DAB\mysite\backend\build_new\crow-prefix\src\crow\include\crow/http_server.
h(227,43): error C2065: io_service: необъявленный идентификатор [C:\Users\DAB\mysite
\backend\build_new\crow-prefix\src\crow-build\examples\example_catchall.vcxproj] [C:
\Users\DAB\mysite\backend\build_new\crow.vcxproj]
C:\Users\DAB\mysite\backend\build_new\crow-prefix\src\crow\include\crow/http_server.
h(227,26): error C2923: std::unique_ptr: "io_service" не является допустимым аргумен
том типа шаблон для параметра "_Ty" [C:\Users\DAB\mysite\backend\build_new\crow-pref
ix\src\crow-build\examples\example_catchall.vcxproj] [C:\Users\DAB\mysite\backend\bu
ild_new\crow.vcxproj]
  C:\Users\DAB\mysite\backend\build_new\crow-prefix\src\crow\include\crow/http_serve
  r.h(227,43): message : см. объявление "io_service" [C:\Users\DAB\mysite\backend\bu
  ild_new\crow-prefix\src\crow-build\examples\example_catchall.vcxproj]
C:\Users\DAB\mysite\backend\build_new\crow-prefix\src\crow\include\crow/http_server.
h(227,26): error C2976: std::unique_ptr: слишком мало аргументов шаблон [C:\Users\DA
B\mysite\backend\build_new\crow-prefix\src\crow-build\examples\example_catchall.vcxp
roj] [C:\Users\DAB\mysite\backend\build_new\crow.vcxproj]
  C:\Program Files\Microsoft Visual Studio\2022\Community\VC\Tools\MSVC\14.37.32822\
  include\memory(3213,1): message : см. объявление "std::unique_ptr" [C:\Users\DAB\m
  ysite\backend\build_new\crow-prefix\src\crow-build\examples\example_catchall.vcxpr
  oj]
C:\Users\DAB\mysite\backend\build_new\crow-prefix\src\crow\include\crow/http_server.
h(227,26): error C3203: "unique_ptr": неспециализированный класс шаблон нельзя испол
ьзовать в качестве аргумента шаблон для параметра шаблон "_Ty", требуется действител
ьный тип [C:\Users\DAB\mysite\backend\build_new\crow-prefix\src\crow-build\examples\
example_catchall.vcxproj] [C:\Users\DAB\mysite\backend\build_new\crow.vcxproj]
C:\Users\DAB\mysite\backend\build_new\crow-prefix\src\crow\include\crow/http_server.
h(30,21): error C3861: io_service_: идентификатор не найден [C:\Users\DAB\mysite\bac
kend\build_new\crow-prefix\src\crow-build\examples\example_catchall.vcxproj] [C:\Use
rs\DAB\mysite\backend\build_new\crow.vcxproj]
C:\Users\DAB\mysite\backend\build_new\crow-prefix\src\crow\include\crow/http_server.
h(31,20): error C3861: io_service_: идентификатор не найден [C:\Users\DAB\mysite\bac
kend\build_new\crow-prefix\src\crow-build\examples\example_catchall.vcxproj] [C:\Use
rs\DAB\mysite\backend\build_new\crow.vcxproj]
C:\Users\DAB\mysite\backend\build_new\crow-prefix\src\crow\include\crow/http_server.
h(32,23): error C3861: io_service_: идентификатор не найден [C:\Users\DAB\mysite\bac
kend\build_new\crow-prefix\src\crow-build\examples\example_catchall.vcxproj] [C:\Use
rs\DAB\mysite\backend\build_new\crow.vcxproj]
C:\Users\DAB\mysite\backend\build_new\crow-prefix\src\crow\include\crow/http_server.
h(30,21): error C2065: io_service_: необъявленный идентификатор [C:\Users\DAB\mysite
\backend\build_new\crow-prefix\src\crow-build\examples\example_catchall.vcxproj] [C:
\Users\DAB\mysite\backend\build_new\crow.vcxproj]
C:\Users\DAB\mysite\backend\build_new\crow-prefix\src\crow\include\crow/http_server.
h(31,20): error C2065: io_service_: необъявленный идентификатор [C:\Users\DAB\mysite
\backend\build_new\crow-prefix\src\crow-build\examples\example_catchall.vcxproj] [C:
\Users\DAB\mysite\backend\build_new\crow.vcxproj]
C:\Users\DAB\mysite\backend\build_new\crow-prefix\src\crow\include\crow/http_server.
h(32,23): error C2065: io_service_: необъявленный идентификатор [C:\Users\DAB\mysite
\backend\build_new\crow-prefix\src\crow-build\examples\example_catchall.vcxproj] [C:
\Users\DAB\mysite\backend\build_new\crow.vcxproj]
C:\Users\DAB\mysite\backend\build_new\crow-prefix\src\crow\include\crow/http_server.
h(65,51): error C2187: синтаксическая ошибка: непредвиденный здесь элемент "boost" [
C:\Users\DAB\mysite\backend\build_new\crow-prefix\src\crow-build\examples\example_ca
tchall.vcxproj] [C:\Users\DAB\mysite\backend\build_new\crow.vcxproj]
C:\Users\DAB\mysite\backend\build_new\crow-prefix\src\crow\include\crow/http_server.
h(65,74): error C3878: синтаксическая ошибка: непредвиденный маркер "(" после "expre
ssion" [C:\Users\DAB\mysite\backend\build_new\crow-prefix\src\crow-build\examples\ex
ample_catchall.vcxproj] [C:\Users\DAB\mysite\backend\build_new\crow.vcxproj]
  C:\Users\DAB\mysite\backend\build_new\crow-prefix\src\crow\include\crow/http_serve
  r.h(65,74): message : пропущено восстановление ошибки: "(" [C:\Users\DAB\mysite\ba
  ckend\build_new\crow-prefix\src\crow-build\examples\example_catchall.vcxproj]
C:\Users\DAB\mysite\backend\build_new\crow-prefix\src\crow\include\crow/http_server.
h(65,75): error C2760: синтаксическая ошибка: непредвиденный элемент ")". Ожидается
";" [C:\Users\DAB\mysite\backend\build_new\crow-prefix\src\crow-build\examples\examp
le_catchall.vcxproj] [C:\Users\DAB\mysite\backend\build_new\crow.vcxproj]
C:\Users\DAB\mysite\backend\build_new\crow-prefix\src\crow\include\crow/http_server.
h(65,75): error C3878: синтаксическая ошибка: непредвиденный маркер ")" после "expre
ssion_statement" [C:\Users\DAB\mysite\backend\build_new\crow-prefix\src\crow-build\e
xamples\example_catchall.vcxproj] [C:\Users\DAB\mysite\backend\build_new\crow.vcxpro
j]
  C:\Users\DAB\mysite\backend\build_new\crow-prefix\src\crow\include\crow/http_serve
  r.h(65,75): message : пропущено восстановление ошибки: ") )" [C:\Users\DAB\mysite\
  backend\build_new\crow-prefix\src\crow-build\examples\example_catchall.vcxproj]
C:\Users\DAB\mysite\backend\build_new\crow-prefix\src\crow\include\crow/http_server.
h(156,19): error C2065: io_service_: необъявленный идентификатор [C:\Users\DAB\mysit
e\backend\build_new\crow-prefix\src\crow-build\examples\example_catchall.vcxproj] [C
:\Users\DAB\mysite\backend\build_new\crow.vcxproj]
C:\Users\DAB\mysite\backend\build_new\crow-prefix\src\crow\include\crow/http_server.
h(164,13): error C3861: io_service_: идентификатор не найден [C:\Users\DAB\mysite\ba
ckend\build_new\crow-prefix\src\crow-build\examples\example_catchall.vcxproj] [C:\Us
ers\DAB\mysite\backend\build_new\crow.vcxproj]
C:\Users\DAB\mysite\backend\build_new\crow-prefix\src\crow\include\crow/http_server.
h(164,13): error C2065: io_service_: необъявленный идентификатор [C:\Users\DAB\mysit
e\backend\build_new\crow-prefix\src\crow-build\examples\example_catchall.vcxproj] [C
:\Users\DAB\mysite\backend\build_new\crow.vcxproj]
C:\Users\DAB\mysite\backend\build_new\crow-prefix\src\crow\include\crow/http_server.
h(197,19): error C2039: "io_service": не является членом "boost::asio". [C:\Users\DA
B\mysite\backend\build_new\crow-prefix\src\crow-build\examples\example_catchall.vcxp
roj] [C:\Users\DAB\mysite\backend\build_new\crow.vcxproj]
  C:\Users\DAB\Desktop\vcpkg\installed\x64-windows\include\boost/asio/impl/write_at.
  hpp(35,11): message : см. объявление "boost::asio" [C:\Users\DAB\mysite\backend\bu
  ild_new\crow-prefix\src\crow-build\examples\example_catchall.vcxproj]
C:\Users\DAB\mysite\backend\build_new\crow-prefix\src\crow\include\crow/http_server.
h(197,31): error C3861: is: идентификатор не найден [C:\Users\DAB\mysite\backend\bui
ld_new\crow-prefix\src\crow-build\examples\example_catchall.vcxproj] [C:\Users\DAB\m
ysite\backend\build_new\crow.vcxproj]
C:\Users\DAB\mysite\backend\build_new\crow-prefix\src\crow\include\crow/http_server.
h(199,32): error C2065: is: необъявленный идентификатор [C:\Users\DAB\mysite\backend
\build_new\crow-prefix\src\crow-build\examples\example_catchall.vcxproj] [C:\Users\D
AB\mysite\backend\build_new\crow.vcxproj]
C:\Users\DAB\mysite\backend\build_new\crow-prefix\src\crow\include\crow/http_server.
h(199,32): error C3861: is: идентификатор не найден [C:\Users\DAB\mysite\backend\bui
ld_new\crow-prefix\src\crow-build\examples\example_catchall.vcxproj] [C:\Users\DAB\m
ysite\backend\build_new\crow.vcxproj]
C:\Users\DAB\mysite\backend\build_new\crow-prefix\src\crow\include\crow/http_server.
h(202,15): error C3861: is: идентификатор не найден [C:\Users\DAB\mysite\backend\bui
ld_new\crow-prefix\src\crow-build\examples\example_catchall.vcxproj] [C:\Users\DAB\m
ysite\backend\build_new\crow.vcxproj]
C:\Users\DAB\mysite\backend\build_new\crow-prefix\src\crow\include\crow/http_server.
h(207,26): error C3861: is: идентификатор не найден [C:\Users\DAB\mysite\backend\bui
ld_new\crow-prefix\src\crow-build\examples\example_catchall.vcxproj] [C:\Users\DAB\m
ysite\backend\build_new\crow.vcxproj]
C:\Users\DAB\mysite\backend\build_new\crow-prefix\src\crow\include\crow/http_server.
h(210,23): error C3861: is: идентификатор не найден [C:\Users\DAB\mysite\backend\bui
ld_new\crow-prefix\src\crow-build\examples\example_catchall.vcxproj] [C:\Users\DAB\m
ysite\backend\build_new\crow.vcxproj]
C:\Users\DAB\mysite\backend\build_new\crow-prefix\src\crow\include\crow/http_server.
h(218,42): error C2065: is: необъявленный идентификатор [C:\Users\DAB\mysite\backend
\build_new\crow-prefix\src\crow-build\examples\example_catchall.vcxproj] [C:\Users\D
AB\mysite\backend\build_new\crow.vcxproj]
C:\Users\DAB\mysite\backend\build_new\crow-prefix\src\crow\include\crow/http_server.
h(218,42): error C3861: is: идентификатор не найден [C:\Users\DAB\mysite\backend\bui
ld_new\crow-prefix\src\crow-build\examples\example_catchall.vcxproj] [C:\Users\DAB\m
ysite\backend\build_new\crow.vcxproj]
C:\Users\DAB\mysite\backend\build_new\crow-prefix\src\crow\include\crow/http_server.
h(197,31): error C2065: is: необъявленный идентификатор [C:\Users\DAB\mysite\backend
\build_new\crow-prefix\src\crow-build\examples\example_catchall.vcxproj] [C:\Users\D
AB\mysite\backend\build_new\crow.vcxproj]
C:\Users\DAB\mysite\backend\build_new\crow-prefix\src\crow\include\crow/http_server.
h(202,15): error C2065: is: необъявленный идентификатор [C:\Users\DAB\mysite\backend
\build_new\crow-prefix\src\crow-build\examples\example_catchall.vcxproj] [C:\Users\D
AB\mysite\backend\build_new\crow.vcxproj]
C:\Users\DAB\mysite\backend\build_new\crow-prefix\src\crow\include\crow/http_server.
h(210,23): error C2065: is: необъявленный идентификатор [C:\Users\DAB\mysite\backend
\build_new\crow-prefix\src\crow-build\examples\example_catchall.vcxproj] [C:\Users\D
AB\mysite\backend\build_new\crow.vcxproj]
    Building Custom Rule C:/Users/DAB/mysite/backend/build_new/crow-prefix/src/crow/
  examples/CMakeLists.txt
    example_chat.cpp
C:\Users\DAB\mysite\backend\build_new\crow-prefix\src\crow\include\crow/query_string
.h(117,20): warning C4267: =: преобразование из "size_t" в "int"; возможна потеря да
нных [C:\Users\DAB\mysite\backend\build_new\crow-prefix\src\crow-build\examples\exam
ple_chat.vcxproj] [C:\Users\DAB\mysite\backend\build_new\crow.vcxproj]
C:\Users\DAB\mysite\backend\build_new\crow-prefix\src\crow\include\crow/query_string
.h(370,92): warning C4267: аргумент: преобразование из "size_t" в "int"; возможна по
теря данных [C:\Users\DAB\mysite\backend\build_new\crow-prefix\src\crow-build\exampl
es\example_chat.vcxproj] [C:\Users\DAB\mysite\backend\build_new\crow.vcxproj]
C:\Users\DAB\mysite\backend\build_new\crow-prefix\src\crow\include\crow/query_string
.h(406,94): warning C4267: аргумент: преобразование из "size_t" в "int"; возможна по
теря данных [C:\Users\DAB\mysite\backend\build_new\crow-prefix\src\crow-build\exampl
es\example_chat.vcxproj] [C:\Users\DAB\mysite\backend\build_new\crow.vcxproj]
C:\Users\DAB\mysite\backend\build_new\crow-prefix\src\crow\include\crow/query_string
.h(445,112): warning C4267: аргумент: преобразование из "size_t" в "int"; возможна п
отеря данных [C:\Users\DAB\mysite\backend\build_new\crow-prefix\src\crow-build\examp
les\example_chat.vcxproj] [C:\Users\DAB\mysite\backend\build_new\crow.vcxproj]
C:\Users\DAB\mysite\backend\build_new\crow-prefix\src\crow\include\crow/utility.h(67
2,39): warning C4267: инициализация: преобразование из "size_t" в "unsigned int"; во
зможна потеря данных [C:\Users\DAB\mysite\backend\build_new\crow-prefix\src\crow-bui
ld\examples\example_chat.vcxproj] [C:\Users\DAB\mysite\backend\build_new\crow.vcxpro
j]
C:\Users\DAB\mysite\backend\build_new\crow-prefix\src\crow\include\crow/http_parser_
merged.h(589,32): warning C4244: =: преобразование "__int64" в "unsigned long", возм
ожна потеря данных [C:\Users\DAB\mysite\backend\build_new\crow-prefix\src\crow-build
\examples\example_chat.vcxproj] [C:\Users\DAB\mysite\backend\build_new\crow.vcxproj]
C:\Users\DAB\mysite\backend\build_new\crow-prefix\src\crow\include\crow/http_parser_
merged.h(609,32): warning C4244: =: преобразование "__int64" в "unsigned long", возм
ожна потеря данных [C:\Users\DAB\mysite\backend\build_new\crow-prefix\src\crow-build
\examples\example_chat.vcxproj] [C:\Users\DAB\mysite\backend\build_new\crow.vcxproj]
    Please define _WIN32_WINNT or _WIN32_WINDOWS appropriately. For example:
    - add -D_WIN32_WINNT=0x0601 to the compiler command line; or
    - add _WIN32_WINNT=0x0601 to your project's Preprocessor Definitions.
    Assuming _WIN32_WINNT=0x0601 (i.e. Windows 7 target).
C:\Users\DAB\mysite\backend\build_new\crow-prefix\src\crow\include\crow/socket_adapt
ors.h(21,36): error C2039: "io_service": не является членом "boost::asio". [C:\Users
\DAB\mysite\backend\build_new\crow-prefix\src\crow-build\examples\example_chat.vcxpr
oj] [C:\Users\DAB\mysite\backend\build_new\crow.vcxproj]
  C:\Users\DAB\Desktop\vcpkg\installed\x64-windows\include\boost/asio/impl/write_at.
  hpp(35,11): message : см. объявление "boost::asio" [C:\Users\DAB\mysite\backend\bu
  ild_new\crow-prefix\src\crow-build\examples\example_chat.vcxproj]
C:\Users\DAB\mysite\backend\build_new\crow-prefix\src\crow\include\crow/socket_adapt
ors.h(21,36): error C2061: синтаксическая ошибка: идентификатор "io_service" [C:\Use
rs\DAB\mysite\backend\build_new\crow-prefix\src\crow-build\examples\example_chat.vcx
proj] [C:\Users\DAB\mysite\backend\build_new\crow.vcxproj]
C:\Users\DAB\mysite\backend\build_new\crow-prefix\src\crow\include\crow/socket_adapt
ors.h(25,22): error C2039: "io_service": не является членом "boost::asio". [C:\Users
\DAB\mysite\backend\build_new\crow-prefix\src\crow-build\examples\example_chat.vcxpr
oj] [C:\Users\DAB\mysite\backend\build_new\crow.vcxproj]
  C:\Users\DAB\Desktop\vcpkg\installed\x64-windows\include\boost/asio/impl/write_at.
  hpp(35,11): message : см. объявление "boost::asio" [C:\Users\DAB\mysite\backend\bu
  ild_new\crow-prefix\src\crow-build\examples\example_chat.vcxproj]
C:\Users\DAB\mysite\backend\build_new\crow-prefix\src\crow\include\crow/socket_adapt
ors.h(25,32): error C2143: синтаксическая ошибка: отсутствие ";" перед "&" [C:\Users
\DAB\mysite\backend\build_new\crow-prefix\src\crow-build\examples\example_chat.vcxpr
oj] [C:\Users\DAB\mysite\backend\build_new\crow.vcxproj]
C:\Users\DAB\mysite\backend\build_new\crow-prefix\src\crow\include\crow/socket_adapt
ors.h(25,32): error C4430: отсутствует спецификатор типа - предполагается int. Приме
чание. C++ не поддерживает int по умолчанию [C:\Users\DAB\mysite\backend\build_new\c
row-prefix\src\crow-build\examples\example_chat.vcxproj] [C:\Users\DAB\mysite\backen
d\build_new\crow.vcxproj]
C:\Users\DAB\mysite\backend\build_new\crow-prefix\src\crow\include\crow/socket_adapt
ors.h(26,9): error C2334: непредвиденные лексемы перед "{"; пропуск вероятного тела
функции [C:\Users\DAB\mysite\backend\build_new\crow-prefix\src\crow-build\examples\e
xample_chat.vcxproj] [C:\Users\DAB\mysite\backend\build_new\crow.vcxproj]
C:\Users\DAB\mysite\backend\build_new\crow-prefix\src\crow\include\crow/socket_adapt
ors.h(22,19): error C2065: io_service: необъявленный идентификатор [C:\Users\DAB\mys
ite\backend\build_new\crow-prefix\src\crow-build\examples\example_chat.vcxproj] [C:\
Users\DAB\mysite\backend\build_new\crow.vcxproj]
C:\Users\DAB\mysite\backend\build_new\crow-prefix\src\crow\include\crow/json.h(63,42
): warning C4244: аргумент: преобразование "int" в "_Elem", возможна потеря данных [
C:\Users\DAB\mysite\backend\build_new\crow-prefix\src\crow-build\examples\example_ch
at.vcxproj] [C:\Users\DAB\mysite\backend\build_new\crow.vcxproj]
            with
            [
                _Elem=char
            ]
C:\Users\DAB\mysite\backend\build_new\crow-prefix\src\crow\include\crow/json.h(64,42
): warning C4244: аргумент: преобразование "int" в "_Elem", возможна потеря данных [
C:\Users\DAB\mysite\backend\build_new\crow-prefix\src\crow-build\examples\example_ch
at.vcxproj] [C:\Users\DAB\mysite\backend\build_new\crow.vcxproj]
            with
            [
                _Elem=char
            ]
C:\Users\DAB\mysite\backend\build_new\crow-prefix\src\crow\include\crow/json.h(461,5
6): warning C4244: =: преобразование "unsigned int" в "char", возможна потеря данных
 [C:\Users\DAB\mysite\backend\build_new\crow-prefix\src\crow-build\examples\example_
chat.vcxproj] [C:\Users\DAB\mysite\backend\build_new\crow.vcxproj]
C:\Users\DAB\mysite\backend\build_new\crow-prefix\src\crow\include\crow/json.h(467,5
6): warning C4244: =: преобразование "unsigned int" в "char", возможна потеря данных
 [C:\Users\DAB\mysite\backend\build_new\crow-prefix\src\crow-build\examples\example_
chat.vcxproj] [C:\Users\DAB\mysite\backend\build_new\crow.vcxproj]
C:\Users\DAB\mysite\backend\build_new\crow-prefix\src\crow\include\crow/json.h(472,5
1): warning C4244: =: преобразование "unsigned int" в "char", возможна потеря данных
 [C:\Users\DAB\mysite\backend\build_new\crow-prefix\src\crow-build\examples\example_
chat.vcxproj] [C:\Users\DAB\mysite\backend\build_new\crow.vcxproj]
C:\Users\DAB\mysite\backend\build_new\crow-prefix\src\crow\include\crow/json.h(681,4
1): warning C4244: =: преобразование "uint32_t" в "uint16_t", возможна потеря данных
 [C:\Users\DAB\mysite\backend\build_new\crow-prefix\src\crow-build\examples\example_
chat.vcxproj] [C:\Users\DAB\mysite\backend\build_new\crow.vcxproj]
C:\Users\DAB\mysite\backend\build_new\crow-prefix\src\crow\include\crow/json.h(1211,
35): warning C4267: аргумент: преобразование из "size_t" в "uint32_t"; возможна поте
ря данных [C:\Users\DAB\mysite\backend\build_new\crow-prefix\src\crow-build\examples
\example_chat.vcxproj] [C:\Users\DAB\mysite\backend\build_new\crow.vcxproj]
C:\Users\DAB\mysite\backend\build_new\crow-prefix\src\crow\include\crow/json.h(1671,
32): warning C4267: return: преобразование из "size_t" в "int"; возможна потеря данн
ых [C:\Users\DAB\mysite\backend\build_new\crow-prefix\src\crow-build\examples\exampl
e_chat.vcxproj] [C:\Users\DAB\mysite\backend\build_new\crow.vcxproj]
C:\Users\DAB\mysite\backend\build_new\crow-prefix\src\crow\include\crow/json.h(1792,
52): warning C4458: объявление "o" скрывает член класса [C:\Users\DAB\mysite\backend
\build_new\crow-prefix\src\crow-build\examples\example_chat.vcxproj] [C:\Users\DAB\m
ysite\backend\build_new\crow.vcxproj]
  C:\Users\DAB\mysite\backend\build_new\crow-prefix\src\crow\include\crow/json.h(127
  0,37): message : см. объявление "crow::json::wvalue::o" [C:\Users\DAB\mysite\backe
  nd\build_new\crow-prefix\src\crow-build\examples\example_chat.vcxproj]
C:\Users\DAB\mysite\backend\build_new\crow-prefix\src\crow\include\crow/mustache.h(9
7,33): warning C4267: инициализация: преобразование из "size_t" в "int"; возможна по
теря данных [C:\Users\DAB\mysite\backend\build_new\crow-prefix\src\crow-build\exampl
es\example_chat.vcxproj] [C:\Users\DAB\mysite\backend\build_new\crow.vcxproj]
C:\Users\DAB\mysite\backend\build_new\crow-prefix\src\crow\include\crow/mustache.h(1
16,48): warning C4267: =: преобразование из "size_t" в "int"; возможна потеря данных
 [C:\Users\DAB\mysite\backend\build_new\crow-prefix\src\crow-build\examples\example_
chat.vcxproj] [C:\Users\DAB\mysite\backend\build_new\crow.vcxproj]
C:\Users\DAB\mysite\backend\build_new\crow-prefix\src\crow\include\crow/mustache.h(1
18,53): warning C4267: аргумент: преобразование из "size_t" в "_Ty"; возможна потеря
 данных [C:\Users\DAB\mysite\backend\build_new\crow-prefix\src\crow-build\examples\e
xample_chat.vcxproj] [C:\Users\DAB\mysite\backend\build_new\crow.vcxproj]
            with
            [
                _Ty=int
            ]
C:\Users\DAB\mysite\backend\build_new\crow-prefix\src\crow\include\crow/mustache.h(2
21,94): warning C4267: аргумент: преобразование из "size_t" в "int"; возможна потеря
 данных [C:\Users\DAB\mysite\backend\build_new\crow-prefix\src\crow-build\examples\e
xample_chat.vcxproj] [C:\Users\DAB\mysite\backend\build_new\crow.vcxproj]
C:\Users\DAB\mysite\backend\build_new\crow-prefix\src\crow\include\crow/mustache.h(3
67,54): warning C4267: аргумент: преобразование из "size_t" в "int"; возможна потеря
 данных [C:\Users\DAB\mysite\backend\build_new\crow-prefix\src\crow-build\examples\e
xample_chat.vcxproj] [C:\Users\DAB\mysite\backend\build_new\crow.vcxproj]
C:\Users\DAB\mysite\backend\build_new\crow-prefix\src\crow\include\crow/mustache.h(3
78,54): warning C4267: аргумент: преобразование из "size_t" в "int"; возможна потеря
 данных [C:\Users\DAB\mysite\backend\build_new\crow-prefix\src\crow-build\examples\e
xample_chat.vcxproj] [C:\Users\DAB\mysite\backend\build_new\crow.vcxproj]
C:\Users\DAB\mysite\backend\build_new\crow-prefix\src\crow\include\crow/mustache.h(3
90,54): warning C4267: аргумент: преобразование из "size_t" в "int"; возможна потеря
 данных [C:\Users\DAB\mysite\backend\build_new\crow-prefix\src\crow-build\examples\e
xample_chat.vcxproj] [C:\Users\DAB\mysite\backend\build_new\crow.vcxproj]
C:\Users\DAB\mysite\backend\build_new\crow-prefix\src\crow\include\crow/mustache.h(4
01,54): warning C4267: аргумент: преобразование из "size_t" в "int"; возможна потеря
 данных [C:\Users\DAB\mysite\backend\build_new\crow-prefix\src\crow-build\examples\e
xample_chat.vcxproj] [C:\Users\DAB\mysite\backend\build_new\crow.vcxproj]
C:\Users\DAB\mysite\backend\build_new\crow-prefix\src\crow\include\crow/mustache.h(4
63,60): warning C4267: =: преобразование из "size_t" в "int"; возможна потеря данных
 [C:\Users\DAB\mysite\backend\build_new\crow-prefix\src\crow-build\examples\example_
chat.vcxproj] [C:\Users\DAB\mysite\backend\build_new\crow.vcxproj]
C:\Users\DAB\mysite\backend\build_new\crow-prefix\src\crow\include\crow/mustache.h(5
63,28): warning C4267: инициализация: преобразование из "size_t" в "int"; возможна п
отеря данных [C:\Users\DAB\mysite\backend\build_new\crow-prefix\src\crow-build\examp
les\example_chat.vcxproj] [C:\Users\DAB\mysite\backend\build_new\crow.vcxproj]
C:\Users\DAB\mysite\backend\build_new\crow-prefix\src\crow\include\crow/task_timer.h
(28,37): error C2039: "io_service": не является членом "boost::asio". [C:\Users\DAB\
mysite\backend\build_new\crow-prefix\src\crow-build\examples\example_chat.vcxproj] [
C:\Users\DAB\mysite\backend\build_new\crow.vcxproj]
  C:\Users\DAB\Desktop\vcpkg\installed\x64-windows\include\boost/asio/impl/write_at.
  hpp(35,11): message : см. объявление "boost::asio" [C:\Users\DAB\mysite\backend\bu
  ild_new\crow-prefix\src\crow-build\examples\example_chat.vcxproj]
C:\Users\DAB\mysite\backend\build_new\crow-prefix\src\crow\include\crow/task_timer.h
(28,37): error C2061: синтаксическая ошибка: идентификатор "io_service" [C:\Users\DA
B\mysite\backend\build_new\crow-prefix\src\crow-build\examples\example_chat.vcxproj]
 [C:\Users\DAB\mysite\backend\build_new\crow.vcxproj]
C:\Users\DAB\mysite\backend\build_new\crow-prefix\src\crow\include\crow/task_timer.h
(123,26): error C2039: "io_service": не является членом "boost::asio". [C:\Users\DAB
\mysite\backend\build_new\crow-prefix\src\crow-build\examples\example_chat.vcxproj]
[C:\Users\DAB\mysite\backend\build_new\crow.vcxproj]
  C:\Users\DAB\Desktop\vcpkg\installed\x64-windows\include\boost/asio/impl/write_at.
  hpp(35,11): message : см. объявление "boost::asio" [C:\Users\DAB\mysite\backend\bu
  ild_new\crow-prefix\src\crow-build\examples\example_chat.vcxproj]
C:\Users\DAB\mysite\backend\build_new\crow-prefix\src\crow\include\crow/task_timer.h
(123,36): error C2143: синтаксическая ошибка: отсутствие ";" перед "&" [C:\Users\DAB
\mysite\backend\build_new\crow-prefix\src\crow-build\examples\example_chat.vcxproj]
[C:\Users\DAB\mysite\backend\build_new\crow.vcxproj]
C:\Users\DAB\mysite\backend\build_new\crow-prefix\src\crow\include\crow/task_timer.h
(123,36): error C4430: отсутствует спецификатор типа - предполагается int. Примечани
е. C++ не поддерживает int по умолчанию [C:\Users\DAB\mysite\backend\build_new\crow-
prefix\src\crow-build\examples\example_chat.vcxproj] [C:\Users\DAB\mysite\backend\bu
ild_new\crow.vcxproj]
C:\Users\DAB\mysite\backend\build_new\crow-prefix\src\crow\include\crow/task_timer.h
(123,49): error C2238: непредвиденные лексемы перед ";" [C:\Users\DAB\mysite\backend
\build_new\crow-prefix\src\crow-build\examples\example_chat.vcxproj] [C:\Users\DAB\m
ysite\backend\build_new\crow.vcxproj]
C:\Users\DAB\mysite\backend\build_new\crow-prefix\src\crow\include\crow/task_timer.h
(29,27): error C2065: io_service: необъявленный идентификатор [C:\Users\DAB\mysite\b
ackend\build_new\crow-prefix\src\crow-build\examples\example_chat.vcxproj] [C:\Users
\DAB\mysite\backend\build_new\crow.vcxproj]
C:\Users\DAB\mysite\backend\build_new\crow-prefix\src\crow\include\crow/task_timer.h
(29,56): error C2065: io_service_: необъявленный идентификатор [C:\Users\DAB\mysite\
backend\build_new\crow-prefix\src\crow-build\examples\example_chat.vcxproj] [C:\User
s\DAB\mysite\backend\build_new\crow.vcxproj]
C:\Users\DAB\mysite\backend\build_new\crow-prefix\src\crow\include\crow/task_timer.h
(29,15): error C2614: crow::detail::task_timer: недопустимая инициализация члена: "i
o_service_" не является базовым классом или членом [C:\Users\DAB\mysite\backend\buil
d_new\crow-prefix\src\crow-build\examples\example_chat.vcxproj] [C:\Users\DAB\mysite
\backend\build_new\crow.vcxproj]
C:\Users\DAB\mysite\backend\build_new\crow-prefix\src\crow\include\crow/http_request
.h(38,22): error C2039: "io_service": не является членом "boost::asio". [C:\Users\DA
B\mysite\backend\build_new\crow-prefix\src\crow-build\examples\example_chat.vcxproj]
 [C:\Users\DAB\mysite\backend\build_new\crow.vcxproj]
  C:\Users\DAB\Desktop\vcpkg\installed\x64-windows\include\boost/asio/impl/write_at.
  hpp(35,11): message : см. объявление "boost::asio" [C:\Users\DAB\mysite\backend\bu
  ild_new\crow-prefix\src\crow-build\examples\example_chat.vcxproj]
C:\Users\DAB\mysite\backend\build_new\crow-prefix\src\crow\include\crow/http_request
.h(38,32): error C2143: синтаксическая ошибка: отсутствие ";" перед "*" [C:\Users\DA
B\mysite\backend\build_new\crow-prefix\src\crow-build\examples\example_chat.vcxproj]
 [C:\Users\DAB\mysite\backend\build_new\crow.vcxproj]
C:\Users\DAB\mysite\backend\build_new\crow-prefix\src\crow\include\crow/http_request
.h(38,32): error C4430: отсутствует спецификатор типа - предполагается int. Примечан
ие. C++ не поддерживает int по умолчанию [C:\Users\DAB\mysite\backend\build_new\crow
-prefix\src\crow-build\examples\example_chat.vcxproj] [C:\Users\DAB\mysite\backend\b
uild_new\crow.vcxproj]
C:\Users\DAB\mysite\backend\build_new\crow-prefix\src\crow\include\crow/http_request
.h(38,44): error C2334: непредвиденные лексемы перед "{"; пропуск вероятного тела фу
нкции [C:\Users\DAB\mysite\backend\build_new\crow-prefix\src\crow-build\examples\exa
mple_chat.vcxproj] [C:\Users\DAB\mysite\backend\build_new\crow.vcxproj]
C:\Users\DAB\mysite\backend\build_new\crow-prefix\src\crow\include\crow/http_request
.h(69,13): error C3861: io_service: идентификатор не найден [C:\Users\DAB\mysite\bac
kend\build_new\crow-prefix\src\crow-build\examples\example_chat.vcxproj] [C:\Users\D
AB\mysite\backend\build_new\crow.vcxproj]
  C:\Users\DAB\mysite\backend\build_new\crow-prefix\src\crow\include\crow/http_reque
  st.h(67,14): message : Сообщение диагностики возникло в созданной компилятором фун
  кции "void crow::request::post(CompletionHandler)" [C:\Users\DAB\mysite\backend\bu
  ild_new\crow-prefix\src\crow-build\examples\example_chat.vcxproj]
C:\Users\DAB\mysite\backend\build_new\crow-prefix\src\crow\include\crow/http_request
.h(69,13): error C2065: io_service: необъявленный идентификатор [C:\Users\DAB\mysite
\backend\build_new\crow-prefix\src\crow-build\examples\example_chat.vcxproj] [C:\Use
rs\DAB\mysite\backend\build_new\crow.vcxproj]
  C:\Users\DAB\mysite\backend\build_new\crow-prefix\src\crow\include\crow/http_reque
  st.h(67,14): message : Сообщение диагностики возникло в созданной компилятором фун
  кции "void crow::request::post(CompletionHandler)" [C:\Users\DAB\mysite\backend\bu
  ild_new\crow-prefix\src\crow-build\examples\example_chat.vcxproj]
C:\Users\DAB\mysite\backend\build_new\crow-prefix\src\crow\include\crow/http_request
.h(76,13): error C3861: io_service: идентификатор не найден [C:\Users\DAB\mysite\bac
kend\build_new\crow-prefix\src\crow-build\examples\example_chat.vcxproj] [C:\Users\D
AB\mysite\backend\build_new\crow.vcxproj]
  C:\Users\DAB\mysite\backend\build_new\crow-prefix\src\crow\include\crow/http_reque
  st.h(74,14): message : Сообщение диагностики возникло в созданной компилятором фун
  кции "void crow::request::dispatch(CompletionHandler)" [C:\Users\DAB\mysite\backen
  d\build_new\crow-prefix\src\crow-build\examples\example_chat.vcxproj]
C:\Users\DAB\mysite\backend\build_new\crow-prefix\src\crow\include\crow/http_request
.h(76,13): error C2065: io_service: необъявленный идентификатор [C:\Users\DAB\mysite
\backend\build_new\crow-prefix\src\crow-build\examples\example_chat.vcxproj] [C:\Use
rs\DAB\mysite\backend\build_new\crow.vcxproj]
  C:\Users\DAB\mysite\backend\build_new\crow-prefix\src\crow\include\crow/http_reque
  st.h(74,14): message : Сообщение диагностики возникло в созданной компилятором фун
  кции "void crow::request::dispatch(CompletionHandler)" [C:\Users\DAB\mysite\backen
  d\build_new\crow-prefix\src\crow-build\examples\example_chat.vcxproj]
C:\Users\DAB\mysite\backend\build_new\crow-prefix\src\crow\include\crow/multipart.h(
167,84): warning C4458: объявление "part_map" скрывает член класса [C:\Users\DAB\mys
ite\backend\build_new\crow-prefix\src\crow-build\examples\example_chat.vcxproj] [C:\
Users\DAB\mysite\backend\build_new\crow.vcxproj]
  C:\Users\DAB\mysite\backend\build_new\crow-prefix\src\crow\include\crow/multipart.
  h(79,20): message : см. объявление "crow::multipart::message::part_map" [C:\Users\
  DAB\mysite\backend\build_new\crow-prefix\src\crow-build\examples\example_chat.vcxp
  roj]
C:\Users\DAB\mysite\backend\build_new\crow-prefix\src\crow\include\crow/multipart.h(
218,32): warning C4456: объявление "found" скрывает предыдущее локальное объявление
[C:\Users\DAB\mysite\backend\build_new\crow-prefix\src\crow-build\examples\example_c
hat.vcxproj] [C:\Users\DAB\mysite\backend\build_new\crow.vcxproj]
  C:\Users\DAB\mysite\backend\build_new\crow-prefix\src\crow\include\crow/multipart.
  h(211,28): message : см. объявление "found" [C:\Users\DAB\mysite\backend\build_new
  \crow-prefix\src\crow-build\examples\example_chat.vcxproj]
C:\Users\DAB\mysite\backend\build_new\crow-prefix\src\crow\include\crow/multipart.h(
234,32): warning C4456: объявление "found" скрывает предыдущее локальное объявление
[C:\Users\DAB\mysite\backend\build_new\crow-prefix\src\crow-build\examples\example_c
hat.vcxproj] [C:\Users\DAB\mysite\backend\build_new\crow.vcxproj]
  C:\Users\DAB\mysite\backend\build_new\crow-prefix\src\crow\include\crow/multipart.
  h(211,28): message : см. объявление "found" [C:\Users\DAB\mysite\backend\build_new
  \crow-prefix\src\crow-build\examples\example_chat.vcxproj]
C:\Users\DAB\mysite\backend\build_new\crow-prefix\src\crow\include\crow/routing.h(80
0,70): warning C4244: аргумент: преобразование "__int64" в "unsigned int", возможна
потеря данных [C:\Users\DAB\mysite\backend\build_new\crow-prefix\src\crow-build\exam
ples\example_chat.vcxproj] [C:\Users\DAB\mysite\backend\build_new\crow.vcxproj]
C:\Users\DAB\mysite\backend\build_new\crow-prefix\src\crow\include\crow/routing.h(82
1,70): warning C4244: аргумент: преобразование "__int64" в "unsigned int", возможна
потеря данных [C:\Users\DAB\mysite\backend\build_new\crow-prefix\src\crow-build\exam
ples\example_chat.vcxproj] [C:\Users\DAB\mysite\backend\build_new\crow.vcxproj]
C:\Users\DAB\mysite\backend\build_new\crow-prefix\src\crow\include\crow/routing.h(84
2,70): warning C4244: аргумент: преобразование "__int64" в "unsigned int", возможна
потеря данных [C:\Users\DAB\mysite\backend\build_new\crow-prefix\src\crow-build\exam
ples\example_chat.vcxproj] [C:\Users\DAB\mysite\backend\build_new\crow.vcxproj]
C:\Users\DAB\mysite\backend\build_new\crow-prefix\src\crow\include\crow/routing.h(86
4,61): warning C4267: аргумент: преобразование из "size_t" в "unsigned int"; возможн
а потеря данных [C:\Users\DAB\mysite\backend\build_new\crow-prefix\src\crow-build\ex
amples\example_chat.vcxproj] [C:\Users\DAB\mysite\backend\build_new\crow.vcxproj]
C:\Users\DAB\mysite\backend\build_new\crow-prefix\src\crow\include\crow/routing.h(88
0,61): warning C4267: аргумент: преобразование из "size_t" в "unsigned int"; возможн
а потеря данных [C:\Users\DAB\mysite\backend\build_new\crow-prefix\src\crow-build\ex
amples\example_chat.vcxproj] [C:\Users\DAB\mysite\backend\build_new\crow.vcxproj]
C:\Users\DAB\mysite\backend\build_new\crow-prefix\src\crow\include\crow/routing.h(89
5,61): warning C4267: аргумент: преобразование из "size_t" в "unsigned int"; возможн
а потеря данных [C:\Users\DAB\mysite\backend\build_new\crow-prefix\src\crow-build\ex
amples\example_chat.vcxproj] [C:\Users\DAB\mysite\backend\build_new\crow.vcxproj]
C:\Users\DAB\mysite\backend\build_new\crow-prefix\src\crow\include\crow/routing.h(94
5,53): warning C4267: +=: преобразование из "size_t" в "unsigned int"; возможна поте
ря данных [C:\Users\DAB\mysite\backend\build_new\crow-prefix\src\crow-build\examples
\example_chat.vcxproj] [C:\Users\DAB\mysite\backend\build_new\crow.vcxproj]
C:\Users\DAB\mysite\backend\build_new\crow-prefix\src\crow\include\crow/routing.h(95
6,45): warning C4267: +=: преобразование из "size_t" в "unsigned int"; возможна поте
ря данных [C:\Users\DAB\mysite\backend\build_new\crow-prefix\src\crow-build\examples
\example_chat.vcxproj] [C:\Users\DAB\mysite\backend\build_new\crow.vcxproj]
C:\Users\DAB\mysite\backend\build_new\crow-prefix\src\crow\include\crow/routing.h(10
02,36): warning C4267: +=: преобразование из "size_t" в "unsigned int"; возможна пот
еря данных [C:\Users\DAB\mysite\backend\build_new\crow-prefix\src\crow-build\example
s\example_chat.vcxproj] [C:\Users\DAB\mysite\backend\build_new\crow.vcxproj]
C:\Users\DAB\mysite\backend\build_new\crow-prefix\src\crow\include\crow/routing.h(10
05,33): warning C4267: +=: преобразование из "size_t" в "unsigned int"; возможна пот
еря данных [C:\Users\DAB\mysite\backend\build_new\crow-prefix\src\crow-build\example
s\example_chat.vcxproj] [C:\Users\DAB\mysite\backend\build_new\crow.vcxproj]
C:\Users\DAB\mysite\backend\build_new\crow-prefix\src\crow\include\crow/routing.h(12
04,101): warning C4267: аргумент: преобразование из "size_t" в "unsigned int"; возмо
жна потеря данных [C:\Users\DAB\mysite\backend\build_new\crow-prefix\src\crow-build\
examples\example_chat.vcxproj] [C:\Users\DAB\mysite\backend\build_new\crow.vcxproj]
C:\Users\DAB\mysite\backend\build_new\crow-prefix\src\crow\include\crow/routing.h(12
04,87): warning C4267: аргумент: преобразование из "size_t" в "uint16_t"; возможна п
отеря данных [C:\Users\DAB\mysite\backend\build_new\crow-prefix\src\crow-build\examp
les\example_chat.vcxproj] [C:\Users\DAB\mysite\backend\build_new\crow.vcxproj]
C:\Users\DAB\mysite\backend\build_new\crow-prefix\src\crow\include\crow/routing.h(12
10,118): warning C4267: аргумент: преобразование из "size_t" в "unsigned int"; возмо
жна потеря данных [C:\Users\DAB\mysite\backend\build_new\crow-prefix\src\crow-build\
examples\example_chat.vcxproj] [C:\Users\DAB\mysite\backend\build_new\crow.vcxproj]
C:\Users\DAB\mysite\backend\build_new\crow-prefix\src\crow\include\crow/routing.h(12
58,29): warning C4456: объявление "i" скрывает предыдущее локальное объявление [C:\U
sers\DAB\mysite\backend\build_new\crow-prefix\src\crow-build\examples\example_chat.v
cxproj] [C:\Users\DAB\mysite\backend\build_new\crow.vcxproj]
  C:\Users\DAB\mysite\backend\build_new\crow-prefix\src\crow\include\crow/routing.h(
  1249,27): message : см. объявление "i" [C:\Users\DAB\mysite\backend\build_new\crow
  -prefix\src\crow-build\examples\example_chat.vcxproj]
C:\Users\DAB\mysite\backend\build_new\crow-prefix\src\crow\include\crow/routing.h(12
59,104): warning C4244: аргумент: преобразование "int" в "uint16_t", возможна потеря
 данных [C:\Users\DAB\mysite\backend\build_new\crow-prefix\src\crow-build\examples\e
xample_chat.vcxproj] [C:\Users\DAB\mysite\backend\build_new\crow.vcxproj]
C:\Users\DAB\mysite\backend\build_new\crow-prefix\src\crow\include\crow/routing.h(12
59,100): warning C4267: аргумент: преобразование из "size_t" в "unsigned int"; возмо
жна потеря данных [C:\Users\DAB\mysite\backend\build_new\crow-prefix\src\crow-build\
examples\example_chat.vcxproj] [C:\Users\DAB\mysite\backend\build_new\crow.vcxproj]
C:\Users\DAB\mysite\backend\build_new\crow-prefix\src\crow\include\crow/routing.h(12
70,76): warning C4244: аргумент: преобразование "unsigned int" в "const uint16_t", в
озможна потеря данных [C:\Users\DAB\mysite\backend\build_new\crow-prefix\src\crow-bu
ild\examples\example_chat.vcxproj] [C:\Users\DAB\mysite\backend\build_new\crow.vcxpr
oj]
C:\Users\DAB\mysite\backend\build_new\crow-prefix\src\crow\include\crow/routing.h(14
20,24): warning C4267: инициализация: преобразование из "size_t" в "int"; возможна п
отеря данных [C:\Users\DAB\mysite\backend\build_new\crow-prefix\src\crow-build\examp
les\example_chat.vcxproj] [C:\Users\DAB\mysite\backend\build_new\crow.vcxproj]
C:\Users\DAB\mysite\backend\build_new\crow-prefix\src\crow\include\crow/routing.h(15
11,28): warning C4456: объявление "per_method" скрывает предыдущее локальное объявле
ние [C:\Users\DAB\mysite\backend\build_new\crow-prefix\src\crow-build\examples\examp
le_chat.vcxproj] [C:\Users\DAB\mysite\backend\build_new\crow.vcxproj]
  C:\Users\DAB\mysite\backend\build_new\crow-prefix\src\crow\include\crow/routing.h(
  1501,19): message : см. объявление "per_method" [C:\Users\DAB\mysite\backend\build
  _new\crow-prefix\src\crow-build\examples\example_chat.vcxproj]
C:\Users\DAB\mysite\backend\build_new\crow-prefix\src\crow\include\crow/routing.h(15
53,13): warning C4530: Использован обработчик исключений C++, но семантика уничтожен
ия объектов не включена. Задайте параметр /EHsc [C:\Users\DAB\mysite\backend\build_n
ew\crow-prefix\src\crow-build\examples\example_chat.vcxproj] [C:\Users\DAB\mysite\ba
ckend\build_new\crow.vcxproj]
C:\Users\DAB\mysite\backend\build_new\crow-prefix\src\crow\include\crow/http_connect
ion.h(40,24): error C2039: "io_service": не является членом "boost::asio". [C:\Users
\DAB\mysite\backend\build_new\crow-prefix\src\crow-build\examples\example_chat.vcxpr
oj] [C:\Users\DAB\mysite\backend\build_new\crow.vcxproj]
  C:\Users\DAB\Desktop\vcpkg\installed\x64-windows\include\boost/asio/impl/write_at.
  hpp(35,11): message : см. объявление "boost::asio" [C:\Users\DAB\mysite\backend\bu
  ild_new\crow-prefix\src\crow-build\examples\example_chat.vcxproj]
  C:\Users\DAB\mysite\backend\build_new\crow-prefix\src\crow\include\crow/http_conne
  ction.h(626,6): message : выполняется компиляция ссылки на экземпляр класс шаблон
  функции "crow::Connection<Adaptor,Handler,Middlewares...>" [C:\Users\DAB\mysite\ba
  ckend\build_new\crow-prefix\src\crow-build\examples\example_chat.vcxproj]
C:\Users\DAB\mysite\backend\build_new\crow-prefix\src\crow\include\crow/http_connect
ion.h(40,24): error C2061: синтаксическая ошибка: идентификатор "io_service" [C:\Use
rs\DAB\mysite\backend\build_new\crow-prefix\src\crow-build\examples\example_chat.vcx
proj] [C:\Users\DAB\mysite\backend\build_new\crow.vcxproj]
C:\Users\DAB\mysite\backend\build_new\crow-prefix\src\crow\include\crow/http_connect
ion.h(48,20): error C3861: io_service: идентификатор не найден [C:\Users\DAB\mysite\
backend\build_new\crow-prefix\src\crow-build\examples\example_chat.vcxproj] [C:\User
s\DAB\mysite\backend\build_new\crow.vcxproj]
C:\Users\DAB\mysite\backend\build_new\crow-prefix\src\crow\include\crow/http_connect
ion.h(48,32): error C3861: adaptor_ctx_: идентификатор не найден [C:\Users\DAB\mysit
e\backend\build_new\crow-prefix\src\crow-build\examples\example_chat.vcxproj] [C:\Us
ers\DAB\mysite\backend\build_new\crow.vcxproj]
C:\Users\DAB\mysite\backend\build_new\crow-prefix\src\crow\include\crow/http_connect
ion.h(49,20): error C3861: handler: идентификатор не найден [C:\Users\DAB\mysite\bac
kend\build_new\crow-prefix\src\crow-build\examples\example_chat.vcxproj] [C:\Users\D
AB\mysite\backend\build_new\crow.vcxproj]
C:\Users\DAB\mysite\backend\build_new\crow-prefix\src\crow\include\crow/http_connect
ion.h(51,24): error C3861: server_name: идентификатор не найден [C:\Users\DAB\mysite
\backend\build_new\crow-prefix\src\crow-build\examples\example_chat.vcxproj] [C:\Use
rs\DAB\mysite\backend\build_new\crow.vcxproj]
C:\Users\DAB\mysite\backend\build_new\crow-prefix\src\crow\include\crow/http_connect
ion.h(52,24): error C3861: middlewares: идентификатор не найден [C:\Users\DAB\mysite
\backend\build_new\crow-prefix\src\crow-build\examples\example_chat.vcxproj] [C:\Use
rs\DAB\mysite\backend\build_new\crow.vcxproj]
C:\Users\DAB\mysite\backend\build_new\crow-prefix\src\crow\include\crow/http_connect
ion.h(53,31): error C3861: get_cached_date_str_f: идентификатор не найден [C:\Users\
DAB\mysite\backend\build_new\crow-prefix\src\crow-build\examples\example_chat.vcxpro
j] [C:\Users\DAB\mysite\backend\build_new\crow.vcxproj]
C:\Users\DAB\mysite\backend\build_new\crow-prefix\src\crow\include\crow/http_connect
ion.h(54,23): error C3861: task_timer: идентификатор не найден [C:\Users\DAB\mysite\
backend\build_new\crow-prefix\src\crow-build\examples\example_chat.vcxproj] [C:\User
s\DAB\mysite\backend\build_new\crow.vcxproj]
C:\Users\DAB\mysite\backend\build_new\crow-prefix\src\crow\include\crow/http_connect
ion.h(55,33): error C3861: handler: идентификатор не найден [C:\Users\DAB\mysite\bac
kend\build_new\crow-prefix\src\crow-build\examples\example_chat.vcxproj] [C:\Users\D
AB\mysite\backend\build_new\crow.vcxproj]
C:\Users\DAB\mysite\backend\build_new\crow-prefix\src\crow\include\crow/http_connect
ion.h(56,25): error C3861: queue_length: идентификатор не найден [C:\Users\DAB\mysit
e\backend\build_new\crow-prefix\src\crow-build\examples\example_chat.vcxproj] [C:\Us
ers\DAB\mysite\backend\build_new\crow.vcxproj]
C:\Users\DAB\mysite\backend\build_new\crow-prefix\src\crow\include\crow/http_connect
ion.h(48,20): error C2065: io_service: необъявленный идентификатор [C:\Users\DAB\mys
ite\backend\build_new\crow-prefix\src\crow-build\examples\example_chat.vcxproj] [C:\
Users\DAB\mysite\backend\build_new\crow.vcxproj]
C:\Users\DAB\mysite\backend\build_new\crow-prefix\src\crow\include\crow/http_connect
ion.h(48,32): error C2065: adaptor_ctx_: необъявленный идентификатор [C:\Users\DAB\m
ysite\backend\build_new\crow-prefix\src\crow-build\examples\example_chat.vcxproj] [C
:\Users\DAB\mysite\backend\build_new\crow.vcxproj]
C:\Users\DAB\mysite\backend\build_new\crow-prefix\src\crow\include\crow/http_connect
ion.h(49,20): error C2065: handler: необъявленный идентификатор [C:\Users\DAB\mysite
\backend\build_new\crow-prefix\src\crow-build\examples\example_chat.vcxproj] [C:\Use
rs\DAB\mysite\backend\build_new\crow.vcxproj]
C:\Users\DAB\mysite\backend\build_new\crow-prefix\src\crow\include\crow/http_connect
ion.h(51,24): error C2065: server_name: необъявленный идентификатор [C:\Users\DAB\my
site\backend\build_new\crow-prefix\src\crow-build\examples\example_chat.vcxproj] [C:
\Users\DAB\mysite\backend\build_new\crow.vcxproj]
C:\Users\DAB\mysite\backend\build_new\crow-prefix\src\crow\include\crow/http_connect
ion.h(52,24): error C2065: middlewares: необъявленный идентификатор [C:\Users\DAB\my
site\backend\build_new\crow-prefix\src\crow-build\examples\example_chat.vcxproj] [C:
\Users\DAB\mysite\backend\build_new\crow.vcxproj]
C:\Users\DAB\mysite\backend\build_new\crow-prefix\src\crow\include\crow/http_connect
ion.h(53,31): error C2065: get_cached_date_str_f: необъявленный идентификатор [C:\Us
ers\DAB\mysite\backend\build_new\crow-prefix\src\crow-build\examples\example_chat.vc
xproj] [C:\Users\DAB\mysite\backend\build_new\crow.vcxproj]
C:\Users\DAB\mysite\backend\build_new\crow-prefix\src\crow\include\crow/http_connect
ion.h(54,23): error C2065: task_timer: необъявленный идентификатор [C:\Users\DAB\mys
ite\backend\build_new\crow-prefix\src\crow-build\examples\example_chat.vcxproj] [C:\
Users\DAB\mysite\backend\build_new\crow.vcxproj]
C:\Users\DAB\mysite\backend\build_new\crow-prefix\src\crow\include\crow/http_connect
ion.h(55,33): error C2065: handler: необъявленный идентификатор [C:\Users\DAB\mysite
\backend\build_new\crow-prefix\src\crow-build\examples\example_chat.vcxproj] [C:\Use
rs\DAB\mysite\backend\build_new\crow.vcxproj]
C:\Users\DAB\mysite\backend\build_new\crow-prefix\src\crow\include\crow/http_connect
ion.h(56,25): error C2065: queue_length: необъявленный идентификатор [C:\Users\DAB\m
ysite\backend\build_new\crow-prefix\src\crow-build\examples\example_chat.vcxproj] [C
:\Users\DAB\mysite\backend\build_new\crow.vcxproj]
C:\Users\DAB\mysite\backend\build_new\crow-prefix\src\crow\include\crow/http_server.
h(226,15): error C2039: "io_service": не является членом "boost::asio". [C:\Users\DA
B\mysite\backend\build_new\crow-prefix\src\crow-build\examples\example_chat.vcxproj]
 [C:\Users\DAB\mysite\backend\build_new\crow.vcxproj]
  C:\Users\DAB\Desktop\vcpkg\installed\x64-windows\include\boost/asio/impl/write_at.
  hpp(35,11): message : см. объявление "boost::asio" [C:\Users\DAB\mysite\backend\bu
  ild_new\crow-prefix\src\crow-build\examples\example_chat.vcxproj]
  C:\Users\DAB\mysite\backend\build_new\crow-prefix\src\crow\include\crow/http_serve
  r.h(248,6): message : выполняется компиляция ссылки на экземпляр класс шаблон функ
  ции "crow::Server<Handler,Adaptor,Middlewares...>" [C:\Users\DAB\mysite\backend\bu
  ild_new\crow-prefix\src\crow-build\examples\example_chat.vcxproj]
C:\Users\DAB\mysite\backend\build_new\crow-prefix\src\crow\include\crow/http_server.
h(226,26): error C3646: io_service_: неизвестный спецификатор переопределения [C:\Us
ers\DAB\mysite\backend\build_new\crow-prefix\src\crow-build\examples\example_chat.vc
xproj] [C:\Users\DAB\mysite\backend\build_new\crow.vcxproj]
C:\Users\DAB\mysite\backend\build_new\crow-prefix\src\crow\include\crow/http_server.
h(226,1): error C4430: отсутствует спецификатор типа - предполагается int. Примечани
е. C++ не поддерживает int по умолчанию [C:\Users\DAB\mysite\backend\build_new\crow-
prefix\src\crow-build\examples\example_chat.vcxproj] [C:\Users\DAB\mysite\backend\bu
ild_new\crow.vcxproj]
C:\Users\DAB\mysite\backend\build_new\crow-prefix\src\crow\include\crow/http_server.
h(227,43): error C2039: "io_service": не является членом "boost::asio". [C:\Users\DA
B\mysite\backend\build_new\crow-prefix\src\crow-build\examples\example_chat.vcxproj]
 [C:\Users\DAB\mysite\backend\build_new\crow.vcxproj]
  C:\Users\DAB\Desktop\vcpkg\installed\x64-windows\include\boost/asio/impl/write_at.
  hpp(35,11): message : см. объявление "boost::asio" [C:\Users\DAB\mysite\backend\bu
  ild_new\crow-prefix\src\crow-build\examples\example_chat.vcxproj]
C:\Users\DAB\mysite\backend\build_new\crow-prefix\src\crow\include\crow/http_server.
h(227,43): error C2065: io_service: необъявленный идентификатор [C:\Users\DAB\mysite
\backend\build_new\crow-prefix\src\crow-build\examples\example_chat.vcxproj] [C:\Use
rs\DAB\mysite\backend\build_new\crow.vcxproj]
C:\Users\DAB\mysite\backend\build_new\crow-prefix\src\crow\include\crow/http_server.
h(227,26): error C2923: std::unique_ptr: "io_service" не является допустимым аргумен
том типа шаблон для параметра "_Ty" [C:\Users\DAB\mysite\backend\build_new\crow-pref
ix\src\crow-build\examples\example_chat.vcxproj] [C:\Users\DAB\mysite\backend\build_
new\crow.vcxproj]
  C:\Users\DAB\mysite\backend\build_new\crow-prefix\src\crow\include\crow/http_serve
  r.h(227,43): message : см. объявление "io_service" [C:\Users\DAB\mysite\backend\bu
  ild_new\crow-prefix\src\crow-build\examples\example_chat.vcxproj]
C:\Users\DAB\mysite\backend\build_new\crow-prefix\src\crow\include\crow/http_server.
h(227,26): error C2976: std::unique_ptr: слишком мало аргументов шаблон [C:\Users\DA
B\mysite\backend\build_new\crow-prefix\src\crow-build\examples\example_chat.vcxproj]
 [C:\Users\DAB\mysite\backend\build_new\crow.vcxproj]
  C:\Program Files\Microsoft Visual Studio\2022\Community\VC\Tools\MSVC\14.37.32822\
  include\memory(3213,1): message : см. объявление "std::unique_ptr" [C:\Users\DAB\m
  ysite\backend\build_new\crow-prefix\src\crow-build\examples\example_chat.vcxproj]
C:\Users\DAB\mysite\backend\build_new\crow-prefix\src\crow\include\crow/http_server.
h(227,26): error C3203: "unique_ptr": неспециализированный класс шаблон нельзя испол
ьзовать в качестве аргумента шаблон для параметра шаблон "_Ty", требуется действител
ьный тип [C:\Users\DAB\mysite\backend\build_new\crow-prefix\src\crow-build\examples\
example_chat.vcxproj] [C:\Users\DAB\mysite\backend\build_new\crow.vcxproj]
C:\Users\DAB\mysite\backend\build_new\crow-prefix\src\crow\include\crow/http_server.
h(30,21): error C3861: io_service_: идентификатор не найден [C:\Users\DAB\mysite\bac
kend\build_new\crow-prefix\src\crow-build\examples\example_chat.vcxproj] [C:\Users\D
AB\mysite\backend\build_new\crow.vcxproj]
C:\Users\DAB\mysite\backend\build_new\crow-prefix\src\crow\include\crow/http_server.
h(31,20): error C3861: io_service_: идентификатор не найден [C:\Users\DAB\mysite\bac
kend\build_new\crow-prefix\src\crow-build\examples\example_chat.vcxproj] [C:\Users\D
AB\mysite\backend\build_new\crow.vcxproj]
C:\Users\DAB\mysite\backend\build_new\crow-prefix\src\crow\include\crow/http_server.
h(32,23): error C3861: io_service_: идентификатор не найден [C:\Users\DAB\mysite\bac
kend\build_new\crow-prefix\src\crow-build\examples\example_chat.vcxproj] [C:\Users\D
AB\mysite\backend\build_new\crow.vcxproj]
C:\Users\DAB\mysite\backend\build_new\crow-prefix\src\crow\include\crow/http_server.
h(30,21): error C2065: io_service_: необъявленный идентификатор [C:\Users\DAB\mysite
\backend\build_new\crow-prefix\src\crow-build\examples\example_chat.vcxproj] [C:\Use
rs\DAB\mysite\backend\build_new\crow.vcxproj]
C:\Users\DAB\mysite\backend\build_new\crow-prefix\src\crow\include\crow/http_server.
h(31,20): error C2065: io_service_: необъявленный идентификатор [C:\Users\DAB\mysite
\backend\build_new\crow-prefix\src\crow-build\examples\example_chat.vcxproj] [C:\Use
rs\DAB\mysite\backend\build_new\crow.vcxproj]
C:\Users\DAB\mysite\backend\build_new\crow-prefix\src\crow\include\crow/http_server.
h(32,23): error C2065: io_service_: необъявленный идентификатор [C:\Users\DAB\mysite
\backend\build_new\crow-prefix\src\crow-build\examples\example_chat.vcxproj] [C:\Use
rs\DAB\mysite\backend\build_new\crow.vcxproj]
C:\Users\DAB\mysite\backend\build_new\crow-prefix\src\crow\include\crow/http_server.
h(65,51): error C2187: синтаксическая ошибка: непредвиденный здесь элемент "boost" [
C:\Users\DAB\mysite\backend\build_new\crow-prefix\src\crow-build\examples\example_ch
at.vcxproj] [C:\Users\DAB\mysite\backend\build_new\crow.vcxproj]
C:\Users\DAB\mysite\backend\build_new\crow-prefix\src\crow\include\crow/http_server.
h(65,74): error C3878: синтаксическая ошибка: непредвиденный маркер "(" после "expre
ssion" [C:\Users\DAB\mysite\backend\build_new\crow-prefix\src\crow-build\examples\ex
ample_chat.vcxproj] [C:\Users\DAB\mysite\backend\build_new\crow.vcxproj]
  C:\Users\DAB\mysite\backend\build_new\crow-prefix\src\crow\include\crow/http_serve
  r.h(65,74): message : пропущено восстановление ошибки: "(" [C:\Users\DAB\mysite\ba
  ckend\build_new\crow-prefix\src\crow-build\examples\example_chat.vcxproj]
C:\Users\DAB\mysite\backend\build_new\crow-prefix\src\crow\include\crow/http_server.
h(65,75): error C2760: синтаксическая ошибка: непредвиденный элемент ")". Ожидается
";" [C:\Users\DAB\mysite\backend\build_new\crow-prefix\src\crow-build\examples\examp
le_chat.vcxproj] [C:\Users\DAB\mysite\backend\build_new\crow.vcxproj]
C:\Users\DAB\mysite\backend\build_new\crow-prefix\src\crow\include\crow/http_server.
h(65,75): error C3878: синтаксическая ошибка: непредвиденный маркер ")" после "expre
ssion_statement" [C:\Users\DAB\mysite\backend\build_new\crow-prefix\src\crow-build\e
xamples\example_chat.vcxproj] [C:\Users\DAB\mysite\backend\build_new\crow.vcxproj]
  C:\Users\DAB\mysite\backend\build_new\crow-prefix\src\crow\include\crow/http_serve
  r.h(65,75): message : пропущено восстановление ошибки: ") )" [C:\Users\DAB\mysite\
  backend\build_new\crow-prefix\src\crow-build\examples\example_chat.vcxproj]
C:\Users\DAB\mysite\backend\build_new\crow-prefix\src\crow\include\crow/http_server.
h(156,19): error C2065: io_service_: необъявленный идентификатор [C:\Users\DAB\mysit
e\backend\build_new\crow-prefix\src\crow-build\examples\example_chat.vcxproj] [C:\Us
ers\DAB\mysite\backend\build_new\crow.vcxproj]
C:\Users\DAB\mysite\backend\build_new\crow-prefix\src\crow\include\crow/http_server.
h(164,13): error C3861: io_service_: идентификатор не найден [C:\Users\DAB\mysite\ba
ckend\build_new\crow-prefix\src\crow-build\examples\example_chat.vcxproj] [C:\Users\
DAB\mysite\backend\build_new\crow.vcxproj]
C:\Users\DAB\mysite\backend\build_new\crow-prefix\src\crow\include\crow/http_server.
h(164,13): error C2065: io_service_: необъявленный идентификатор [C:\Users\DAB\mysit
e\backend\build_new\crow-prefix\src\crow-build\examples\example_chat.vcxproj] [C:\Us
ers\DAB\mysite\backend\build_new\crow.vcxproj]
C:\Users\DAB\mysite\backend\build_new\crow-prefix\src\crow\include\crow/http_server.
h(197,19): error C2039: "io_service": не является членом "boost::asio". [C:\Users\DA
B\mysite\backend\build_new\crow-prefix\src\crow-build\examples\example_chat.vcxproj]
 [C:\Users\DAB\mysite\backend\build_new\crow.vcxproj]
  C:\Users\DAB\Desktop\vcpkg\installed\x64-windows\include\boost/asio/impl/write_at.
  hpp(35,11): message : см. объявление "boost::asio" [C:\Users\DAB\mysite\backend\bu
  ild_new\crow-prefix\src\crow-build\examples\example_chat.vcxproj]
C:\Users\DAB\mysite\backend\build_new\crow-prefix\src\crow\include\crow/http_server.
h(197,31): error C3861: is: идентификатор не найден [C:\Users\DAB\mysite\backend\bui
ld_new\crow-prefix\src\crow-build\examples\example_chat.vcxproj] [C:\Users\DAB\mysit
e\backend\build_new\crow.vcxproj]
C:\Users\DAB\mysite\backend\build_new\crow-prefix\src\crow\include\crow/http_server.
h(199,32): error C2065: is: необъявленный идентификатор [C:\Users\DAB\mysite\backend
\build_new\crow-prefix\src\crow-build\examples\example_chat.vcxproj] [C:\Users\DAB\m
ysite\backend\build_new\crow.vcxproj]
C:\Users\DAB\mysite\backend\build_new\crow-prefix\src\crow\include\crow/http_server.
h(199,32): error C3861: is: идентификатор не найден [C:\Users\DAB\mysite\backend\bui
ld_new\crow-prefix\src\crow-build\examples\example_chat.vcxproj] [C:\Users\DAB\mysit
e\backend\build_new\crow.vcxproj]
C:\Users\DAB\mysite\backend\build_new\crow-prefix\src\crow\include\crow/http_server.
h(202,15): error C3861: is: идентификатор не найден [C:\Users\DAB\mysite\backend\bui
ld_new\crow-prefix\src\crow-build\examples\example_chat.vcxproj] [C:\Users\DAB\mysit
e\backend\build_new\crow.vcxproj]
C:\Users\DAB\mysite\backend\build_new\crow-prefix\src\crow\include\crow/http_server.
h(207,26): error C3861: is: идентификатор не найден [C:\Users\DAB\mysite\backend\bui
ld_new\crow-prefix\src\crow-build\examples\example_chat.vcxproj] [C:\Users\DAB\mysit
e\backend\build_new\crow.vcxproj]
C:\Users\DAB\mysite\backend\build_new\crow-prefix\src\crow\include\crow/http_server.
h(210,23): error C3861: is: идентификатор не найден [C:\Users\DAB\mysite\backend\bui
ld_new\crow-prefix\src\crow-build\examples\example_chat.vcxproj] [C:\Users\DAB\mysit
e\backend\build_new\crow.vcxproj]
C:\Users\DAB\mysite\backend\build_new\crow-prefix\src\crow\include\crow/http_server.
h(218,42): error C2065: is: необъявленный идентификатор [C:\Users\DAB\mysite\backend
\build_new\crow-prefix\src\crow-build\examples\example_chat.vcxproj] [C:\Users\DAB\m
ysite\backend\build_new\crow.vcxproj]
C:\Users\DAB\mysite\backend\build_new\crow-prefix\src\crow\include\crow/http_server.
h(218,42): error C3861: is: идентификатор не найден [C:\Users\DAB\mysite\backend\bui
ld_new\crow-prefix\src\crow-build\examples\example_chat.vcxproj] [C:\Users\DAB\mysit
e\backend\build_new\crow.vcxproj]
C:\Users\DAB\mysite\backend\build_new\crow-prefix\src\crow\include\crow/http_server.
h(197,31): error C2065: is: необъявленный идентификатор [C:\Users\DAB\mysite\backend
\build_new\crow-prefix\src\crow-build\examples\example_chat.vcxproj] [C:\Users\DAB\m
ysite\backend\build_new\crow.vcxproj]
C:\Users\DAB\mysite\backend\build_new\crow-prefix\src\crow\include\crow/http_server.
h(202,15): error C2065: is: необъявленный идентификатор [C:\Users\DAB\mysite\backend
\build_new\crow-prefix\src\crow-build\examples\example_chat.vcxproj] [C:\Users\DAB\m
ysite\backend\build_new\crow.vcxproj]
C:\Users\DAB\mysite\backend\build_new\crow-prefix\src\crow\include\crow/http_server.
h(210,23): error C2065: is: необъявленный идентификатор [C:\Users\DAB\mysite\backend
\build_new\crow-prefix\src\crow-build\examples\example_chat.vcxproj] [C:\Users\DAB\m
ysite\backend\build_new\crow.vcxproj]
    Building Custom Rule C:/Users/DAB/mysite/backend/build_new/crow-prefix/src/crow/
  examples/CMakeLists.txt
    example_cors.cpp
C:\Users\DAB\mysite\backend\build_new\crow-prefix\src\crow\include\crow/query_string
.h(117,20): warning C4267: =: преобразование из "size_t" в "int"; возможна потеря да
нных [C:\Users\DAB\mysite\backend\build_new\crow-prefix\src\crow-build\examples\exam
ple_cors.vcxproj] [C:\Users\DAB\mysite\backend\build_new\crow.vcxproj]
C:\Users\DAB\mysite\backend\build_new\crow-prefix\src\crow\include\crow/query_string
.h(370,92): warning C4267: аргумент: преобразование из "size_t" в "int"; возможна по
теря данных [C:\Users\DAB\mysite\backend\build_new\crow-prefix\src\crow-build\exampl
es\example_cors.vcxproj] [C:\Users\DAB\mysite\backend\build_new\crow.vcxproj]
C:\Users\DAB\mysite\backend\build_new\crow-prefix\src\crow\include\crow/query_string
.h(406,94): warning C4267: аргумент: преобразование из "size_t" в "int"; возможна по
теря данных [C:\Users\DAB\mysite\backend\build_new\crow-prefix\src\crow-build\exampl
es\example_cors.vcxproj] [C:\Users\DAB\mysite\backend\build_new\crow.vcxproj]
C:\Users\DAB\mysite\backend\build_new\crow-prefix\src\crow\include\crow/query_string
.h(445,112): warning C4267: аргумент: преобразование из "size_t" в "int"; возможна п
отеря данных [C:\Users\DAB\mysite\backend\build_new\crow-prefix\src\crow-build\examp
les\example_cors.vcxproj] [C:\Users\DAB\mysite\backend\build_new\crow.vcxproj]
C:\Users\DAB\mysite\backend\build_new\crow-prefix\src\crow\include\crow/utility.h(67
2,39): warning C4267: инициализация: преобразование из "size_t" в "unsigned int"; во
зможна потеря данных [C:\Users\DAB\mysite\backend\build_new\crow-prefix\src\crow-bui
ld\examples\example_cors.vcxproj] [C:\Users\DAB\mysite\backend\build_new\crow.vcxpro
j]
C:\Users\DAB\mysite\backend\build_new\crow-prefix\src\crow\include\crow/http_parser_
merged.h(589,32): warning C4244: =: преобразование "__int64" в "unsigned long", возм
ожна потеря данных [C:\Users\DAB\mysite\backend\build_new\crow-prefix\src\crow-build
\examples\example_cors.vcxproj] [C:\Users\DAB\mysite\backend\build_new\crow.vcxproj]
C:\Users\DAB\mysite\backend\build_new\crow-prefix\src\crow\include\crow/http_parser_
merged.h(609,32): warning C4244: =: преобразование "__int64" в "unsigned long", возм
ожна потеря данных [C:\Users\DAB\mysite\backend\build_new\crow-prefix\src\crow-build
\examples\example_cors.vcxproj] [C:\Users\DAB\mysite\backend\build_new\crow.vcxproj]
    Please define _WIN32_WINNT or _WIN32_WINDOWS appropriately. For example:
    - add -D_WIN32_WINNT=0x0601 to the compiler command line; or
    - add _WIN32_WINNT=0x0601 to your project's Preprocessor Definitions.
    Assuming _WIN32_WINNT=0x0601 (i.e. Windows 7 target).
C:\Users\DAB\mysite\backend\build_new\crow-prefix\src\crow\include\crow/socket_adapt
ors.h(21,36): error C2039: "io_service": не является членом "boost::asio". [C:\Users
\DAB\mysite\backend\build_new\crow-prefix\src\crow-build\examples\example_cors.vcxpr
oj] [C:\Users\DAB\mysite\backend\build_new\crow.vcxproj]
  C:\Users\DAB\Desktop\vcpkg\installed\x64-windows\include\boost/asio/impl/write_at.
  hpp(35,11): message : см. объявление "boost::asio" [C:\Users\DAB\mysite\backend\bu
  ild_new\crow-prefix\src\crow-build\examples\example_cors.vcxproj]
C:\Users\DAB\mysite\backend\build_new\crow-prefix\src\crow\include\crow/socket_adapt
ors.h(21,36): error C2061: синтаксическая ошибка: идентификатор "io_service" [C:\Use
rs\DAB\mysite\backend\build_new\crow-prefix\src\crow-build\examples\example_cors.vcx
proj] [C:\Users\DAB\mysite\backend\build_new\crow.vcxproj]
C:\Users\DAB\mysite\backend\build_new\crow-prefix\src\crow\include\crow/socket_adapt
ors.h(25,22): error C2039: "io_service": не является членом "boost::asio". [C:\Users
\DAB\mysite\backend\build_new\crow-prefix\src\crow-build\examples\example_cors.vcxpr
oj] [C:\Users\DAB\mysite\backend\build_new\crow.vcxproj]
  C:\Users\DAB\Desktop\vcpkg\installed\x64-windows\include\boost/asio/impl/write_at.
  hpp(35,11): message : см. объявление "boost::asio" [C:\Users\DAB\mysite\backend\bu
  ild_new\crow-prefix\src\crow-build\examples\example_cors.vcxproj]
C:\Users\DAB\mysite\backend\build_new\crow-prefix\src\crow\include\crow/socket_adapt
ors.h(25,32): error C2143: синтаксическая ошибка: отсутствие ";" перед "&" [C:\Users
\DAB\mysite\backend\build_new\crow-prefix\src\crow-build\examples\example_cors.vcxpr
oj] [C:\Users\DAB\mysite\backend\build_new\crow.vcxproj]
C:\Users\DAB\mysite\backend\build_new\crow-prefix\src\crow\include\crow/socket_adapt
ors.h(25,32): error C4430: отсутствует спецификатор типа - предполагается int. Приме
чание. C++ не поддерживает int по умолчанию [C:\Users\DAB\mysite\backend\build_new\c
row-prefix\src\crow-build\examples\example_cors.vcxproj] [C:\Users\DAB\mysite\backen
d\build_new\crow.vcxproj]
C:\Users\DAB\mysite\backend\build_new\crow-prefix\src\crow\include\crow/socket_adapt
ors.h(26,9): error C2334: непредвиденные лексемы перед "{"; пропуск вероятного тела
функции [C:\Users\DAB\mysite\backend\build_new\crow-prefix\src\crow-build\examples\e
xample_cors.vcxproj] [C:\Users\DAB\mysite\backend\build_new\crow.vcxproj]
C:\Users\DAB\mysite\backend\build_new\crow-prefix\src\crow\include\crow/socket_adapt
ors.h(22,19): error C2065: io_service: необъявленный идентификатор [C:\Users\DAB\mys
ite\backend\build_new\crow-prefix\src\crow-build\examples\example_cors.vcxproj] [C:\
Users\DAB\mysite\backend\build_new\crow.vcxproj]
C:\Users\DAB\mysite\backend\build_new\crow-prefix\src\crow\include\crow/json.h(63,42
): warning C4244: аргумент: преобразование "int" в "_Elem", возможна потеря данных [
C:\Users\DAB\mysite\backend\build_new\crow-prefix\src\crow-build\examples\example_co
rs.vcxproj] [C:\Users\DAB\mysite\backend\build_new\crow.vcxproj]
            with
            [
                _Elem=char
            ]
C:\Users\DAB\mysite\backend\build_new\crow-prefix\src\crow\include\crow/json.h(64,42
): warning C4244: аргумент: преобразование "int" в "_Elem", возможна потеря данных [
C:\Users\DAB\mysite\backend\build_new\crow-prefix\src\crow-build\examples\example_co
rs.vcxproj] [C:\Users\DAB\mysite\backend\build_new\crow.vcxproj]
            with
            [
                _Elem=char
            ]
C:\Users\DAB\mysite\backend\build_new\crow-prefix\src\crow\include\crow/json.h(461,5
6): warning C4244: =: преобразование "unsigned int" в "char", возможна потеря данных
 [C:\Users\DAB\mysite\backend\build_new\crow-prefix\src\crow-build\examples\example_
cors.vcxproj] [C:\Users\DAB\mysite\backend\build_new\crow.vcxproj]
C:\Users\DAB\mysite\backend\build_new\crow-prefix\src\crow\include\crow/json.h(467,5
6): warning C4244: =: преобразование "unsigned int" в "char", возможна потеря данных
 [C:\Users\DAB\mysite\backend\build_new\crow-prefix\src\crow-build\examples\example_
cors.vcxproj] [C:\Users\DAB\mysite\backend\build_new\crow.vcxproj]
C:\Users\DAB\mysite\backend\build_new\crow-prefix\src\crow\include\crow/json.h(472,5
1): warning C4244: =: преобразование "unsigned int" в "char", возможна потеря данных
 [C:\Users\DAB\mysite\backend\build_new\crow-prefix\src\crow-build\examples\example_
cors.vcxproj] [C:\Users\DAB\mysite\backend\build_new\crow.vcxproj]
C:\Users\DAB\mysite\backend\build_new\crow-prefix\src\crow\include\crow/json.h(681,4
1): warning C4244: =: преобразование "uint32_t" в "uint16_t", возможна потеря данных
 [C:\Users\DAB\mysite\backend\build_new\crow-prefix\src\crow-build\examples\example_
cors.vcxproj] [C:\Users\DAB\mysite\backend\build_new\crow.vcxproj]
C:\Users\DAB\mysite\backend\build_new\crow-prefix\src\crow\include\crow/json.h(1211,
35): warning C4267: аргумент: преобразование из "size_t" в "uint32_t"; возможна поте
ря данных [C:\Users\DAB\mysite\backend\build_new\crow-prefix\src\crow-build\examples
\example_cors.vcxproj] [C:\Users\DAB\mysite\backend\build_new\crow.vcxproj]
C:\Users\DAB\mysite\backend\build_new\crow-prefix\src\crow\include\crow/json.h(1671,
32): warning C4267: return: преобразование из "size_t" в "int"; возможна потеря данн
ых [C:\Users\DAB\mysite\backend\build_new\crow-prefix\src\crow-build\examples\exampl
e_cors.vcxproj] [C:\Users\DAB\mysite\backend\build_new\crow.vcxproj]
C:\Users\DAB\mysite\backend\build_new\crow-prefix\src\crow\include\crow/json.h(1792,
52): warning C4458: объявление "o" скрывает член класса [C:\Users\DAB\mysite\backend
\build_new\crow-prefix\src\crow-build\examples\example_cors.vcxproj] [C:\Users\DAB\m
ysite\backend\build_new\crow.vcxproj]
  C:\Users\DAB\mysite\backend\build_new\crow-prefix\src\crow\include\crow/json.h(127
  0,37): message : см. объявление "crow::json::wvalue::o" [C:\Users\DAB\mysite\backe
  nd\build_new\crow-prefix\src\crow-build\examples\example_cors.vcxproj]
C:\Users\DAB\mysite\backend\build_new\crow-prefix\src\crow\include\crow/mustache.h(9
7,33): warning C4267: инициализация: преобразование из "size_t" в "int"; возможна по
теря данных [C:\Users\DAB\mysite\backend\build_new\crow-prefix\src\crow-build\exampl
es\example_cors.vcxproj] [C:\Users\DAB\mysite\backend\build_new\crow.vcxproj]
C:\Users\DAB\mysite\backend\build_new\crow-prefix\src\crow\include\crow/mustache.h(1
16,48): warning C4267: =: преобразование из "size_t" в "int"; возможна потеря данных
 [C:\Users\DAB\mysite\backend\build_new\crow-prefix\src\crow-build\examples\example_
cors.vcxproj] [C:\Users\DAB\mysite\backend\build_new\crow.vcxproj]
C:\Users\DAB\mysite\backend\build_new\crow-prefix\src\crow\include\crow/mustache.h(1
18,53): warning C4267: аргумент: преобразование из "size_t" в "_Ty"; возможна потеря
 данных [C:\Users\DAB\mysite\backend\build_new\crow-prefix\src\crow-build\examples\e
xample_cors.vcxproj] [C:\Users\DAB\mysite\backend\build_new\crow.vcxproj]
            with
            [
                _Ty=int
            ]
C:\Users\DAB\mysite\backend\build_new\crow-prefix\src\crow\include\crow/mustache.h(2
21,94): warning C4267: аргумент: преобразование из "size_t" в "int"; возможна потеря
 данных [C:\Users\DAB\mysite\backend\build_new\crow-prefix\src\crow-build\examples\e
xample_cors.vcxproj] [C:\Users\DAB\mysite\backend\build_new\crow.vcxproj]
C:\Users\DAB\mysite\backend\build_new\crow-prefix\src\crow\include\crow/mustache.h(3
67,54): warning C4267: аргумент: преобразование из "size_t" в "int"; возможна потеря
 данных [C:\Users\DAB\mysite\backend\build_new\crow-prefix\src\crow-build\examples\e
xample_cors.vcxproj] [C:\Users\DAB\mysite\backend\build_new\crow.vcxproj]
C:\Users\DAB\mysite\backend\build_new\crow-prefix\src\crow\include\crow/mustache.h(3
78,54): warning C4267: аргумент: преобразование из "size_t" в "int"; возможна потеря
 данных [C:\Users\DAB\mysite\backend\build_new\crow-prefix\src\crow-build\examples\e
xample_cors.vcxproj] [C:\Users\DAB\mysite\backend\build_new\crow.vcxproj]
C:\Users\DAB\mysite\backend\build_new\crow-prefix\src\crow\include\crow/mustache.h(3
90,54): warning C4267: аргумент: преобразование из "size_t" в "int"; возможна потеря
 данных [C:\Users\DAB\mysite\backend\build_new\crow-prefix\src\crow-build\examples\e
xample_cors.vcxproj] [C:\Users\DAB\mysite\backend\build_new\crow.vcxproj]
C:\Users\DAB\mysite\backend\build_new\crow-prefix\src\crow\include\crow/mustache.h(4
01,54): warning C4267: аргумент: преобразование из "size_t" в "int"; возможна потеря
 данных [C:\Users\DAB\mysite\backend\build_new\crow-prefix\src\crow-build\examples\e
xample_cors.vcxproj] [C:\Users\DAB\mysite\backend\build_new\crow.vcxproj]
C:\Users\DAB\mysite\backend\build_new\crow-prefix\src\crow\include\crow/mustache.h(4
63,60): warning C4267: =: преобразование из "size_t" в "int"; возможна потеря данных
 [C:\Users\DAB\mysite\backend\build_new\crow-prefix\src\crow-build\examples\example_
cors.vcxproj] [C:\Users\DAB\mysite\backend\build_new\crow.vcxproj]
C:\Users\DAB\mysite\backend\build_new\crow-prefix\src\crow\include\crow/mustache.h(5
63,28): warning C4267: инициализация: преобразование из "size_t" в "int"; возможна п
отеря данных [C:\Users\DAB\mysite\backend\build_new\crow-prefix\src\crow-build\examp
les\example_cors.vcxproj] [C:\Users\DAB\mysite\backend\build_new\crow.vcxproj]
C:\Users\DAB\mysite\backend\build_new\crow-prefix\src\crow\include\crow/task_timer.h
(28,37): error C2039: "io_service": не является членом "boost::asio". [C:\Users\DAB\
mysite\backend\build_new\crow-prefix\src\crow-build\examples\example_cors.vcxproj] [
C:\Users\DAB\mysite\backend\build_new\crow.vcxproj]
  C:\Users\DAB\Desktop\vcpkg\installed\x64-windows\include\boost/asio/impl/write_at.
  hpp(35,11): message : см. объявление "boost::asio" [C:\Users\DAB\mysite\backend\bu
  ild_new\crow-prefix\src\crow-build\examples\example_cors.vcxproj]
C:\Users\DAB\mysite\backend\build_new\crow-prefix\src\crow\include\crow/task_timer.h
(28,37): error C2061: синтаксическая ошибка: идентификатор "io_service" [C:\Users\DA
B\mysite\backend\build_new\crow-prefix\src\crow-build\examples\example_cors.vcxproj]
 [C:\Users\DAB\mysite\backend\build_new\crow.vcxproj]
C:\Users\DAB\mysite\backend\build_new\crow-prefix\src\crow\include\crow/task_timer.h
(123,26): error C2039: "io_service": не является членом "boost::asio". [C:\Users\DAB
\mysite\backend\build_new\crow-prefix\src\crow-build\examples\example_cors.vcxproj]
[C:\Users\DAB\mysite\backend\build_new\crow.vcxproj]
  C:\Users\DAB\Desktop\vcpkg\installed\x64-windows\include\boost/asio/impl/write_at.
  hpp(35,11): message : см. объявление "boost::asio" [C:\Users\DAB\mysite\backend\bu
  ild_new\crow-prefix\src\crow-build\examples\example_cors.vcxproj]
C:\Users\DAB\mysite\backend\build_new\crow-prefix\src\crow\include\crow/task_timer.h
(123,36): error C2143: синтаксическая ошибка: отсутствие ";" перед "&" [C:\Users\DAB
\mysite\backend\build_new\crow-prefix\src\crow-build\examples\example_cors.vcxproj]
[C:\Users\DAB\mysite\backend\build_new\crow.vcxproj]
C:\Users\DAB\mysite\backend\build_new\crow-prefix\src\crow\include\crow/task_timer.h
(123,36): error C4430: отсутствует спецификатор типа - предполагается int. Примечани
е. C++ не поддерживает int по умолчанию [C:\Users\DAB\mysite\backend\build_new\crow-
prefix\src\crow-build\examples\example_cors.vcxproj] [C:\Users\DAB\mysite\backend\bu
ild_new\crow.vcxproj]
C:\Users\DAB\mysite\backend\build_new\crow-prefix\src\crow\include\crow/task_timer.h
(123,49): error C2238: непредвиденные лексемы перед ";" [C:\Users\DAB\mysite\backend
\build_new\crow-prefix\src\crow-build\examples\example_cors.vcxproj] [C:\Users\DAB\m
ysite\backend\build_new\crow.vcxproj]
C:\Users\DAB\mysite\backend\build_new\crow-prefix\src\crow\include\crow/task_timer.h
(29,27): error C2065: io_service: необъявленный идентификатор [C:\Users\DAB\mysite\b
ackend\build_new\crow-prefix\src\crow-build\examples\example_cors.vcxproj] [C:\Users
\DAB\mysite\backend\build_new\crow.vcxproj]
C:\Users\DAB\mysite\backend\build_new\crow-prefix\src\crow\include\crow/task_timer.h
(29,56): error C2065: io_service_: необъявленный идентификатор [C:\Users\DAB\mysite\
backend\build_new\crow-prefix\src\crow-build\examples\example_cors.vcxproj] [C:\User
s\DAB\mysite\backend\build_new\crow.vcxproj]
C:\Users\DAB\mysite\backend\build_new\crow-prefix\src\crow\include\crow/task_timer.h
(29,15): error C2614: crow::detail::task_timer: недопустимая инициализация члена: "i
o_service_" не является базовым классом или членом [C:\Users\DAB\mysite\backend\buil
d_new\crow-prefix\src\crow-build\examples\example_cors.vcxproj] [C:\Users\DAB\mysite
\backend\build_new\crow.vcxproj]
C:\Users\DAB\mysite\backend\build_new\crow-prefix\src\crow\include\crow/http_request
.h(38,22): error C2039: "io_service": не является членом "boost::asio". [C:\Users\DA
B\mysite\backend\build_new\crow-prefix\src\crow-build\examples\example_cors.vcxproj]
 [C:\Users\DAB\mysite\backend\build_new\crow.vcxproj]
  C:\Users\DAB\Desktop\vcpkg\installed\x64-windows\include\boost/asio/impl/write_at.
  hpp(35,11): message : см. объявление "boost::asio" [C:\Users\DAB\mysite\backend\bu
  ild_new\crow-prefix\src\crow-build\examples\example_cors.vcxproj]
C:\Users\DAB\mysite\backend\build_new\crow-prefix\src\crow\include\crow/http_request
.h(38,32): error C2143: синтаксическая ошибка: отсутствие ";" перед "*" [C:\Users\DA
B\mysite\backend\build_new\crow-prefix\src\crow-build\examples\example_cors.vcxproj]
 [C:\Users\DAB\mysite\backend\build_new\crow.vcxproj]
C:\Users\DAB\mysite\backend\build_new\crow-prefix\src\crow\include\crow/http_request
.h(38,32): error C4430: отсутствует спецификатор типа - предполагается int. Примечан
ие. C++ не поддерживает int по умолчанию [C:\Users\DAB\mysite\backend\build_new\crow
-prefix\src\crow-build\examples\example_cors.vcxproj] [C:\Users\DAB\mysite\backend\b
uild_new\crow.vcxproj]
C:\Users\DAB\mysite\backend\build_new\crow-prefix\src\crow\include\crow/http_request
.h(38,44): error C2334: непредвиденные лексемы перед "{"; пропуск вероятного тела фу
нкции [C:\Users\DAB\mysite\backend\build_new\crow-prefix\src\crow-build\examples\exa
mple_cors.vcxproj] [C:\Users\DAB\mysite\backend\build_new\crow.vcxproj]
C:\Users\DAB\mysite\backend\build_new\crow-prefix\src\crow\include\crow/http_request
.h(69,13): error C3861: io_service: идентификатор не найден [C:\Users\DAB\mysite\bac
kend\build_new\crow-prefix\src\crow-build\examples\example_cors.vcxproj] [C:\Users\D
AB\mysite\backend\build_new\crow.vcxproj]
  C:\Users\DAB\mysite\backend\build_new\crow-prefix\src\crow\include\crow/http_reque
  st.h(67,14): message : Сообщение диагностики возникло в созданной компилятором фун
  кции "void crow::request::post(CompletionHandler)" [C:\Users\DAB\mysite\backend\bu
  ild_new\crow-prefix\src\crow-build\examples\example_cors.vcxproj]
C:\Users\DAB\mysite\backend\build_new\crow-prefix\src\crow\include\crow/http_request
.h(69,13): error C2065: io_service: необъявленный идентификатор [C:\Users\DAB\mysite
\backend\build_new\crow-prefix\src\crow-build\examples\example_cors.vcxproj] [C:\Use
rs\DAB\mysite\backend\build_new\crow.vcxproj]
  C:\Users\DAB\mysite\backend\build_new\crow-prefix\src\crow\include\crow/http_reque
  st.h(67,14): message : Сообщение диагностики возникло в созданной компилятором фун
  кции "void crow::request::post(CompletionHandler)" [C:\Users\DAB\mysite\backend\bu
  ild_new\crow-prefix\src\crow-build\examples\example_cors.vcxproj]
C:\Users\DAB\mysite\backend\build_new\crow-prefix\src\crow\include\crow/http_request
.h(76,13): error C3861: io_service: идентификатор не найден [C:\Users\DAB\mysite\bac
kend\build_new\crow-prefix\src\crow-build\examples\example_cors.vcxproj] [C:\Users\D
AB\mysite\backend\build_new\crow.vcxproj]
  C:\Users\DAB\mysite\backend\build_new\crow-prefix\src\crow\include\crow/http_reque
  st.h(74,14): message : Сообщение диагностики возникло в созданной компилятором фун
  кции "void crow::request::dispatch(CompletionHandler)" [C:\Users\DAB\mysite\backen
  d\build_new\crow-prefix\src\crow-build\examples\example_cors.vcxproj]
C:\Users\DAB\mysite\backend\build_new\crow-prefix\src\crow\include\crow/http_request
.h(76,13): error C2065: io_service: необъявленный идентификатор [C:\Users\DAB\mysite
\backend\build_new\crow-prefix\src\crow-build\examples\example_cors.vcxproj] [C:\Use
rs\DAB\mysite\backend\build_new\crow.vcxproj]
  C:\Users\DAB\mysite\backend\build_new\crow-prefix\src\crow\include\crow/http_reque
  st.h(74,14): message : Сообщение диагностики возникло в созданной компилятором фун
  кции "void crow::request::dispatch(CompletionHandler)" [C:\Users\DAB\mysite\backen
  d\build_new\crow-prefix\src\crow-build\examples\example_cors.vcxproj]
C:\Users\DAB\mysite\backend\build_new\crow-prefix\src\crow\include\crow/multipart.h(
167,84): warning C4458: объявление "part_map" скрывает член класса [C:\Users\DAB\mys
ite\backend\build_new\crow-prefix\src\crow-build\examples\example_cors.vcxproj] [C:\
Users\DAB\mysite\backend\build_new\crow.vcxproj]
  C:\Users\DAB\mysite\backend\build_new\crow-prefix\src\crow\include\crow/multipart.
  h(79,20): message : см. объявление "crow::multipart::message::part_map" [C:\Users\
  DAB\mysite\backend\build_new\crow-prefix\src\crow-build\examples\example_cors.vcxp
  roj]
C:\Users\DAB\mysite\backend\build_new\crow-prefix\src\crow\include\crow/multipart.h(
218,32): warning C4456: объявление "found" скрывает предыдущее локальное объявление
[C:\Users\DAB\mysite\backend\build_new\crow-prefix\src\crow-build\examples\example_c
ors.vcxproj] [C:\Users\DAB\mysite\backend\build_new\crow.vcxproj]
  C:\Users\DAB\mysite\backend\build_new\crow-prefix\src\crow\include\crow/multipart.
  h(211,28): message : см. объявление "found" [C:\Users\DAB\mysite\backend\build_new
  \crow-prefix\src\crow-build\examples\example_cors.vcxproj]
C:\Users\DAB\mysite\backend\build_new\crow-prefix\src\crow\include\crow/multipart.h(
234,32): warning C4456: объявление "found" скрывает предыдущее локальное объявление
[C:\Users\DAB\mysite\backend\build_new\crow-prefix\src\crow-build\examples\example_c
ors.vcxproj] [C:\Users\DAB\mysite\backend\build_new\crow.vcxproj]
  C:\Users\DAB\mysite\backend\build_new\crow-prefix\src\crow\include\crow/multipart.
  h(211,28): message : см. объявление "found" [C:\Users\DAB\mysite\backend\build_new
  \crow-prefix\src\crow-build\examples\example_cors.vcxproj]
C:\Users\DAB\mysite\backend\build_new\crow-prefix\src\crow\include\crow/routing.h(80
0,70): warning C4244: аргумент: преобразование "__int64" в "unsigned int", возможна
потеря данных [C:\Users\DAB\mysite\backend\build_new\crow-prefix\src\crow-build\exam
ples\example_cors.vcxproj] [C:\Users\DAB\mysite\backend\build_new\crow.vcxproj]
C:\Users\DAB\mysite\backend\build_new\crow-prefix\src\crow\include\crow/routing.h(82
1,70): warning C4244: аргумент: преобразование "__int64" в "unsigned int", возможна
потеря данных [C:\Users\DAB\mysite\backend\build_new\crow-prefix\src\crow-build\exam
ples\example_cors.vcxproj] [C:\Users\DAB\mysite\backend\build_new\crow.vcxproj]
C:\Users\DAB\mysite\backend\build_new\crow-prefix\src\crow\include\crow/routing.h(84
2,70): warning C4244: аргумент: преобразование "__int64" в "unsigned int", возможна
потеря данных [C:\Users\DAB\mysite\backend\build_new\crow-prefix\src\crow-build\exam
ples\example_cors.vcxproj] [C:\Users\DAB\mysite\backend\build_new\crow.vcxproj]
C:\Users\DAB\mysite\backend\build_new\crow-prefix\src\crow\include\crow/routing.h(86
4,61): warning C4267: аргумент: преобразование из "size_t" в "unsigned int"; возможн
а потеря данных [C:\Users\DAB\mysite\backend\build_new\crow-prefix\src\crow-build\ex
amples\example_cors.vcxproj] [C:\Users\DAB\mysite\backend\build_new\crow.vcxproj]
C:\Users\DAB\mysite\backend\build_new\crow-prefix\src\crow\include\crow/routing.h(88
0,61): warning C4267: аргумент: преобразование из "size_t" в "unsigned int"; возможн
а потеря данных [C:\Users\DAB\mysite\backend\build_new\crow-prefix\src\crow-build\ex
amples\example_cors.vcxproj] [C:\Users\DAB\mysite\backend\build_new\crow.vcxproj]
C:\Users\DAB\mysite\backend\build_new\crow-prefix\src\crow\include\crow/routing.h(89
5,61): warning C4267: аргумент: преобразование из "size_t" в "unsigned int"; возможн
а потеря данных [C:\Users\DAB\mysite\backend\build_new\crow-prefix\src\crow-build\ex
amples\example_cors.vcxproj] [C:\Users\DAB\mysite\backend\build_new\crow.vcxproj]
C:\Users\DAB\mysite\backend\build_new\crow-prefix\src\crow\include\crow/routing.h(94
5,53): warning C4267: +=: преобразование из "size_t" в "unsigned int"; возможна поте
ря данных [C:\Users\DAB\mysite\backend\build_new\crow-prefix\src\crow-build\examples
\example_cors.vcxproj] [C:\Users\DAB\mysite\backend\build_new\crow.vcxproj]
C:\Users\DAB\mysite\backend\build_new\crow-prefix\src\crow\include\crow/routing.h(95
6,45): warning C4267: +=: преобразование из "size_t" в "unsigned int"; возможна поте
ря данных [C:\Users\DAB\mysite\backend\build_new\crow-prefix\src\crow-build\examples
\example_cors.vcxproj] [C:\Users\DAB\mysite\backend\build_new\crow.vcxproj]
C:\Users\DAB\mysite\backend\build_new\crow-prefix\src\crow\include\crow/routing.h(10
02,36): warning C4267: +=: преобразование из "size_t" в "unsigned int"; возможна пот
еря данных [C:\Users\DAB\mysite\backend\build_new\crow-prefix\src\crow-build\example
s\example_cors.vcxproj] [C:\Users\DAB\mysite\backend\build_new\crow.vcxproj]
C:\Users\DAB\mysite\backend\build_new\crow-prefix\src\crow\include\crow/routing.h(10
05,33): warning C4267: +=: преобразование из "size_t" в "unsigned int"; возможна пот
еря данных [C:\Users\DAB\mysite\backend\build_new\crow-prefix\src\crow-build\example
s\example_cors.vcxproj] [C:\Users\DAB\mysite\backend\build_new\crow.vcxproj]
C:\Users\DAB\mysite\backend\build_new\crow-prefix\src\crow\include\crow/routing.h(12
04,101): warning C4267: аргумент: преобразование из "size_t" в "unsigned int"; возмо
жна потеря данных [C:\Users\DAB\mysite\backend\build_new\crow-prefix\src\crow-build\
examples\example_cors.vcxproj] [C:\Users\DAB\mysite\backend\build_new\crow.vcxproj]
C:\Users\DAB\mysite\backend\build_new\crow-prefix\src\crow\include\crow/routing.h(12
04,87): warning C4267: аргумент: преобразование из "size_t" в "uint16_t"; возможна п
отеря данных [C:\Users\DAB\mysite\backend\build_new\crow-prefix\src\crow-build\examp
les\example_cors.vcxproj] [C:\Users\DAB\mysite\backend\build_new\crow.vcxproj]
C:\Users\DAB\mysite\backend\build_new\crow-prefix\src\crow\include\crow/routing.h(12
10,118): warning C4267: аргумент: преобразование из "size_t" в "unsigned int"; возмо
жна потеря данных [C:\Users\DAB\mysite\backend\build_new\crow-prefix\src\crow-build\
examples\example_cors.vcxproj] [C:\Users\DAB\mysite\backend\build_new\crow.vcxproj]
C:\Users\DAB\mysite\backend\build_new\crow-prefix\src\crow\include\crow/routing.h(12
58,29): warning C4456: объявление "i" скрывает предыдущее локальное объявление [C:\U
sers\DAB\mysite\backend\build_new\crow-prefix\src\crow-build\examples\example_cors.v
cxproj] [C:\Users\DAB\mysite\backend\build_new\crow.vcxproj]
  C:\Users\DAB\mysite\backend\build_new\crow-prefix\src\crow\include\crow/routing.h(
  1249,27): message : см. объявление "i" [C:\Users\DAB\mysite\backend\build_new\crow
  -prefix\src\crow-build\examples\example_cors.vcxproj]
C:\Users\DAB\mysite\backend\build_new\crow-prefix\src\crow\include\crow/routing.h(12
59,104): warning C4244: аргумент: преобразование "int" в "uint16_t", возможна потеря
 данных [C:\Users\DAB\mysite\backend\build_new\crow-prefix\src\crow-build\examples\e
xample_cors.vcxproj] [C:\Users\DAB\mysite\backend\build_new\crow.vcxproj]
C:\Users\DAB\mysite\backend\build_new\crow-prefix\src\crow\include\crow/routing.h(12
59,100): warning C4267: аргумент: преобразование из "size_t" в "unsigned int"; возмо
жна потеря данных [C:\Users\DAB\mysite\backend\build_new\crow-prefix\src\crow-build\
examples\example_cors.vcxproj] [C:\Users\DAB\mysite\backend\build_new\crow.vcxproj]
C:\Users\DAB\mysite\backend\build_new\crow-prefix\src\crow\include\crow/routing.h(12
70,76): warning C4244: аргумент: преобразование "unsigned int" в "const uint16_t", в
озможна потеря данных [C:\Users\DAB\mysite\backend\build_new\crow-prefix\src\crow-bu
ild\examples\example_cors.vcxproj] [C:\Users\DAB\mysite\backend\build_new\crow.vcxpr
oj]
C:\Users\DAB\mysite\backend\build_new\crow-prefix\src\crow\include\crow/routing.h(14
20,24): warning C4267: инициализация: преобразование из "size_t" в "int"; возможна п
отеря данных [C:\Users\DAB\mysite\backend\build_new\crow-prefix\src\crow-build\examp
les\example_cors.vcxproj] [C:\Users\DAB\mysite\backend\build_new\crow.vcxproj]
C:\Users\DAB\mysite\backend\build_new\crow-prefix\src\crow\include\crow/routing.h(15
11,28): warning C4456: объявление "per_method" скрывает предыдущее локальное объявле
ние [C:\Users\DAB\mysite\backend\build_new\crow-prefix\src\crow-build\examples\examp
le_cors.vcxproj] [C:\Users\DAB\mysite\backend\build_new\crow.vcxproj]
  C:\Users\DAB\mysite\backend\build_new\crow-prefix\src\crow\include\crow/routing.h(
  1501,19): message : см. объявление "per_method" [C:\Users\DAB\mysite\backend\build
  _new\crow-prefix\src\crow-build\examples\example_cors.vcxproj]
C:\Users\DAB\mysite\backend\build_new\crow-prefix\src\crow\include\crow/routing.h(15
53,13): warning C4530: Использован обработчик исключений C++, но семантика уничтожен
ия объектов не включена. Задайте параметр /EHsc [C:\Users\DAB\mysite\backend\build_n
ew\crow-prefix\src\crow-build\examples\example_cors.vcxproj] [C:\Users\DAB\mysite\ba
ckend\build_new\crow.vcxproj]
C:\Users\DAB\mysite\backend\build_new\crow-prefix\src\crow\include\crow/http_connect
ion.h(40,24): error C2039: "io_service": не является членом "boost::asio". [C:\Users
\DAB\mysite\backend\build_new\crow-prefix\src\crow-build\examples\example_cors.vcxpr
oj] [C:\Users\DAB\mysite\backend\build_new\crow.vcxproj]
  C:\Users\DAB\Desktop\vcpkg\installed\x64-windows\include\boost/asio/impl/write_at.
  hpp(35,11): message : см. объявление "boost::asio" [C:\Users\DAB\mysite\backend\bu
  ild_new\crow-prefix\src\crow-build\examples\example_cors.vcxproj]
  C:\Users\DAB\mysite\backend\build_new\crow-prefix\src\crow\include\crow/http_conne
  ction.h(626,6): message : выполняется компиляция ссылки на экземпляр класс шаблон
  функции "crow::Connection<Adaptor,Handler,Middlewares...>" [C:\Users\DAB\mysite\ba
  ckend\build_new\crow-prefix\src\crow-build\examples\example_cors.vcxproj]
C:\Users\DAB\mysite\backend\build_new\crow-prefix\src\crow\include\crow/http_connect
ion.h(40,24): error C2061: синтаксическая ошибка: идентификатор "io_service" [C:\Use
rs\DAB\mysite\backend\build_new\crow-prefix\src\crow-build\examples\example_cors.vcx
proj] [C:\Users\DAB\mysite\backend\build_new\crow.vcxproj]
C:\Users\DAB\mysite\backend\build_new\crow-prefix\src\crow\include\crow/http_connect
ion.h(48,20): error C3861: io_service: идентификатор не найден [C:\Users\DAB\mysite\
backend\build_new\crow-prefix\src\crow-build\examples\example_cors.vcxproj] [C:\User
s\DAB\mysite\backend\build_new\crow.vcxproj]
C:\Users\DAB\mysite\backend\build_new\crow-prefix\src\crow\include\crow/http_connect
ion.h(48,32): error C3861: adaptor_ctx_: идентификатор не найден [C:\Users\DAB\mysit
e\backend\build_new\crow-prefix\src\crow-build\examples\example_cors.vcxproj] [C:\Us
ers\DAB\mysite\backend\build_new\crow.vcxproj]
C:\Users\DAB\mysite\backend\build_new\crow-prefix\src\crow\include\crow/http_connect
ion.h(49,20): error C3861: handler: идентификатор не найден [C:\Users\DAB\mysite\bac
kend\build_new\crow-prefix\src\crow-build\examples\example_cors.vcxproj] [C:\Users\D
AB\mysite\backend\build_new\crow.vcxproj]
C:\Users\DAB\mysite\backend\build_new\crow-prefix\src\crow\include\crow/http_connect
ion.h(51,24): error C3861: server_name: идентификатор не найден [C:\Users\DAB\mysite
\backend\build_new\crow-prefix\src\crow-build\examples\example_cors.vcxproj] [C:\Use
rs\DAB\mysite\backend\build_new\crow.vcxproj]
C:\Users\DAB\mysite\backend\build_new\crow-prefix\src\crow\include\crow/http_connect
ion.h(52,24): error C3861: middlewares: идентификатор не найден [C:\Users\DAB\mysite
\backend\build_new\crow-prefix\src\crow-build\examples\example_cors.vcxproj] [C:\Use
rs\DAB\mysite\backend\build_new\crow.vcxproj]
C:\Users\DAB\mysite\backend\build_new\crow-prefix\src\crow\include\crow/http_connect
ion.h(53,31): error C3861: get_cached_date_str_f: идентификатор не найден [C:\Users\
DAB\mysite\backend\build_new\crow-prefix\src\crow-build\examples\example_cors.vcxpro
j] [C:\Users\DAB\mysite\backend\build_new\crow.vcxproj]
C:\Users\DAB\mysite\backend\build_new\crow-prefix\src\crow\include\crow/http_connect
ion.h(54,23): error C3861: task_timer: идентификатор не найден [C:\Users\DAB\mysite\
backend\build_new\crow-prefix\src\crow-build\examples\example_cors.vcxproj] [C:\User
s\DAB\mysite\backend\build_new\crow.vcxproj]
C:\Users\DAB\mysite\backend\build_new\crow-prefix\src\crow\include\crow/http_connect
ion.h(55,33): error C3861: handler: идентификатор не найден [C:\Users\DAB\mysite\bac
kend\build_new\crow-prefix\src\crow-build\examples\example_cors.vcxproj] [C:\Users\D
AB\mysite\backend\build_new\crow.vcxproj]
C:\Users\DAB\mysite\backend\build_new\crow-prefix\src\crow\include\crow/http_connect
ion.h(56,25): error C3861: queue_length: идентификатор не найден [C:\Users\DAB\mysit
e\backend\build_new\crow-prefix\src\crow-build\examples\example_cors.vcxproj] [C:\Us
ers\DAB\mysite\backend\build_new\crow.vcxproj]
C:\Users\DAB\mysite\backend\build_new\crow-prefix\src\crow\include\crow/http_connect
ion.h(48,20): error C2065: io_service: необъявленный идентификатор [C:\Users\DAB\mys
ite\backend\build_new\crow-prefix\src\crow-build\examples\example_cors.vcxproj] [C:\
Users\DAB\mysite\backend\build_new\crow.vcxproj]
C:\Users\DAB\mysite\backend\build_new\crow-prefix\src\crow\include\crow/http_connect
ion.h(48,32): error C2065: adaptor_ctx_: необъявленный идентификатор [C:\Users\DAB\m
ysite\backend\build_new\crow-prefix\src\crow-build\examples\example_cors.vcxproj] [C
:\Users\DAB\mysite\backend\build_new\crow.vcxproj]
C:\Users\DAB\mysite\backend\build_new\crow-prefix\src\crow\include\crow/http_connect
ion.h(49,20): error C2065: handler: необъявленный идентификатор [C:\Users\DAB\mysite
\backend\build_new\crow-prefix\src\crow-build\examples\example_cors.vcxproj] [C:\Use
rs\DAB\mysite\backend\build_new\crow.vcxproj]
C:\Users\DAB\mysite\backend\build_new\crow-prefix\src\crow\include\crow/http_connect
ion.h(51,24): error C2065: server_name: необъявленный идентификатор [C:\Users\DAB\my
site\backend\build_new\crow-prefix\src\crow-build\examples\example_cors.vcxproj] [C:
\Users\DAB\mysite\backend\build_new\crow.vcxproj]
C:\Users\DAB\mysite\backend\build_new\crow-prefix\src\crow\include\crow/http_connect
ion.h(52,24): error C2065: middlewares: необъявленный идентификатор [C:\Users\DAB\my
site\backend\build_new\crow-prefix\src\crow-build\examples\example_cors.vcxproj] [C:
\Users\DAB\mysite\backend\build_new\crow.vcxproj]
C:\Users\DAB\mysite\backend\build_new\crow-prefix\src\crow\include\crow/http_connect
ion.h(53,31): error C2065: get_cached_date_str_f: необъявленный идентификатор [C:\Us
ers\DAB\mysite\backend\build_new\crow-prefix\src\crow-build\examples\example_cors.vc
xproj] [C:\Users\DAB\mysite\backend\build_new\crow.vcxproj]
C:\Users\DAB\mysite\backend\build_new\crow-prefix\src\crow\include\crow/http_connect
ion.h(54,23): error C2065: task_timer: необъявленный идентификатор [C:\Users\DAB\mys
ite\backend\build_new\crow-prefix\src\crow-build\examples\example_cors.vcxproj] [C:\
Users\DAB\mysite\backend\build_new\crow.vcxproj]
C:\Users\DAB\mysite\backend\build_new\crow-prefix\src\crow\include\crow/http_connect
ion.h(55,33): error C2065: handler: необъявленный идентификатор [C:\Users\DAB\mysite
\backend\build_new\crow-prefix\src\crow-build\examples\example_cors.vcxproj] [C:\Use
rs\DAB\mysite\backend\build_new\crow.vcxproj]
C:\Users\DAB\mysite\backend\build_new\crow-prefix\src\crow\include\crow/http_connect
ion.h(56,25): error C2065: queue_length: необъявленный идентификатор [C:\Users\DAB\m
ysite\backend\build_new\crow-prefix\src\crow-build\examples\example_cors.vcxproj] [C
:\Users\DAB\mysite\backend\build_new\crow.vcxproj]
C:\Users\DAB\mysite\backend\build_new\crow-prefix\src\crow\include\crow/http_server.
h(226,15): error C2039: "io_service": не является членом "boost::asio". [C:\Users\DA
B\mysite\backend\build_new\crow-prefix\src\crow-build\examples\example_cors.vcxproj]
 [C:\Users\DAB\mysite\backend\build_new\crow.vcxproj]
  C:\Users\DAB\Desktop\vcpkg\installed\x64-windows\include\boost/asio/impl/write_at.
  hpp(35,11): message : см. объявление "boost::asio" [C:\Users\DAB\mysite\backend\bu
  ild_new\crow-prefix\src\crow-build\examples\example_cors.vcxproj]
  C:\Users\DAB\mysite\backend\build_new\crow-prefix\src\crow\include\crow/http_serve
  r.h(248,6): message : выполняется компиляция ссылки на экземпляр класс шаблон функ
  ции "crow::Server<Handler,Adaptor,Middlewares...>" [C:\Users\DAB\mysite\backend\bu
  ild_new\crow-prefix\src\crow-build\examples\example_cors.vcxproj]
C:\Users\DAB\mysite\backend\build_new\crow-prefix\src\crow\include\crow/http_server.
h(226,26): error C3646: io_service_: неизвестный спецификатор переопределения [C:\Us
ers\DAB\mysite\backend\build_new\crow-prefix\src\crow-build\examples\example_cors.vc
xproj] [C:\Users\DAB\mysite\backend\build_new\crow.vcxproj]
C:\Users\DAB\mysite\backend\build_new\crow-prefix\src\crow\include\crow/http_server.
h(226,1): error C4430: отсутствует спецификатор типа - предполагается int. Примечани
е. C++ не поддерживает int по умолчанию [C:\Users\DAB\mysite\backend\build_new\crow-
prefix\src\crow-build\examples\example_cors.vcxproj] [C:\Users\DAB\mysite\backend\bu
ild_new\crow.vcxproj]
C:\Users\DAB\mysite\backend\build_new\crow-prefix\src\crow\include\crow/http_server.
h(227,43): error C2039: "io_service": не является членом "boost::asio". [C:\Users\DA
B\mysite\backend\build_new\crow-prefix\src\crow-build\examples\example_cors.vcxproj]
 [C:\Users\DAB\mysite\backend\build_new\crow.vcxproj]
  C:\Users\DAB\Desktop\vcpkg\installed\x64-windows\include\boost/asio/impl/write_at.
  hpp(35,11): message : см. объявление "boost::asio" [C:\Users\DAB\mysite\backend\bu
  ild_new\crow-prefix\src\crow-build\examples\example_cors.vcxproj]
C:\Users\DAB\mysite\backend\build_new\crow-prefix\src\crow\include\crow/http_server.
h(227,43): error C2065: io_service: необъявленный идентификатор [C:\Users\DAB\mysite
\backend\build_new\crow-prefix\src\crow-build\examples\example_cors.vcxproj] [C:\Use
rs\DAB\mysite\backend\build_new\crow.vcxproj]
C:\Users\DAB\mysite\backend\build_new\crow-prefix\src\crow\include\crow/http_server.
h(227,26): error C2923: std::unique_ptr: "io_service" не является допустимым аргумен
том типа шаблон для параметра "_Ty" [C:\Users\DAB\mysite\backend\build_new\crow-pref
ix\src\crow-build\examples\example_cors.vcxproj] [C:\Users\DAB\mysite\backend\build_
new\crow.vcxproj]
  C:\Users\DAB\mysite\backend\build_new\crow-prefix\src\crow\include\crow/http_serve
  r.h(227,43): message : см. объявление "io_service" [C:\Users\DAB\mysite\backend\bu
  ild_new\crow-prefix\src\crow-build\examples\example_cors.vcxproj]
C:\Users\DAB\mysite\backend\build_new\crow-prefix\src\crow\include\crow/http_server.
h(227,26): error C2976: std::unique_ptr: слишком мало аргументов шаблон [C:\Users\DA
B\mysite\backend\build_new\crow-prefix\src\crow-build\examples\example_cors.vcxproj]
 [C:\Users\DAB\mysite\backend\build_new\crow.vcxproj]
  C:\Program Files\Microsoft Visual Studio\2022\Community\VC\Tools\MSVC\14.37.32822\
  include\memory(3213,1): message : см. объявление "std::unique_ptr" [C:\Users\DAB\m
  ysite\backend\build_new\crow-prefix\src\crow-build\examples\example_cors.vcxproj]
C:\Users\DAB\mysite\backend\build_new\crow-prefix\src\crow\include\crow/http_server.
h(227,26): error C3203: "unique_ptr": неспециализированный класс шаблон нельзя испол
ьзовать в качестве аргумента шаблон для параметра шаблон "_Ty", требуется действител
ьный тип [C:\Users\DAB\mysite\backend\build_new\crow-prefix\src\crow-build\examples\
example_cors.vcxproj] [C:\Users\DAB\mysite\backend\build_new\crow.vcxproj]
C:\Users\DAB\mysite\backend\build_new\crow-prefix\src\crow\include\crow/http_server.
h(30,21): error C3861: io_service_: идентификатор не найден [C:\Users\DAB\mysite\bac
kend\build_new\crow-prefix\src\crow-build\examples\example_cors.vcxproj] [C:\Users\D
AB\mysite\backend\build_new\crow.vcxproj]
C:\Users\DAB\mysite\backend\build_new\crow-prefix\src\crow\include\crow/http_server.
h(31,20): error C3861: io_service_: идентификатор не найден [C:\Users\DAB\mysite\bac
kend\build_new\crow-prefix\src\crow-build\examples\example_cors.vcxproj] [C:\Users\D
AB\mysite\backend\build_new\crow.vcxproj]
C:\Users\DAB\mysite\backend\build_new\crow-prefix\src\crow\include\crow/http_server.
h(32,23): error C3861: io_service_: идентификатор не найден [C:\Users\DAB\mysite\bac
kend\build_new\crow-prefix\src\crow-build\examples\example_cors.vcxproj] [C:\Users\D
AB\mysite\backend\build_new\crow.vcxproj]
C:\Users\DAB\mysite\backend\build_new\crow-prefix\src\crow\include\crow/http_server.
h(30,21): error C2065: io_service_: необъявленный идентификатор [C:\Users\DAB\mysite
\backend\build_new\crow-prefix\src\crow-build\examples\example_cors.vcxproj] [C:\Use
rs\DAB\mysite\backend\build_new\crow.vcxproj]
C:\Users\DAB\mysite\backend\build_new\crow-prefix\src\crow\include\crow/http_server.
h(31,20): error C2065: io_service_: необъявленный идентификатор [C:\Users\DAB\mysite
\backend\build_new\crow-prefix\src\crow-build\examples\example_cors.vcxproj] [C:\Use
rs\DAB\mysite\backend\build_new\crow.vcxproj]
C:\Users\DAB\mysite\backend\build_new\crow-prefix\src\crow\include\crow/http_server.
h(32,23): error C2065: io_service_: необъявленный идентификатор [C:\Users\DAB\mysite
\backend\build_new\crow-prefix\src\crow-build\examples\example_cors.vcxproj] [C:\Use
rs\DAB\mysite\backend\build_new\crow.vcxproj]
C:\Users\DAB\mysite\backend\build_new\crow-prefix\src\crow\include\crow/http_server.
h(65,51): error C2187: синтаксическая ошибка: непредвиденный здесь элемент "boost" [
C:\Users\DAB\mysite\backend\build_new\crow-prefix\src\crow-build\examples\example_co
rs.vcxproj] [C:\Users\DAB\mysite\backend\build_new\crow.vcxproj]
C:\Users\DAB\mysite\backend\build_new\crow-prefix\src\crow\include\crow/http_server.
h(65,74): error C3878: синтаксическая ошибка: непредвиденный маркер "(" после "expre
ssion" [C:\Users\DAB\mysite\backend\build_new\crow-prefix\src\crow-build\examples\ex
ample_cors.vcxproj] [C:\Users\DAB\mysite\backend\build_new\crow.vcxproj]
  C:\Users\DAB\mysite\backend\build_new\crow-prefix\src\crow\include\crow/http_serve
  r.h(65,74): message : пропущено восстановление ошибки: "(" [C:\Users\DAB\mysite\ba
  ckend\build_new\crow-prefix\src\crow-build\examples\example_cors.vcxproj]
C:\Users\DAB\mysite\backend\build_new\crow-prefix\src\crow\include\crow/http_server.
h(65,75): error C2760: синтаксическая ошибка: непредвиденный элемент ")". Ожидается
";" [C:\Users\DAB\mysite\backend\build_new\crow-prefix\src\crow-build\examples\examp
le_cors.vcxproj] [C:\Users\DAB\mysite\backend\build_new\crow.vcxproj]
C:\Users\DAB\mysite\backend\build_new\crow-prefix\src\crow\include\crow/http_server.
h(65,75): error C3878: синтаксическая ошибка: непредвиденный маркер ")" после "expre
ssion_statement" [C:\Users\DAB\mysite\backend\build_new\crow-prefix\src\crow-build\e
xamples\example_cors.vcxproj] [C:\Users\DAB\mysite\backend\build_new\crow.vcxproj]
  C:\Users\DAB\mysite\backend\build_new\crow-prefix\src\crow\include\crow/http_serve
  r.h(65,75): message : пропущено восстановление ошибки: ") )" [C:\Users\DAB\mysite\
  backend\build_new\crow-prefix\src\crow-build\examples\example_cors.vcxproj]
C:\Users\DAB\mysite\backend\build_new\crow-prefix\src\crow\include\crow/http_server.
h(156,19): error C2065: io_service_: необъявленный идентификатор [C:\Users\DAB\mysit
e\backend\build_new\crow-prefix\src\crow-build\examples\example_cors.vcxproj] [C:\Us
ers\DAB\mysite\backend\build_new\crow.vcxproj]
C:\Users\DAB\mysite\backend\build_new\crow-prefix\src\crow\include\crow/http_server.
h(164,13): error C3861: io_service_: идентификатор не найден [C:\Users\DAB\mysite\ba
ckend\build_new\crow-prefix\src\crow-build\examples\example_cors.vcxproj] [C:\Users\
DAB\mysite\backend\build_new\crow.vcxproj]
C:\Users\DAB\mysite\backend\build_new\crow-prefix\src\crow\include\crow/http_server.
h(164,13): error C2065: io_service_: необъявленный идентификатор [C:\Users\DAB\mysit
e\backend\build_new\crow-prefix\src\crow-build\examples\example_cors.vcxproj] [C:\Us
ers\DAB\mysite\backend\build_new\crow.vcxproj]
C:\Users\DAB\mysite\backend\build_new\crow-prefix\src\crow\include\crow/http_server.
h(197,19): error C2039: "io_service": не является членом "boost::asio". [C:\Users\DA
B\mysite\backend\build_new\crow-prefix\src\crow-build\examples\example_cors.vcxproj]
 [C:\Users\DAB\mysite\backend\build_new\crow.vcxproj]
  C:\Users\DAB\Desktop\vcpkg\installed\x64-windows\include\boost/asio/impl/write_at.
  hpp(35,11): message : см. объявление "boost::asio" [C:\Users\DAB\mysite\backend\bu
  ild_new\crow-prefix\src\crow-build\examples\example_cors.vcxproj]
C:\Users\DAB\mysite\backend\build_new\crow-prefix\src\crow\include\crow/http_server.
h(197,31): error C3861: is: идентификатор не найден [C:\Users\DAB\mysite\backend\bui
ld_new\crow-prefix\src\crow-build\examples\example_cors.vcxproj] [C:\Users\DAB\mysit
e\backend\build_new\crow.vcxproj]
C:\Users\DAB\mysite\backend\build_new\crow-prefix\src\crow\include\crow/http_server.
h(199,32): error C2065: is: необъявленный идентификатор [C:\Users\DAB\mysite\backend
\build_new\crow-prefix\src\crow-build\examples\example_cors.vcxproj] [C:\Users\DAB\m
ysite\backend\build_new\crow.vcxproj]
C:\Users\DAB\mysite\backend\build_new\crow-prefix\src\crow\include\crow/http_server.
h(199,32): error C3861: is: идентификатор не найден [C:\Users\DAB\mysite\backend\bui
ld_new\crow-prefix\src\crow-build\examples\example_cors.vcxproj] [C:\Users\DAB\mysit
e\backend\build_new\crow.vcxproj]
C:\Users\DAB\mysite\backend\build_new\crow-prefix\src\crow\include\crow/http_server.
h(202,15): error C3861: is: идентификатор не найден [C:\Users\DAB\mysite\backend\bui
ld_new\crow-prefix\src\crow-build\examples\example_cors.vcxproj] [C:\Users\DAB\mysit
e\backend\build_new\crow.vcxproj]
C:\Users\DAB\mysite\backend\build_new\crow-prefix\src\crow\include\crow/http_server.
h(207,26): error C3861: is: идентификатор не найден [C:\Users\DAB\mysite\backend\bui
ld_new\crow-prefix\src\crow-build\examples\example_cors.vcxproj] [C:\Users\DAB\mysit
e\backend\build_new\crow.vcxproj]
C:\Users\DAB\mysite\backend\build_new\crow-prefix\src\crow\include\crow/http_server.
h(210,23): error C3861: is: идентификатор не найден [C:\Users\DAB\mysite\backend\bui
ld_new\crow-prefix\src\crow-build\examples\example_cors.vcxproj] [C:\Users\DAB\mysit
e\backend\build_new\crow.vcxproj]
C:\Users\DAB\mysite\backend\build_new\crow-prefix\src\crow\include\crow/http_server.
h(218,42): error C2065: is: необъявленный идентификатор [C:\Users\DAB\mysite\backend
\build_new\crow-prefix\src\crow-build\examples\example_cors.vcxproj] [C:\Users\DAB\m
ysite\backend\build_new\crow.vcxproj]
C:\Users\DAB\mysite\backend\build_new\crow-prefix\src\crow\include\crow/http_server.
h(218,42): error C3861: is: идентификатор не найден [C:\Users\DAB\mysite\backend\bui
ld_new\crow-prefix\src\crow-build\examples\example_cors.vcxproj] [C:\Users\DAB\mysit
e\backend\build_new\crow.vcxproj]
C:\Users\DAB\mysite\backend\build_new\crow-prefix\src\crow\include\crow/http_server.
h(197,31): error C2065: is: необъявленный идентификатор [C:\Users\DAB\mysite\backend
\build_new\crow-prefix\src\crow-build\examples\example_cors.vcxproj] [C:\Users\DAB\m
ysite\backend\build_new\crow.vcxproj]
C:\Users\DAB\mysite\backend\build_new\crow-prefix\src\crow\include\crow/http_server.
h(202,15): error C2065: is: необъявленный идентификатор [C:\Users\DAB\mysite\backend
\build_new\crow-prefix\src\crow-build\examples\example_cors.vcxproj] [C:\Users\DAB\m
ysite\backend\build_new\crow.vcxproj]
C:\Users\DAB\mysite\backend\build_new\crow-prefix\src\crow\include\crow/http_server.
h(210,23): error C2065: is: необъявленный идентификатор [C:\Users\DAB\mysite\backend
\build_new\crow-prefix\src\crow-build\examples\example_cors.vcxproj] [C:\Users\DAB\m
ysite\backend\build_new\crow.vcxproj]
    Building Custom Rule C:/Users/DAB/mysite/backend/build_new/crow-prefix/src/crow/
  examples/CMakeLists.txt
    example_json_map.cpp
C:\Users\DAB\mysite\backend\build_new\crow-prefix\src\crow\include\crow/query_string
.h(117,20): warning C4267: =: преобразование из "size_t" в "int"; возможна потеря да
нных [C:\Users\DAB\mysite\backend\build_new\crow-prefix\src\crow-build\examples\exam
ple_json_map.vcxproj] [C:\Users\DAB\mysite\backend\build_new\crow.vcxproj]
C:\Users\DAB\mysite\backend\build_new\crow-prefix\src\crow\include\crow/query_string
.h(370,92): warning C4267: аргумент: преобразование из "size_t" в "int"; возможна по
теря данных [C:\Users\DAB\mysite\backend\build_new\crow-prefix\src\crow-build\exampl
es\example_json_map.vcxproj] [C:\Users\DAB\mysite\backend\build_new\crow.vcxproj]
C:\Users\DAB\mysite\backend\build_new\crow-prefix\src\crow\include\crow/query_string
.h(406,94): warning C4267: аргумент: преобразование из "size_t" в "int"; возможна по
теря данных [C:\Users\DAB\mysite\backend\build_new\crow-prefix\src\crow-build\exampl
es\example_json_map.vcxproj] [C:\Users\DAB\mysite\backend\build_new\crow.vcxproj]
C:\Users\DAB\mysite\backend\build_new\crow-prefix\src\crow\include\crow/query_string
.h(445,112): warning C4267: аргумент: преобразование из "size_t" в "int"; возможна п
отеря данных [C:\Users\DAB\mysite\backend\build_new\crow-prefix\src\crow-build\examp
les\example_json_map.vcxproj] [C:\Users\DAB\mysite\backend\build_new\crow.vcxproj]
C:\Users\DAB\mysite\backend\build_new\crow-prefix\src\crow\include\crow/utility.h(67
2,39): warning C4267: инициализация: преобразование из "size_t" в "unsigned int"; во
зможна потеря данных [C:\Users\DAB\mysite\backend\build_new\crow-prefix\src\crow-bui
ld\examples\example_json_map.vcxproj] [C:\Users\DAB\mysite\backend\build_new\crow.vc
xproj]
C:\Users\DAB\mysite\backend\build_new\crow-prefix\src\crow\include\crow/http_parser_
merged.h(589,32): warning C4244: =: преобразование "__int64" в "unsigned long", возм
ожна потеря данных [C:\Users\DAB\mysite\backend\build_new\crow-prefix\src\crow-build
\examples\example_json_map.vcxproj] [C:\Users\DAB\mysite\backend\build_new\crow.vcxp
roj]
C:\Users\DAB\mysite\backend\build_new\crow-prefix\src\crow\include\crow/http_parser_
merged.h(609,32): warning C4244: =: преобразование "__int64" в "unsigned long", возм
ожна потеря данных [C:\Users\DAB\mysite\backend\build_new\crow-prefix\src\crow-build
\examples\example_json_map.vcxproj] [C:\Users\DAB\mysite\backend\build_new\crow.vcxp
roj]
    Please define _WIN32_WINNT or _WIN32_WINDOWS appropriately. For example:
    - add -D_WIN32_WINNT=0x0601 to the compiler command line; or
    - add _WIN32_WINNT=0x0601 to your project's Preprocessor Definitions.
    Assuming _WIN32_WINNT=0x0601 (i.e. Windows 7 target).
C:\Users\DAB\mysite\backend\build_new\crow-prefix\src\crow\include\crow/socket_adapt
ors.h(21,36): error C2039: "io_service": не является членом "boost::asio". [C:\Users
\DAB\mysite\backend\build_new\crow-prefix\src\crow-build\examples\example_json_map.v
cxproj] [C:\Users\DAB\mysite\backend\build_new\crow.vcxproj]
  C:\Users\DAB\Desktop\vcpkg\installed\x64-windows\include\boost/asio/impl/write_at.
  hpp(35,11): message : см. объявление "boost::asio" [C:\Users\DAB\mysite\backend\bu
  ild_new\crow-prefix\src\crow-build\examples\example_json_map.vcxproj]
C:\Users\DAB\mysite\backend\build_new\crow-prefix\src\crow\include\crow/socket_adapt
ors.h(21,36): error C2061: синтаксическая ошибка: идентификатор "io_service" [C:\Use
rs\DAB\mysite\backend\build_new\crow-prefix\src\crow-build\examples\example_json_map
.vcxproj] [C:\Users\DAB\mysite\backend\build_new\crow.vcxproj]
C:\Users\DAB\mysite\backend\build_new\crow-prefix\src\crow\include\crow/socket_adapt
ors.h(25,22): error C2039: "io_service": не является членом "boost::asio". [C:\Users
\DAB\mysite\backend\build_new\crow-prefix\src\crow-build\examples\example_json_map.v
cxproj] [C:\Users\DAB\mysite\backend\build_new\crow.vcxproj]
  C:\Users\DAB\Desktop\vcpkg\installed\x64-windows\include\boost/asio/impl/write_at.
  hpp(35,11): message : см. объявление "boost::asio" [C:\Users\DAB\mysite\backend\bu
  ild_new\crow-prefix\src\crow-build\examples\example_json_map.vcxproj]
C:\Users\DAB\mysite\backend\build_new\crow-prefix\src\crow\include\crow/socket_adapt
ors.h(25,32): error C2143: синтаксическая ошибка: отсутствие ";" перед "&" [C:\Users
\DAB\mysite\backend\build_new\crow-prefix\src\crow-build\examples\example_json_map.v
cxproj] [C:\Users\DAB\mysite\backend\build_new\crow.vcxproj]
C:\Users\DAB\mysite\backend\build_new\crow-prefix\src\crow\include\crow/socket_adapt
ors.h(25,32): error C4430: отсутствует спецификатор типа - предполагается int. Приме
чание. C++ не поддерживает int по умолчанию [C:\Users\DAB\mysite\backend\build_new\c
row-prefix\src\crow-build\examples\example_json_map.vcxproj] [C:\Users\DAB\mysite\ba
ckend\build_new\crow.vcxproj]
C:\Users\DAB\mysite\backend\build_new\crow-prefix\src\crow\include\crow/socket_adapt
ors.h(26,9): error C2334: непредвиденные лексемы перед "{"; пропуск вероятного тела
функции [C:\Users\DAB\mysite\backend\build_new\crow-prefix\src\crow-build\examples\e
xample_json_map.vcxproj] [C:\Users\DAB\mysite\backend\build_new\crow.vcxproj]
C:\Users\DAB\mysite\backend\build_new\crow-prefix\src\crow\include\crow/socket_adapt
ors.h(22,19): error C2065: io_service: необъявленный идентификатор [C:\Users\DAB\mys
ite\backend\build_new\crow-prefix\src\crow-build\examples\example_json_map.vcxproj]
[C:\Users\DAB\mysite\backend\build_new\crow.vcxproj]
C:\Users\DAB\mysite\backend\build_new\crow-prefix\src\crow\include\crow/json.h(63,42
): warning C4244: аргумент: преобразование "int" в "_Elem", возможна потеря данных [
C:\Users\DAB\mysite\backend\build_new\crow-prefix\src\crow-build\examples\example_js
on_map.vcxproj] [C:\Users\DAB\mysite\backend\build_new\crow.vcxproj]
            with
            [
                _Elem=char
            ]
C:\Users\DAB\mysite\backend\build_new\crow-prefix\src\crow\include\crow/json.h(64,42
): warning C4244: аргумент: преобразование "int" в "_Elem", возможна потеря данных [
C:\Users\DAB\mysite\backend\build_new\crow-prefix\src\crow-build\examples\example_js
on_map.vcxproj] [C:\Users\DAB\mysite\backend\build_new\crow.vcxproj]
            with
            [
                _Elem=char
            ]
C:\Users\DAB\mysite\backend\build_new\crow-prefix\src\crow\include\crow/json.h(461,5
6): warning C4244: =: преобразование "unsigned int" в "char", возможна потеря данных
 [C:\Users\DAB\mysite\backend\build_new\crow-prefix\src\crow-build\examples\example_
json_map.vcxproj] [C:\Users\DAB\mysite\backend\build_new\crow.vcxproj]
C:\Users\DAB\mysite\backend\build_new\crow-prefix\src\crow\include\crow/json.h(467,5
6): warning C4244: =: преобразование "unsigned int" в "char", возможна потеря данных
 [C:\Users\DAB\mysite\backend\build_new\crow-prefix\src\crow-build\examples\example_
json_map.vcxproj] [C:\Users\DAB\mysite\backend\build_new\crow.vcxproj]
C:\Users\DAB\mysite\backend\build_new\crow-prefix\src\crow\include\crow/json.h(472,5
1): warning C4244: =: преобразование "unsigned int" в "char", возможна потеря данных
 [C:\Users\DAB\mysite\backend\build_new\crow-prefix\src\crow-build\examples\example_
json_map.vcxproj] [C:\Users\DAB\mysite\backend\build_new\crow.vcxproj]
C:\Users\DAB\mysite\backend\build_new\crow-prefix\src\crow\include\crow/json.h(681,4
1): warning C4244: =: преобразование "uint32_t" в "uint16_t", возможна потеря данных
 [C:\Users\DAB\mysite\backend\build_new\crow-prefix\src\crow-build\examples\example_
json_map.vcxproj] [C:\Users\DAB\mysite\backend\build_new\crow.vcxproj]
C:\Users\DAB\mysite\backend\build_new\crow-prefix\src\crow\include\crow/json.h(1211,
35): warning C4267: аргумент: преобразование из "size_t" в "uint32_t"; возможна поте
ря данных [C:\Users\DAB\mysite\backend\build_new\crow-prefix\src\crow-build\examples
\example_json_map.vcxproj] [C:\Users\DAB\mysite\backend\build_new\crow.vcxproj]
C:\Users\DAB\mysite\backend\build_new\crow-prefix\src\crow\include\crow/json.h(1671,
32): warning C4267: return: преобразование из "size_t" в "int"; возможна потеря данн
ых [C:\Users\DAB\mysite\backend\build_new\crow-prefix\src\crow-build\examples\exampl
e_json_map.vcxproj] [C:\Users\DAB\mysite\backend\build_new\crow.vcxproj]
C:\Users\DAB\mysite\backend\build_new\crow-prefix\src\crow\include\crow/json.h(1792,
52): warning C4458: объявление "o" скрывает член класса [C:\Users\DAB\mysite\backend
\build_new\crow-prefix\src\crow-build\examples\example_json_map.vcxproj] [C:\Users\D
AB\mysite\backend\build_new\crow.vcxproj]
  C:\Users\DAB\mysite\backend\build_new\crow-prefix\src\crow\include\crow/json.h(127
  0,37): message : см. объявление "crow::json::wvalue::o" [C:\Users\DAB\mysite\backe
  nd\build_new\crow-prefix\src\crow-build\examples\example_json_map.vcxproj]
C:\Users\DAB\mysite\backend\build_new\crow-prefix\src\crow\include\crow/mustache.h(9
7,33): warning C4267: инициализация: преобразование из "size_t" в "int"; возможна по
теря данных [C:\Users\DAB\mysite\backend\build_new\crow-prefix\src\crow-build\exampl
es\example_json_map.vcxproj] [C:\Users\DAB\mysite\backend\build_new\crow.vcxproj]
C:\Users\DAB\mysite\backend\build_new\crow-prefix\src\crow\include\crow/mustache.h(1
16,48): warning C4267: =: преобразование из "size_t" в "int"; возможна потеря данных
 [C:\Users\DAB\mysite\backend\build_new\crow-prefix\src\crow-build\examples\example_
json_map.vcxproj] [C:\Users\DAB\mysite\backend\build_new\crow.vcxproj]
C:\Users\DAB\mysite\backend\build_new\crow-prefix\src\crow\include\crow/mustache.h(1
18,53): warning C4267: аргумент: преобразование из "size_t" в "_Ty"; возможна потеря
 данных [C:\Users\DAB\mysite\backend\build_new\crow-prefix\src\crow-build\examples\e
xample_json_map.vcxproj] [C:\Users\DAB\mysite\backend\build_new\crow.vcxproj]
            with
            [
                _Ty=int
            ]
C:\Users\DAB\mysite\backend\build_new\crow-prefix\src\crow\include\crow/mustache.h(2
21,94): warning C4267: аргумент: преобразование из "size_t" в "int"; возможна потеря
 данных [C:\Users\DAB\mysite\backend\build_new\crow-prefix\src\crow-build\examples\e
xample_json_map.vcxproj] [C:\Users\DAB\mysite\backend\build_new\crow.vcxproj]
C:\Users\DAB\mysite\backend\build_new\crow-prefix\src\crow\include\crow/mustache.h(3
67,54): warning C4267: аргумент: преобразование из "size_t" в "int"; возможна потеря
 данных [C:\Users\DAB\mysite\backend\build_new\crow-prefix\src\crow-build\examples\e
xample_json_map.vcxproj] [C:\Users\DAB\mysite\backend\build_new\crow.vcxproj]
C:\Users\DAB\mysite\backend\build_new\crow-prefix\src\crow\include\crow/mustache.h(3
78,54): warning C4267: аргумент: преобразование из "size_t" в "int"; возможна потеря
 данных [C:\Users\DAB\mysite\backend\build_new\crow-prefix\src\crow-build\examples\e
xample_json_map.vcxproj] [C:\Users\DAB\mysite\backend\build_new\crow.vcxproj]
C:\Users\DAB\mysite\backend\build_new\crow-prefix\src\crow\include\crow/mustache.h(3
90,54): warning C4267: аргумент: преобразование из "size_t" в "int"; возможна потеря
 данных [C:\Users\DAB\mysite\backend\build_new\crow-prefix\src\crow-build\examples\e
xample_json_map.vcxproj] [C:\Users\DAB\mysite\backend\build_new\crow.vcxproj]
C:\Users\DAB\mysite\backend\build_new\crow-prefix\src\crow\include\crow/mustache.h(4
01,54): warning C4267: аргумент: преобразование из "size_t" в "int"; возможна потеря
 данных [C:\Users\DAB\mysite\backend\build_new\crow-prefix\src\crow-build\examples\e
xample_json_map.vcxproj] [C:\Users\DAB\mysite\backend\build_new\crow.vcxproj]
C:\Users\DAB\mysite\backend\build_new\crow-prefix\src\crow\include\crow/mustache.h(4
63,60): warning C4267: =: преобразование из "size_t" в "int"; возможна потеря данных
 [C:\Users\DAB\mysite\backend\build_new\crow-prefix\src\crow-build\examples\example_
json_map.vcxproj] [C:\Users\DAB\mysite\backend\build_new\crow.vcxproj]
C:\Users\DAB\mysite\backend\build_new\crow-prefix\src\crow\include\crow/mustache.h(5
63,28): warning C4267: инициализация: преобразование из "size_t" в "int"; возможна п
отеря данных [C:\Users\DAB\mysite\backend\build_new\crow-prefix\src\crow-build\examp
les\example_json_map.vcxproj] [C:\Users\DAB\mysite\backend\build_new\crow.vcxproj]
C:\Users\DAB\mysite\backend\build_new\crow-prefix\src\crow\include\crow/task_timer.h
(28,37): error C2039: "io_service": не является членом "boost::asio". [C:\Users\DAB\
mysite\backend\build_new\crow-prefix\src\crow-build\examples\example_json_map.vcxpro
j] [C:\Users\DAB\mysite\backend\build_new\crow.vcxproj]
  C:\Users\DAB\Desktop\vcpkg\installed\x64-windows\include\boost/asio/impl/write_at.
  hpp(35,11): message : см. объявление "boost::asio" [C:\Users\DAB\mysite\backend\bu
  ild_new\crow-prefix\src\crow-build\examples\example_json_map.vcxproj]
C:\Users\DAB\mysite\backend\build_new\crow-prefix\src\crow\include\crow/task_timer.h
(28,37): error C2061: синтаксическая ошибка: идентификатор "io_service" [C:\Users\DA
B\mysite\backend\build_new\crow-prefix\src\crow-build\examples\example_json_map.vcxp
roj] [C:\Users\DAB\mysite\backend\build_new\crow.vcxproj]
C:\Users\DAB\mysite\backend\build_new\crow-prefix\src\crow\include\crow/task_timer.h
(123,26): error C2039: "io_service": не является членом "boost::asio". [C:\Users\DAB
\mysite\backend\build_new\crow-prefix\src\crow-build\examples\example_json_map.vcxpr
oj] [C:\Users\DAB\mysite\backend\build_new\crow.vcxproj]
  C:\Users\DAB\Desktop\vcpkg\installed\x64-windows\include\boost/asio/impl/write_at.
  hpp(35,11): message : см. объявление "boost::asio" [C:\Users\DAB\mysite\backend\bu
  ild_new\crow-prefix\src\crow-build\examples\example_json_map.vcxproj]
C:\Users\DAB\mysite\backend\build_new\crow-prefix\src\crow\include\crow/task_timer.h
(123,36): error C2143: синтаксическая ошибка: отсутствие ";" перед "&" [C:\Users\DAB
\mysite\backend\build_new\crow-prefix\src\crow-build\examples\example_json_map.vcxpr
oj] [C:\Users\DAB\mysite\backend\build_new\crow.vcxproj]
C:\Users\DAB\mysite\backend\build_new\crow-prefix\src\crow\include\crow/task_timer.h
(123,36): error C4430: отсутствует спецификатор типа - предполагается int. Примечани
е. C++ не поддерживает int по умолчанию [C:\Users\DAB\mysite\backend\build_new\crow-
prefix\src\crow-build\examples\example_json_map.vcxproj] [C:\Users\DAB\mysite\backen
d\build_new\crow.vcxproj]
C:\Users\DAB\mysite\backend\build_new\crow-prefix\src\crow\include\crow/task_timer.h
(123,49): error C2238: непредвиденные лексемы перед ";" [C:\Users\DAB\mysite\backend
\build_new\crow-prefix\src\crow-build\examples\example_json_map.vcxproj] [C:\Users\D
AB\mysite\backend\build_new\crow.vcxproj]
C:\Users\DAB\mysite\backend\build_new\crow-prefix\src\crow\include\crow/task_timer.h
(29,27): error C2065: io_service: необъявленный идентификатор [C:\Users\DAB\mysite\b
ackend\build_new\crow-prefix\src\crow-build\examples\example_json_map.vcxproj] [C:\U
sers\DAB\mysite\backend\build_new\crow.vcxproj]
C:\Users\DAB\mysite\backend\build_new\crow-prefix\src\crow\include\crow/task_timer.h
(29,56): error C2065: io_service_: необъявленный идентификатор [C:\Users\DAB\mysite\
backend\build_new\crow-prefix\src\crow-build\examples\example_json_map.vcxproj] [C:\
Users\DAB\mysite\backend\build_new\crow.vcxproj]
C:\Users\DAB\mysite\backend\build_new\crow-prefix\src\crow\include\crow/task_timer.h
(29,15): error C2614: crow::detail::task_timer: недопустимая инициализация члена: "i
o_service_" не является базовым классом или членом [C:\Users\DAB\mysite\backend\buil
d_new\crow-prefix\src\crow-build\examples\example_json_map.vcxproj] [C:\Users\DAB\my
site\backend\build_new\crow.vcxproj]
C:\Users\DAB\mysite\backend\build_new\crow-prefix\src\crow\include\crow/http_request
.h(38,22): error C2039: "io_service": не является членом "boost::asio". [C:\Users\DA
B\mysite\backend\build_new\crow-prefix\src\crow-build\examples\example_json_map.vcxp
roj] [C:\Users\DAB\mysite\backend\build_new\crow.vcxproj]
  C:\Users\DAB\Desktop\vcpkg\installed\x64-windows\include\boost/asio/impl/write_at.
  hpp(35,11): message : см. объявление "boost::asio" [C:\Users\DAB\mysite\backend\bu
  ild_new\crow-prefix\src\crow-build\examples\example_json_map.vcxproj]
C:\Users\DAB\mysite\backend\build_new\crow-prefix\src\crow\include\crow/http_request
.h(38,32): error C2143: синтаксическая ошибка: отсутствие ";" перед "*" [C:\Users\DA
B\mysite\backend\build_new\crow-prefix\src\crow-build\examples\example_json_map.vcxp
roj] [C:\Users\DAB\mysite\backend\build_new\crow.vcxproj]
C:\Users\DAB\mysite\backend\build_new\crow-prefix\src\crow\include\crow/http_request
.h(38,32): error C4430: отсутствует спецификатор типа - предполагается int. Примечан
ие. C++ не поддерживает int по умолчанию [C:\Users\DAB\mysite\backend\build_new\crow
-prefix\src\crow-build\examples\example_json_map.vcxproj] [C:\Users\DAB\mysite\backe
nd\build_new\crow.vcxproj]
C:\Users\DAB\mysite\backend\build_new\crow-prefix\src\crow\include\crow/http_request
.h(38,44): error C2334: непредвиденные лексемы перед "{"; пропуск вероятного тела фу
нкции [C:\Users\DAB\mysite\backend\build_new\crow-prefix\src\crow-build\examples\exa
mple_json_map.vcxproj] [C:\Users\DAB\mysite\backend\build_new\crow.vcxproj]
C:\Users\DAB\mysite\backend\build_new\crow-prefix\src\crow\include\crow/http_request
.h(69,13): error C3861: io_service: идентификатор не найден [C:\Users\DAB\mysite\bac
kend\build_new\crow-prefix\src\crow-build\examples\example_json_map.vcxproj] [C:\Use
rs\DAB\mysite\backend\build_new\crow.vcxproj]
  C:\Users\DAB\mysite\backend\build_new\crow-prefix\src\crow\include\crow/http_reque
  st.h(67,14): message : Сообщение диагностики возникло в созданной компилятором фун
  кции "void crow::request::post(CompletionHandler)" [C:\Users\DAB\mysite\backend\bu
  ild_new\crow-prefix\src\crow-build\examples\example_json_map.vcxproj]
C:\Users\DAB\mysite\backend\build_new\crow-prefix\src\crow\include\crow/http_request
.h(69,13): error C2065: io_service: необъявленный идентификатор [C:\Users\DAB\mysite
\backend\build_new\crow-prefix\src\crow-build\examples\example_json_map.vcxproj] [C:
\Users\DAB\mysite\backend\build_new\crow.vcxproj]
  C:\Users\DAB\mysite\backend\build_new\crow-prefix\src\crow\include\crow/http_reque
  st.h(67,14): message : Сообщение диагностики возникло в созданной компилятором фун
  кции "void crow::request::post(CompletionHandler)" [C:\Users\DAB\mysite\backend\bu
  ild_new\crow-prefix\src\crow-build\examples\example_json_map.vcxproj]
C:\Users\DAB\mysite\backend\build_new\crow-prefix\src\crow\include\crow/http_request
.h(76,13): error C3861: io_service: идентификатор не найден [C:\Users\DAB\mysite\bac
kend\build_new\crow-prefix\src\crow-build\examples\example_json_map.vcxproj] [C:\Use
rs\DAB\mysite\backend\build_new\crow.vcxproj]
  C:\Users\DAB\mysite\backend\build_new\crow-prefix\src\crow\include\crow/http_reque
  st.h(74,14): message : Сообщение диагностики возникло в созданной компилятором фун
  кции "void crow::request::dispatch(CompletionHandler)" [C:\Users\DAB\mysite\backen
  d\build_new\crow-prefix\src\crow-build\examples\example_json_map.vcxproj]
C:\Users\DAB\mysite\backend\build_new\crow-prefix\src\crow\include\crow/http_request
.h(76,13): error C2065: io_service: необъявленный идентификатор [C:\Users\DAB\mysite
\backend\build_new\crow-prefix\src\crow-build\examples\example_json_map.vcxproj] [C:
\Users\DAB\mysite\backend\build_new\crow.vcxproj]
  C:\Users\DAB\mysite\backend\build_new\crow-prefix\src\crow\include\crow/http_reque
  st.h(74,14): message : Сообщение диагностики возникло в созданной компилятором фун
  кции "void crow::request::dispatch(CompletionHandler)" [C:\Users\DAB\mysite\backen
  d\build_new\crow-prefix\src\crow-build\examples\example_json_map.vcxproj]
C:\Users\DAB\mysite\backend\build_new\crow-prefix\src\crow\include\crow/multipart.h(
167,84): warning C4458: объявление "part_map" скрывает член класса [C:\Users\DAB\mys
ite\backend\build_new\crow-prefix\src\crow-build\examples\example_json_map.vcxproj]
[C:\Users\DAB\mysite\backend\build_new\crow.vcxproj]
  C:\Users\DAB\mysite\backend\build_new\crow-prefix\src\crow\include\crow/multipart.
  h(79,20): message : см. объявление "crow::multipart::message::part_map" [C:\Users\
  DAB\mysite\backend\build_new\crow-prefix\src\crow-build\examples\example_json_map.
  vcxproj]
C:\Users\DAB\mysite\backend\build_new\crow-prefix\src\crow\include\crow/multipart.h(
218,32): warning C4456: объявление "found" скрывает предыдущее локальное объявление
[C:\Users\DAB\mysite\backend\build_new\crow-prefix\src\crow-build\examples\example_j
son_map.vcxproj] [C:\Users\DAB\mysite\backend\build_new\crow.vcxproj]
  C:\Users\DAB\mysite\backend\build_new\crow-prefix\src\crow\include\crow/multipart.
  h(211,28): message : см. объявление "found" [C:\Users\DAB\mysite\backend\build_new
  \crow-prefix\src\crow-build\examples\example_json_map.vcxproj]
C:\Users\DAB\mysite\backend\build_new\crow-prefix\src\crow\include\crow/multipart.h(
234,32): warning C4456: объявление "found" скрывает предыдущее локальное объявление
[C:\Users\DAB\mysite\backend\build_new\crow-prefix\src\crow-build\examples\example_j
son_map.vcxproj] [C:\Users\DAB\mysite\backend\build_new\crow.vcxproj]
  C:\Users\DAB\mysite\backend\build_new\crow-prefix\src\crow\include\crow/multipart.
  h(211,28): message : см. объявление "found" [C:\Users\DAB\mysite\backend\build_new
  \crow-prefix\src\crow-build\examples\example_json_map.vcxproj]
C:\Users\DAB\mysite\backend\build_new\crow-prefix\src\crow\include\crow/routing.h(80
0,70): warning C4244: аргумент: преобразование "__int64" в "unsigned int", возможна
потеря данных [C:\Users\DAB\mysite\backend\build_new\crow-prefix\src\crow-build\exam
ples\example_json_map.vcxproj] [C:\Users\DAB\mysite\backend\build_new\crow.vcxproj]
C:\Users\DAB\mysite\backend\build_new\crow-prefix\src\crow\include\crow/routing.h(82
1,70): warning C4244: аргумент: преобразование "__int64" в "unsigned int", возможна
потеря данных [C:\Users\DAB\mysite\backend\build_new\crow-prefix\src\crow-build\exam
ples\example_json_map.vcxproj] [C:\Users\DAB\mysite\backend\build_new\crow.vcxproj]
C:\Users\DAB\mysite\backend\build_new\crow-prefix\src\crow\include\crow/routing.h(84
2,70): warning C4244: аргумент: преобразование "__int64" в "unsigned int", возможна
потеря данных [C:\Users\DAB\mysite\backend\build_new\crow-prefix\src\crow-build\exam
ples\example_json_map.vcxproj] [C:\Users\DAB\mysite\backend\build_new\crow.vcxproj]
C:\Users\DAB\mysite\backend\build_new\crow-prefix\src\crow\include\crow/routing.h(86
4,61): warning C4267: аргумент: преобразование из "size_t" в "unsigned int"; возможн
а потеря данных [C:\Users\DAB\mysite\backend\build_new\crow-prefix\src\crow-build\ex
amples\example_json_map.vcxproj] [C:\Users\DAB\mysite\backend\build_new\crow.vcxproj
]
C:\Users\DAB\mysite\backend\build_new\crow-prefix\src\crow\include\crow/routing.h(88
0,61): warning C4267: аргумент: преобразование из "size_t" в "unsigned int"; возможн
а потеря данных [C:\Users\DAB\mysite\backend\build_new\crow-prefix\src\crow-build\ex
amples\example_json_map.vcxproj] [C:\Users\DAB\mysite\backend\build_new\crow.vcxproj
]
C:\Users\DAB\mysite\backend\build_new\crow-prefix\src\crow\include\crow/routing.h(89
5,61): warning C4267: аргумент: преобразование из "size_t" в "unsigned int"; возможн
а потеря данных [C:\Users\DAB\mysite\backend\build_new\crow-prefix\src\crow-build\ex
amples\example_json_map.vcxproj] [C:\Users\DAB\mysite\backend\build_new\crow.vcxproj
]
C:\Users\DAB\mysite\backend\build_new\crow-prefix\src\crow\include\crow/routing.h(94
5,53): warning C4267: +=: преобразование из "size_t" в "unsigned int"; возможна поте
ря данных [C:\Users\DAB\mysite\backend\build_new\crow-prefix\src\crow-build\examples
\example_json_map.vcxproj] [C:\Users\DAB\mysite\backend\build_new\crow.vcxproj]
C:\Users\DAB\mysite\backend\build_new\crow-prefix\src\crow\include\crow/routing.h(95
6,45): warning C4267: +=: преобразование из "size_t" в "unsigned int"; возможна поте
ря данных [C:\Users\DAB\mysite\backend\build_new\crow-prefix\src\crow-build\examples
\example_json_map.vcxproj] [C:\Users\DAB\mysite\backend\build_new\crow.vcxproj]
C:\Users\DAB\mysite\backend\build_new\crow-prefix\src\crow\include\crow/routing.h(10
02,36): warning C4267: +=: преобразование из "size_t" в "unsigned int"; возможна пот
еря данных [C:\Users\DAB\mysite\backend\build_new\crow-prefix\src\crow-build\example
s\example_json_map.vcxproj] [C:\Users\DAB\mysite\backend\build_new\crow.vcxproj]
C:\Users\DAB\mysite\backend\build_new\crow-prefix\src\crow\include\crow/routing.h(10
05,33): warning C4267: +=: преобразование из "size_t" в "unsigned int"; возможна пот
еря данных [C:\Users\DAB\mysite\backend\build_new\crow-prefix\src\crow-build\example
s\example_json_map.vcxproj] [C:\Users\DAB\mysite\backend\build_new\crow.vcxproj]
C:\Users\DAB\mysite\backend\build_new\crow-prefix\src\crow\include\crow/routing.h(12
04,101): warning C4267: аргумент: преобразование из "size_t" в "unsigned int"; возмо
жна потеря данных [C:\Users\DAB\mysite\backend\build_new\crow-prefix\src\crow-build\
examples\example_json_map.vcxproj] [C:\Users\DAB\mysite\backend\build_new\crow.vcxpr
oj]
C:\Users\DAB\mysite\backend\build_new\crow-prefix\src\crow\include\crow/routing.h(12
04,87): warning C4267: аргумент: преобразование из "size_t" в "uint16_t"; возможна п
отеря данных [C:\Users\DAB\mysite\backend\build_new\crow-prefix\src\crow-build\examp
les\example_json_map.vcxproj] [C:\Users\DAB\mysite\backend\build_new\crow.vcxproj]
C:\Users\DAB\mysite\backend\build_new\crow-prefix\src\crow\include\crow/routing.h(12
10,118): warning C4267: аргумент: преобразование из "size_t" в "unsigned int"; возмо
жна потеря данных [C:\Users\DAB\mysite\backend\build_new\crow-prefix\src\crow-build\
examples\example_json_map.vcxproj] [C:\Users\DAB\mysite\backend\build_new\crow.vcxpr
oj]
C:\Users\DAB\mysite\backend\build_new\crow-prefix\src\crow\include\crow/routing.h(12
58,29): warning C4456: объявление "i" скрывает предыдущее локальное объявление [C:\U
sers\DAB\mysite\backend\build_new\crow-prefix\src\crow-build\examples\example_json_m
ap.vcxproj] [C:\Users\DAB\mysite\backend\build_new\crow.vcxproj]
  C:\Users\DAB\mysite\backend\build_new\crow-prefix\src\crow\include\crow/routing.h(
  1249,27): message : см. объявление "i" [C:\Users\DAB\mysite\backend\build_new\crow
  -prefix\src\crow-build\examples\example_json_map.vcxproj]
C:\Users\DAB\mysite\backend\build_new\crow-prefix\src\crow\include\crow/routing.h(12
59,104): warning C4244: аргумент: преобразование "int" в "uint16_t", возможна потеря
 данных [C:\Users\DAB\mysite\backend\build_new\crow-prefix\src\crow-build\examples\e
xample_json_map.vcxproj] [C:\Users\DAB\mysite\backend\build_new\crow.vcxproj]
C:\Users\DAB\mysite\backend\build_new\crow-prefix\src\crow\include\crow/routing.h(12
59,100): warning C4267: аргумент: преобразование из "size_t" в "unsigned int"; возмо
жна потеря данных [C:\Users\DAB\mysite\backend\build_new\crow-prefix\src\crow-build\
examples\example_json_map.vcxproj] [C:\Users\DAB\mysite\backend\build_new\crow.vcxpr
oj]
C:\Users\DAB\mysite\backend\build_new\crow-prefix\src\crow\include\crow/routing.h(12
70,76): warning C4244: аргумент: преобразование "unsigned int" в "const uint16_t", в
озможна потеря данных [C:\Users\DAB\mysite\backend\build_new\crow-prefix\src\crow-bu
ild\examples\example_json_map.vcxproj] [C:\Users\DAB\mysite\backend\build_new\crow.v
cxproj]
C:\Users\DAB\mysite\backend\build_new\crow-prefix\src\crow\include\crow/routing.h(14
20,24): warning C4267: инициализация: преобразование из "size_t" в "int"; возможна п
отеря данных [C:\Users\DAB\mysite\backend\build_new\crow-prefix\src\crow-build\examp
les\example_json_map.vcxproj] [C:\Users\DAB\mysite\backend\build_new\crow.vcxproj]
C:\Users\DAB\mysite\backend\build_new\crow-prefix\src\crow\include\crow/routing.h(15
11,28): warning C4456: объявление "per_method" скрывает предыдущее локальное объявле
ние [C:\Users\DAB\mysite\backend\build_new\crow-prefix\src\crow-build\examples\examp
le_json_map.vcxproj] [C:\Users\DAB\mysite\backend\build_new\crow.vcxproj]
  C:\Users\DAB\mysite\backend\build_new\crow-prefix\src\crow\include\crow/routing.h(
  1501,19): message : см. объявление "per_method" [C:\Users\DAB\mysite\backend\build
  _new\crow-prefix\src\crow-build\examples\example_json_map.vcxproj]
C:\Users\DAB\mysite\backend\build_new\crow-prefix\src\crow\include\crow/routing.h(15
53,13): warning C4530: Использован обработчик исключений C++, но семантика уничтожен
ия объектов не включена. Задайте параметр /EHsc [C:\Users\DAB\mysite\backend\build_n
ew\crow-prefix\src\crow-build\examples\example_json_map.vcxproj] [C:\Users\DAB\mysit
e\backend\build_new\crow.vcxproj]
C:\Users\DAB\mysite\backend\build_new\crow-prefix\src\crow\include\crow/http_connect
ion.h(40,24): error C2039: "io_service": не является членом "boost::asio". [C:\Users
\DAB\mysite\backend\build_new\crow-prefix\src\crow-build\examples\example_json_map.v
cxproj] [C:\Users\DAB\mysite\backend\build_new\crow.vcxproj]
  C:\Users\DAB\Desktop\vcpkg\installed\x64-windows\include\boost/asio/impl/write_at.
  hpp(35,11): message : см. объявление "boost::asio" [C:\Users\DAB\mysite\backend\bu
  ild_new\crow-prefix\src\crow-build\examples\example_json_map.vcxproj]
  C:\Users\DAB\mysite\backend\build_new\crow-prefix\src\crow\include\crow/http_conne
  ction.h(626,6): message : выполняется компиляция ссылки на экземпляр класс шаблон
  функции "crow::Connection<Adaptor,Handler,Middlewares...>" [C:\Users\DAB\mysite\ba
  ckend\build_new\crow-prefix\src\crow-build\examples\example_json_map.vcxproj]
C:\Users\DAB\mysite\backend\build_new\crow-prefix\src\crow\include\crow/http_connect
ion.h(40,24): error C2061: синтаксическая ошибка: идентификатор "io_service" [C:\Use
rs\DAB\mysite\backend\build_new\crow-prefix\src\crow-build\examples\example_json_map
.vcxproj] [C:\Users\DAB\mysite\backend\build_new\crow.vcxproj]
C:\Users\DAB\mysite\backend\build_new\crow-prefix\src\crow\include\crow/http_connect
ion.h(48,20): error C3861: io_service: идентификатор не найден [C:\Users\DAB\mysite\
backend\build_new\crow-prefix\src\crow-build\examples\example_json_map.vcxproj] [C:\
Users\DAB\mysite\backend\build_new\crow.vcxproj]
C:\Users\DAB\mysite\backend\build_new\crow-prefix\src\crow\include\crow/http_connect
ion.h(48,32): error C3861: adaptor_ctx_: идентификатор не найден [C:\Users\DAB\mysit
e\backend\build_new\crow-prefix\src\crow-build\examples\example_json_map.vcxproj] [C
:\Users\DAB\mysite\backend\build_new\crow.vcxproj]
C:\Users\DAB\mysite\backend\build_new\crow-prefix\src\crow\include\crow/http_connect
ion.h(49,20): error C3861: handler: идентификатор не найден [C:\Users\DAB\mysite\bac
kend\build_new\crow-prefix\src\crow-build\examples\example_json_map.vcxproj] [C:\Use
rs\DAB\mysite\backend\build_new\crow.vcxproj]
C:\Users\DAB\mysite\backend\build_new\crow-prefix\src\crow\include\crow/http_connect
ion.h(51,24): error C3861: server_name: идентификатор не найден [C:\Users\DAB\mysite
\backend\build_new\crow-prefix\src\crow-build\examples\example_json_map.vcxproj] [C:
\Users\DAB\mysite\backend\build_new\crow.vcxproj]
C:\Users\DAB\mysite\backend\build_new\crow-prefix\src\crow\include\crow/http_connect
ion.h(52,24): error C3861: middlewares: идентификатор не найден [C:\Users\DAB\mysite
\backend\build_new\crow-prefix\src\crow-build\examples\example_json_map.vcxproj] [C:
\Users\DAB\mysite\backend\build_new\crow.vcxproj]
C:\Users\DAB\mysite\backend\build_new\crow-prefix\src\crow\include\crow/http_connect
ion.h(53,31): error C3861: get_cached_date_str_f: идентификатор не найден [C:\Users\
DAB\mysite\backend\build_new\crow-prefix\src\crow-build\examples\example_json_map.vc
xproj] [C:\Users\DAB\mysite\backend\build_new\crow.vcxproj]
C:\Users\DAB\mysite\backend\build_new\crow-prefix\src\crow\include\crow/http_connect
ion.h(54,23): error C3861: task_timer: идентификатор не найден [C:\Users\DAB\mysite\
backend\build_new\crow-prefix\src\crow-build\examples\example_json_map.vcxproj] [C:\
Users\DAB\mysite\backend\build_new\crow.vcxproj]
C:\Users\DAB\mysite\backend\build_new\crow-prefix\src\crow\include\crow/http_connect
ion.h(55,33): error C3861: handler: идентификатор не найден [C:\Users\DAB\mysite\bac
kend\build_new\crow-prefix\src\crow-build\examples\example_json_map.vcxproj] [C:\Use
rs\DAB\mysite\backend\build_new\crow.vcxproj]
C:\Users\DAB\mysite\backend\build_new\crow-prefix\src\crow\include\crow/http_connect
ion.h(56,25): error C3861: queue_length: идентификатор не найден [C:\Users\DAB\mysit
e\backend\build_new\crow-prefix\src\crow-build\examples\example_json_map.vcxproj] [C
:\Users\DAB\mysite\backend\build_new\crow.vcxproj]
C:\Users\DAB\mysite\backend\build_new\crow-prefix\src\crow\include\crow/http_connect
ion.h(48,20): error C2065: io_service: необъявленный идентификатор [C:\Users\DAB\mys
ite\backend\build_new\crow-prefix\src\crow-build\examples\example_json_map.vcxproj]
[C:\Users\DAB\mysite\backend\build_new\crow.vcxproj]
C:\Users\DAB\mysite\backend\build_new\crow-prefix\src\crow\include\crow/http_connect
ion.h(48,32): error C2065: adaptor_ctx_: необъявленный идентификатор [C:\Users\DAB\m
ysite\backend\build_new\crow-prefix\src\crow-build\examples\example_json_map.vcxproj
] [C:\Users\DAB\mysite\backend\build_new\crow.vcxproj]
C:\Users\DAB\mysite\backend\build_new\crow-prefix\src\crow\include\crow/http_connect
ion.h(49,20): error C2065: handler: необъявленный идентификатор [C:\Users\DAB\mysite
\backend\build_new\crow-prefix\src\crow-build\examples\example_json_map.vcxproj] [C:
\Users\DAB\mysite\backend\build_new\crow.vcxproj]
C:\Users\DAB\mysite\backend\build_new\crow-prefix\src\crow\include\crow/http_connect
ion.h(51,24): error C2065: server_name: необъявленный идентификатор [C:\Users\DAB\my
site\backend\build_new\crow-prefix\src\crow-build\examples\example_json_map.vcxproj]
 [C:\Users\DAB\mysite\backend\build_new\crow.vcxproj]
C:\Users\DAB\mysite\backend\build_new\crow-prefix\src\crow\include\crow/http_connect
ion.h(52,24): error C2065: middlewares: необъявленный идентификатор [C:\Users\DAB\my
site\backend\build_new\crow-prefix\src\crow-build\examples\example_json_map.vcxproj]
 [C:\Users\DAB\mysite\backend\build_new\crow.vcxproj]
C:\Users\DAB\mysite\backend\build_new\crow-prefix\src\crow\include\crow/http_connect
ion.h(53,31): error C2065: get_cached_date_str_f: необъявленный идентификатор [C:\Us
ers\DAB\mysite\backend\build_new\crow-prefix\src\crow-build\examples\example_json_ma
p.vcxproj] [C:\Users\DAB\mysite\backend\build_new\crow.vcxproj]
C:\Users\DAB\mysite\backend\build_new\crow-prefix\src\crow\include\crow/http_connect
ion.h(54,23): error C2065: task_timer: необъявленный идентификатор [C:\Users\DAB\mys
ite\backend\build_new\crow-prefix\src\crow-build\examples\example_json_map.vcxproj]
[C:\Users\DAB\mysite\backend\build_new\crow.vcxproj]
C:\Users\DAB\mysite\backend\build_new\crow-prefix\src\crow\include\crow/http_connect
ion.h(55,33): error C2065: handler: необъявленный идентификатор [C:\Users\DAB\mysite
\backend\build_new\crow-prefix\src\crow-build\examples\example_json_map.vcxproj] [C:
\Users\DAB\mysite\backend\build_new\crow.vcxproj]
C:\Users\DAB\mysite\backend\build_new\crow-prefix\src\crow\include\crow/http_connect
ion.h(56,25): error C2065: queue_length: необъявленный идентификатор [C:\Users\DAB\m
ysite\backend\build_new\crow-prefix\src\crow-build\examples\example_json_map.vcxproj
] [C:\Users\DAB\mysite\backend\build_new\crow.vcxproj]
C:\Users\DAB\mysite\backend\build_new\crow-prefix\src\crow\include\crow/http_server.
h(226,15): error C2039: "io_service": не является членом "boost::asio". [C:\Users\DA
B\mysite\backend\build_new\crow-prefix\src\crow-build\examples\example_json_map.vcxp
roj] [C:\Users\DAB\mysite\backend\build_new\crow.vcxproj]
  C:\Users\DAB\Desktop\vcpkg\installed\x64-windows\include\boost/asio/impl/write_at.
  hpp(35,11): message : см. объявление "boost::asio" [C:\Users\DAB\mysite\backend\bu
  ild_new\crow-prefix\src\crow-build\examples\example_json_map.vcxproj]
  C:\Users\DAB\mysite\backend\build_new\crow-prefix\src\crow\include\crow/http_serve
  r.h(248,6): message : выполняется компиляция ссылки на экземпляр класс шаблон функ
  ции "crow::Server<Handler,Adaptor,Middlewares...>" [C:\Users\DAB\mysite\backend\bu
  ild_new\crow-prefix\src\crow-build\examples\example_json_map.vcxproj]
C:\Users\DAB\mysite\backend\build_new\crow-prefix\src\crow\include\crow/http_server.
h(226,26): error C3646: io_service_: неизвестный спецификатор переопределения [C:\Us
ers\DAB\mysite\backend\build_new\crow-prefix\src\crow-build\examples\example_json_ma
p.vcxproj] [C:\Users\DAB\mysite\backend\build_new\crow.vcxproj]
C:\Users\DAB\mysite\backend\build_new\crow-prefix\src\crow\include\crow/http_server.
h(226,1): error C4430: отсутствует спецификатор типа - предполагается int. Примечани
е. C++ не поддерживает int по умолчанию [C:\Users\DAB\mysite\backend\build_new\crow-
prefix\src\crow-build\examples\example_json_map.vcxproj] [C:\Users\DAB\mysite\backen
d\build_new\crow.vcxproj]
C:\Users\DAB\mysite\backend\build_new\crow-prefix\src\crow\include\crow/http_server.
h(227,43): error C2039: "io_service": не является членом "boost::asio". [C:\Users\DA
B\mysite\backend\build_new\crow-prefix\src\crow-build\examples\example_json_map.vcxp
roj] [C:\Users\DAB\mysite\backend\build_new\crow.vcxproj]
  C:\Users\DAB\Desktop\vcpkg\installed\x64-windows\include\boost/asio/impl/write_at.
  hpp(35,11): message : см. объявление "boost::asio" [C:\Users\DAB\mysite\backend\bu
  ild_new\crow-prefix\src\crow-build\examples\example_json_map.vcxproj]
C:\Users\DAB\mysite\backend\build_new\crow-prefix\src\crow\include\crow/http_server.
h(227,43): error C2065: io_service: необъявленный идентификатор [C:\Users\DAB\mysite
\backend\build_new\crow-prefix\src\crow-build\examples\example_json_map.vcxproj] [C:
\Users\DAB\mysite\backend\build_new\crow.vcxproj]
C:\Users\DAB\mysite\backend\build_new\crow-prefix\src\crow\include\crow/http_server.
h(227,26): error C2923: std::unique_ptr: "io_service" не является допустимым аргумен
том типа шаблон для параметра "_Ty" [C:\Users\DAB\mysite\backend\build_new\crow-pref
ix\src\crow-build\examples\example_json_map.vcxproj] [C:\Users\DAB\mysite\backend\bu
ild_new\crow.vcxproj]
  C:\Users\DAB\mysite\backend\build_new\crow-prefix\src\crow\include\crow/http_serve
  r.h(227,43): message : см. объявление "io_service" [C:\Users\DAB\mysite\backend\bu
  ild_new\crow-prefix\src\crow-build\examples\example_json_map.vcxproj]
C:\Users\DAB\mysite\backend\build_new\crow-prefix\src\crow\include\crow/http_server.
h(227,26): error C2976: std::unique_ptr: слишком мало аргументов шаблон [C:\Users\DA
B\mysite\backend\build_new\crow-prefix\src\crow-build\examples\example_json_map.vcxp
roj] [C:\Users\DAB\mysite\backend\build_new\crow.vcxproj]
  C:\Program Files\Microsoft Visual Studio\2022\Community\VC\Tools\MSVC\14.37.32822\
  include\memory(3213,1): message : см. объявление "std::unique_ptr" [C:\Users\DAB\m
  ysite\backend\build_new\crow-prefix\src\crow-build\examples\example_json_map.vcxpr
  oj]
C:\Users\DAB\mysite\backend\build_new\crow-prefix\src\crow\include\crow/http_server.
h(227,26): error C3203: "unique_ptr": неспециализированный класс шаблон нельзя испол
ьзовать в качестве аргумента шаблон для параметра шаблон "_Ty", требуется действител
ьный тип [C:\Users\DAB\mysite\backend\build_new\crow-prefix\src\crow-build\examples\
example_json_map.vcxproj] [C:\Users\DAB\mysite\backend\build_new\crow.vcxproj]
C:\Users\DAB\mysite\backend\build_new\crow-prefix\src\crow\include\crow/http_server.
h(30,21): error C3861: io_service_: идентификатор не найден [C:\Users\DAB\mysite\bac
kend\build_new\crow-prefix\src\crow-build\examples\example_json_map.vcxproj] [C:\Use
rs\DAB\mysite\backend\build_new\crow.vcxproj]
C:\Users\DAB\mysite\backend\build_new\crow-prefix\src\crow\include\crow/http_server.
h(31,20): error C3861: io_service_: идентификатор не найден [C:\Users\DAB\mysite\bac
kend\build_new\crow-prefix\src\crow-build\examples\example_json_map.vcxproj] [C:\Use
rs\DAB\mysite\backend\build_new\crow.vcxproj]
C:\Users\DAB\mysite\backend\build_new\crow-prefix\src\crow\include\crow/http_server.
h(32,23): error C3861: io_service_: идентификатор не найден [C:\Users\DAB\mysite\bac
kend\build_new\crow-prefix\src\crow-build\examples\example_json_map.vcxproj] [C:\Use
rs\DAB\mysite\backend\build_new\crow.vcxproj]
C:\Users\DAB\mysite\backend\build_new\crow-prefix\src\crow\include\crow/http_server.
h(30,21): error C2065: io_service_: необъявленный идентификатор [C:\Users\DAB\mysite
\backend\build_new\crow-prefix\src\crow-build\examples\example_json_map.vcxproj] [C:
\Users\DAB\mysite\backend\build_new\crow.vcxproj]
C:\Users\DAB\mysite\backend\build_new\crow-prefix\src\crow\include\crow/http_server.
h(31,20): error C2065: io_service_: необъявленный идентификатор [C:\Users\DAB\mysite
\backend\build_new\crow-prefix\src\crow-build\examples\example_json_map.vcxproj] [C:
\Users\DAB\mysite\backend\build_new\crow.vcxproj]
C:\Users\DAB\mysite\backend\build_new\crow-prefix\src\crow\include\crow/http_server.
h(32,23): error C2065: io_service_: необъявленный идентификатор [C:\Users\DAB\mysite
\backend\build_new\crow-prefix\src\crow-build\examples\example_json_map.vcxproj] [C:
\Users\DAB\mysite\backend\build_new\crow.vcxproj]
C:\Users\DAB\mysite\backend\build_new\crow-prefix\src\crow\include\crow/http_server.
h(65,51): error C2187: синтаксическая ошибка: непредвиденный здесь элемент "boost" [
C:\Users\DAB\mysite\backend\build_new\crow-prefix\src\crow-build\examples\example_js
on_map.vcxproj] [C:\Users\DAB\mysite\backend\build_new\crow.vcxproj]
C:\Users\DAB\mysite\backend\build_new\crow-prefix\src\crow\include\crow/http_server.
h(65,74): error C3878: синтаксическая ошибка: непредвиденный маркер "(" после "expre
ssion" [C:\Users\DAB\mysite\backend\build_new\crow-prefix\src\crow-build\examples\ex
ample_json_map.vcxproj] [C:\Users\DAB\mysite\backend\build_new\crow.vcxproj]
  C:\Users\DAB\mysite\backend\build_new\crow-prefix\src\crow\include\crow/http_serve
  r.h(65,74): message : пропущено восстановление ошибки: "(" [C:\Users\DAB\mysite\ba
  ckend\build_new\crow-prefix\src\crow-build\examples\example_json_map.vcxproj]
C:\Users\DAB\mysite\backend\build_new\crow-prefix\src\crow\include\crow/http_server.
h(65,75): error C2760: синтаксическая ошибка: непредвиденный элемент ")". Ожидается
";" [C:\Users\DAB\mysite\backend\build_new\crow-prefix\src\crow-build\examples\examp
le_json_map.vcxproj] [C:\Users\DAB\mysite\backend\build_new\crow.vcxproj]
C:\Users\DAB\mysite\backend\build_new\crow-prefix\src\crow\include\crow/http_server.
h(65,75): error C3878: синтаксическая ошибка: непредвиденный маркер ")" после "expre
ssion_statement" [C:\Users\DAB\mysite\backend\build_new\crow-prefix\src\crow-build\e
xamples\example_json_map.vcxproj] [C:\Users\DAB\mysite\backend\build_new\crow.vcxpro
j]
  C:\Users\DAB\mysite\backend\build_new\crow-prefix\src\crow\include\crow/http_serve
  r.h(65,75): message : пропущено восстановление ошибки: ") )" [C:\Users\DAB\mysite\
  backend\build_new\crow-prefix\src\crow-build\examples\example_json_map.vcxproj]
C:\Users\DAB\mysite\backend\build_new\crow-prefix\src\crow\include\crow/http_server.
h(156,19): error C2065: io_service_: необъявленный идентификатор [C:\Users\DAB\mysit
e\backend\build_new\crow-prefix\src\crow-build\examples\example_json_map.vcxproj] [C
:\Users\DAB\mysite\backend\build_new\crow.vcxproj]
C:\Users\DAB\mysite\backend\build_new\crow-prefix\src\crow\include\crow/http_server.
h(164,13): error C3861: io_service_: идентификатор не найден [C:\Users\DAB\mysite\ba
ckend\build_new\crow-prefix\src\crow-build\examples\example_json_map.vcxproj] [C:\Us
ers\DAB\mysite\backend\build_new\crow.vcxproj]
C:\Users\DAB\mysite\backend\build_new\crow-prefix\src\crow\include\crow/http_server.
h(164,13): error C2065: io_service_: необъявленный идентификатор [C:\Users\DAB\mysit
e\backend\build_new\crow-prefix\src\crow-build\examples\example_json_map.vcxproj] [C
:\Users\DAB\mysite\backend\build_new\crow.vcxproj]
C:\Users\DAB\mysite\backend\build_new\crow-prefix\src\crow\include\crow/http_server.
h(197,19): error C2039: "io_service": не является членом "boost::asio". [C:\Users\DA
B\mysite\backend\build_new\crow-prefix\src\crow-build\examples\example_json_map.vcxp
roj] [C:\Users\DAB\mysite\backend\build_new\crow.vcxproj]
  C:\Users\DAB\Desktop\vcpkg\installed\x64-windows\include\boost/asio/impl/write_at.
  hpp(35,11): message : см. объявление "boost::asio" [C:\Users\DAB\mysite\backend\bu
  ild_new\crow-prefix\src\crow-build\examples\example_json_map.vcxproj]
C:\Users\DAB\mysite\backend\build_new\crow-prefix\src\crow\include\crow/http_server.
h(197,31): error C3861: is: идентификатор не найден [C:\Users\DAB\mysite\backend\bui
ld_new\crow-prefix\src\crow-build\examples\example_json_map.vcxproj] [C:\Users\DAB\m
ysite\backend\build_new\crow.vcxproj]
C:\Users\DAB\mysite\backend\build_new\crow-prefix\src\crow\include\crow/http_server.
h(199,32): error C2065: is: необъявленный идентификатор [C:\Users\DAB\mysite\backend
\build_new\crow-prefix\src\crow-build\examples\example_json_map.vcxproj] [C:\Users\D
AB\mysite\backend\build_new\crow.vcxproj]
C:\Users\DAB\mysite\backend\build_new\crow-prefix\src\crow\include\crow/http_server.
h(199,32): error C3861: is: идентификатор не найден [C:\Users\DAB\mysite\backend\bui
ld_new\crow-prefix\src\crow-build\examples\example_json_map.vcxproj] [C:\Users\DAB\m
ysite\backend\build_new\crow.vcxproj]
C:\Users\DAB\mysite\backend\build_new\crow-prefix\src\crow\include\crow/http_server.
h(202,15): error C3861: is: идентификатор не найден [C:\Users\DAB\mysite\backend\bui
ld_new\crow-prefix\src\crow-build\examples\example_json_map.vcxproj] [C:\Users\DAB\m
ysite\backend\build_new\crow.vcxproj]
C:\Users\DAB\mysite\backend\build_new\crow-prefix\src\crow\include\crow/http_server.
h(207,26): error C3861: is: идентификатор не найден [C:\Users\DAB\mysite\backend\bui
ld_new\crow-prefix\src\crow-build\examples\example_json_map.vcxproj] [C:\Users\DAB\m
ysite\backend\build_new\crow.vcxproj]
C:\Users\DAB\mysite\backend\build_new\crow-prefix\src\crow\include\crow/http_server.
h(210,23): error C3861: is: идентификатор не найден [C:\Users\DAB\mysite\backend\bui
ld_new\crow-prefix\src\crow-build\examples\example_json_map.vcxproj] [C:\Users\DAB\m
ysite\backend\build_new\crow.vcxproj]
C:\Users\DAB\mysite\backend\build_new\crow-prefix\src\crow\include\crow/http_server.
h(218,42): error C2065: is: необъявленный идентификатор [C:\Users\DAB\mysite\backend
\build_new\crow-prefix\src\crow-build\examples\example_json_map.vcxproj] [C:\Users\D
AB\mysite\backend\build_new\crow.vcxproj]
C:\Users\DAB\mysite\backend\build_new\crow-prefix\src\crow\include\crow/http_server.
h(218,42): error C3861: is: идентификатор не найден [C:\Users\DAB\mysite\backend\bui
ld_new\crow-prefix\src\crow-build\examples\example_json_map.vcxproj] [C:\Users\DAB\m
ysite\backend\build_new\crow.vcxproj]
C:\Users\DAB\mysite\backend\build_new\crow-prefix\src\crow\include\crow/http_server.
h(197,31): error C2065: is: необъявленный идентификатор [C:\Users\DAB\mysite\backend
\build_new\crow-prefix\src\crow-build\examples\example_json_map.vcxproj] [C:\Users\D
AB\mysite\backend\build_new\crow.vcxproj]
C:\Users\DAB\mysite\backend\build_new\crow-prefix\src\crow\include\crow/http_server.
h(202,15): error C2065: is: необъявленный идентификатор [C:\Users\DAB\mysite\backend
\build_new\crow-prefix\src\crow-build\examples\example_json_map.vcxproj] [C:\Users\D
AB\mysite\backend\build_new\crow.vcxproj]
C:\Users\DAB\mysite\backend\build_new\crow-prefix\src\crow\include\crow/http_server.
h(210,23): error C2065: is: необъявленный идентификатор [C:\Users\DAB\mysite\backend
\build_new\crow-prefix\src\crow-build\examples\example_json_map.vcxproj] [C:\Users\D
AB\mysite\backend\build_new\crow.vcxproj]
    Building Custom Rule C:/Users/DAB/mysite/backend/build_new/crow-prefix/src/crow/
  examples/CMakeLists.txt
    example_middleware.cpp
C:\Users\DAB\mysite\backend\build_new\crow-prefix\src\crow\include\crow/query_string
.h(117,20): warning C4267: =: преобразование из "size_t" в "int"; возможна потеря да
нных [C:\Users\DAB\mysite\backend\build_new\crow-prefix\src\crow-build\examples\exam
ple_middleware.vcxproj] [C:\Users\DAB\mysite\backend\build_new\crow.vcxproj]
C:\Users\DAB\mysite\backend\build_new\crow-prefix\src\crow\include\crow/query_string
.h(370,92): warning C4267: аргумент: преобразование из "size_t" в "int"; возможна по
теря данных [C:\Users\DAB\mysite\backend\build_new\crow-prefix\src\crow-build\exampl
es\example_middleware.vcxproj] [C:\Users\DAB\mysite\backend\build_new\crow.vcxproj]
C:\Users\DAB\mysite\backend\build_new\crow-prefix\src\crow\include\crow/query_string
.h(406,94): warning C4267: аргумент: преобразование из "size_t" в "int"; возможна по
теря данных [C:\Users\DAB\mysite\backend\build_new\crow-prefix\src\crow-build\exampl
es\example_middleware.vcxproj] [C:\Users\DAB\mysite\backend\build_new\crow.vcxproj]
C:\Users\DAB\mysite\backend\build_new\crow-prefix\src\crow\include\crow/query_string
.h(445,112): warning C4267: аргумент: преобразование из "size_t" в "int"; возможна п
отеря данных [C:\Users\DAB\mysite\backend\build_new\crow-prefix\src\crow-build\examp
les\example_middleware.vcxproj] [C:\Users\DAB\mysite\backend\build_new\crow.vcxproj]
C:\Users\DAB\mysite\backend\build_new\crow-prefix\src\crow\include\crow/utility.h(67
2,39): warning C4267: инициализация: преобразование из "size_t" в "unsigned int"; во
зможна потеря данных [C:\Users\DAB\mysite\backend\build_new\crow-prefix\src\crow-bui
ld\examples\example_middleware.vcxproj] [C:\Users\DAB\mysite\backend\build_new\crow.
vcxproj]
C:\Users\DAB\mysite\backend\build_new\crow-prefix\src\crow\include\crow/http_parser_
merged.h(589,32): warning C4244: =: преобразование "__int64" в "unsigned long", возм
ожна потеря данных [C:\Users\DAB\mysite\backend\build_new\crow-prefix\src\crow-build
\examples\example_middleware.vcxproj] [C:\Users\DAB\mysite\backend\build_new\crow.vc
xproj]
C:\Users\DAB\mysite\backend\build_new\crow-prefix\src\crow\include\crow/http_parser_
merged.h(609,32): warning C4244: =: преобразование "__int64" в "unsigned long", возм
ожна потеря данных [C:\Users\DAB\mysite\backend\build_new\crow-prefix\src\crow-build
\examples\example_middleware.vcxproj] [C:\Users\DAB\mysite\backend\build_new\crow.vc
xproj]
    Please define _WIN32_WINNT or _WIN32_WINDOWS appropriately. For example:
    - add -D_WIN32_WINNT=0x0601 to the compiler command line; or
    - add _WIN32_WINNT=0x0601 to your project's Preprocessor Definitions.
    Assuming _WIN32_WINNT=0x0601 (i.e. Windows 7 target).
C:\Users\DAB\mysite\backend\build_new\crow-prefix\src\crow\include\crow/socket_adapt
ors.h(21,36): error C2039: "io_service": не является членом "boost::asio". [C:\Users
\DAB\mysite\backend\build_new\crow-prefix\src\crow-build\examples\example_middleware
.vcxproj] [C:\Users\DAB\mysite\backend\build_new\crow.vcxproj]
  C:\Users\DAB\Desktop\vcpkg\installed\x64-windows\include\boost/asio/impl/write_at.
  hpp(35,11): message : см. объявление "boost::asio" [C:\Users\DAB\mysite\backend\bu
  ild_new\crow-prefix\src\crow-build\examples\example_middleware.vcxproj]
C:\Users\DAB\mysite\backend\build_new\crow-prefix\src\crow\include\crow/socket_adapt
ors.h(21,36): error C2061: синтаксическая ошибка: идентификатор "io_service" [C:\Use
rs\DAB\mysite\backend\build_new\crow-prefix\src\crow-build\examples\example_middlewa
re.vcxproj] [C:\Users\DAB\mysite\backend\build_new\crow.vcxproj]
C:\Users\DAB\mysite\backend\build_new\crow-prefix\src\crow\include\crow/socket_adapt
ors.h(25,22): error C2039: "io_service": не является членом "boost::asio". [C:\Users
\DAB\mysite\backend\build_new\crow-prefix\src\crow-build\examples\example_middleware
.vcxproj] [C:\Users\DAB\mysite\backend\build_new\crow.vcxproj]
  C:\Users\DAB\Desktop\vcpkg\installed\x64-windows\include\boost/asio/impl/write_at.
  hpp(35,11): message : см. объявление "boost::asio" [C:\Users\DAB\mysite\backend\bu
  ild_new\crow-prefix\src\crow-build\examples\example_middleware.vcxproj]
C:\Users\DAB\mysite\backend\build_new\crow-prefix\src\crow\include\crow/socket_adapt
ors.h(25,32): error C2143: синтаксическая ошибка: отсутствие ";" перед "&" [C:\Users
\DAB\mysite\backend\build_new\crow-prefix\src\crow-build\examples\example_middleware
.vcxproj] [C:\Users\DAB\mysite\backend\build_new\crow.vcxproj]
C:\Users\DAB\mysite\backend\build_new\crow-prefix\src\crow\include\crow/socket_adapt
ors.h(25,32): error C4430: отсутствует спецификатор типа - предполагается int. Приме
чание. C++ не поддерживает int по умолчанию [C:\Users\DAB\mysite\backend\build_new\c
row-prefix\src\crow-build\examples\example_middleware.vcxproj] [C:\Users\DAB\mysite\
backend\build_new\crow.vcxproj]
C:\Users\DAB\mysite\backend\build_new\crow-prefix\src\crow\include\crow/socket_adapt
ors.h(26,9): error C2334: непредвиденные лексемы перед "{"; пропуск вероятного тела
функции [C:\Users\DAB\mysite\backend\build_new\crow-prefix\src\crow-build\examples\e
xample_middleware.vcxproj] [C:\Users\DAB\mysite\backend\build_new\crow.vcxproj]
C:\Users\DAB\mysite\backend\build_new\crow-prefix\src\crow\include\crow/socket_adapt
ors.h(22,19): error C2065: io_service: необъявленный идентификатор [C:\Users\DAB\mys
ite\backend\build_new\crow-prefix\src\crow-build\examples\example_middleware.vcxproj
] [C:\Users\DAB\mysite\backend\build_new\crow.vcxproj]
C:\Users\DAB\mysite\backend\build_new\crow-prefix\src\crow\include\crow/json.h(63,42
): warning C4244: аргумент: преобразование "int" в "_Elem", возможна потеря данных [
C:\Users\DAB\mysite\backend\build_new\crow-prefix\src\crow-build\examples\example_mi
ddleware.vcxproj] [C:\Users\DAB\mysite\backend\build_new\crow.vcxproj]
            with
            [
                _Elem=char
            ]
C:\Users\DAB\mysite\backend\build_new\crow-prefix\src\crow\include\crow/json.h(64,42
): warning C4244: аргумент: преобразование "int" в "_Elem", возможна потеря данных [
C:\Users\DAB\mysite\backend\build_new\crow-prefix\src\crow-build\examples\example_mi
ddleware.vcxproj] [C:\Users\DAB\mysite\backend\build_new\crow.vcxproj]
            with
            [
                _Elem=char
            ]
C:\Users\DAB\mysite\backend\build_new\crow-prefix\src\crow\include\crow/json.h(461,5
6): warning C4244: =: преобразование "unsigned int" в "char", возможна потеря данных
 [C:\Users\DAB\mysite\backend\build_new\crow-prefix\src\crow-build\examples\example_
middleware.vcxproj] [C:\Users\DAB\mysite\backend\build_new\crow.vcxproj]
C:\Users\DAB\mysite\backend\build_new\crow-prefix\src\crow\include\crow/json.h(467,5
6): warning C4244: =: преобразование "unsigned int" в "char", возможна потеря данных
 [C:\Users\DAB\mysite\backend\build_new\crow-prefix\src\crow-build\examples\example_
middleware.vcxproj] [C:\Users\DAB\mysite\backend\build_new\crow.vcxproj]
C:\Users\DAB\mysite\backend\build_new\crow-prefix\src\crow\include\crow/json.h(472,5
1): warning C4244: =: преобразование "unsigned int" в "char", возможна потеря данных
 [C:\Users\DAB\mysite\backend\build_new\crow-prefix\src\crow-build\examples\example_
middleware.vcxproj] [C:\Users\DAB\mysite\backend\build_new\crow.vcxproj]
C:\Users\DAB\mysite\backend\build_new\crow-prefix\src\crow\include\crow/json.h(681,4
1): warning C4244: =: преобразование "uint32_t" в "uint16_t", возможна потеря данных
 [C:\Users\DAB\mysite\backend\build_new\crow-prefix\src\crow-build\examples\example_
middleware.vcxproj] [C:\Users\DAB\mysite\backend\build_new\crow.vcxproj]
C:\Users\DAB\mysite\backend\build_new\crow-prefix\src\crow\include\crow/json.h(1211,
35): warning C4267: аргумент: преобразование из "size_t" в "uint32_t"; возможна поте
ря данных [C:\Users\DAB\mysite\backend\build_new\crow-prefix\src\crow-build\examples
\example_middleware.vcxproj] [C:\Users\DAB\mysite\backend\build_new\crow.vcxproj]
C:\Users\DAB\mysite\backend\build_new\crow-prefix\src\crow\include\crow/json.h(1671,
32): warning C4267: return: преобразование из "size_t" в "int"; возможна потеря данн
ых [C:\Users\DAB\mysite\backend\build_new\crow-prefix\src\crow-build\examples\exampl
e_middleware.vcxproj] [C:\Users\DAB\mysite\backend\build_new\crow.vcxproj]
C:\Users\DAB\mysite\backend\build_new\crow-prefix\src\crow\include\crow/json.h(1792,
52): warning C4458: объявление "o" скрывает член класса [C:\Users\DAB\mysite\backend
\build_new\crow-prefix\src\crow-build\examples\example_middleware.vcxproj] [C:\Users
\DAB\mysite\backend\build_new\crow.vcxproj]
  C:\Users\DAB\mysite\backend\build_new\crow-prefix\src\crow\include\crow/json.h(127
  0,37): message : см. объявление "crow::json::wvalue::o" [C:\Users\DAB\mysite\backe
  nd\build_new\crow-prefix\src\crow-build\examples\example_middleware.vcxproj]
C:\Users\DAB\mysite\backend\build_new\crow-prefix\src\crow\include\crow/mustache.h(9
7,33): warning C4267: инициализация: преобразование из "size_t" в "int"; возможна по
теря данных [C:\Users\DAB\mysite\backend\build_new\crow-prefix\src\crow-build\exampl
es\example_middleware.vcxproj] [C:\Users\DAB\mysite\backend\build_new\crow.vcxproj]
C:\Users\DAB\mysite\backend\build_new\crow-prefix\src\crow\include\crow/mustache.h(1
16,48): warning C4267: =: преобразование из "size_t" в "int"; возможна потеря данных
 [C:\Users\DAB\mysite\backend\build_new\crow-prefix\src\crow-build\examples\example_
middleware.vcxproj] [C:\Users\DAB\mysite\backend\build_new\crow.vcxproj]
C:\Users\DAB\mysite\backend\build_new\crow-prefix\src\crow\include\crow/mustache.h(1
18,53): warning C4267: аргумент: преобразование из "size_t" в "_Ty"; возможна потеря
 данных [C:\Users\DAB\mysite\backend\build_new\crow-prefix\src\crow-build\examples\e
xample_middleware.vcxproj] [C:\Users\DAB\mysite\backend\build_new\crow.vcxproj]
            with
            [
                _Ty=int
            ]
C:\Users\DAB\mysite\backend\build_new\crow-prefix\src\crow\include\crow/mustache.h(2
21,94): warning C4267: аргумент: преобразование из "size_t" в "int"; возможна потеря
 данных [C:\Users\DAB\mysite\backend\build_new\crow-prefix\src\crow-build\examples\e
xample_middleware.vcxproj] [C:\Users\DAB\mysite\backend\build_new\crow.vcxproj]
C:\Users\DAB\mysite\backend\build_new\crow-prefix\src\crow\include\crow/mustache.h(3
67,54): warning C4267: аргумент: преобразование из "size_t" в "int"; возможна потеря
 данных [C:\Users\DAB\mysite\backend\build_new\crow-prefix\src\crow-build\examples\e
xample_middleware.vcxproj] [C:\Users\DAB\mysite\backend\build_new\crow.vcxproj]
C:\Users\DAB\mysite\backend\build_new\crow-prefix\src\crow\include\crow/mustache.h(3
78,54): warning C4267: аргумент: преобразование из "size_t" в "int"; возможна потеря
 данных [C:\Users\DAB\mysite\backend\build_new\crow-prefix\src\crow-build\examples\e
xample_middleware.vcxproj] [C:\Users\DAB\mysite\backend\build_new\crow.vcxproj]
C:\Users\DAB\mysite\backend\build_new\crow-prefix\src\crow\include\crow/mustache.h(3
90,54): warning C4267: аргумент: преобразование из "size_t" в "int"; возможна потеря
 данных [C:\Users\DAB\mysite\backend\build_new\crow-prefix\src\crow-build\examples\e
xample_middleware.vcxproj] [C:\Users\DAB\mysite\backend\build_new\crow.vcxproj]
C:\Users\DAB\mysite\backend\build_new\crow-prefix\src\crow\include\crow/mustache.h(4
01,54): warning C4267: аргумент: преобразование из "size_t" в "int"; возможна потеря
 данных [C:\Users\DAB\mysite\backend\build_new\crow-prefix\src\crow-build\examples\e
xample_middleware.vcxproj] [C:\Users\DAB\mysite\backend\build_new\crow.vcxproj]
C:\Users\DAB\mysite\backend\build_new\crow-prefix\src\crow\include\crow/mustache.h(4
63,60): warning C4267: =: преобразование из "size_t" в "int"; возможна потеря данных
 [C:\Users\DAB\mysite\backend\build_new\crow-prefix\src\crow-build\examples\example_
middleware.vcxproj] [C:\Users\DAB\mysite\backend\build_new\crow.vcxproj]
C:\Users\DAB\mysite\backend\build_new\crow-prefix\src\crow\include\crow/mustache.h(5
63,28): warning C4267: инициализация: преобразование из "size_t" в "int"; возможна п
отеря данных [C:\Users\DAB\mysite\backend\build_new\crow-prefix\src\crow-build\examp
les\example_middleware.vcxproj] [C:\Users\DAB\mysite\backend\build_new\crow.vcxproj]
C:\Users\DAB\mysite\backend\build_new\crow-prefix\src\crow\include\crow/task_timer.h
(28,37): error C2039: "io_service": не является членом "boost::asio". [C:\Users\DAB\
mysite\backend\build_new\crow-prefix\src\crow-build\examples\example_middleware.vcxp
roj] [C:\Users\DAB\mysite\backend\build_new\crow.vcxproj]
  C:\Users\DAB\Desktop\vcpkg\installed\x64-windows\include\boost/asio/impl/write_at.
  hpp(35,11): message : см. объявление "boost::asio" [C:\Users\DAB\mysite\backend\bu
  ild_new\crow-prefix\src\crow-build\examples\example_middleware.vcxproj]
C:\Users\DAB\mysite\backend\build_new\crow-prefix\src\crow\include\crow/task_timer.h
(28,37): error C2061: синтаксическая ошибка: идентификатор "io_service" [C:\Users\DA
B\mysite\backend\build_new\crow-prefix\src\crow-build\examples\example_middleware.vc
xproj] [C:\Users\DAB\mysite\backend\build_new\crow.vcxproj]
C:\Users\DAB\mysite\backend\build_new\crow-prefix\src\crow\include\crow/task_timer.h
(123,26): error C2039: "io_service": не является членом "boost::asio". [C:\Users\DAB
\mysite\backend\build_new\crow-prefix\src\crow-build\examples\example_middleware.vcx
proj] [C:\Users\DAB\mysite\backend\build_new\crow.vcxproj]
  C:\Users\DAB\Desktop\vcpkg\installed\x64-windows\include\boost/asio/impl/write_at.
  hpp(35,11): message : см. объявление "boost::asio" [C:\Users\DAB\mysite\backend\bu
  ild_new\crow-prefix\src\crow-build\examples\example_middleware.vcxproj]
C:\Users\DAB\mysite\backend\build_new\crow-prefix\src\crow\include\crow/task_timer.h
(123,36): error C2143: синтаксическая ошибка: отсутствие ";" перед "&" [C:\Users\DAB
\mysite\backend\build_new\crow-prefix\src\crow-build\examples\example_middleware.vcx
proj] [C:\Users\DAB\mysite\backend\build_new\crow.vcxproj]
C:\Users\DAB\mysite\backend\build_new\crow-prefix\src\crow\include\crow/task_timer.h
(123,36): error C4430: отсутствует спецификатор типа - предполагается int. Примечани
е. C++ не поддерживает int по умолчанию [C:\Users\DAB\mysite\backend\build_new\crow-
prefix\src\crow-build\examples\example_middleware.vcxproj] [C:\Users\DAB\mysite\back
end\build_new\crow.vcxproj]
C:\Users\DAB\mysite\backend\build_new\crow-prefix\src\crow\include\crow/task_timer.h
(123,49): error C2238: непредвиденные лексемы перед ";" [C:\Users\DAB\mysite\backend
\build_new\crow-prefix\src\crow-build\examples\example_middleware.vcxproj] [C:\Users
\DAB\mysite\backend\build_new\crow.vcxproj]
C:\Users\DAB\mysite\backend\build_new\crow-prefix\src\crow\include\crow/task_timer.h
(29,27): error C2065: io_service: необъявленный идентификатор [C:\Users\DAB\mysite\b
ackend\build_new\crow-prefix\src\crow-build\examples\example_middleware.vcxproj] [C:
\Users\DAB\mysite\backend\build_new\crow.vcxproj]
C:\Users\DAB\mysite\backend\build_new\crow-prefix\src\crow\include\crow/task_timer.h
(29,56): error C2065: io_service_: необъявленный идентификатор [C:\Users\DAB\mysite\
backend\build_new\crow-prefix\src\crow-build\examples\example_middleware.vcxproj] [C
:\Users\DAB\mysite\backend\build_new\crow.vcxproj]
C:\Users\DAB\mysite\backend\build_new\crow-prefix\src\crow\include\crow/task_timer.h
(29,15): error C2614: crow::detail::task_timer: недопустимая инициализация члена: "i
o_service_" не является базовым классом или членом [C:\Users\DAB\mysite\backend\buil
d_new\crow-prefix\src\crow-build\examples\example_middleware.vcxproj] [C:\Users\DAB\
mysite\backend\build_new\crow.vcxproj]
C:\Users\DAB\mysite\backend\build_new\crow-prefix\src\crow\include\crow/http_request
.h(38,22): error C2039: "io_service": не является членом "boost::asio". [C:\Users\DA
B\mysite\backend\build_new\crow-prefix\src\crow-build\examples\example_middleware.vc
xproj] [C:\Users\DAB\mysite\backend\build_new\crow.vcxproj]
  C:\Users\DAB\Desktop\vcpkg\installed\x64-windows\include\boost/asio/impl/write_at.
  hpp(35,11): message : см. объявление "boost::asio" [C:\Users\DAB\mysite\backend\bu
  ild_new\crow-prefix\src\crow-build\examples\example_middleware.vcxproj]
C:\Users\DAB\mysite\backend\build_new\crow-prefix\src\crow\include\crow/http_request
.h(38,32): error C2143: синтаксическая ошибка: отсутствие ";" перед "*" [C:\Users\DA
B\mysite\backend\build_new\crow-prefix\src\crow-build\examples\example_middleware.vc
xproj] [C:\Users\DAB\mysite\backend\build_new\crow.vcxproj]
C:\Users\DAB\mysite\backend\build_new\crow-prefix\src\crow\include\crow/http_request
.h(38,32): error C4430: отсутствует спецификатор типа - предполагается int. Примечан
ие. C++ не поддерживает int по умолчанию [C:\Users\DAB\mysite\backend\build_new\crow
-prefix\src\crow-build\examples\example_middleware.vcxproj] [C:\Users\DAB\mysite\bac
kend\build_new\crow.vcxproj]
C:\Users\DAB\mysite\backend\build_new\crow-prefix\src\crow\include\crow/http_request
.h(38,44): error C2334: непредвиденные лексемы перед "{"; пропуск вероятного тела фу
нкции [C:\Users\DAB\mysite\backend\build_new\crow-prefix\src\crow-build\examples\exa
mple_middleware.vcxproj] [C:\Users\DAB\mysite\backend\build_new\crow.vcxproj]
C:\Users\DAB\mysite\backend\build_new\crow-prefix\src\crow\include\crow/http_request
.h(69,13): error C3861: io_service: идентификатор не найден [C:\Users\DAB\mysite\bac
kend\build_new\crow-prefix\src\crow-build\examples\example_middleware.vcxproj] [C:\U
sers\DAB\mysite\backend\build_new\crow.vcxproj]
  C:\Users\DAB\mysite\backend\build_new\crow-prefix\src\crow\include\crow/http_reque
  st.h(67,14): message : Сообщение диагностики возникло в созданной компилятором фун
  кции "void crow::request::post(CompletionHandler)" [C:\Users\DAB\mysite\backend\bu
  ild_new\crow-prefix\src\crow-build\examples\example_middleware.vcxproj]
C:\Users\DAB\mysite\backend\build_new\crow-prefix\src\crow\include\crow/http_request
.h(69,13): error C2065: io_service: необъявленный идентификатор [C:\Users\DAB\mysite
\backend\build_new\crow-prefix\src\crow-build\examples\example_middleware.vcxproj] [
C:\Users\DAB\mysite\backend\build_new\crow.vcxproj]
  C:\Users\DAB\mysite\backend\build_new\crow-prefix\src\crow\include\crow/http_reque
  st.h(67,14): message : Сообщение диагностики возникло в созданной компилятором фун
  кции "void crow::request::post(CompletionHandler)" [C:\Users\DAB\mysite\backend\bu
  ild_new\crow-prefix\src\crow-build\examples\example_middleware.vcxproj]
C:\Users\DAB\mysite\backend\build_new\crow-prefix\src\crow\include\crow/http_request
.h(76,13): error C3861: io_service: идентификатор не найден [C:\Users\DAB\mysite\bac
kend\build_new\crow-prefix\src\crow-build\examples\example_middleware.vcxproj] [C:\U
sers\DAB\mysite\backend\build_new\crow.vcxproj]
  C:\Users\DAB\mysite\backend\build_new\crow-prefix\src\crow\include\crow/http_reque
  st.h(74,14): message : Сообщение диагностики возникло в созданной компилятором фун
  кции "void crow::request::dispatch(CompletionHandler)" [C:\Users\DAB\mysite\backen
  d\build_new\crow-prefix\src\crow-build\examples\example_middleware.vcxproj]
C:\Users\DAB\mysite\backend\build_new\crow-prefix\src\crow\include\crow/http_request
.h(76,13): error C2065: io_service: необъявленный идентификатор [C:\Users\DAB\mysite
\backend\build_new\crow-prefix\src\crow-build\examples\example_middleware.vcxproj] [
C:\Users\DAB\mysite\backend\build_new\crow.vcxproj]
  C:\Users\DAB\mysite\backend\build_new\crow-prefix\src\crow\include\crow/http_reque
  st.h(74,14): message : Сообщение диагностики возникло в созданной компилятором фун
  кции "void crow::request::dispatch(CompletionHandler)" [C:\Users\DAB\mysite\backen
  d\build_new\crow-prefix\src\crow-build\examples\example_middleware.vcxproj]
C:\Users\DAB\mysite\backend\build_new\crow-prefix\src\crow\include\crow/multipart.h(
167,84): warning C4458: объявление "part_map" скрывает член класса [C:\Users\DAB\mys
ite\backend\build_new\crow-prefix\src\crow-build\examples\example_middleware.vcxproj
] [C:\Users\DAB\mysite\backend\build_new\crow.vcxproj]
  C:\Users\DAB\mysite\backend\build_new\crow-prefix\src\crow\include\crow/multipart.
  h(79,20): message : см. объявление "crow::multipart::message::part_map" [C:\Users\
  DAB\mysite\backend\build_new\crow-prefix\src\crow-build\examples\example_middlewar
  e.vcxproj]
C:\Users\DAB\mysite\backend\build_new\crow-prefix\src\crow\include\crow/multipart.h(
218,32): warning C4456: объявление "found" скрывает предыдущее локальное объявление
[C:\Users\DAB\mysite\backend\build_new\crow-prefix\src\crow-build\examples\example_m
iddleware.vcxproj] [C:\Users\DAB\mysite\backend\build_new\crow.vcxproj]
  C:\Users\DAB\mysite\backend\build_new\crow-prefix\src\crow\include\crow/multipart.
  h(211,28): message : см. объявление "found" [C:\Users\DAB\mysite\backend\build_new
  \crow-prefix\src\crow-build\examples\example_middleware.vcxproj]
C:\Users\DAB\mysite\backend\build_new\crow-prefix\src\crow\include\crow/multipart.h(
234,32): warning C4456: объявление "found" скрывает предыдущее локальное объявление
[C:\Users\DAB\mysite\backend\build_new\crow-prefix\src\crow-build\examples\example_m
iddleware.vcxproj] [C:\Users\DAB\mysite\backend\build_new\crow.vcxproj]
  C:\Users\DAB\mysite\backend\build_new\crow-prefix\src\crow\include\crow/multipart.
  h(211,28): message : см. объявление "found" [C:\Users\DAB\mysite\backend\build_new
  \crow-prefix\src\crow-build\examples\example_middleware.vcxproj]
C:\Users\DAB\mysite\backend\build_new\crow-prefix\src\crow\include\crow/routing.h(80
0,70): warning C4244: аргумент: преобразование "__int64" в "unsigned int", возможна
потеря данных [C:\Users\DAB\mysite\backend\build_new\crow-prefix\src\crow-build\exam
ples\example_middleware.vcxproj] [C:\Users\DAB\mysite\backend\build_new\crow.vcxproj
]
C:\Users\DAB\mysite\backend\build_new\crow-prefix\src\crow\include\crow/routing.h(82
1,70): warning C4244: аргумент: преобразование "__int64" в "unsigned int", возможна
потеря данных [C:\Users\DAB\mysite\backend\build_new\crow-prefix\src\crow-build\exam
ples\example_middleware.vcxproj] [C:\Users\DAB\mysite\backend\build_new\crow.vcxproj
]
C:\Users\DAB\mysite\backend\build_new\crow-prefix\src\crow\include\crow/routing.h(84
2,70): warning C4244: аргумент: преобразование "__int64" в "unsigned int", возможна
потеря данных [C:\Users\DAB\mysite\backend\build_new\crow-prefix\src\crow-build\exam
ples\example_middleware.vcxproj] [C:\Users\DAB\mysite\backend\build_new\crow.vcxproj
]
C:\Users\DAB\mysite\backend\build_new\crow-prefix\src\crow\include\crow/routing.h(86
4,61): warning C4267: аргумент: преобразование из "size_t" в "unsigned int"; возможн
а потеря данных [C:\Users\DAB\mysite\backend\build_new\crow-prefix\src\crow-build\ex
amples\example_middleware.vcxproj] [C:\Users\DAB\mysite\backend\build_new\crow.vcxpr
oj]
C:\Users\DAB\mysite\backend\build_new\crow-prefix\src\crow\include\crow/routing.h(88
0,61): warning C4267: аргумент: преобразование из "size_t" в "unsigned int"; возможн
а потеря данных [C:\Users\DAB\mysite\backend\build_new\crow-prefix\src\crow-build\ex
amples\example_middleware.vcxproj] [C:\Users\DAB\mysite\backend\build_new\crow.vcxpr
oj]
C:\Users\DAB\mysite\backend\build_new\crow-prefix\src\crow\include\crow/routing.h(89
5,61): warning C4267: аргумент: преобразование из "size_t" в "unsigned int"; возможн
а потеря данных [C:\Users\DAB\mysite\backend\build_new\crow-prefix\src\crow-build\ex
amples\example_middleware.vcxproj] [C:\Users\DAB\mysite\backend\build_new\crow.vcxpr
oj]
C:\Users\DAB\mysite\backend\build_new\crow-prefix\src\crow\include\crow/routing.h(94
5,53): warning C4267: +=: преобразование из "size_t" в "unsigned int"; возможна поте
ря данных [C:\Users\DAB\mysite\backend\build_new\crow-prefix\src\crow-build\examples
\example_middleware.vcxproj] [C:\Users\DAB\mysite\backend\build_new\crow.vcxproj]
C:\Users\DAB\mysite\backend\build_new\crow-prefix\src\crow\include\crow/routing.h(95
6,45): warning C4267: +=: преобразование из "size_t" в "unsigned int"; возможна поте
ря данных [C:\Users\DAB\mysite\backend\build_new\crow-prefix\src\crow-build\examples
\example_middleware.vcxproj] [C:\Users\DAB\mysite\backend\build_new\crow.vcxproj]
C:\Users\DAB\mysite\backend\build_new\crow-prefix\src\crow\include\crow/routing.h(10
02,36): warning C4267: +=: преобразование из "size_t" в "unsigned int"; возможна пот
еря данных [C:\Users\DAB\mysite\backend\build_new\crow-prefix\src\crow-build\example
s\example_middleware.vcxproj] [C:\Users\DAB\mysite\backend\build_new\crow.vcxproj]
C:\Users\DAB\mysite\backend\build_new\crow-prefix\src\crow\include\crow/routing.h(10
05,33): warning C4267: +=: преобразование из "size_t" в "unsigned int"; возможна пот
еря данных [C:\Users\DAB\mysite\backend\build_new\crow-prefix\src\crow-build\example
s\example_middleware.vcxproj] [C:\Users\DAB\mysite\backend\build_new\crow.vcxproj]
C:\Users\DAB\mysite\backend\build_new\crow-prefix\src\crow\include\crow/routing.h(12
04,101): warning C4267: аргумент: преобразование из "size_t" в "unsigned int"; возмо
жна потеря данных [C:\Users\DAB\mysite\backend\build_new\crow-prefix\src\crow-build\
examples\example_middleware.vcxproj] [C:\Users\DAB\mysite\backend\build_new\crow.vcx
proj]
C:\Users\DAB\mysite\backend\build_new\crow-prefix\src\crow\include\crow/routing.h(12
04,87): warning C4267: аргумент: преобразование из "size_t" в "uint16_t"; возможна п
отеря данных [C:\Users\DAB\mysite\backend\build_new\crow-prefix\src\crow-build\examp
les\example_middleware.vcxproj] [C:\Users\DAB\mysite\backend\build_new\crow.vcxproj]
C:\Users\DAB\mysite\backend\build_new\crow-prefix\src\crow\include\crow/routing.h(12
10,118): warning C4267: аргумент: преобразование из "size_t" в "unsigned int"; возмо
жна потеря данных [C:\Users\DAB\mysite\backend\build_new\crow-prefix\src\crow-build\
examples\example_middleware.vcxproj] [C:\Users\DAB\mysite\backend\build_new\crow.vcx
proj]
C:\Users\DAB\mysite\backend\build_new\crow-prefix\src\crow\include\crow/routing.h(12
58,29): warning C4456: объявление "i" скрывает предыдущее локальное объявление [C:\U
sers\DAB\mysite\backend\build_new\crow-prefix\src\crow-build\examples\example_middle
ware.vcxproj] [C:\Users\DAB\mysite\backend\build_new\crow.vcxproj]
  C:\Users\DAB\mysite\backend\build_new\crow-prefix\src\crow\include\crow/routing.h(
  1249,27): message : см. объявление "i" [C:\Users\DAB\mysite\backend\build_new\crow
  -prefix\src\crow-build\examples\example_middleware.vcxproj]
C:\Users\DAB\mysite\backend\build_new\crow-prefix\src\crow\include\crow/routing.h(12
59,104): warning C4244: аргумент: преобразование "int" в "uint16_t", возможна потеря
 данных [C:\Users\DAB\mysite\backend\build_new\crow-prefix\src\crow-build\examples\e
xample_middleware.vcxproj] [C:\Users\DAB\mysite\backend\build_new\crow.vcxproj]
C:\Users\DAB\mysite\backend\build_new\crow-prefix\src\crow\include\crow/routing.h(12
59,100): warning C4267: аргумент: преобразование из "size_t" в "unsigned int"; возмо
жна потеря данных [C:\Users\DAB\mysite\backend\build_new\crow-prefix\src\crow-build\
examples\example_middleware.vcxproj] [C:\Users\DAB\mysite\backend\build_new\crow.vcx
proj]
C:\Users\DAB\mysite\backend\build_new\crow-prefix\src\crow\include\crow/routing.h(12
70,76): warning C4244: аргумент: преобразование "unsigned int" в "const uint16_t", в
озможна потеря данных [C:\Users\DAB\mysite\backend\build_new\crow-prefix\src\crow-bu
ild\examples\example_middleware.vcxproj] [C:\Users\DAB\mysite\backend\build_new\crow
.vcxproj]
C:\Users\DAB\mysite\backend\build_new\crow-prefix\src\crow\include\crow/routing.h(14
20,24): warning C4267: инициализация: преобразование из "size_t" в "int"; возможна п
отеря данных [C:\Users\DAB\mysite\backend\build_new\crow-prefix\src\crow-build\examp
les\example_middleware.vcxproj] [C:\Users\DAB\mysite\backend\build_new\crow.vcxproj]
C:\Users\DAB\mysite\backend\build_new\crow-prefix\src\crow\include\crow/routing.h(15
11,28): warning C4456: объявление "per_method" скрывает предыдущее локальное объявле
ние [C:\Users\DAB\mysite\backend\build_new\crow-prefix\src\crow-build\examples\examp
le_middleware.vcxproj] [C:\Users\DAB\mysite\backend\build_new\crow.vcxproj]
  C:\Users\DAB\mysite\backend\build_new\crow-prefix\src\crow\include\crow/routing.h(
  1501,19): message : см. объявление "per_method" [C:\Users\DAB\mysite\backend\build
  _new\crow-prefix\src\crow-build\examples\example_middleware.vcxproj]
C:\Users\DAB\mysite\backend\build_new\crow-prefix\src\crow\include\crow/routing.h(15
53,13): warning C4530: Использован обработчик исключений C++, но семантика уничтожен
ия объектов не включена. Задайте параметр /EHsc [C:\Users\DAB\mysite\backend\build_n
ew\crow-prefix\src\crow-build\examples\example_middleware.vcxproj] [C:\Users\DAB\mys
ite\backend\build_new\crow.vcxproj]
C:\Users\DAB\mysite\backend\build_new\crow-prefix\src\crow\include\crow/http_connect
ion.h(40,24): error C2039: "io_service": не является членом "boost::asio". [C:\Users
\DAB\mysite\backend\build_new\crow-prefix\src\crow-build\examples\example_middleware
.vcxproj] [C:\Users\DAB\mysite\backend\build_new\crow.vcxproj]
  C:\Users\DAB\Desktop\vcpkg\installed\x64-windows\include\boost/asio/impl/write_at.
  hpp(35,11): message : см. объявление "boost::asio" [C:\Users\DAB\mysite\backend\bu
  ild_new\crow-prefix\src\crow-build\examples\example_middleware.vcxproj]
  C:\Users\DAB\mysite\backend\build_new\crow-prefix\src\crow\include\crow/http_conne
  ction.h(626,6): message : выполняется компиляция ссылки на экземпляр класс шаблон
  функции "crow::Connection<Adaptor,Handler,Middlewares...>" [C:\Users\DAB\mysite\ba
  ckend\build_new\crow-prefix\src\crow-build\examples\example_middleware.vcxproj]
C:\Users\DAB\mysite\backend\build_new\crow-prefix\src\crow\include\crow/http_connect
ion.h(40,24): error C2061: синтаксическая ошибка: идентификатор "io_service" [C:\Use
rs\DAB\mysite\backend\build_new\crow-prefix\src\crow-build\examples\example_middlewa
re.vcxproj] [C:\Users\DAB\mysite\backend\build_new\crow.vcxproj]
C:\Users\DAB\mysite\backend\build_new\crow-prefix\src\crow\include\crow/http_connect
ion.h(48,20): error C3861: io_service: идентификатор не найден [C:\Users\DAB\mysite\
backend\build_new\crow-prefix\src\crow-build\examples\example_middleware.vcxproj] [C
:\Users\DAB\mysite\backend\build_new\crow.vcxproj]
C:\Users\DAB\mysite\backend\build_new\crow-prefix\src\crow\include\crow/http_connect
ion.h(48,32): error C3861: adaptor_ctx_: идентификатор не найден [C:\Users\DAB\mysit
e\backend\build_new\crow-prefix\src\crow-build\examples\example_middleware.vcxproj]
[C:\Users\DAB\mysite\backend\build_new\crow.vcxproj]
C:\Users\DAB\mysite\backend\build_new\crow-prefix\src\crow\include\crow/http_connect
ion.h(49,20): error C3861: handler: идентификатор не найден [C:\Users\DAB\mysite\bac
kend\build_new\crow-prefix\src\crow-build\examples\example_middleware.vcxproj] [C:\U
sers\DAB\mysite\backend\build_new\crow.vcxproj]
C:\Users\DAB\mysite\backend\build_new\crow-prefix\src\crow\include\crow/http_connect
ion.h(51,24): error C3861: server_name: идентификатор не найден [C:\Users\DAB\mysite
\backend\build_new\crow-prefix\src\crow-build\examples\example_middleware.vcxproj] [
C:\Users\DAB\mysite\backend\build_new\crow.vcxproj]
C:\Users\DAB\mysite\backend\build_new\crow-prefix\src\crow\include\crow/http_connect
ion.h(52,24): error C3861: middlewares: идентификатор не найден [C:\Users\DAB\mysite
\backend\build_new\crow-prefix\src\crow-build\examples\example_middleware.vcxproj] [
C:\Users\DAB\mysite\backend\build_new\crow.vcxproj]
C:\Users\DAB\mysite\backend\build_new\crow-prefix\src\crow\include\crow/http_connect
ion.h(53,31): error C3861: get_cached_date_str_f: идентификатор не найден [C:\Users\
DAB\mysite\backend\build_new\crow-prefix\src\crow-build\examples\example_middleware.
vcxproj] [C:\Users\DAB\mysite\backend\build_new\crow.vcxproj]
C:\Users\DAB\mysite\backend\build_new\crow-prefix\src\crow\include\crow/http_connect
ion.h(54,23): error C3861: task_timer: идентификатор не найден [C:\Users\DAB\mysite\
backend\build_new\crow-prefix\src\crow-build\examples\example_middleware.vcxproj] [C
:\Users\DAB\mysite\backend\build_new\crow.vcxproj]
C:\Users\DAB\mysite\backend\build_new\crow-prefix\src\crow\include\crow/http_connect
ion.h(55,33): error C3861: handler: идентификатор не найден [C:\Users\DAB\mysite\bac
kend\build_new\crow-prefix\src\crow-build\examples\example_middleware.vcxproj] [C:\U
sers\DAB\mysite\backend\build_new\crow.vcxproj]
C:\Users\DAB\mysite\backend\build_new\crow-prefix\src\crow\include\crow/http_connect
ion.h(56,25): error C3861: queue_length: идентификатор не найден [C:\Users\DAB\mysit
e\backend\build_new\crow-prefix\src\crow-build\examples\example_middleware.vcxproj]
[C:\Users\DAB\mysite\backend\build_new\crow.vcxproj]
C:\Users\DAB\mysite\backend\build_new\crow-prefix\src\crow\include\crow/http_connect
ion.h(48,20): error C2065: io_service: необъявленный идентификатор [C:\Users\DAB\mys
ite\backend\build_new\crow-prefix\src\crow-build\examples\example_middleware.vcxproj
] [C:\Users\DAB\mysite\backend\build_new\crow.vcxproj]
C:\Users\DAB\mysite\backend\build_new\crow-prefix\src\crow\include\crow/http_connect
ion.h(48,32): error C2065: adaptor_ctx_: необъявленный идентификатор [C:\Users\DAB\m
ysite\backend\build_new\crow-prefix\src\crow-build\examples\example_middleware.vcxpr
oj] [C:\Users\DAB\mysite\backend\build_new\crow.vcxproj]
C:\Users\DAB\mysite\backend\build_new\crow-prefix\src\crow\include\crow/http_connect
ion.h(49,20): error C2065: handler: необъявленный идентификатор [C:\Users\DAB\mysite
\backend\build_new\crow-prefix\src\crow-build\examples\example_middleware.vcxproj] [
C:\Users\DAB\mysite\backend\build_new\crow.vcxproj]
C:\Users\DAB\mysite\backend\build_new\crow-prefix\src\crow\include\crow/http_connect
ion.h(51,24): error C2065: server_name: необъявленный идентификатор [C:\Users\DAB\my
site\backend\build_new\crow-prefix\src\crow-build\examples\example_middleware.vcxpro
j] [C:\Users\DAB\mysite\backend\build_new\crow.vcxproj]
C:\Users\DAB\mysite\backend\build_new\crow-prefix\src\crow\include\crow/http_connect
ion.h(52,24): error C2065: middlewares: необъявленный идентификатор [C:\Users\DAB\my
site\backend\build_new\crow-prefix\src\crow-build\examples\example_middleware.vcxpro
j] [C:\Users\DAB\mysite\backend\build_new\crow.vcxproj]
C:\Users\DAB\mysite\backend\build_new\crow-prefix\src\crow\include\crow/http_connect
ion.h(53,31): error C2065: get_cached_date_str_f: необъявленный идентификатор [C:\Us
ers\DAB\mysite\backend\build_new\crow-prefix\src\crow-build\examples\example_middlew
are.vcxproj] [C:\Users\DAB\mysite\backend\build_new\crow.vcxproj]
C:\Users\DAB\mysite\backend\build_new\crow-prefix\src\crow\include\crow/http_connect
ion.h(54,23): error C2065: task_timer: необъявленный идентификатор [C:\Users\DAB\mys
ite\backend\build_new\crow-prefix\src\crow-build\examples\example_middleware.vcxproj
] [C:\Users\DAB\mysite\backend\build_new\crow.vcxproj]
C:\Users\DAB\mysite\backend\build_new\crow-prefix\src\crow\include\crow/http_connect
ion.h(55,33): error C2065: handler: необъявленный идентификатор [C:\Users\DAB\mysite
\backend\build_new\crow-prefix\src\crow-build\examples\example_middleware.vcxproj] [
C:\Users\DAB\mysite\backend\build_new\crow.vcxproj]
C:\Users\DAB\mysite\backend\build_new\crow-prefix\src\crow\include\crow/http_connect
ion.h(56,25): error C2065: queue_length: необъявленный идентификатор [C:\Users\DAB\m
ysite\backend\build_new\crow-prefix\src\crow-build\examples\example_middleware.vcxpr
oj] [C:\Users\DAB\mysite\backend\build_new\crow.vcxproj]
C:\Users\DAB\mysite\backend\build_new\crow-prefix\src\crow\include\crow/http_server.
h(226,15): error C2039: "io_service": не является членом "boost::asio". [C:\Users\DA
B\mysite\backend\build_new\crow-prefix\src\crow-build\examples\example_middleware.vc
xproj] [C:\Users\DAB\mysite\backend\build_new\crow.vcxproj]
  C:\Users\DAB\Desktop\vcpkg\installed\x64-windows\include\boost/asio/impl/write_at.
  hpp(35,11): message : см. объявление "boost::asio" [C:\Users\DAB\mysite\backend\bu
  ild_new\crow-prefix\src\crow-build\examples\example_middleware.vcxproj]
  C:\Users\DAB\mysite\backend\build_new\crow-prefix\src\crow\include\crow/http_serve
  r.h(248,6): message : выполняется компиляция ссылки на экземпляр класс шаблон функ
  ции "crow::Server<Handler,Adaptor,Middlewares...>" [C:\Users\DAB\mysite\backend\bu
  ild_new\crow-prefix\src\crow-build\examples\example_middleware.vcxproj]
C:\Users\DAB\mysite\backend\build_new\crow-prefix\src\crow\include\crow/http_server.
h(226,26): error C3646: io_service_: неизвестный спецификатор переопределения [C:\Us
ers\DAB\mysite\backend\build_new\crow-prefix\src\crow-build\examples\example_middlew
are.vcxproj] [C:\Users\DAB\mysite\backend\build_new\crow.vcxproj]
C:\Users\DAB\mysite\backend\build_new\crow-prefix\src\crow\include\crow/http_server.
h(226,1): error C4430: отсутствует спецификатор типа - предполагается int. Примечани
е. C++ не поддерживает int по умолчанию [C:\Users\DAB\mysite\backend\build_new\crow-
prefix\src\crow-build\examples\example_middleware.vcxproj] [C:\Users\DAB\mysite\back
end\build_new\crow.vcxproj]
C:\Users\DAB\mysite\backend\build_new\crow-prefix\src\crow\include\crow/http_server.
h(227,43): error C2039: "io_service": не является членом "boost::asio". [C:\Users\DA
B\mysite\backend\build_new\crow-prefix\src\crow-build\examples\example_middleware.vc
xproj] [C:\Users\DAB\mysite\backend\build_new\crow.vcxproj]
  C:\Users\DAB\Desktop\vcpkg\installed\x64-windows\include\boost/asio/impl/write_at.
  hpp(35,11): message : см. объявление "boost::asio" [C:\Users\DAB\mysite\backend\bu
  ild_new\crow-prefix\src\crow-build\examples\example_middleware.vcxproj]
C:\Users\DAB\mysite\backend\build_new\crow-prefix\src\crow\include\crow/http_server.
h(227,43): error C2065: io_service: необъявленный идентификатор [C:\Users\DAB\mysite
\backend\build_new\crow-prefix\src\crow-build\examples\example_middleware.vcxproj] [
C:\Users\DAB\mysite\backend\build_new\crow.vcxproj]
C:\Users\DAB\mysite\backend\build_new\crow-prefix\src\crow\include\crow/http_server.
h(227,26): error C2923: std::unique_ptr: "io_service" не является допустимым аргумен
том типа шаблон для параметра "_Ty" [C:\Users\DAB\mysite\backend\build_new\crow-pref
ix\src\crow-build\examples\example_middleware.vcxproj] [C:\Users\DAB\mysite\backend\
build_new\crow.vcxproj]
  C:\Users\DAB\mysite\backend\build_new\crow-prefix\src\crow\include\crow/http_serve
  r.h(227,43): message : см. объявление "io_service" [C:\Users\DAB\mysite\backend\bu
  ild_new\crow-prefix\src\crow-build\examples\example_middleware.vcxproj]
C:\Users\DAB\mysite\backend\build_new\crow-prefix\src\crow\include\crow/http_server.
h(227,26): error C2976: std::unique_ptr: слишком мало аргументов шаблон [C:\Users\DA
B\mysite\backend\build_new\crow-prefix\src\crow-build\examples\example_middleware.vc
xproj] [C:\Users\DAB\mysite\backend\build_new\crow.vcxproj]
  C:\Program Files\Microsoft Visual Studio\2022\Community\VC\Tools\MSVC\14.37.32822\
  include\memory(3213,1): message : см. объявление "std::unique_ptr" [C:\Users\DAB\m
  ysite\backend\build_new\crow-prefix\src\crow-build\examples\example_middleware.vcx
  proj]
C:\Users\DAB\mysite\backend\build_new\crow-prefix\src\crow\include\crow/http_server.
h(227,26): error C3203: "unique_ptr": неспециализированный класс шаблон нельзя испол
ьзовать в качестве аргумента шаблон для параметра шаблон "_Ty", требуется действител
ьный тип [C:\Users\DAB\mysite\backend\build_new\crow-prefix\src\crow-build\examples\
example_middleware.vcxproj] [C:\Users\DAB\mysite\backend\build_new\crow.vcxproj]
C:\Users\DAB\mysite\backend\build_new\crow-prefix\src\crow\include\crow/http_server.
h(30,21): error C3861: io_service_: идентификатор не найден [C:\Users\DAB\mysite\bac
kend\build_new\crow-prefix\src\crow-build\examples\example_middleware.vcxproj] [C:\U
sers\DAB\mysite\backend\build_new\crow.vcxproj]
C:\Users\DAB\mysite\backend\build_new\crow-prefix\src\crow\include\crow/http_server.
h(31,20): error C3861: io_service_: идентификатор не найден [C:\Users\DAB\mysite\bac
kend\build_new\crow-prefix\src\crow-build\examples\example_middleware.vcxproj] [C:\U
sers\DAB\mysite\backend\build_new\crow.vcxproj]
C:\Users\DAB\mysite\backend\build_new\crow-prefix\src\crow\include\crow/http_server.
h(32,23): error C3861: io_service_: идентификатор не найден [C:\Users\DAB\mysite\bac
kend\build_new\crow-prefix\src\crow-build\examples\example_middleware.vcxproj] [C:\U
sers\DAB\mysite\backend\build_new\crow.vcxproj]
C:\Users\DAB\mysite\backend\build_new\crow-prefix\src\crow\include\crow/http_server.
h(30,21): error C2065: io_service_: необъявленный идентификатор [C:\Users\DAB\mysite
\backend\build_new\crow-prefix\src\crow-build\examples\example_middleware.vcxproj] [
C:\Users\DAB\mysite\backend\build_new\crow.vcxproj]
C:\Users\DAB\mysite\backend\build_new\crow-prefix\src\crow\include\crow/http_server.
h(31,20): error C2065: io_service_: необъявленный идентификатор [C:\Users\DAB\mysite
\backend\build_new\crow-prefix\src\crow-build\examples\example_middleware.vcxproj] [
C:\Users\DAB\mysite\backend\build_new\crow.vcxproj]
C:\Users\DAB\mysite\backend\build_new\crow-prefix\src\crow\include\crow/http_server.
h(32,23): error C2065: io_service_: необъявленный идентификатор [C:\Users\DAB\mysite
\backend\build_new\crow-prefix\src\crow-build\examples\example_middleware.vcxproj] [
C:\Users\DAB\mysite\backend\build_new\crow.vcxproj]
C:\Users\DAB\mysite\backend\build_new\crow-prefix\src\crow\include\crow/http_server.
h(65,51): error C2187: синтаксическая ошибка: непредвиденный здесь элемент "boost" [
C:\Users\DAB\mysite\backend\build_new\crow-prefix\src\crow-build\examples\example_mi
ddleware.vcxproj] [C:\Users\DAB\mysite\backend\build_new\crow.vcxproj]
C:\Users\DAB\mysite\backend\build_new\crow-prefix\src\crow\include\crow/http_server.
h(65,74): error C3878: синтаксическая ошибка: непредвиденный маркер "(" после "expre
ssion" [C:\Users\DAB\mysite\backend\build_new\crow-prefix\src\crow-build\examples\ex
ample_middleware.vcxproj] [C:\Users\DAB\mysite\backend\build_new\crow.vcxproj]
  C:\Users\DAB\mysite\backend\build_new\crow-prefix\src\crow\include\crow/http_serve
  r.h(65,74): message : пропущено восстановление ошибки: "(" [C:\Users\DAB\mysite\ba
  ckend\build_new\crow-prefix\src\crow-build\examples\example_middleware.vcxproj]
C:\Users\DAB\mysite\backend\build_new\crow-prefix\src\crow\include\crow/http_server.
h(65,75): error C2760: синтаксическая ошибка: непредвиденный элемент ")". Ожидается
";" [C:\Users\DAB\mysite\backend\build_new\crow-prefix\src\crow-build\examples\examp
le_middleware.vcxproj] [C:\Users\DAB\mysite\backend\build_new\crow.vcxproj]
C:\Users\DAB\mysite\backend\build_new\crow-prefix\src\crow\include\crow/http_server.
h(65,75): error C3878: синтаксическая ошибка: непредвиденный маркер ")" после "expre
ssion_statement" [C:\Users\DAB\mysite\backend\build_new\crow-prefix\src\crow-build\e
xamples\example_middleware.vcxproj] [C:\Users\DAB\mysite\backend\build_new\crow.vcxp
roj]
  C:\Users\DAB\mysite\backend\build_new\crow-prefix\src\crow\include\crow/http_serve
  r.h(65,75): message : пропущено восстановление ошибки: ") )" [C:\Users\DAB\mysite\
  backend\build_new\crow-prefix\src\crow-build\examples\example_middleware.vcxproj]
C:\Users\DAB\mysite\backend\build_new\crow-prefix\src\crow\include\crow/http_server.
h(156,19): error C2065: io_service_: необъявленный идентификатор [C:\Users\DAB\mysit
e\backend\build_new\crow-prefix\src\crow-build\examples\example_middleware.vcxproj]
[C:\Users\DAB\mysite\backend\build_new\crow.vcxproj]
C:\Users\DAB\mysite\backend\build_new\crow-prefix\src\crow\include\crow/http_server.
h(164,13): error C3861: io_service_: идентификатор не найден [C:\Users\DAB\mysite\ba
ckend\build_new\crow-prefix\src\crow-build\examples\example_middleware.vcxproj] [C:\
Users\DAB\mysite\backend\build_new\crow.vcxproj]
C:\Users\DAB\mysite\backend\build_new\crow-prefix\src\crow\include\crow/http_server.
h(164,13): error C2065: io_service_: необъявленный идентификатор [C:\Users\DAB\mysit
e\backend\build_new\crow-prefix\src\crow-build\examples\example_middleware.vcxproj]
[C:\Users\DAB\mysite\backend\build_new\crow.vcxproj]
C:\Users\DAB\mysite\backend\build_new\crow-prefix\src\crow\include\crow/http_server.
h(197,19): error C2039: "io_service": не является членом "boost::asio". [C:\Users\DA
B\mysite\backend\build_new\crow-prefix\src\crow-build\examples\example_middleware.vc
xproj] [C:\Users\DAB\mysite\backend\build_new\crow.vcxproj]
  C:\Users\DAB\Desktop\vcpkg\installed\x64-windows\include\boost/asio/impl/write_at.
  hpp(35,11): message : см. объявление "boost::asio" [C:\Users\DAB\mysite\backend\bu
  ild_new\crow-prefix\src\crow-build\examples\example_middleware.vcxproj]
C:\Users\DAB\mysite\backend\build_new\crow-prefix\src\crow\include\crow/http_server.
h(197,31): error C3861: is: идентификатор не найден [C:\Users\DAB\mysite\backend\bui
ld_new\crow-prefix\src\crow-build\examples\example_middleware.vcxproj] [C:\Users\DAB
\mysite\backend\build_new\crow.vcxproj]
C:\Users\DAB\mysite\backend\build_new\crow-prefix\src\crow\include\crow/http_server.
h(199,32): error C2065: is: необъявленный идентификатор [C:\Users\DAB\mysite\backend
\build_new\crow-prefix\src\crow-build\examples\example_middleware.vcxproj] [C:\Users
\DAB\mysite\backend\build_new\crow.vcxproj]
C:\Users\DAB\mysite\backend\build_new\crow-prefix\src\crow\include\crow/http_server.
h(199,32): error C3861: is: идентификатор не найден [C:\Users\DAB\mysite\backend\bui
ld_new\crow-prefix\src\crow-build\examples\example_middleware.vcxproj] [C:\Users\DAB
\mysite\backend\build_new\crow.vcxproj]
C:\Users\DAB\mysite\backend\build_new\crow-prefix\src\crow\include\crow/http_server.
h(202,15): error C3861: is: идентификатор не найден [C:\Users\DAB\mysite\backend\bui
ld_new\crow-prefix\src\crow-build\examples\example_middleware.vcxproj] [C:\Users\DAB
\mysite\backend\build_new\crow.vcxproj]
C:\Users\DAB\mysite\backend\build_new\crow-prefix\src\crow\include\crow/http_server.
h(207,26): error C3861: is: идентификатор не найден [C:\Users\DAB\mysite\backend\bui
ld_new\crow-prefix\src\crow-build\examples\example_middleware.vcxproj] [C:\Users\DAB
\mysite\backend\build_new\crow.vcxproj]
C:\Users\DAB\mysite\backend\build_new\crow-prefix\src\crow\include\crow/http_server.
h(210,23): error C3861: is: идентификатор не найден [C:\Users\DAB\mysite\backend\bui
ld_new\crow-prefix\src\crow-build\examples\example_middleware.vcxproj] [C:\Users\DAB
\mysite\backend\build_new\crow.vcxproj]
C:\Users\DAB\mysite\backend\build_new\crow-prefix\src\crow\include\crow/http_server.
h(218,42): error C2065: is: необъявленный идентификатор [C:\Users\DAB\mysite\backend
\build_new\crow-prefix\src\crow-build\examples\example_middleware.vcxproj] [C:\Users
\DAB\mysite\backend\build_new\crow.vcxproj]
C:\Users\DAB\mysite\backend\build_new\crow-prefix\src\crow\include\crow/http_server.
h(218,42): error C3861: is: идентификатор не найден [C:\Users\DAB\mysite\backend\bui
ld_new\crow-prefix\src\crow-build\examples\example_middleware.vcxproj] [C:\Users\DAB
\mysite\backend\build_new\crow.vcxproj]
C:\Users\DAB\mysite\backend\build_new\crow-prefix\src\crow\include\crow/http_server.
h(197,31): error C2065: is: необъявленный идентификатор [C:\Users\DAB\mysite\backend
\build_new\crow-prefix\src\crow-build\examples\example_middleware.vcxproj] [C:\Users
\DAB\mysite\backend\build_new\crow.vcxproj]
C:\Users\DAB\mysite\backend\build_new\crow-prefix\src\crow\include\crow/http_server.
h(202,15): error C2065: is: необъявленный идентификатор [C:\Users\DAB\mysite\backend
\build_new\crow-prefix\src\crow-build\examples\example_middleware.vcxproj] [C:\Users
\DAB\mysite\backend\build_new\crow.vcxproj]
C:\Users\DAB\mysite\backend\build_new\crow-prefix\src\crow\include\crow/http_server.
h(210,23): error C2065: is: необъявленный идентификатор [C:\Users\DAB\mysite\backend
\build_new\crow-prefix\src\crow-build\examples\example_middleware.vcxproj] [C:\Users
\DAB\mysite\backend\build_new\crow.vcxproj]
    Building Custom Rule C:/Users/DAB/mysite/backend/build_new/crow-prefix/src/crow/
  examples/CMakeLists.txt
    example_static_file.cpp
C:\Users\DAB\mysite\backend\build_new\crow-prefix\src\crow\include\crow/query_string
.h(117,20): warning C4267: =: преобразование из "size_t" в "int"; возможна потеря да
нных [C:\Users\DAB\mysite\backend\build_new\crow-prefix\src\crow-build\examples\exam
ple_static_file.vcxproj] [C:\Users\DAB\mysite\backend\build_new\crow.vcxproj]
C:\Users\DAB\mysite\backend\build_new\crow-prefix\src\crow\include\crow/query_string
.h(370,92): warning C4267: аргумент: преобразование из "size_t" в "int"; возможна по
теря данных [C:\Users\DAB\mysite\backend\build_new\crow-prefix\src\crow-build\exampl
es\example_static_file.vcxproj] [C:\Users\DAB\mysite\backend\build_new\crow.vcxproj]
C:\Users\DAB\mysite\backend\build_new\crow-prefix\src\crow\include\crow/query_string
.h(406,94): warning C4267: аргумент: преобразование из "size_t" в "int"; возможна по
теря данных [C:\Users\DAB\mysite\backend\build_new\crow-prefix\src\crow-build\exampl
es\example_static_file.vcxproj] [C:\Users\DAB\mysite\backend\build_new\crow.vcxproj]
C:\Users\DAB\mysite\backend\build_new\crow-prefix\src\crow\include\crow/query_string
.h(445,112): warning C4267: аргумент: преобразование из "size_t" в "int"; возможна п
отеря данных [C:\Users\DAB\mysite\backend\build_new\crow-prefix\src\crow-build\examp
les\example_static_file.vcxproj] [C:\Users\DAB\mysite\backend\build_new\crow.vcxproj
]
C:\Users\DAB\mysite\backend\build_new\crow-prefix\src\crow\include\crow/utility.h(67
2,39): warning C4267: инициализация: преобразование из "size_t" в "unsigned int"; во
зможна потеря данных [C:\Users\DAB\mysite\backend\build_new\crow-prefix\src\crow-bui
ld\examples\example_static_file.vcxproj] [C:\Users\DAB\mysite\backend\build_new\crow
.vcxproj]
C:\Users\DAB\mysite\backend\build_new\crow-prefix\src\crow\include\crow/http_parser_
merged.h(589,32): warning C4244: =: преобразование "__int64" в "unsigned long", возм
ожна потеря данных [C:\Users\DAB\mysite\backend\build_new\crow-prefix\src\crow-build
\examples\example_static_file.vcxproj] [C:\Users\DAB\mysite\backend\build_new\crow.v
cxproj]
C:\Users\DAB\mysite\backend\build_new\crow-prefix\src\crow\include\crow/http_parser_
merged.h(609,32): warning C4244: =: преобразование "__int64" в "unsigned long", возм
ожна потеря данных [C:\Users\DAB\mysite\backend\build_new\crow-prefix\src\crow-build
\examples\example_static_file.vcxproj] [C:\Users\DAB\mysite\backend\build_new\crow.v
cxproj]
    Please define _WIN32_WINNT or _WIN32_WINDOWS appropriately. For example:
    - add -D_WIN32_WINNT=0x0601 to the compiler command line; or
    - add _WIN32_WINNT=0x0601 to your project's Preprocessor Definitions.
    Assuming _WIN32_WINNT=0x0601 (i.e. Windows 7 target).
C:\Users\DAB\mysite\backend\build_new\crow-prefix\src\crow\include\crow/socket_adapt
ors.h(21,36): error C2039: "io_service": не является членом "boost::asio". [C:\Users
\DAB\mysite\backend\build_new\crow-prefix\src\crow-build\examples\example_static_fil
e.vcxproj] [C:\Users\DAB\mysite\backend\build_new\crow.vcxproj]
  C:\Users\DAB\Desktop\vcpkg\installed\x64-windows\include\boost/asio/impl/write_at.
  hpp(35,11): message : см. объявление "boost::asio" [C:\Users\DAB\mysite\backend\bu
  ild_new\crow-prefix\src\crow-build\examples\example_static_file.vcxproj]
C:\Users\DAB\mysite\backend\build_new\crow-prefix\src\crow\include\crow/socket_adapt
ors.h(21,36): error C2061: синтаксическая ошибка: идентификатор "io_service" [C:\Use
rs\DAB\mysite\backend\build_new\crow-prefix\src\crow-build\examples\example_static_f
ile.vcxproj] [C:\Users\DAB\mysite\backend\build_new\crow.vcxproj]
C:\Users\DAB\mysite\backend\build_new\crow-prefix\src\crow\include\crow/socket_adapt
ors.h(25,22): error C2039: "io_service": не является членом "boost::asio". [C:\Users
\DAB\mysite\backend\build_new\crow-prefix\src\crow-build\examples\example_static_fil
e.vcxproj] [C:\Users\DAB\mysite\backend\build_new\crow.vcxproj]
  C:\Users\DAB\Desktop\vcpkg\installed\x64-windows\include\boost/asio/impl/write_at.
  hpp(35,11): message : см. объявление "boost::asio" [C:\Users\DAB\mysite\backend\bu
  ild_new\crow-prefix\src\crow-build\examples\example_static_file.vcxproj]
C:\Users\DAB\mysite\backend\build_new\crow-prefix\src\crow\include\crow/socket_adapt
ors.h(25,32): error C2143: синтаксическая ошибка: отсутствие ";" перед "&" [C:\Users
\DAB\mysite\backend\build_new\crow-prefix\src\crow-build\examples\example_static_fil
e.vcxproj] [C:\Users\DAB\mysite\backend\build_new\crow.vcxproj]
C:\Users\DAB\mysite\backend\build_new\crow-prefix\src\crow\include\crow/socket_adapt
ors.h(25,32): error C4430: отсутствует спецификатор типа - предполагается int. Приме
чание. C++ не поддерживает int по умолчанию [C:\Users\DAB\mysite\backend\build_new\c
row-prefix\src\crow-build\examples\example_static_file.vcxproj] [C:\Users\DAB\mysite
\backend\build_new\crow.vcxproj]
C:\Users\DAB\mysite\backend\build_new\crow-prefix\src\crow\include\crow/socket_adapt
ors.h(26,9): error C2334: непредвиденные лексемы перед "{"; пропуск вероятного тела
функции [C:\Users\DAB\mysite\backend\build_new\crow-prefix\src\crow-build\examples\e
xample_static_file.vcxproj] [C:\Users\DAB\mysite\backend\build_new\crow.vcxproj]
C:\Users\DAB\mysite\backend\build_new\crow-prefix\src\crow\include\crow/socket_adapt
ors.h(22,19): error C2065: io_service: необъявленный идентификатор [C:\Users\DAB\mys
ite\backend\build_new\crow-prefix\src\crow-build\examples\example_static_file.vcxpro
j] [C:\Users\DAB\mysite\backend\build_new\crow.vcxproj]
C:\Users\DAB\mysite\backend\build_new\crow-prefix\src\crow\include\crow/json.h(63,42
): warning C4244: аргумент: преобразование "int" в "_Elem", возможна потеря данных [
C:\Users\DAB\mysite\backend\build_new\crow-prefix\src\crow-build\examples\example_st
atic_file.vcxproj] [C:\Users\DAB\mysite\backend\build_new\crow.vcxproj]
            with
            [
                _Elem=char
            ]
C:\Users\DAB\mysite\backend\build_new\crow-prefix\src\crow\include\crow/json.h(64,42
): warning C4244: аргумент: преобразование "int" в "_Elem", возможна потеря данных [
C:\Users\DAB\mysite\backend\build_new\crow-prefix\src\crow-build\examples\example_st
atic_file.vcxproj] [C:\Users\DAB\mysite\backend\build_new\crow.vcxproj]
            with
            [
                _Elem=char
            ]
C:\Users\DAB\mysite\backend\build_new\crow-prefix\src\crow\include\crow/json.h(461,5
6): warning C4244: =: преобразование "unsigned int" в "char", возможна потеря данных
 [C:\Users\DAB\mysite\backend\build_new\crow-prefix\src\crow-build\examples\example_
static_file.vcxproj] [C:\Users\DAB\mysite\backend\build_new\crow.vcxproj]
C:\Users\DAB\mysite\backend\build_new\crow-prefix\src\crow\include\crow/json.h(467,5
6): warning C4244: =: преобразование "unsigned int" в "char", возможна потеря данных
 [C:\Users\DAB\mysite\backend\build_new\crow-prefix\src\crow-build\examples\example_
static_file.vcxproj] [C:\Users\DAB\mysite\backend\build_new\crow.vcxproj]
C:\Users\DAB\mysite\backend\build_new\crow-prefix\src\crow\include\crow/json.h(472,5
1): warning C4244: =: преобразование "unsigned int" в "char", возможна потеря данных
 [C:\Users\DAB\mysite\backend\build_new\crow-prefix\src\crow-build\examples\example_
static_file.vcxproj] [C:\Users\DAB\mysite\backend\build_new\crow.vcxproj]
C:\Users\DAB\mysite\backend\build_new\crow-prefix\src\crow\include\crow/json.h(681,4
1): warning C4244: =: преобразование "uint32_t" в "uint16_t", возможна потеря данных
 [C:\Users\DAB\mysite\backend\build_new\crow-prefix\src\crow-build\examples\example_
static_file.vcxproj] [C:\Users\DAB\mysite\backend\build_new\crow.vcxproj]
C:\Users\DAB\mysite\backend\build_new\crow-prefix\src\crow\include\crow/json.h(1211,
35): warning C4267: аргумент: преобразование из "size_t" в "uint32_t"; возможна поте
ря данных [C:\Users\DAB\mysite\backend\build_new\crow-prefix\src\crow-build\examples
\example_static_file.vcxproj] [C:\Users\DAB\mysite\backend\build_new\crow.vcxproj]
C:\Users\DAB\mysite\backend\build_new\crow-prefix\src\crow\include\crow/json.h(1671,
32): warning C4267: return: преобразование из "size_t" в "int"; возможна потеря данн
ых [C:\Users\DAB\mysite\backend\build_new\crow-prefix\src\crow-build\examples\exampl
e_static_file.vcxproj] [C:\Users\DAB\mysite\backend\build_new\crow.vcxproj]
C:\Users\DAB\mysite\backend\build_new\crow-prefix\src\crow\include\crow/json.h(1792,
52): warning C4458: объявление "o" скрывает член класса [C:\Users\DAB\mysite\backend
\build_new\crow-prefix\src\crow-build\examples\example_static_file.vcxproj] [C:\User
s\DAB\mysite\backend\build_new\crow.vcxproj]
  C:\Users\DAB\mysite\backend\build_new\crow-prefix\src\crow\include\crow/json.h(127
  0,37): message : см. объявление "crow::json::wvalue::o" [C:\Users\DAB\mysite\backe
  nd\build_new\crow-prefix\src\crow-build\examples\example_static_file.vcxproj]
C:\Users\DAB\mysite\backend\build_new\crow-prefix\src\crow\include\crow/mustache.h(9
7,33): warning C4267: инициализация: преобразование из "size_t" в "int"; возможна по
теря данных [C:\Users\DAB\mysite\backend\build_new\crow-prefix\src\crow-build\exampl
es\example_static_file.vcxproj] [C:\Users\DAB\mysite\backend\build_new\crow.vcxproj]
C:\Users\DAB\mysite\backend\build_new\crow-prefix\src\crow\include\crow/mustache.h(1
16,48): warning C4267: =: преобразование из "size_t" в "int"; возможна потеря данных
 [C:\Users\DAB\mysite\backend\build_new\crow-prefix\src\crow-build\examples\example_
static_file.vcxproj] [C:\Users\DAB\mysite\backend\build_new\crow.vcxproj]
C:\Users\DAB\mysite\backend\build_new\crow-prefix\src\crow\include\crow/mustache.h(1
18,53): warning C4267: аргумент: преобразование из "size_t" в "_Ty"; возможна потеря
 данных [C:\Users\DAB\mysite\backend\build_new\crow-prefix\src\crow-build\examples\e
xample_static_file.vcxproj] [C:\Users\DAB\mysite\backend\build_new\crow.vcxproj]
            with
            [
                _Ty=int
            ]
C:\Users\DAB\mysite\backend\build_new\crow-prefix\src\crow\include\crow/mustache.h(2
21,94): warning C4267: аргумент: преобразование из "size_t" в "int"; возможна потеря
 данных [C:\Users\DAB\mysite\backend\build_new\crow-prefix\src\crow-build\examples\e
xample_static_file.vcxproj] [C:\Users\DAB\mysite\backend\build_new\crow.vcxproj]
C:\Users\DAB\mysite\backend\build_new\crow-prefix\src\crow\include\crow/mustache.h(3
67,54): warning C4267: аргумент: преобразование из "size_t" в "int"; возможна потеря
 данных [C:\Users\DAB\mysite\backend\build_new\crow-prefix\src\crow-build\examples\e
xample_static_file.vcxproj] [C:\Users\DAB\mysite\backend\build_new\crow.vcxproj]
C:\Users\DAB\mysite\backend\build_new\crow-prefix\src\crow\include\crow/mustache.h(3
78,54): warning C4267: аргумент: преобразование из "size_t" в "int"; возможна потеря
 данных [C:\Users\DAB\mysite\backend\build_new\crow-prefix\src\crow-build\examples\e
xample_static_file.vcxproj] [C:\Users\DAB\mysite\backend\build_new\crow.vcxproj]
C:\Users\DAB\mysite\backend\build_new\crow-prefix\src\crow\include\crow/mustache.h(3
90,54): warning C4267: аргумент: преобразование из "size_t" в "int"; возможна потеря
 данных [C:\Users\DAB\mysite\backend\build_new\crow-prefix\src\crow-build\examples\e
xample_static_file.vcxproj] [C:\Users\DAB\mysite\backend\build_new\crow.vcxproj]
C:\Users\DAB\mysite\backend\build_new\crow-prefix\src\crow\include\crow/mustache.h(4
01,54): warning C4267: аргумент: преобразование из "size_t" в "int"; возможна потеря
 данных [C:\Users\DAB\mysite\backend\build_new\crow-prefix\src\crow-build\examples\e
xample_static_file.vcxproj] [C:\Users\DAB\mysite\backend\build_new\crow.vcxproj]
C:\Users\DAB\mysite\backend\build_new\crow-prefix\src\crow\include\crow/mustache.h(4
63,60): warning C4267: =: преобразование из "size_t" в "int"; возможна потеря данных
 [C:\Users\DAB\mysite\backend\build_new\crow-prefix\src\crow-build\examples\example_
static_file.vcxproj] [C:\Users\DAB\mysite\backend\build_new\crow.vcxproj]
C:\Users\DAB\mysite\backend\build_new\crow-prefix\src\crow\include\crow/mustache.h(5
63,28): warning C4267: инициализация: преобразование из "size_t" в "int"; возможна п
отеря данных [C:\Users\DAB\mysite\backend\build_new\crow-prefix\src\crow-build\examp
les\example_static_file.vcxproj] [C:\Users\DAB\mysite\backend\build_new\crow.vcxproj
]
C:\Users\DAB\mysite\backend\build_new\crow-prefix\src\crow\include\crow/task_timer.h
(28,37): error C2039: "io_service": не является членом "boost::asio". [C:\Users\DAB\
mysite\backend\build_new\crow-prefix\src\crow-build\examples\example_static_file.vcx
proj] [C:\Users\DAB\mysite\backend\build_new\crow.vcxproj]
  C:\Users\DAB\Desktop\vcpkg\installed\x64-windows\include\boost/asio/impl/write_at.
  hpp(35,11): message : см. объявление "boost::asio" [C:\Users\DAB\mysite\backend\bu
  ild_new\crow-prefix\src\crow-build\examples\example_static_file.vcxproj]
C:\Users\DAB\mysite\backend\build_new\crow-prefix\src\crow\include\crow/task_timer.h
(28,37): error C2061: синтаксическая ошибка: идентификатор "io_service" [C:\Users\DA
B\mysite\backend\build_new\crow-prefix\src\crow-build\examples\example_static_file.v
cxproj] [C:\Users\DAB\mysite\backend\build_new\crow.vcxproj]
C:\Users\DAB\mysite\backend\build_new\crow-prefix\src\crow\include\crow/task_timer.h
(123,26): error C2039: "io_service": не является членом "boost::asio". [C:\Users\DAB
\mysite\backend\build_new\crow-prefix\src\crow-build\examples\example_static_file.vc
xproj] [C:\Users\DAB\mysite\backend\build_new\crow.vcxproj]
  C:\Users\DAB\Desktop\vcpkg\installed\x64-windows\include\boost/asio/impl/write_at.
  hpp(35,11): message : см. объявление "boost::asio" [C:\Users\DAB\mysite\backend\bu
  ild_new\crow-prefix\src\crow-build\examples\example_static_file.vcxproj]
C:\Users\DAB\mysite\backend\build_new\crow-prefix\src\crow\include\crow/task_timer.h
(123,36): error C2143: синтаксическая ошибка: отсутствие ";" перед "&" [C:\Users\DAB
\mysite\backend\build_new\crow-prefix\src\crow-build\examples\example_static_file.vc
xproj] [C:\Users\DAB\mysite\backend\build_new\crow.vcxproj]
C:\Users\DAB\mysite\backend\build_new\crow-prefix\src\crow\include\crow/task_timer.h
(123,36): error C4430: отсутствует спецификатор типа - предполагается int. Примечани
е. C++ не поддерживает int по умолчанию [C:\Users\DAB\mysite\backend\build_new\crow-
prefix\src\crow-build\examples\example_static_file.vcxproj] [C:\Users\DAB\mysite\bac
kend\build_new\crow.vcxproj]
C:\Users\DAB\mysite\backend\build_new\crow-prefix\src\crow\include\crow/task_timer.h
(123,49): error C2238: непредвиденные лексемы перед ";" [C:\Users\DAB\mysite\backend
\build_new\crow-prefix\src\crow-build\examples\example_static_file.vcxproj] [C:\User
s\DAB\mysite\backend\build_new\crow.vcxproj]
C:\Users\DAB\mysite\backend\build_new\crow-prefix\src\crow\include\crow/task_timer.h
(29,27): error C2065: io_service: необъявленный идентификатор [C:\Users\DAB\mysite\b
ackend\build_new\crow-prefix\src\crow-build\examples\example_static_file.vcxproj] [C
:\Users\DAB\mysite\backend\build_new\crow.vcxproj]
C:\Users\DAB\mysite\backend\build_new\crow-prefix\src\crow\include\crow/task_timer.h
(29,56): error C2065: io_service_: необъявленный идентификатор [C:\Users\DAB\mysite\
backend\build_new\crow-prefix\src\crow-build\examples\example_static_file.vcxproj] [
C:\Users\DAB\mysite\backend\build_new\crow.vcxproj]
C:\Users\DAB\mysite\backend\build_new\crow-prefix\src\crow\include\crow/task_timer.h
(29,15): error C2614: crow::detail::task_timer: недопустимая инициализация члена: "i
o_service_" не является базовым классом или членом [C:\Users\DAB\mysite\backend\buil
d_new\crow-prefix\src\crow-build\examples\example_static_file.vcxproj] [C:\Users\DAB
\mysite\backend\build_new\crow.vcxproj]
C:\Users\DAB\mysite\backend\build_new\crow-prefix\src\crow\include\crow/http_request
.h(38,22): error C2039: "io_service": не является членом "boost::asio". [C:\Users\DA
B\mysite\backend\build_new\crow-prefix\src\crow-build\examples\example_static_file.v
cxproj] [C:\Users\DAB\mysite\backend\build_new\crow.vcxproj]
  C:\Users\DAB\Desktop\vcpkg\installed\x64-windows\include\boost/asio/impl/write_at.
  hpp(35,11): message : см. объявление "boost::asio" [C:\Users\DAB\mysite\backend\bu
  ild_new\crow-prefix\src\crow-build\examples\example_static_file.vcxproj]
C:\Users\DAB\mysite\backend\build_new\crow-prefix\src\crow\include\crow/http_request
.h(38,32): error C2143: синтаксическая ошибка: отсутствие ";" перед "*" [C:\Users\DA
B\mysite\backend\build_new\crow-prefix\src\crow-build\examples\example_static_file.v
cxproj] [C:\Users\DAB\mysite\backend\build_new\crow.vcxproj]
C:\Users\DAB\mysite\backend\build_new\crow-prefix\src\crow\include\crow/http_request
.h(38,32): error C4430: отсутствует спецификатор типа - предполагается int. Примечан
ие. C++ не поддерживает int по умолчанию [C:\Users\DAB\mysite\backend\build_new\crow
-prefix\src\crow-build\examples\example_static_file.vcxproj] [C:\Users\DAB\mysite\ba
ckend\build_new\crow.vcxproj]
C:\Users\DAB\mysite\backend\build_new\crow-prefix\src\crow\include\crow/http_request
.h(38,44): error C2334: непредвиденные лексемы перед "{"; пропуск вероятного тела фу
нкции [C:\Users\DAB\mysite\backend\build_new\crow-prefix\src\crow-build\examples\exa
mple_static_file.vcxproj] [C:\Users\DAB\mysite\backend\build_new\crow.vcxproj]
C:\Users\DAB\mysite\backend\build_new\crow-prefix\src\crow\include\crow/http_request
.h(69,13): error C3861: io_service: идентификатор не найден [C:\Users\DAB\mysite\bac
kend\build_new\crow-prefix\src\crow-build\examples\example_static_file.vcxproj] [C:\
Users\DAB\mysite\backend\build_new\crow.vcxproj]
  C:\Users\DAB\mysite\backend\build_new\crow-prefix\src\crow\include\crow/http_reque
  st.h(67,14): message : Сообщение диагностики возникло в созданной компилятором фун
  кции "void crow::request::post(CompletionHandler)" [C:\Users\DAB\mysite\backend\bu
  ild_new\crow-prefix\src\crow-build\examples\example_static_file.vcxproj]
C:\Users\DAB\mysite\backend\build_new\crow-prefix\src\crow\include\crow/http_request
.h(69,13): error C2065: io_service: необъявленный идентификатор [C:\Users\DAB\mysite
\backend\build_new\crow-prefix\src\crow-build\examples\example_static_file.vcxproj]
[C:\Users\DAB\mysite\backend\build_new\crow.vcxproj]
  C:\Users\DAB\mysite\backend\build_new\crow-prefix\src\crow\include\crow/http_reque
  st.h(67,14): message : Сообщение диагностики возникло в созданной компилятором фун
  кции "void crow::request::post(CompletionHandler)" [C:\Users\DAB\mysite\backend\bu
  ild_new\crow-prefix\src\crow-build\examples\example_static_file.vcxproj]
C:\Users\DAB\mysite\backend\build_new\crow-prefix\src\crow\include\crow/http_request
.h(76,13): error C3861: io_service: идентификатор не найден [C:\Users\DAB\mysite\bac
kend\build_new\crow-prefix\src\crow-build\examples\example_static_file.vcxproj] [C:\
Users\DAB\mysite\backend\build_new\crow.vcxproj]
  C:\Users\DAB\mysite\backend\build_new\crow-prefix\src\crow\include\crow/http_reque
  st.h(74,14): message : Сообщение диагностики возникло в созданной компилятором фун
  кции "void crow::request::dispatch(CompletionHandler)" [C:\Users\DAB\mysite\backen
  d\build_new\crow-prefix\src\crow-build\examples\example_static_file.vcxproj]
C:\Users\DAB\mysite\backend\build_new\crow-prefix\src\crow\include\crow/http_request
.h(76,13): error C2065: io_service: необъявленный идентификатор [C:\Users\DAB\mysite
\backend\build_new\crow-prefix\src\crow-build\examples\example_static_file.vcxproj]
[C:\Users\DAB\mysite\backend\build_new\crow.vcxproj]
  C:\Users\DAB\mysite\backend\build_new\crow-prefix\src\crow\include\crow/http_reque
  st.h(74,14): message : Сообщение диагностики возникло в созданной компилятором фун
  кции "void crow::request::dispatch(CompletionHandler)" [C:\Users\DAB\mysite\backen
  d\build_new\crow-prefix\src\crow-build\examples\example_static_file.vcxproj]
C:\Users\DAB\mysite\backend\build_new\crow-prefix\src\crow\include\crow/multipart.h(
167,84): warning C4458: объявление "part_map" скрывает член класса [C:\Users\DAB\mys
ite\backend\build_new\crow-prefix\src\crow-build\examples\example_static_file.vcxpro
j] [C:\Users\DAB\mysite\backend\build_new\crow.vcxproj]
  C:\Users\DAB\mysite\backend\build_new\crow-prefix\src\crow\include\crow/multipart.
  h(79,20): message : см. объявление "crow::multipart::message::part_map" [C:\Users\
  DAB\mysite\backend\build_new\crow-prefix\src\crow-build\examples\example_static_fi
  le.vcxproj]
C:\Users\DAB\mysite\backend\build_new\crow-prefix\src\crow\include\crow/multipart.h(
218,32): warning C4456: объявление "found" скрывает предыдущее локальное объявление
[C:\Users\DAB\mysite\backend\build_new\crow-prefix\src\crow-build\examples\example_s
tatic_file.vcxproj] [C:\Users\DAB\mysite\backend\build_new\crow.vcxproj]
  C:\Users\DAB\mysite\backend\build_new\crow-prefix\src\crow\include\crow/multipart.
  h(211,28): message : см. объявление "found" [C:\Users\DAB\mysite\backend\build_new
  \crow-prefix\src\crow-build\examples\example_static_file.vcxproj]
C:\Users\DAB\mysite\backend\build_new\crow-prefix\src\crow\include\crow/multipart.h(
234,32): warning C4456: объявление "found" скрывает предыдущее локальное объявление
[C:\Users\DAB\mysite\backend\build_new\crow-prefix\src\crow-build\examples\example_s
tatic_file.vcxproj] [C:\Users\DAB\mysite\backend\build_new\crow.vcxproj]
  C:\Users\DAB\mysite\backend\build_new\crow-prefix\src\crow\include\crow/multipart.
  h(211,28): message : см. объявление "found" [C:\Users\DAB\mysite\backend\build_new
  \crow-prefix\src\crow-build\examples\example_static_file.vcxproj]
C:\Users\DAB\mysite\backend\build_new\crow-prefix\src\crow\include\crow/routing.h(80
0,70): warning C4244: аргумент: преобразование "__int64" в "unsigned int", возможна
потеря данных [C:\Users\DAB\mysite\backend\build_new\crow-prefix\src\crow-build\exam
ples\example_static_file.vcxproj] [C:\Users\DAB\mysite\backend\build_new\crow.vcxpro
j]
C:\Users\DAB\mysite\backend\build_new\crow-prefix\src\crow\include\crow/routing.h(82
1,70): warning C4244: аргумент: преобразование "__int64" в "unsigned int", возможна
потеря данных [C:\Users\DAB\mysite\backend\build_new\crow-prefix\src\crow-build\exam
ples\example_static_file.vcxproj] [C:\Users\DAB\mysite\backend\build_new\crow.vcxpro
j]
C:\Users\DAB\mysite\backend\build_new\crow-prefix\src\crow\include\crow/routing.h(84
2,70): warning C4244: аргумент: преобразование "__int64" в "unsigned int", возможна
потеря данных [C:\Users\DAB\mysite\backend\build_new\crow-prefix\src\crow-build\exam
ples\example_static_file.vcxproj] [C:\Users\DAB\mysite\backend\build_new\crow.vcxpro
j]
C:\Users\DAB\mysite\backend\build_new\crow-prefix\src\crow\include\crow/routing.h(86
4,61): warning C4267: аргумент: преобразование из "size_t" в "unsigned int"; возможн
а потеря данных [C:\Users\DAB\mysite\backend\build_new\crow-prefix\src\crow-build\ex
amples\example_static_file.vcxproj] [C:\Users\DAB\mysite\backend\build_new\crow.vcxp
roj]
C:\Users\DAB\mysite\backend\build_new\crow-prefix\src\crow\include\crow/routing.h(88
0,61): warning C4267: аргумент: преобразование из "size_t" в "unsigned int"; возможн
а потеря данных [C:\Users\DAB\mysite\backend\build_new\crow-prefix\src\crow-build\ex
amples\example_static_file.vcxproj] [C:\Users\DAB\mysite\backend\build_new\crow.vcxp
roj]
C:\Users\DAB\mysite\backend\build_new\crow-prefix\src\crow\include\crow/routing.h(89
5,61): warning C4267: аргумент: преобразование из "size_t" в "unsigned int"; возможн
а потеря данных [C:\Users\DAB\mysite\backend\build_new\crow-prefix\src\crow-build\ex
amples\example_static_file.vcxproj] [C:\Users\DAB\mysite\backend\build_new\crow.vcxp
roj]
C:\Users\DAB\mysite\backend\build_new\crow-prefix\src\crow\include\crow/routing.h(94
5,53): warning C4267: +=: преобразование из "size_t" в "unsigned int"; возможна поте
ря данных [C:\Users\DAB\mysite\backend\build_new\crow-prefix\src\crow-build\examples
\example_static_file.vcxproj] [C:\Users\DAB\mysite\backend\build_new\crow.vcxproj]
C:\Users\DAB\mysite\backend\build_new\crow-prefix\src\crow\include\crow/routing.h(95
6,45): warning C4267: +=: преобразование из "size_t" в "unsigned int"; возможна поте
ря данных [C:\Users\DAB\mysite\backend\build_new\crow-prefix\src\crow-build\examples
\example_static_file.vcxproj] [C:\Users\DAB\mysite\backend\build_new\crow.vcxproj]
C:\Users\DAB\mysite\backend\build_new\crow-prefix\src\crow\include\crow/routing.h(10
02,36): warning C4267: +=: преобразование из "size_t" в "unsigned int"; возможна пот
еря данных [C:\Users\DAB\mysite\backend\build_new\crow-prefix\src\crow-build\example
s\example_static_file.vcxproj] [C:\Users\DAB\mysite\backend\build_new\crow.vcxproj]
C:\Users\DAB\mysite\backend\build_new\crow-prefix\src\crow\include\crow/routing.h(10
05,33): warning C4267: +=: преобразование из "size_t" в "unsigned int"; возможна пот
еря данных [C:\Users\DAB\mysite\backend\build_new\crow-prefix\src\crow-build\example
s\example_static_file.vcxproj] [C:\Users\DAB\mysite\backend\build_new\crow.vcxproj]
C:\Users\DAB\mysite\backend\build_new\crow-prefix\src\crow\include\crow/routing.h(12
04,101): warning C4267: аргумент: преобразование из "size_t" в "unsigned int"; возмо
жна потеря данных [C:\Users\DAB\mysite\backend\build_new\crow-prefix\src\crow-build\
examples\example_static_file.vcxproj] [C:\Users\DAB\mysite\backend\build_new\crow.vc
xproj]
C:\Users\DAB\mysite\backend\build_new\crow-prefix\src\crow\include\crow/routing.h(12
04,87): warning C4267: аргумент: преобразование из "size_t" в "uint16_t"; возможна п
отеря данных [C:\Users\DAB\mysite\backend\build_new\crow-prefix\src\crow-build\examp
les\example_static_file.vcxproj] [C:\Users\DAB\mysite\backend\build_new\crow.vcxproj
]
C:\Users\DAB\mysite\backend\build_new\crow-prefix\src\crow\include\crow/routing.h(12
10,118): warning C4267: аргумент: преобразование из "size_t" в "unsigned int"; возмо
жна потеря данных [C:\Users\DAB\mysite\backend\build_new\crow-prefix\src\crow-build\
examples\example_static_file.vcxproj] [C:\Users\DAB\mysite\backend\build_new\crow.vc
xproj]
C:\Users\DAB\mysite\backend\build_new\crow-prefix\src\crow\include\crow/routing.h(12
58,29): warning C4456: объявление "i" скрывает предыдущее локальное объявление [C:\U
sers\DAB\mysite\backend\build_new\crow-prefix\src\crow-build\examples\example_static
_file.vcxproj] [C:\Users\DAB\mysite\backend\build_new\crow.vcxproj]
  C:\Users\DAB\mysite\backend\build_new\crow-prefix\src\crow\include\crow/routing.h(
  1249,27): message : см. объявление "i" [C:\Users\DAB\mysite\backend\build_new\crow
  -prefix\src\crow-build\examples\example_static_file.vcxproj]
C:\Users\DAB\mysite\backend\build_new\crow-prefix\src\crow\include\crow/routing.h(12
59,104): warning C4244: аргумент: преобразование "int" в "uint16_t", возможна потеря
 данных [C:\Users\DAB\mysite\backend\build_new\crow-prefix\src\crow-build\examples\e
xample_static_file.vcxproj] [C:\Users\DAB\mysite\backend\build_new\crow.vcxproj]
C:\Users\DAB\mysite\backend\build_new\crow-prefix\src\crow\include\crow/routing.h(12
59,100): warning C4267: аргумент: преобразование из "size_t" в "unsigned int"; возмо
жна потеря данных [C:\Users\DAB\mysite\backend\build_new\crow-prefix\src\crow-build\
examples\example_static_file.vcxproj] [C:\Users\DAB\mysite\backend\build_new\crow.vc
xproj]
C:\Users\DAB\mysite\backend\build_new\crow-prefix\src\crow\include\crow/routing.h(12
70,76): warning C4244: аргумент: преобразование "unsigned int" в "const uint16_t", в
озможна потеря данных [C:\Users\DAB\mysite\backend\build_new\crow-prefix\src\crow-bu
ild\examples\example_static_file.vcxproj] [C:\Users\DAB\mysite\backend\build_new\cro
w.vcxproj]
C:\Users\DAB\mysite\backend\build_new\crow-prefix\src\crow\include\crow/routing.h(14
20,24): warning C4267: инициализация: преобразование из "size_t" в "int"; возможна п
отеря данных [C:\Users\DAB\mysite\backend\build_new\crow-prefix\src\crow-build\examp
les\example_static_file.vcxproj] [C:\Users\DAB\mysite\backend\build_new\crow.vcxproj
]
C:\Users\DAB\mysite\backend\build_new\crow-prefix\src\crow\include\crow/routing.h(15
11,28): warning C4456: объявление "per_method" скрывает предыдущее локальное объявле
ние [C:\Users\DAB\mysite\backend\build_new\crow-prefix\src\crow-build\examples\examp
le_static_file.vcxproj] [C:\Users\DAB\mysite\backend\build_new\crow.vcxproj]
  C:\Users\DAB\mysite\backend\build_new\crow-prefix\src\crow\include\crow/routing.h(
  1501,19): message : см. объявление "per_method" [C:\Users\DAB\mysite\backend\build
  _new\crow-prefix\src\crow-build\examples\example_static_file.vcxproj]
C:\Users\DAB\mysite\backend\build_new\crow-prefix\src\crow\include\crow/routing.h(15
53,13): warning C4530: Использован обработчик исключений C++, но семантика уничтожен
ия объектов не включена. Задайте параметр /EHsc [C:\Users\DAB\mysite\backend\build_n
ew\crow-prefix\src\crow-build\examples\example_static_file.vcxproj] [C:\Users\DAB\my
site\backend\build_new\crow.vcxproj]
C:\Users\DAB\mysite\backend\build_new\crow-prefix\src\crow\include\crow/http_connect
ion.h(40,24): error C2039: "io_service": не является членом "boost::asio". [C:\Users
\DAB\mysite\backend\build_new\crow-prefix\src\crow-build\examples\example_static_fil
e.vcxproj] [C:\Users\DAB\mysite\backend\build_new\crow.vcxproj]
  C:\Users\DAB\Desktop\vcpkg\installed\x64-windows\include\boost/asio/impl/write_at.
  hpp(35,11): message : см. объявление "boost::asio" [C:\Users\DAB\mysite\backend\bu
  ild_new\crow-prefix\src\crow-build\examples\example_static_file.vcxproj]
  C:\Users\DAB\mysite\backend\build_new\crow-prefix\src\crow\include\crow/http_conne
  ction.h(626,6): message : выполняется компиляция ссылки на экземпляр класс шаблон
  функции "crow::Connection<Adaptor,Handler,Middlewares...>" [C:\Users\DAB\mysite\ba
  ckend\build_new\crow-prefix\src\crow-build\examples\example_static_file.vcxproj]
C:\Users\DAB\mysite\backend\build_new\crow-prefix\src\crow\include\crow/http_connect
ion.h(40,24): error C2061: синтаксическая ошибка: идентификатор "io_service" [C:\Use
rs\DAB\mysite\backend\build_new\crow-prefix\src\crow-build\examples\example_static_f
ile.vcxproj] [C:\Users\DAB\mysite\backend\build_new\crow.vcxproj]
C:\Users\DAB\mysite\backend\build_new\crow-prefix\src\crow\include\crow/http_connect
ion.h(48,20): error C3861: io_service: идентификатор не найден [C:\Users\DAB\mysite\
backend\build_new\crow-prefix\src\crow-build\examples\example_static_file.vcxproj] [
C:\Users\DAB\mysite\backend\build_new\crow.vcxproj]
C:\Users\DAB\mysite\backend\build_new\crow-prefix\src\crow\include\crow/http_connect
ion.h(48,32): error C3861: adaptor_ctx_: идентификатор не найден [C:\Users\DAB\mysit
e\backend\build_new\crow-prefix\src\crow-build\examples\example_static_file.vcxproj]
 [C:\Users\DAB\mysite\backend\build_new\crow.vcxproj]
C:\Users\DAB\mysite\backend\build_new\crow-prefix\src\crow\include\crow/http_connect
ion.h(49,20): error C3861: handler: идентификатор не найден [C:\Users\DAB\mysite\bac
kend\build_new\crow-prefix\src\crow-build\examples\example_static_file.vcxproj] [C:\
Users\DAB\mysite\backend\build_new\crow.vcxproj]
C:\Users\DAB\mysite\backend\build_new\crow-prefix\src\crow\include\crow/http_connect
ion.h(51,24): error C3861: server_name: идентификатор не найден [C:\Users\DAB\mysite
\backend\build_new\crow-prefix\src\crow-build\examples\example_static_file.vcxproj]
[C:\Users\DAB\mysite\backend\build_new\crow.vcxproj]
C:\Users\DAB\mysite\backend\build_new\crow-prefix\src\crow\include\crow/http_connect
ion.h(52,24): error C3861: middlewares: идентификатор не найден [C:\Users\DAB\mysite
\backend\build_new\crow-prefix\src\crow-build\examples\example_static_file.vcxproj]
[C:\Users\DAB\mysite\backend\build_new\crow.vcxproj]
C:\Users\DAB\mysite\backend\build_new\crow-prefix\src\crow\include\crow/http_connect
ion.h(53,31): error C3861: get_cached_date_str_f: идентификатор не найден [C:\Users\
DAB\mysite\backend\build_new\crow-prefix\src\crow-build\examples\example_static_file
.vcxproj] [C:\Users\DAB\mysite\backend\build_new\crow.vcxproj]
C:\Users\DAB\mysite\backend\build_new\crow-prefix\src\crow\include\crow/http_connect
ion.h(54,23): error C3861: task_timer: идентификатор не найден [C:\Users\DAB\mysite\
backend\build_new\crow-prefix\src\crow-build\examples\example_static_file.vcxproj] [
C:\Users\DAB\mysite\backend\build_new\crow.vcxproj]
C:\Users\DAB\mysite\backend\build_new\crow-prefix\src\crow\include\crow/http_connect
ion.h(55,33): error C3861: handler: идентификатор не найден [C:\Users\DAB\mysite\bac
kend\build_new\crow-prefix\src\crow-build\examples\example_static_file.vcxproj] [C:\
Users\DAB\mysite\backend\build_new\crow.vcxproj]
C:\Users\DAB\mysite\backend\build_new\crow-prefix\src\crow\include\crow/http_connect
ion.h(56,25): error C3861: queue_length: идентификатор не найден [C:\Users\DAB\mysit
e\backend\build_new\crow-prefix\src\crow-build\examples\example_static_file.vcxproj]
 [C:\Users\DAB\mysite\backend\build_new\crow.vcxproj]
C:\Users\DAB\mysite\backend\build_new\crow-prefix\src\crow\include\crow/http_connect
ion.h(48,20): error C2065: io_service: необъявленный идентификатор [C:\Users\DAB\mys
ite\backend\build_new\crow-prefix\src\crow-build\examples\example_static_file.vcxpro
j] [C:\Users\DAB\mysite\backend\build_new\crow.vcxproj]
C:\Users\DAB\mysite\backend\build_new\crow-prefix\src\crow\include\crow/http_connect
ion.h(48,32): error C2065: adaptor_ctx_: необъявленный идентификатор [C:\Users\DAB\m
ysite\backend\build_new\crow-prefix\src\crow-build\examples\example_static_file.vcxp
roj] [C:\Users\DAB\mysite\backend\build_new\crow.vcxproj]
C:\Users\DAB\mysite\backend\build_new\crow-prefix\src\crow\include\crow/http_connect
ion.h(49,20): error C2065: handler: необъявленный идентификатор [C:\Users\DAB\mysite
\backend\build_new\crow-prefix\src\crow-build\examples\example_static_file.vcxproj]
[C:\Users\DAB\mysite\backend\build_new\crow.vcxproj]
C:\Users\DAB\mysite\backend\build_new\crow-prefix\src\crow\include\crow/http_connect
ion.h(51,24): error C2065: server_name: необъявленный идентификатор [C:\Users\DAB\my
site\backend\build_new\crow-prefix\src\crow-build\examples\example_static_file.vcxpr
oj] [C:\Users\DAB\mysite\backend\build_new\crow.vcxproj]
C:\Users\DAB\mysite\backend\build_new\crow-prefix\src\crow\include\crow/http_connect
ion.h(52,24): error C2065: middlewares: необъявленный идентификатор [C:\Users\DAB\my
site\backend\build_new\crow-prefix\src\crow-build\examples\example_static_file.vcxpr
oj] [C:\Users\DAB\mysite\backend\build_new\crow.vcxproj]
C:\Users\DAB\mysite\backend\build_new\crow-prefix\src\crow\include\crow/http_connect
ion.h(53,31): error C2065: get_cached_date_str_f: необъявленный идентификатор [C:\Us
ers\DAB\mysite\backend\build_new\crow-prefix\src\crow-build\examples\example_static_
file.vcxproj] [C:\Users\DAB\mysite\backend\build_new\crow.vcxproj]
C:\Users\DAB\mysite\backend\build_new\crow-prefix\src\crow\include\crow/http_connect
ion.h(54,23): error C2065: task_timer: необъявленный идентификатор [C:\Users\DAB\mys
ite\backend\build_new\crow-prefix\src\crow-build\examples\example_static_file.vcxpro
j] [C:\Users\DAB\mysite\backend\build_new\crow.vcxproj]
C:\Users\DAB\mysite\backend\build_new\crow-prefix\src\crow\include\crow/http_connect
ion.h(55,33): error C2065: handler: необъявленный идентификатор [C:\Users\DAB\mysite
\backend\build_new\crow-prefix\src\crow-build\examples\example_static_file.vcxproj]
[C:\Users\DAB\mysite\backend\build_new\crow.vcxproj]
C:\Users\DAB\mysite\backend\build_new\crow-prefix\src\crow\include\crow/http_connect
ion.h(56,25): error C2065: queue_length: необъявленный идентификатор [C:\Users\DAB\m
ysite\backend\build_new\crow-prefix\src\crow-build\examples\example_static_file.vcxp
roj] [C:\Users\DAB\mysite\backend\build_new\crow.vcxproj]
C:\Users\DAB\mysite\backend\build_new\crow-prefix\src\crow\include\crow/http_server.
h(226,15): error C2039: "io_service": не является членом "boost::asio". [C:\Users\DA
B\mysite\backend\build_new\crow-prefix\src\crow-build\examples\example_static_file.v
cxproj] [C:\Users\DAB\mysite\backend\build_new\crow.vcxproj]
  C:\Users\DAB\Desktop\vcpkg\installed\x64-windows\include\boost/asio/impl/write_at.
  hpp(35,11): message : см. объявление "boost::asio" [C:\Users\DAB\mysite\backend\bu
  ild_new\crow-prefix\src\crow-build\examples\example_static_file.vcxproj]
  C:\Users\DAB\mysite\backend\build_new\crow-prefix\src\crow\include\crow/http_serve
  r.h(248,6): message : выполняется компиляция ссылки на экземпляр класс шаблон функ
  ции "crow::Server<Handler,Adaptor,Middlewares...>" [C:\Users\DAB\mysite\backend\bu
  ild_new\crow-prefix\src\crow-build\examples\example_static_file.vcxproj]
C:\Users\DAB\mysite\backend\build_new\crow-prefix\src\crow\include\crow/http_server.
h(226,26): error C3646: io_service_: неизвестный спецификатор переопределения [C:\Us
ers\DAB\mysite\backend\build_new\crow-prefix\src\crow-build\examples\example_static_
file.vcxproj] [C:\Users\DAB\mysite\backend\build_new\crow.vcxproj]
C:\Users\DAB\mysite\backend\build_new\crow-prefix\src\crow\include\crow/http_server.
h(226,1): error C4430: отсутствует спецификатор типа - предполагается int. Примечани
е. C++ не поддерживает int по умолчанию [C:\Users\DAB\mysite\backend\build_new\crow-
prefix\src\crow-build\examples\example_static_file.vcxproj] [C:\Users\DAB\mysite\bac
kend\build_new\crow.vcxproj]
C:\Users\DAB\mysite\backend\build_new\crow-prefix\src\crow\include\crow/http_server.
h(227,43): error C2039: "io_service": не является членом "boost::asio". [C:\Users\DA
B\mysite\backend\build_new\crow-prefix\src\crow-build\examples\example_static_file.v
cxproj] [C:\Users\DAB\mysite\backend\build_new\crow.vcxproj]
  C:\Users\DAB\Desktop\vcpkg\installed\x64-windows\include\boost/asio/impl/write_at.
  hpp(35,11): message : см. объявление "boost::asio" [C:\Users\DAB\mysite\backend\bu
  ild_new\crow-prefix\src\crow-build\examples\example_static_file.vcxproj]
C:\Users\DAB\mysite\backend\build_new\crow-prefix\src\crow\include\crow/http_server.
h(227,43): error C2065: io_service: необъявленный идентификатор [C:\Users\DAB\mysite
\backend\build_new\crow-prefix\src\crow-build\examples\example_static_file.vcxproj]
[C:\Users\DAB\mysite\backend\build_new\crow.vcxproj]
C:\Users\DAB\mysite\backend\build_new\crow-prefix\src\crow\include\crow/http_server.
h(227,26): error C2923: std::unique_ptr: "io_service" не является допустимым аргумен
том типа шаблон для параметра "_Ty" [C:\Users\DAB\mysite\backend\build_new\crow-pref
ix\src\crow-build\examples\example_static_file.vcxproj] [C:\Users\DAB\mysite\backend
\build_new\crow.vcxproj]
  C:\Users\DAB\mysite\backend\build_new\crow-prefix\src\crow\include\crow/http_serve
  r.h(227,43): message : см. объявление "io_service" [C:\Users\DAB\mysite\backend\bu
  ild_new\crow-prefix\src\crow-build\examples\example_static_file.vcxproj]
C:\Users\DAB\mysite\backend\build_new\crow-prefix\src\crow\include\crow/http_server.
h(227,26): error C2976: std::unique_ptr: слишком мало аргументов шаблон [C:\Users\DA
B\mysite\backend\build_new\crow-prefix\src\crow-build\examples\example_static_file.v
cxproj] [C:\Users\DAB\mysite\backend\build_new\crow.vcxproj]
  C:\Program Files\Microsoft Visual Studio\2022\Community\VC\Tools\MSVC\14.37.32822\
  include\memory(3213,1): message : см. объявление "std::unique_ptr" [C:\Users\DAB\m
  ysite\backend\build_new\crow-prefix\src\crow-build\examples\example_static_file.vc
  xproj]
C:\Users\DAB\mysite\backend\build_new\crow-prefix\src\crow\include\crow/http_server.
h(227,26): error C3203: "unique_ptr": неспециализированный класс шаблон нельзя испол
ьзовать в качестве аргумента шаблон для параметра шаблон "_Ty", требуется действител
ьный тип [C:\Users\DAB\mysite\backend\build_new\crow-prefix\src\crow-build\examples\
example_static_file.vcxproj] [C:\Users\DAB\mysite\backend\build_new\crow.vcxproj]
C:\Users\DAB\mysite\backend\build_new\crow-prefix\src\crow\include\crow/http_server.
h(30,21): error C3861: io_service_: идентификатор не найден [C:\Users\DAB\mysite\bac
kend\build_new\crow-prefix\src\crow-build\examples\example_static_file.vcxproj] [C:\
Users\DAB\mysite\backend\build_new\crow.vcxproj]
C:\Users\DAB\mysite\backend\build_new\crow-prefix\src\crow\include\crow/http_server.
h(31,20): error C3861: io_service_: идентификатор не найден [C:\Users\DAB\mysite\bac
kend\build_new\crow-prefix\src\crow-build\examples\example_static_file.vcxproj] [C:\
Users\DAB\mysite\backend\build_new\crow.vcxproj]
C:\Users\DAB\mysite\backend\build_new\crow-prefix\src\crow\include\crow/http_server.
h(32,23): error C3861: io_service_: идентификатор не найден [C:\Users\DAB\mysite\bac
kend\build_new\crow-prefix\src\crow-build\examples\example_static_file.vcxproj] [C:\
Users\DAB\mysite\backend\build_new\crow.vcxproj]
C:\Users\DAB\mysite\backend\build_new\crow-prefix\src\crow\include\crow/http_server.
h(30,21): error C2065: io_service_: необъявленный идентификатор [C:\Users\DAB\mysite
\backend\build_new\crow-prefix\src\crow-build\examples\example_static_file.vcxproj]
[C:\Users\DAB\mysite\backend\build_new\crow.vcxproj]
C:\Users\DAB\mysite\backend\build_new\crow-prefix\src\crow\include\crow/http_server.
h(31,20): error C2065: io_service_: необъявленный идентификатор [C:\Users\DAB\mysite
\backend\build_new\crow-prefix\src\crow-build\examples\example_static_file.vcxproj]
[C:\Users\DAB\mysite\backend\build_new\crow.vcxproj]
C:\Users\DAB\mysite\backend\build_new\crow-prefix\src\crow\include\crow/http_server.
h(32,23): error C2065: io_service_: необъявленный идентификатор [C:\Users\DAB\mysite
\backend\build_new\crow-prefix\src\crow-build\examples\example_static_file.vcxproj]
[C:\Users\DAB\mysite\backend\build_new\crow.vcxproj]
C:\Users\DAB\mysite\backend\build_new\crow-prefix\src\crow\include\crow/http_server.
h(65,51): error C2187: синтаксическая ошибка: непредвиденный здесь элемент "boost" [
C:\Users\DAB\mysite\backend\build_new\crow-prefix\src\crow-build\examples\example_st
atic_file.vcxproj] [C:\Users\DAB\mysite\backend\build_new\crow.vcxproj]
C:\Users\DAB\mysite\backend\build_new\crow-prefix\src\crow\include\crow/http_server.
h(65,74): error C3878: синтаксическая ошибка: непредвиденный маркер "(" после "expre
ssion" [C:\Users\DAB\mysite\backend\build_new\crow-prefix\src\crow-build\examples\ex
ample_static_file.vcxproj] [C:\Users\DAB\mysite\backend\build_new\crow.vcxproj]
  C:\Users\DAB\mysite\backend\build_new\crow-prefix\src\crow\include\crow/http_serve
  r.h(65,74): message : пропущено восстановление ошибки: "(" [C:\Users\DAB\mysite\ba
  ckend\build_new\crow-prefix\src\crow-build\examples\example_static_file.vcxproj]
C:\Users\DAB\mysite\backend\build_new\crow-prefix\src\crow\include\crow/http_server.
h(65,75): error C2760: синтаксическая ошибка: непредвиденный элемент ")". Ожидается
";" [C:\Users\DAB\mysite\backend\build_new\crow-prefix\src\crow-build\examples\examp
le_static_file.vcxproj] [C:\Users\DAB\mysite\backend\build_new\crow.vcxproj]
C:\Users\DAB\mysite\backend\build_new\crow-prefix\src\crow\include\crow/http_server.
h(65,75): error C3878: синтаксическая ошибка: непредвиденный маркер ")" после "expre
ssion_statement" [C:\Users\DAB\mysite\backend\build_new\crow-prefix\src\crow-build\e
xamples\example_static_file.vcxproj] [C:\Users\DAB\mysite\backend\build_new\crow.vcx
proj]
  C:\Users\DAB\mysite\backend\build_new\crow-prefix\src\crow\include\crow/http_serve
  r.h(65,75): message : пропущено восстановление ошибки: ") )" [C:\Users\DAB\mysite\
  backend\build_new\crow-prefix\src\crow-build\examples\example_static_file.vcxproj]
C:\Users\DAB\mysite\backend\build_new\crow-prefix\src\crow\include\crow/http_server.
h(156,19): error C2065: io_service_: необъявленный идентификатор [C:\Users\DAB\mysit
e\backend\build_new\crow-prefix\src\crow-build\examples\example_static_file.vcxproj]
 [C:\Users\DAB\mysite\backend\build_new\crow.vcxproj]
C:\Users\DAB\mysite\backend\build_new\crow-prefix\src\crow\include\crow/http_server.
h(164,13): error C3861: io_service_: идентификатор не найден [C:\Users\DAB\mysite\ba
ckend\build_new\crow-prefix\src\crow-build\examples\example_static_file.vcxproj] [C:
\Users\DAB\mysite\backend\build_new\crow.vcxproj]
C:\Users\DAB\mysite\backend\build_new\crow-prefix\src\crow\include\crow/http_server.
h(164,13): error C2065: io_service_: необъявленный идентификатор [C:\Users\DAB\mysit
e\backend\build_new\crow-prefix\src\crow-build\examples\example_static_file.vcxproj]
 [C:\Users\DAB\mysite\backend\build_new\crow.vcxproj]
C:\Users\DAB\mysite\backend\build_new\crow-prefix\src\crow\include\crow/http_server.
h(197,19): error C2039: "io_service": не является членом "boost::asio". [C:\Users\DA
B\mysite\backend\build_new\crow-prefix\src\crow-build\examples\example_static_file.v
cxproj] [C:\Users\DAB\mysite\backend\build_new\crow.vcxproj]
  C:\Users\DAB\Desktop\vcpkg\installed\x64-windows\include\boost/asio/impl/write_at.
  hpp(35,11): message : см. объявление "boost::asio" [C:\Users\DAB\mysite\backend\bu
  ild_new\crow-prefix\src\crow-build\examples\example_static_file.vcxproj]
C:\Users\DAB\mysite\backend\build_new\crow-prefix\src\crow\include\crow/http_server.
h(197,31): error C3861: is: идентификатор не найден [C:\Users\DAB\mysite\backend\bui
ld_new\crow-prefix\src\crow-build\examples\example_static_file.vcxproj] [C:\Users\DA
B\mysite\backend\build_new\crow.vcxproj]
C:\Users\DAB\mysite\backend\build_new\crow-prefix\src\crow\include\crow/http_server.
h(199,32): error C2065: is: необъявленный идентификатор [C:\Users\DAB\mysite\backend
\build_new\crow-prefix\src\crow-build\examples\example_static_file.vcxproj] [C:\User
s\DAB\mysite\backend\build_new\crow.vcxproj]
C:\Users\DAB\mysite\backend\build_new\crow-prefix\src\crow\include\crow/http_server.
h(199,32): error C3861: is: идентификатор не найден [C:\Users\DAB\mysite\backend\bui
ld_new\crow-prefix\src\crow-build\examples\example_static_file.vcxproj] [C:\Users\DA
B\mysite\backend\build_new\crow.vcxproj]
C:\Users\DAB\mysite\backend\build_new\crow-prefix\src\crow\include\crow/http_server.
h(202,15): error C3861: is: идентификатор не найден [C:\Users\DAB\mysite\backend\bui
ld_new\crow-prefix\src\crow-build\examples\example_static_file.vcxproj] [C:\Users\DA
B\mysite\backend\build_new\crow.vcxproj]
C:\Users\DAB\mysite\backend\build_new\crow-prefix\src\crow\include\crow/http_server.
h(207,26): error C3861: is: идентификатор не найден [C:\Users\DAB\mysite\backend\bui
ld_new\crow-prefix\src\crow-build\examples\example_static_file.vcxproj] [C:\Users\DA
B\mysite\backend\build_new\crow.vcxproj]
C:\Users\DAB\mysite\backend\build_new\crow-prefix\src\crow\include\crow/http_server.
h(210,23): error C3861: is: идентификатор не найден [C:\Users\DAB\mysite\backend\bui
ld_new\crow-prefix\src\crow-build\examples\example_static_file.vcxproj] [C:\Users\DA
B\mysite\backend\build_new\crow.vcxproj]
C:\Users\DAB\mysite\backend\build_new\crow-prefix\src\crow\include\crow/http_server.
h(218,42): error C2065: is: необъявленный идентификатор [C:\Users\DAB\mysite\backend
\build_new\crow-prefix\src\crow-build\examples\example_static_file.vcxproj] [C:\User
s\DAB\mysite\backend\build_new\crow.vcxproj]
C:\Users\DAB\mysite\backend\build_new\crow-prefix\src\crow\include\crow/http_server.
h(218,42): error C3861: is: идентификатор не найден [C:\Users\DAB\mysite\backend\bui
ld_new\crow-prefix\src\crow-build\examples\example_static_file.vcxproj] [C:\Users\DA
B\mysite\backend\build_new\crow.vcxproj]
C:\Users\DAB\mysite\backend\build_new\crow-prefix\src\crow\include\crow/http_server.
h(197,31): error C2065: is: необъявленный идентификатор [C:\Users\DAB\mysite\backend
\build_new\crow-prefix\src\crow-build\examples\example_static_file.vcxproj] [C:\User
s\DAB\mysite\backend\build_new\crow.vcxproj]
C:\Users\DAB\mysite\backend\build_new\crow-prefix\src\crow\include\crow/http_server.
h(202,15): error C2065: is: необъявленный идентификатор [C:\Users\DAB\mysite\backend
\build_new\crow-prefix\src\crow-build\examples\example_static_file.vcxproj] [C:\User
s\DAB\mysite\backend\build_new\crow.vcxproj]
C:\Users\DAB\mysite\backend\build_new\crow-prefix\src\crow\include\crow/http_server.
h(210,23): error C2065: is: необъявленный идентификатор [C:\Users\DAB\mysite\backend
\build_new\crow-prefix\src\crow-build\examples\example_static_file.vcxproj] [C:\User
s\DAB\mysite\backend\build_new\crow.vcxproj]
    Building Custom Rule C:/Users/DAB/mysite/backend/build_new/crow-prefix/src/crow/
  examples/CMakeLists.txt
    example_vs.cpp
C:\Users\DAB\mysite\backend\build_new\crow-prefix\src\crow\include\crow/query_string
.h(117,20): warning C4267: =: преобразование из "size_t" в "int"; возможна потеря да
нных [C:\Users\DAB\mysite\backend\build_new\crow-prefix\src\crow-build\examples\exam
ple_vs.vcxproj] [C:\Users\DAB\mysite\backend\build_new\crow.vcxproj]
C:\Users\DAB\mysite\backend\build_new\crow-prefix\src\crow\include\crow/query_string
.h(370,92): warning C4267: аргумент: преобразование из "size_t" в "int"; возможна по
теря данных [C:\Users\DAB\mysite\backend\build_new\crow-prefix\src\crow-build\exampl
es\example_vs.vcxproj] [C:\Users\DAB\mysite\backend\build_new\crow.vcxproj]
C:\Users\DAB\mysite\backend\build_new\crow-prefix\src\crow\include\crow/query_string
.h(406,94): warning C4267: аргумент: преобразование из "size_t" в "int"; возможна по
теря данных [C:\Users\DAB\mysite\backend\build_new\crow-prefix\src\crow-build\exampl
es\example_vs.vcxproj] [C:\Users\DAB\mysite\backend\build_new\crow.vcxproj]
C:\Users\DAB\mysite\backend\build_new\crow-prefix\src\crow\include\crow/query_string
.h(445,112): warning C4267: аргумент: преобразование из "size_t" в "int"; возможна п
отеря данных [C:\Users\DAB\mysite\backend\build_new\crow-prefix\src\crow-build\examp
les\example_vs.vcxproj] [C:\Users\DAB\mysite\backend\build_new\crow.vcxproj]
C:\Users\DAB\mysite\backend\build_new\crow-prefix\src\crow\include\crow/utility.h(67
2,39): warning C4267: инициализация: преобразование из "size_t" в "unsigned int"; во
зможна потеря данных [C:\Users\DAB\mysite\backend\build_new\crow-prefix\src\crow-bui
ld\examples\example_vs.vcxproj] [C:\Users\DAB\mysite\backend\build_new\crow.vcxproj]
C:\Users\DAB\mysite\backend\build_new\crow-prefix\src\crow\include\crow/http_parser_
merged.h(589,32): warning C4244: =: преобразование "__int64" в "unsigned long", возм
ожна потеря данных [C:\Users\DAB\mysite\backend\build_new\crow-prefix\src\crow-build
\examples\example_vs.vcxproj] [C:\Users\DAB\mysite\backend\build_new\crow.vcxproj]
C:\Users\DAB\mysite\backend\build_new\crow-prefix\src\crow\include\crow/http_parser_
merged.h(609,32): warning C4244: =: преобразование "__int64" в "unsigned long", возм
ожна потеря данных [C:\Users\DAB\mysite\backend\build_new\crow-prefix\src\crow-build
\examples\example_vs.vcxproj] [C:\Users\DAB\mysite\backend\build_new\crow.vcxproj]
    Please define _WIN32_WINNT or _WIN32_WINDOWS appropriately. For example:
    - add -D_WIN32_WINNT=0x0601 to the compiler command line; or
    - add _WIN32_WINNT=0x0601 to your project's Preprocessor Definitions.
    Assuming _WIN32_WINNT=0x0601 (i.e. Windows 7 target).
C:\Users\DAB\mysite\backend\build_new\crow-prefix\src\crow\include\crow/socket_adapt
ors.h(21,36): error C2039: "io_service": не является членом "boost::asio". [C:\Users
\DAB\mysite\backend\build_new\crow-prefix\src\crow-build\examples\example_vs.vcxproj
] [C:\Users\DAB\mysite\backend\build_new\crow.vcxproj]
  C:\Users\DAB\Desktop\vcpkg\installed\x64-windows\include\boost/asio/impl/write_at.
  hpp(35,11): message : см. объявление "boost::asio" [C:\Users\DAB\mysite\backend\bu
  ild_new\crow-prefix\src\crow-build\examples\example_vs.vcxproj]
C:\Users\DAB\mysite\backend\build_new\crow-prefix\src\crow\include\crow/socket_adapt
ors.h(21,36): error C2061: синтаксическая ошибка: идентификатор "io_service" [C:\Use
rs\DAB\mysite\backend\build_new\crow-prefix\src\crow-build\examples\example_vs.vcxpr
oj] [C:\Users\DAB\mysite\backend\build_new\crow.vcxproj]
C:\Users\DAB\mysite\backend\build_new\crow-prefix\src\crow\include\crow/socket_adapt
ors.h(25,22): error C2039: "io_service": не является членом "boost::asio". [C:\Users
\DAB\mysite\backend\build_new\crow-prefix\src\crow-build\examples\example_vs.vcxproj
] [C:\Users\DAB\mysite\backend\build_new\crow.vcxproj]
  C:\Users\DAB\Desktop\vcpkg\installed\x64-windows\include\boost/asio/impl/write_at.
  hpp(35,11): message : см. объявление "boost::asio" [C:\Users\DAB\mysite\backend\bu
  ild_new\crow-prefix\src\crow-build\examples\example_vs.vcxproj]
C:\Users\DAB\mysite\backend\build_new\crow-prefix\src\crow\include\crow/socket_adapt
ors.h(25,32): error C2143: синтаксическая ошибка: отсутствие ";" перед "&" [C:\Users
\DAB\mysite\backend\build_new\crow-prefix\src\crow-build\examples\example_vs.vcxproj
] [C:\Users\DAB\mysite\backend\build_new\crow.vcxproj]
C:\Users\DAB\mysite\backend\build_new\crow-prefix\src\crow\include\crow/socket_adapt
ors.h(25,32): error C4430: отсутствует спецификатор типа - предполагается int. Приме
чание. C++ не поддерживает int по умолчанию [C:\Users\DAB\mysite\backend\build_new\c
row-prefix\src\crow-build\examples\example_vs.vcxproj] [C:\Users\DAB\mysite\backend\
build_new\crow.vcxproj]
C:\Users\DAB\mysite\backend\build_new\crow-prefix\src\crow\include\crow/socket_adapt
ors.h(26,9): error C2334: непредвиденные лексемы перед "{"; пропуск вероятного тела
функции [C:\Users\DAB\mysite\backend\build_new\crow-prefix\src\crow-build\examples\e
xample_vs.vcxproj] [C:\Users\DAB\mysite\backend\build_new\crow.vcxproj]
C:\Users\DAB\mysite\backend\build_new\crow-prefix\src\crow\include\crow/socket_adapt
ors.h(22,19): error C2065: io_service: необъявленный идентификатор [C:\Users\DAB\mys
ite\backend\build_new\crow-prefix\src\crow-build\examples\example_vs.vcxproj] [C:\Us
ers\DAB\mysite\backend\build_new\crow.vcxproj]
C:\Users\DAB\mysite\backend\build_new\crow-prefix\src\crow\include\crow/json.h(63,42
): warning C4244: аргумент: преобразование "int" в "_Elem", возможна потеря данных [
C:\Users\DAB\mysite\backend\build_new\crow-prefix\src\crow-build\examples\example_vs
.vcxproj] [C:\Users\DAB\mysite\backend\build_new\crow.vcxproj]
            with
            [
                _Elem=char
            ]
C:\Users\DAB\mysite\backend\build_new\crow-prefix\src\crow\include\crow/json.h(64,42
): warning C4244: аргумент: преобразование "int" в "_Elem", возможна потеря данных [
C:\Users\DAB\mysite\backend\build_new\crow-prefix\src\crow-build\examples\example_vs
.vcxproj] [C:\Users\DAB\mysite\backend\build_new\crow.vcxproj]
            with
            [
                _Elem=char
            ]
C:\Users\DAB\mysite\backend\build_new\crow-prefix\src\crow\include\crow/json.h(461,5
6): warning C4244: =: преобразование "unsigned int" в "char", возможна потеря данных
 [C:\Users\DAB\mysite\backend\build_new\crow-prefix\src\crow-build\examples\example_
vs.vcxproj] [C:\Users\DAB\mysite\backend\build_new\crow.vcxproj]
C:\Users\DAB\mysite\backend\build_new\crow-prefix\src\crow\include\crow/json.h(467,5
6): warning C4244: =: преобразование "unsigned int" в "char", возможна потеря данных
 [C:\Users\DAB\mysite\backend\build_new\crow-prefix\src\crow-build\examples\example_
vs.vcxproj] [C:\Users\DAB\mysite\backend\build_new\crow.vcxproj]
C:\Users\DAB\mysite\backend\build_new\crow-prefix\src\crow\include\crow/json.h(472,5
1): warning C4244: =: преобразование "unsigned int" в "char", возможна потеря данных
 [C:\Users\DAB\mysite\backend\build_new\crow-prefix\src\crow-build\examples\example_
vs.vcxproj] [C:\Users\DAB\mysite\backend\build_new\crow.vcxproj]
C:\Users\DAB\mysite\backend\build_new\crow-prefix\src\crow\include\crow/json.h(681,4
1): warning C4244: =: преобразование "uint32_t" в "uint16_t", возможна потеря данных
 [C:\Users\DAB\mysite\backend\build_new\crow-prefix\src\crow-build\examples\example_
vs.vcxproj] [C:\Users\DAB\mysite\backend\build_new\crow.vcxproj]
C:\Users\DAB\mysite\backend\build_new\crow-prefix\src\crow\include\crow/json.h(1211,
35): warning C4267: аргумент: преобразование из "size_t" в "uint32_t"; возможна поте
ря данных [C:\Users\DAB\mysite\backend\build_new\crow-prefix\src\crow-build\examples
\example_vs.vcxproj] [C:\Users\DAB\mysite\backend\build_new\crow.vcxproj]
C:\Users\DAB\mysite\backend\build_new\crow-prefix\src\crow\include\crow/json.h(1671,
32): warning C4267: return: преобразование из "size_t" в "int"; возможна потеря данн
ых [C:\Users\DAB\mysite\backend\build_new\crow-prefix\src\crow-build\examples\exampl
e_vs.vcxproj] [C:\Users\DAB\mysite\backend\build_new\crow.vcxproj]
C:\Users\DAB\mysite\backend\build_new\crow-prefix\src\crow\include\crow/json.h(1792,
52): warning C4458: объявление "o" скрывает член класса [C:\Users\DAB\mysite\backend
\build_new\crow-prefix\src\crow-build\examples\example_vs.vcxproj] [C:\Users\DAB\mys
ite\backend\build_new\crow.vcxproj]
  C:\Users\DAB\mysite\backend\build_new\crow-prefix\src\crow\include\crow/json.h(127
  0,37): message : см. объявление "crow::json::wvalue::o" [C:\Users\DAB\mysite\backe
  nd\build_new\crow-prefix\src\crow-build\examples\example_vs.vcxproj]
C:\Users\DAB\mysite\backend\build_new\crow-prefix\src\crow\include\crow/mustache.h(9
7,33): warning C4267: инициализация: преобразование из "size_t" в "int"; возможна по
теря данных [C:\Users\DAB\mysite\backend\build_new\crow-prefix\src\crow-build\exampl
es\example_vs.vcxproj] [C:\Users\DAB\mysite\backend\build_new\crow.vcxproj]
C:\Users\DAB\mysite\backend\build_new\crow-prefix\src\crow\include\crow/mustache.h(1
16,48): warning C4267: =: преобразование из "size_t" в "int"; возможна потеря данных
 [C:\Users\DAB\mysite\backend\build_new\crow-prefix\src\crow-build\examples\example_
vs.vcxproj] [C:\Users\DAB\mysite\backend\build_new\crow.vcxproj]
C:\Users\DAB\mysite\backend\build_new\crow-prefix\src\crow\include\crow/mustache.h(1
18,53): warning C4267: аргумент: преобразование из "size_t" в "_Ty"; возможна потеря
 данных [C:\Users\DAB\mysite\backend\build_new\crow-prefix\src\crow-build\examples\e
xample_vs.vcxproj] [C:\Users\DAB\mysite\backend\build_new\crow.vcxproj]
            with
            [
                _Ty=int
            ]
C:\Users\DAB\mysite\backend\build_new\crow-prefix\src\crow\include\crow/mustache.h(2
21,94): warning C4267: аргумент: преобразование из "size_t" в "int"; возможна потеря
 данных [C:\Users\DAB\mysite\backend\build_new\crow-prefix\src\crow-build\examples\e
xample_vs.vcxproj] [C:\Users\DAB\mysite\backend\build_new\crow.vcxproj]
C:\Users\DAB\mysite\backend\build_new\crow-prefix\src\crow\include\crow/mustache.h(3
67,54): warning C4267: аргумент: преобразование из "size_t" в "int"; возможна потеря
 данных [C:\Users\DAB\mysite\backend\build_new\crow-prefix\src\crow-build\examples\e
xample_vs.vcxproj] [C:\Users\DAB\mysite\backend\build_new\crow.vcxproj]
C:\Users\DAB\mysite\backend\build_new\crow-prefix\src\crow\include\crow/mustache.h(3
78,54): warning C4267: аргумент: преобразование из "size_t" в "int"; возможна потеря
 данных [C:\Users\DAB\mysite\backend\build_new\crow-prefix\src\crow-build\examples\e
xample_vs.vcxproj] [C:\Users\DAB\mysite\backend\build_new\crow.vcxproj]
C:\Users\DAB\mysite\backend\build_new\crow-prefix\src\crow\include\crow/mustache.h(3
90,54): warning C4267: аргумент: преобразование из "size_t" в "int"; возможна потеря
 данных [C:\Users\DAB\mysite\backend\build_new\crow-prefix\src\crow-build\examples\e
xample_vs.vcxproj] [C:\Users\DAB\mysite\backend\build_new\crow.vcxproj]
C:\Users\DAB\mysite\backend\build_new\crow-prefix\src\crow\include\crow/mustache.h(4
01,54): warning C4267: аргумент: преобразование из "size_t" в "int"; возможна потеря
 данных [C:\Users\DAB\mysite\backend\build_new\crow-prefix\src\crow-build\examples\e
xample_vs.vcxproj] [C:\Users\DAB\mysite\backend\build_new\crow.vcxproj]
C:\Users\DAB\mysite\backend\build_new\crow-prefix\src\crow\include\crow/mustache.h(4
63,60): warning C4267: =: преобразование из "size_t" в "int"; возможна потеря данных
 [C:\Users\DAB\mysite\backend\build_new\crow-prefix\src\crow-build\examples\example_
vs.vcxproj] [C:\Users\DAB\mysite\backend\build_new\crow.vcxproj]
C:\Users\DAB\mysite\backend\build_new\crow-prefix\src\crow\include\crow/mustache.h(5
63,28): warning C4267: инициализация: преобразование из "size_t" в "int"; возможна п
отеря данных [C:\Users\DAB\mysite\backend\build_new\crow-prefix\src\crow-build\examp
les\example_vs.vcxproj] [C:\Users\DAB\mysite\backend\build_new\crow.vcxproj]
C:\Users\DAB\mysite\backend\build_new\crow-prefix\src\crow\include\crow/task_timer.h
(28,37): error C2039: "io_service": не является членом "boost::asio". [C:\Users\DAB\
mysite\backend\build_new\crow-prefix\src\crow-build\examples\example_vs.vcxproj] [C:
\Users\DAB\mysite\backend\build_new\crow.vcxproj]
  C:\Users\DAB\Desktop\vcpkg\installed\x64-windows\include\boost/asio/impl/write_at.
  hpp(35,11): message : см. объявление "boost::asio" [C:\Users\DAB\mysite\backend\bu
  ild_new\crow-prefix\src\crow-build\examples\example_vs.vcxproj]
C:\Users\DAB\mysite\backend\build_new\crow-prefix\src\crow\include\crow/task_timer.h
(28,37): error C2061: синтаксическая ошибка: идентификатор "io_service" [C:\Users\DA
B\mysite\backend\build_new\crow-prefix\src\crow-build\examples\example_vs.vcxproj] [
C:\Users\DAB\mysite\backend\build_new\crow.vcxproj]
C:\Users\DAB\mysite\backend\build_new\crow-prefix\src\crow\include\crow/task_timer.h
(123,26): error C2039: "io_service": не является членом "boost::asio". [C:\Users\DAB
\mysite\backend\build_new\crow-prefix\src\crow-build\examples\example_vs.vcxproj] [C
:\Users\DAB\mysite\backend\build_new\crow.vcxproj]
  C:\Users\DAB\Desktop\vcpkg\installed\x64-windows\include\boost/asio/impl/write_at.
  hpp(35,11): message : см. объявление "boost::asio" [C:\Users\DAB\mysite\backend\bu
  ild_new\crow-prefix\src\crow-build\examples\example_vs.vcxproj]
C:\Users\DAB\mysite\backend\build_new\crow-prefix\src\crow\include\crow/task_timer.h
(123,36): error C2143: синтаксическая ошибка: отсутствие ";" перед "&" [C:\Users\DAB
\mysite\backend\build_new\crow-prefix\src\crow-build\examples\example_vs.vcxproj] [C
:\Users\DAB\mysite\backend\build_new\crow.vcxproj]
C:\Users\DAB\mysite\backend\build_new\crow-prefix\src\crow\include\crow/task_timer.h
(123,36): error C4430: отсутствует спецификатор типа - предполагается int. Примечани
е. C++ не поддерживает int по умолчанию [C:\Users\DAB\mysite\backend\build_new\crow-
prefix\src\crow-build\examples\example_vs.vcxproj] [C:\Users\DAB\mysite\backend\buil
d_new\crow.vcxproj]
C:\Users\DAB\mysite\backend\build_new\crow-prefix\src\crow\include\crow/task_timer.h
(123,49): error C2238: непредвиденные лексемы перед ";" [C:\Users\DAB\mysite\backend
\build_new\crow-prefix\src\crow-build\examples\example_vs.vcxproj] [C:\Users\DAB\mys
ite\backend\build_new\crow.vcxproj]
C:\Users\DAB\mysite\backend\build_new\crow-prefix\src\crow\include\crow/task_timer.h
(29,27): error C2065: io_service: необъявленный идентификатор [C:\Users\DAB\mysite\b
ackend\build_new\crow-prefix\src\crow-build\examples\example_vs.vcxproj] [C:\Users\D
AB\mysite\backend\build_new\crow.vcxproj]
C:\Users\DAB\mysite\backend\build_new\crow-prefix\src\crow\include\crow/task_timer.h
(29,56): error C2065: io_service_: необъявленный идентификатор [C:\Users\DAB\mysite\
backend\build_new\crow-prefix\src\crow-build\examples\example_vs.vcxproj] [C:\Users\
DAB\mysite\backend\build_new\crow.vcxproj]
C:\Users\DAB\mysite\backend\build_new\crow-prefix\src\crow\include\crow/task_timer.h
(29,15): error C2614: crow::detail::task_timer: недопустимая инициализация члена: "i
o_service_" не является базовым классом или членом [C:\Users\DAB\mysite\backend\buil
d_new\crow-prefix\src\crow-build\examples\example_vs.vcxproj] [C:\Users\DAB\mysite\b
ackend\build_new\crow.vcxproj]
C:\Users\DAB\mysite\backend\build_new\crow-prefix\src\crow\include\crow/http_request
.h(38,22): error C2039: "io_service": не является членом "boost::asio". [C:\Users\DA
B\mysite\backend\build_new\crow-prefix\src\crow-build\examples\example_vs.vcxproj] [
C:\Users\DAB\mysite\backend\build_new\crow.vcxproj]
  C:\Users\DAB\Desktop\vcpkg\installed\x64-windows\include\boost/asio/impl/write_at.
  hpp(35,11): message : см. объявление "boost::asio" [C:\Users\DAB\mysite\backend\bu
  ild_new\crow-prefix\src\crow-build\examples\example_vs.vcxproj]
C:\Users\DAB\mysite\backend\build_new\crow-prefix\src\crow\include\crow/http_request
.h(38,32): error C2143: синтаксическая ошибка: отсутствие ";" перед "*" [C:\Users\DA
B\mysite\backend\build_new\crow-prefix\src\crow-build\examples\example_vs.vcxproj] [
C:\Users\DAB\mysite\backend\build_new\crow.vcxproj]
C:\Users\DAB\mysite\backend\build_new\crow-prefix\src\crow\include\crow/http_request
.h(38,32): error C4430: отсутствует спецификатор типа - предполагается int. Примечан
ие. C++ не поддерживает int по умолчанию [C:\Users\DAB\mysite\backend\build_new\crow
-prefix\src\crow-build\examples\example_vs.vcxproj] [C:\Users\DAB\mysite\backend\bui
ld_new\crow.vcxproj]
C:\Users\DAB\mysite\backend\build_new\crow-prefix\src\crow\include\crow/http_request
.h(38,44): error C2334: непредвиденные лексемы перед "{"; пропуск вероятного тела фу
нкции [C:\Users\DAB\mysite\backend\build_new\crow-prefix\src\crow-build\examples\exa
mple_vs.vcxproj] [C:\Users\DAB\mysite\backend\build_new\crow.vcxproj]
C:\Users\DAB\mysite\backend\build_new\crow-prefix\src\crow\include\crow/http_request
.h(69,13): error C3861: io_service: идентификатор не найден [C:\Users\DAB\mysite\bac
kend\build_new\crow-prefix\src\crow-build\examples\example_vs.vcxproj] [C:\Users\DAB
\mysite\backend\build_new\crow.vcxproj]
  C:\Users\DAB\mysite\backend\build_new\crow-prefix\src\crow\include\crow/http_reque
  st.h(67,14): message : Сообщение диагностики возникло в созданной компилятором фун
  кции "void crow::request::post(CompletionHandler)" [C:\Users\DAB\mysite\backend\bu
  ild_new\crow-prefix\src\crow-build\examples\example_vs.vcxproj]
C:\Users\DAB\mysite\backend\build_new\crow-prefix\src\crow\include\crow/http_request
.h(69,13): error C2065: io_service: необъявленный идентификатор [C:\Users\DAB\mysite
\backend\build_new\crow-prefix\src\crow-build\examples\example_vs.vcxproj] [C:\Users
\DAB\mysite\backend\build_new\crow.vcxproj]
  C:\Users\DAB\mysite\backend\build_new\crow-prefix\src\crow\include\crow/http_reque
  st.h(67,14): message : Сообщение диагностики возникло в созданной компилятором фун
  кции "void crow::request::post(CompletionHandler)" [C:\Users\DAB\mysite\backend\bu
  ild_new\crow-prefix\src\crow-build\examples\example_vs.vcxproj]
C:\Users\DAB\mysite\backend\build_new\crow-prefix\src\crow\include\crow/http_request
.h(76,13): error C3861: io_service: идентификатор не найден [C:\Users\DAB\mysite\bac
kend\build_new\crow-prefix\src\crow-build\examples\example_vs.vcxproj] [C:\Users\DAB
\mysite\backend\build_new\crow.vcxproj]
  C:\Users\DAB\mysite\backend\build_new\crow-prefix\src\crow\include\crow/http_reque
  st.h(74,14): message : Сообщение диагностики возникло в созданной компилятором фун
  кции "void crow::request::dispatch(CompletionHandler)" [C:\Users\DAB\mysite\backen
  d\build_new\crow-prefix\src\crow-build\examples\example_vs.vcxproj]
C:\Users\DAB\mysite\backend\build_new\crow-prefix\src\crow\include\crow/http_request
.h(76,13): error C2065: io_service: необъявленный идентификатор [C:\Users\DAB\mysite
\backend\build_new\crow-prefix\src\crow-build\examples\example_vs.vcxproj] [C:\Users
\DAB\mysite\backend\build_new\crow.vcxproj]
  C:\Users\DAB\mysite\backend\build_new\crow-prefix\src\crow\include\crow/http_reque
  st.h(74,14): message : Сообщение диагностики возникло в созданной компилятором фун
  кции "void crow::request::dispatch(CompletionHandler)" [C:\Users\DAB\mysite\backen
  d\build_new\crow-prefix\src\crow-build\examples\example_vs.vcxproj]
C:\Users\DAB\mysite\backend\build_new\crow-prefix\src\crow\include\crow/multipart.h(
167,84): warning C4458: объявление "part_map" скрывает член класса [C:\Users\DAB\mys
ite\backend\build_new\crow-prefix\src\crow-build\examples\example_vs.vcxproj] [C:\Us
ers\DAB\mysite\backend\build_new\crow.vcxproj]
  C:\Users\DAB\mysite\backend\build_new\crow-prefix\src\crow\include\crow/multipart.
  h(79,20): message : см. объявление "crow::multipart::message::part_map" [C:\Users\
  DAB\mysite\backend\build_new\crow-prefix\src\crow-build\examples\example_vs.vcxpro
  j]
C:\Users\DAB\mysite\backend\build_new\crow-prefix\src\crow\include\crow/multipart.h(
218,32): warning C4456: объявление "found" скрывает предыдущее локальное объявление
[C:\Users\DAB\mysite\backend\build_new\crow-prefix\src\crow-build\examples\example_v
s.vcxproj] [C:\Users\DAB\mysite\backend\build_new\crow.vcxproj]
  C:\Users\DAB\mysite\backend\build_new\crow-prefix\src\crow\include\crow/multipart.
  h(211,28): message : см. объявление "found" [C:\Users\DAB\mysite\backend\build_new
  \crow-prefix\src\crow-build\examples\example_vs.vcxproj]
C:\Users\DAB\mysite\backend\build_new\crow-prefix\src\crow\include\crow/multipart.h(
234,32): warning C4456: объявление "found" скрывает предыдущее локальное объявление
[C:\Users\DAB\mysite\backend\build_new\crow-prefix\src\crow-build\examples\example_v
s.vcxproj] [C:\Users\DAB\mysite\backend\build_new\crow.vcxproj]
  C:\Users\DAB\mysite\backend\build_new\crow-prefix\src\crow\include\crow/multipart.
  h(211,28): message : см. объявление "found" [C:\Users\DAB\mysite\backend\build_new
  \crow-prefix\src\crow-build\examples\example_vs.vcxproj]
C:\Users\DAB\mysite\backend\build_new\crow-prefix\src\crow\include\crow/routing.h(80
0,70): warning C4244: аргумент: преобразование "__int64" в "unsigned int", возможна
потеря данных [C:\Users\DAB\mysite\backend\build_new\crow-prefix\src\crow-build\exam
ples\example_vs.vcxproj] [C:\Users\DAB\mysite\backend\build_new\crow.vcxproj]
C:\Users\DAB\mysite\backend\build_new\crow-prefix\src\crow\include\crow/routing.h(82
1,70): warning C4244: аргумент: преобразование "__int64" в "unsigned int", возможна
потеря данных [C:\Users\DAB\mysite\backend\build_new\crow-prefix\src\crow-build\exam
ples\example_vs.vcxproj] [C:\Users\DAB\mysite\backend\build_new\crow.vcxproj]
C:\Users\DAB\mysite\backend\build_new\crow-prefix\src\crow\include\crow/routing.h(84
2,70): warning C4244: аргумент: преобразование "__int64" в "unsigned int", возможна
потеря данных [C:\Users\DAB\mysite\backend\build_new\crow-prefix\src\crow-build\exam
ples\example_vs.vcxproj] [C:\Users\DAB\mysite\backend\build_new\crow.vcxproj]
C:\Users\DAB\mysite\backend\build_new\crow-prefix\src\crow\include\crow/routing.h(86
4,61): warning C4267: аргумент: преобразование из "size_t" в "unsigned int"; возможн
а потеря данных [C:\Users\DAB\mysite\backend\build_new\crow-prefix\src\crow-build\ex
amples\example_vs.vcxproj] [C:\Users\DAB\mysite\backend\build_new\crow.vcxproj]
C:\Users\DAB\mysite\backend\build_new\crow-prefix\src\crow\include\crow/routing.h(88
0,61): warning C4267: аргумент: преобразование из "size_t" в "unsigned int"; возможн
а потеря данных [C:\Users\DAB\mysite\backend\build_new\crow-prefix\src\crow-build\ex
amples\example_vs.vcxproj] [C:\Users\DAB\mysite\backend\build_new\crow.vcxproj]
C:\Users\DAB\mysite\backend\build_new\crow-prefix\src\crow\include\crow/routing.h(89
5,61): warning C4267: аргумент: преобразование из "size_t" в "unsigned int"; возможн
а потеря данных [C:\Users\DAB\mysite\backend\build_new\crow-prefix\src\crow-build\ex
amples\example_vs.vcxproj] [C:\Users\DAB\mysite\backend\build_new\crow.vcxproj]
C:\Users\DAB\mysite\backend\build_new\crow-prefix\src\crow\include\crow/routing.h(94
5,53): warning C4267: +=: преобразование из "size_t" в "unsigned int"; возможна поте
ря данных [C:\Users\DAB\mysite\backend\build_new\crow-prefix\src\crow-build\examples
\example_vs.vcxproj] [C:\Users\DAB\mysite\backend\build_new\crow.vcxproj]
C:\Users\DAB\mysite\backend\build_new\crow-prefix\src\crow\include\crow/routing.h(95
6,45): warning C4267: +=: преобразование из "size_t" в "unsigned int"; возможна поте
ря данных [C:\Users\DAB\mysite\backend\build_new\crow-prefix\src\crow-build\examples
\example_vs.vcxproj] [C:\Users\DAB\mysite\backend\build_new\crow.vcxproj]
C:\Users\DAB\mysite\backend\build_new\crow-prefix\src\crow\include\crow/routing.h(10
02,36): warning C4267: +=: преобразование из "size_t" в "unsigned int"; возможна пот
еря данных [C:\Users\DAB\mysite\backend\build_new\crow-prefix\src\crow-build\example
s\example_vs.vcxproj] [C:\Users\DAB\mysite\backend\build_new\crow.vcxproj]
C:\Users\DAB\mysite\backend\build_new\crow-prefix\src\crow\include\crow/routing.h(10
05,33): warning C4267: +=: преобразование из "size_t" в "unsigned int"; возможна пот
еря данных [C:\Users\DAB\mysite\backend\build_new\crow-prefix\src\crow-build\example
s\example_vs.vcxproj] [C:\Users\DAB\mysite\backend\build_new\crow.vcxproj]
C:\Users\DAB\mysite\backend\build_new\crow-prefix\src\crow\include\crow/routing.h(12
04,101): warning C4267: аргумент: преобразование из "size_t" в "unsigned int"; возмо
жна потеря данных [C:\Users\DAB\mysite\backend\build_new\crow-prefix\src\crow-build\
examples\example_vs.vcxproj] [C:\Users\DAB\mysite\backend\build_new\crow.vcxproj]
C:\Users\DAB\mysite\backend\build_new\crow-prefix\src\crow\include\crow/routing.h(12
04,87): warning C4267: аргумент: преобразование из "size_t" в "uint16_t"; возможна п
отеря данных [C:\Users\DAB\mysite\backend\build_new\crow-prefix\src\crow-build\examp
les\example_vs.vcxproj] [C:\Users\DAB\mysite\backend\build_new\crow.vcxproj]
C:\Users\DAB\mysite\backend\build_new\crow-prefix\src\crow\include\crow/routing.h(12
10,118): warning C4267: аргумент: преобразование из "size_t" в "unsigned int"; возмо
жна потеря данных [C:\Users\DAB\mysite\backend\build_new\crow-prefix\src\crow-build\
examples\example_vs.vcxproj] [C:\Users\DAB\mysite\backend\build_new\crow.vcxproj]
C:\Users\DAB\mysite\backend\build_new\crow-prefix\src\crow\include\crow/routing.h(12
58,29): warning C4456: объявление "i" скрывает предыдущее локальное объявление [C:\U
sers\DAB\mysite\backend\build_new\crow-prefix\src\crow-build\examples\example_vs.vcx
proj] [C:\Users\DAB\mysite\backend\build_new\crow.vcxproj]
  C:\Users\DAB\mysite\backend\build_new\crow-prefix\src\crow\include\crow/routing.h(
  1249,27): message : см. объявление "i" [C:\Users\DAB\mysite\backend\build_new\crow
  -prefix\src\crow-build\examples\example_vs.vcxproj]
C:\Users\DAB\mysite\backend\build_new\crow-prefix\src\crow\include\crow/routing.h(12
59,104): warning C4244: аргумент: преобразование "int" в "uint16_t", возможна потеря
 данных [C:\Users\DAB\mysite\backend\build_new\crow-prefix\src\crow-build\examples\e
xample_vs.vcxproj] [C:\Users\DAB\mysite\backend\build_new\crow.vcxproj]
C:\Users\DAB\mysite\backend\build_new\crow-prefix\src\crow\include\crow/routing.h(12
59,100): warning C4267: аргумент: преобразование из "size_t" в "unsigned int"; возмо
жна потеря данных [C:\Users\DAB\mysite\backend\build_new\crow-prefix\src\crow-build\
examples\example_vs.vcxproj] [C:\Users\DAB\mysite\backend\build_new\crow.vcxproj]
C:\Users\DAB\mysite\backend\build_new\crow-prefix\src\crow\include\crow/routing.h(12
70,76): warning C4244: аргумент: преобразование "unsigned int" в "const uint16_t", в
озможна потеря данных [C:\Users\DAB\mysite\backend\build_new\crow-prefix\src\crow-bu
ild\examples\example_vs.vcxproj] [C:\Users\DAB\mysite\backend\build_new\crow.vcxproj
]
C:\Users\DAB\mysite\backend\build_new\crow-prefix\src\crow\include\crow/routing.h(14
20,24): warning C4267: инициализация: преобразование из "size_t" в "int"; возможна п
отеря данных [C:\Users\DAB\mysite\backend\build_new\crow-prefix\src\crow-build\examp
les\example_vs.vcxproj] [C:\Users\DAB\mysite\backend\build_new\crow.vcxproj]
C:\Users\DAB\mysite\backend\build_new\crow-prefix\src\crow\include\crow/routing.h(15
11,28): warning C4456: объявление "per_method" скрывает предыдущее локальное объявле
ние [C:\Users\DAB\mysite\backend\build_new\crow-prefix\src\crow-build\examples\examp
le_vs.vcxproj] [C:\Users\DAB\mysite\backend\build_new\crow.vcxproj]
  C:\Users\DAB\mysite\backend\build_new\crow-prefix\src\crow\include\crow/routing.h(
  1501,19): message : см. объявление "per_method" [C:\Users\DAB\mysite\backend\build
  _new\crow-prefix\src\crow-build\examples\example_vs.vcxproj]
C:\Users\DAB\mysite\backend\build_new\crow-prefix\src\crow\include\crow/routing.h(15
53,13): warning C4530: Использован обработчик исключений C++, но семантика уничтожен
ия объектов не включена. Задайте параметр /EHsc [C:\Users\DAB\mysite\backend\build_n
ew\crow-prefix\src\crow-build\examples\example_vs.vcxproj] [C:\Users\DAB\mysite\back
end\build_new\crow.vcxproj]
C:\Users\DAB\mysite\backend\build_new\crow-prefix\src\crow\include\crow/http_connect
ion.h(40,24): error C2039: "io_service": не является членом "boost::asio". [C:\Users
\DAB\mysite\backend\build_new\crow-prefix\src\crow-build\examples\example_vs.vcxproj
] [C:\Users\DAB\mysite\backend\build_new\crow.vcxproj]
  C:\Users\DAB\Desktop\vcpkg\installed\x64-windows\include\boost/asio/impl/write_at.
  hpp(35,11): message : см. объявление "boost::asio" [C:\Users\DAB\mysite\backend\bu
  ild_new\crow-prefix\src\crow-build\examples\example_vs.vcxproj]
  C:\Users\DAB\mysite\backend\build_new\crow-prefix\src\crow\include\crow/http_conne
  ction.h(626,6): message : выполняется компиляция ссылки на экземпляр класс шаблон
  функции "crow::Connection<Adaptor,Handler,Middlewares...>" [C:\Users\DAB\mysite\ba
  ckend\build_new\crow-prefix\src\crow-build\examples\example_vs.vcxproj]
C:\Users\DAB\mysite\backend\build_new\crow-prefix\src\crow\include\crow/http_connect
ion.h(40,24): error C2061: синтаксическая ошибка: идентификатор "io_service" [C:\Use
rs\DAB\mysite\backend\build_new\crow-prefix\src\crow-build\examples\example_vs.vcxpr
oj] [C:\Users\DAB\mysite\backend\build_new\crow.vcxproj]
C:\Users\DAB\mysite\backend\build_new\crow-prefix\src\crow\include\crow/http_connect
ion.h(48,20): error C3861: io_service: идентификатор не найден [C:\Users\DAB\mysite\
backend\build_new\crow-prefix\src\crow-build\examples\example_vs.vcxproj] [C:\Users\
DAB\mysite\backend\build_new\crow.vcxproj]
C:\Users\DAB\mysite\backend\build_new\crow-prefix\src\crow\include\crow/http_connect
ion.h(48,32): error C3861: adaptor_ctx_: идентификатор не найден [C:\Users\DAB\mysit
e\backend\build_new\crow-prefix\src\crow-build\examples\example_vs.vcxproj] [C:\User
s\DAB\mysite\backend\build_new\crow.vcxproj]
C:\Users\DAB\mysite\backend\build_new\crow-prefix\src\crow\include\crow/http_connect
ion.h(49,20): error C3861: handler: идентификатор не найден [C:\Users\DAB\mysite\bac
kend\build_new\crow-prefix\src\crow-build\examples\example_vs.vcxproj] [C:\Users\DAB
\mysite\backend\build_new\crow.vcxproj]
C:\Users\DAB\mysite\backend\build_new\crow-prefix\src\crow\include\crow/http_connect
ion.h(51,24): error C3861: server_name: идентификатор не найден [C:\Users\DAB\mysite
\backend\build_new\crow-prefix\src\crow-build\examples\example_vs.vcxproj] [C:\Users
\DAB\mysite\backend\build_new\crow.vcxproj]
C:\Users\DAB\mysite\backend\build_new\crow-prefix\src\crow\include\crow/http_connect
ion.h(52,24): error C3861: middlewares: идентификатор не найден [C:\Users\DAB\mysite
\backend\build_new\crow-prefix\src\crow-build\examples\example_vs.vcxproj] [C:\Users
\DAB\mysite\backend\build_new\crow.vcxproj]
C:\Users\DAB\mysite\backend\build_new\crow-prefix\src\crow\include\crow/http_connect
ion.h(53,31): error C3861: get_cached_date_str_f: идентификатор не найден [C:\Users\
DAB\mysite\backend\build_new\crow-prefix\src\crow-build\examples\example_vs.vcxproj]
 [C:\Users\DAB\mysite\backend\build_new\crow.vcxproj]
C:\Users\DAB\mysite\backend\build_new\crow-prefix\src\crow\include\crow/http_connect
ion.h(54,23): error C3861: task_timer: идентификатор не найден [C:\Users\DAB\mysite\
backend\build_new\crow-prefix\src\crow-build\examples\example_vs.vcxproj] [C:\Users\
DAB\mysite\backend\build_new\crow.vcxproj]
C:\Users\DAB\mysite\backend\build_new\crow-prefix\src\crow\include\crow/http_connect
ion.h(55,33): error C3861: handler: идентификатор не найден [C:\Users\DAB\mysite\bac
kend\build_new\crow-prefix\src\crow-build\examples\example_vs.vcxproj] [C:\Users\DAB
\mysite\backend\build_new\crow.vcxproj]
C:\Users\DAB\mysite\backend\build_new\crow-prefix\src\crow\include\crow/http_connect
ion.h(56,25): error C3861: queue_length: идентификатор не найден [C:\Users\DAB\mysit
e\backend\build_new\crow-prefix\src\crow-build\examples\example_vs.vcxproj] [C:\User
s\DAB\mysite\backend\build_new\crow.vcxproj]
C:\Users\DAB\mysite\backend\build_new\crow-prefix\src\crow\include\crow/http_connect
ion.h(48,20): error C2065: io_service: необъявленный идентификатор [C:\Users\DAB\mys
ite\backend\build_new\crow-prefix\src\crow-build\examples\example_vs.vcxproj] [C:\Us
ers\DAB\mysite\backend\build_new\crow.vcxproj]
C:\Users\DAB\mysite\backend\build_new\crow-prefix\src\crow\include\crow/http_connect
ion.h(48,32): error C2065: adaptor_ctx_: необъявленный идентификатор [C:\Users\DAB\m
ysite\backend\build_new\crow-prefix\src\crow-build\examples\example_vs.vcxproj] [C:\
Users\DAB\mysite\backend\build_new\crow.vcxproj]
C:\Users\DAB\mysite\backend\build_new\crow-prefix\src\crow\include\crow/http_connect
ion.h(49,20): error C2065: handler: необъявленный идентификатор [C:\Users\DAB\mysite
\backend\build_new\crow-prefix\src\crow-build\examples\example_vs.vcxproj] [C:\Users
\DAB\mysite\backend\build_new\crow.vcxproj]
C:\Users\DAB\mysite\backend\build_new\crow-prefix\src\crow\include\crow/http_connect
ion.h(51,24): error C2065: server_name: необъявленный идентификатор [C:\Users\DAB\my
site\backend\build_new\crow-prefix\src\crow-build\examples\example_vs.vcxproj] [C:\U
sers\DAB\mysite\backend\build_new\crow.vcxproj]
C:\Users\DAB\mysite\backend\build_new\crow-prefix\src\crow\include\crow/http_connect
ion.h(52,24): error C2065: middlewares: необъявленный идентификатор [C:\Users\DAB\my
site\backend\build_new\crow-prefix\src\crow-build\examples\example_vs.vcxproj] [C:\U
sers\DAB\mysite\backend\build_new\crow.vcxproj]
C:\Users\DAB\mysite\backend\build_new\crow-prefix\src\crow\include\crow/http_connect
ion.h(53,31): error C2065: get_cached_date_str_f: необъявленный идентификатор [C:\Us
ers\DAB\mysite\backend\build_new\crow-prefix\src\crow-build\examples\example_vs.vcxp
roj] [C:\Users\DAB\mysite\backend\build_new\crow.vcxproj]
C:\Users\DAB\mysite\backend\build_new\crow-prefix\src\crow\include\crow/http_connect
ion.h(54,23): error C2065: task_timer: необъявленный идентификатор [C:\Users\DAB\mys
ite\backend\build_new\crow-prefix\src\crow-build\examples\example_vs.vcxproj] [C:\Us
ers\DAB\mysite\backend\build_new\crow.vcxproj]
C:\Users\DAB\mysite\backend\build_new\crow-prefix\src\crow\include\crow/http_connect
ion.h(55,33): error C2065: handler: необъявленный идентификатор [C:\Users\DAB\mysite
\backend\build_new\crow-prefix\src\crow-build\examples\example_vs.vcxproj] [C:\Users
\DAB\mysite\backend\build_new\crow.vcxproj]
C:\Users\DAB\mysite\backend\build_new\crow-prefix\src\crow\include\crow/http_connect
ion.h(56,25): error C2065: queue_length: необъявленный идентификатор [C:\Users\DAB\m
ysite\backend\build_new\crow-prefix\src\crow-build\examples\example_vs.vcxproj] [C:\
Users\DAB\mysite\backend\build_new\crow.vcxproj]
C:\Users\DAB\mysite\backend\build_new\crow-prefix\src\crow\include\crow/http_server.
h(226,15): error C2039: "io_service": не является членом "boost::asio". [C:\Users\DA
B\mysite\backend\build_new\crow-prefix\src\crow-build\examples\example_vs.vcxproj] [
C:\Users\DAB\mysite\backend\build_new\crow.vcxproj]
  C:\Users\DAB\Desktop\vcpkg\installed\x64-windows\include\boost/asio/impl/write_at.
  hpp(35,11): message : см. объявление "boost::asio" [C:\Users\DAB\mysite\backend\bu
  ild_new\crow-prefix\src\crow-build\examples\example_vs.vcxproj]
  C:\Users\DAB\mysite\backend\build_new\crow-prefix\src\crow\include\crow/http_serve
  r.h(248,6): message : выполняется компиляция ссылки на экземпляр класс шаблон функ
  ции "crow::Server<Handler,Adaptor,Middlewares...>" [C:\Users\DAB\mysite\backend\bu
  ild_new\crow-prefix\src\crow-build\examples\example_vs.vcxproj]
C:\Users\DAB\mysite\backend\build_new\crow-prefix\src\crow\include\crow/http_server.
h(226,26): error C3646: io_service_: неизвестный спецификатор переопределения [C:\Us
ers\DAB\mysite\backend\build_new\crow-prefix\src\crow-build\examples\example_vs.vcxp
roj] [C:\Users\DAB\mysite\backend\build_new\crow.vcxproj]
C:\Users\DAB\mysite\backend\build_new\crow-prefix\src\crow\include\crow/http_server.
h(226,1): error C4430: отсутствует спецификатор типа - предполагается int. Примечани
е. C++ не поддерживает int по умолчанию [C:\Users\DAB\mysite\backend\build_new\crow-
prefix\src\crow-build\examples\example_vs.vcxproj] [C:\Users\DAB\mysite\backend\buil
d_new\crow.vcxproj]
C:\Users\DAB\mysite\backend\build_new\crow-prefix\src\crow\include\crow/http_server.
h(227,43): error C2039: "io_service": не является членом "boost::asio". [C:\Users\DA
B\mysite\backend\build_new\crow-prefix\src\crow-build\examples\example_vs.vcxproj] [
C:\Users\DAB\mysite\backend\build_new\crow.vcxproj]
  C:\Users\DAB\Desktop\vcpkg\installed\x64-windows\include\boost/asio/impl/write_at.
  hpp(35,11): message : см. объявление "boost::asio" [C:\Users\DAB\mysite\backend\bu
  ild_new\crow-prefix\src\crow-build\examples\example_vs.vcxproj]
C:\Users\DAB\mysite\backend\build_new\crow-prefix\src\crow\include\crow/http_server.
h(227,43): error C2065: io_service: необъявленный идентификатор [C:\Users\DAB\mysite
\backend\build_new\crow-prefix\src\crow-build\examples\example_vs.vcxproj] [C:\Users
\DAB\mysite\backend\build_new\crow.vcxproj]
C:\Users\DAB\mysite\backend\build_new\crow-prefix\src\crow\include\crow/http_server.
h(227,26): error C2923: std::unique_ptr: "io_service" не является допустимым аргумен
том типа шаблон для параметра "_Ty" [C:\Users\DAB\mysite\backend\build_new\crow-pref
ix\src\crow-build\examples\example_vs.vcxproj] [C:\Users\DAB\mysite\backend\build_ne
w\crow.vcxproj]
  C:\Users\DAB\mysite\backend\build_new\crow-prefix\src\crow\include\crow/http_serve
  r.h(227,43): message : см. объявление "io_service" [C:\Users\DAB\mysite\backend\bu
  ild_new\crow-prefix\src\crow-build\examples\example_vs.vcxproj]
C:\Users\DAB\mysite\backend\build_new\crow-prefix\src\crow\include\crow/http_server.
h(227,26): error C2976: std::unique_ptr: слишком мало аргументов шаблон [C:\Users\DA
B\mysite\backend\build_new\crow-prefix\src\crow-build\examples\example_vs.vcxproj] [
C:\Users\DAB\mysite\backend\build_new\crow.vcxproj]
  C:\Program Files\Microsoft Visual Studio\2022\Community\VC\Tools\MSVC\14.37.32822\
  include\memory(3213,1): message : см. объявление "std::unique_ptr" [C:\Users\DAB\m
  ysite\backend\build_new\crow-prefix\src\crow-build\examples\example_vs.vcxproj]
C:\Users\DAB\mysite\backend\build_new\crow-prefix\src\crow\include\crow/http_server.
h(227,26): error C3203: "unique_ptr": неспециализированный класс шаблон нельзя испол
ьзовать в качестве аргумента шаблон для параметра шаблон "_Ty", требуется действител
ьный тип [C:\Users\DAB\mysite\backend\build_new\crow-prefix\src\crow-build\examples\
example_vs.vcxproj] [C:\Users\DAB\mysite\backend\build_new\crow.vcxproj]
C:\Users\DAB\mysite\backend\build_new\crow-prefix\src\crow\include\crow/http_server.
h(30,21): error C3861: io_service_: идентификатор не найден [C:\Users\DAB\mysite\bac
kend\build_new\crow-prefix\src\crow-build\examples\example_vs.vcxproj] [C:\Users\DAB
\mysite\backend\build_new\crow.vcxproj]
C:\Users\DAB\mysite\backend\build_new\crow-prefix\src\crow\include\crow/http_server.
h(31,20): error C3861: io_service_: идентификатор не найден [C:\Users\DAB\mysite\bac
kend\build_new\crow-prefix\src\crow-build\examples\example_vs.vcxproj] [C:\Users\DAB
\mysite\backend\build_new\crow.vcxproj]
C:\Users\DAB\mysite\backend\build_new\crow-prefix\src\crow\include\crow/http_server.
h(32,23): error C3861: io_service_: идентификатор не найден [C:\Users\DAB\mysite\bac
kend\build_new\crow-prefix\src\crow-build\examples\example_vs.vcxproj] [C:\Users\DAB
\mysite\backend\build_new\crow.vcxproj]
C:\Users\DAB\mysite\backend\build_new\crow-prefix\src\crow\include\crow/http_server.
h(30,21): error C2065: io_service_: необъявленный идентификатор [C:\Users\DAB\mysite
\backend\build_new\crow-prefix\src\crow-build\examples\example_vs.vcxproj] [C:\Users
\DAB\mysite\backend\build_new\crow.vcxproj]
C:\Users\DAB\mysite\backend\build_new\crow-prefix\src\crow\include\crow/http_server.
h(31,20): error C2065: io_service_: необъявленный идентификатор [C:\Users\DAB\mysite
\backend\build_new\crow-prefix\src\crow-build\examples\example_vs.vcxproj] [C:\Users
\DAB\mysite\backend\build_new\crow.vcxproj]
C:\Users\DAB\mysite\backend\build_new\crow-prefix\src\crow\include\crow/http_server.
h(32,23): error C2065: io_service_: необъявленный идентификатор [C:\Users\DAB\mysite
\backend\build_new\crow-prefix\src\crow-build\examples\example_vs.vcxproj] [C:\Users
\DAB\mysite\backend\build_new\crow.vcxproj]
C:\Users\DAB\mysite\backend\build_new\crow-prefix\src\crow\include\crow/http_server.
h(65,51): error C2187: синтаксическая ошибка: непредвиденный здесь элемент "boost" [
C:\Users\DAB\mysite\backend\build_new\crow-prefix\src\crow-build\examples\example_vs
.vcxproj] [C:\Users\DAB\mysite\backend\build_new\crow.vcxproj]
C:\Users\DAB\mysite\backend\build_new\crow-prefix\src\crow\include\crow/http_server.
h(65,74): error C3878: синтаксическая ошибка: непредвиденный маркер "(" после "expre
ssion" [C:\Users\DAB\mysite\backend\build_new\crow-prefix\src\crow-build\examples\ex
ample_vs.vcxproj] [C:\Users\DAB\mysite\backend\build_new\crow.vcxproj]
  C:\Users\DAB\mysite\backend\build_new\crow-prefix\src\crow\include\crow/http_serve
  r.h(65,74): message : пропущено восстановление ошибки: "(" [C:\Users\DAB\mysite\ba
  ckend\build_new\crow-prefix\src\crow-build\examples\example_vs.vcxproj]
C:\Users\DAB\mysite\backend\build_new\crow-prefix\src\crow\include\crow/http_server.
h(65,75): error C2760: синтаксическая ошибка: непредвиденный элемент ")". Ожидается
";" [C:\Users\DAB\mysite\backend\build_new\crow-prefix\src\crow-build\examples\examp
le_vs.vcxproj] [C:\Users\DAB\mysite\backend\build_new\crow.vcxproj]
C:\Users\DAB\mysite\backend\build_new\crow-prefix\src\crow\include\crow/http_server.
h(65,75): error C3878: синтаксическая ошибка: непредвиденный маркер ")" после "expre
ssion_statement" [C:\Users\DAB\mysite\backend\build_new\crow-prefix\src\crow-build\e
xamples\example_vs.vcxproj] [C:\Users\DAB\mysite\backend\build_new\crow.vcxproj]
  C:\Users\DAB\mysite\backend\build_new\crow-prefix\src\crow\include\crow/http_serve
  r.h(65,75): message : пропущено восстановление ошибки: ") )" [C:\Users\DAB\mysite\
  backend\build_new\crow-prefix\src\crow-build\examples\example_vs.vcxproj]
C:\Users\DAB\mysite\backend\build_new\crow-prefix\src\crow\include\crow/http_server.
h(156,19): error C2065: io_service_: необъявленный идентификатор [C:\Users\DAB\mysit
e\backend\build_new\crow-prefix\src\crow-build\examples\example_vs.vcxproj] [C:\User
s\DAB\mysite\backend\build_new\crow.vcxproj]
C:\Users\DAB\mysite\backend\build_new\crow-prefix\src\crow\include\crow/http_server.
h(164,13): error C3861: io_service_: идентификатор не найден [C:\Users\DAB\mysite\ba
ckend\build_new\crow-prefix\src\crow-build\examples\example_vs.vcxproj] [C:\Users\DA
B\mysite\backend\build_new\crow.vcxproj]
C:\Users\DAB\mysite\backend\build_new\crow-prefix\src\crow\include\crow/http_server.
h(164,13): error C2065: io_service_: необъявленный идентификатор [C:\Users\DAB\mysit
e\backend\build_new\crow-prefix\src\crow-build\examples\example_vs.vcxproj] [C:\User
s\DAB\mysite\backend\build_new\crow.vcxproj]
C:\Users\DAB\mysite\backend\build_new\crow-prefix\src\crow\include\crow/http_server.
h(197,19): error C2039: "io_service": не является членом "boost::asio". [C:\Users\DA
B\mysite\backend\build_new\crow-prefix\src\crow-build\examples\example_vs.vcxproj] [
C:\Users\DAB\mysite\backend\build_new\crow.vcxproj]
  C:\Users\DAB\Desktop\vcpkg\installed\x64-windows\include\boost/asio/impl/write_at.
  hpp(35,11): message : см. объявление "boost::asio" [C:\Users\DAB\mysite\backend\bu
  ild_new\crow-prefix\src\crow-build\examples\example_vs.vcxproj]
C:\Users\DAB\mysite\backend\build_new\crow-prefix\src\crow\include\crow/http_server.
h(197,31): error C3861: is: идентификатор не найден [C:\Users\DAB\mysite\backend\bui
ld_new\crow-prefix\src\crow-build\examples\example_vs.vcxproj] [C:\Users\DAB\mysite\
backend\build_new\crow.vcxproj]
C:\Users\DAB\mysite\backend\build_new\crow-prefix\src\crow\include\crow/http_server.
h(199,32): error C2065: is: необъявленный идентификатор [C:\Users\DAB\mysite\backend
\build_new\crow-prefix\src\crow-build\examples\example_vs.vcxproj] [C:\Users\DAB\mys
ite\backend\build_new\crow.vcxproj]
C:\Users\DAB\mysite\backend\build_new\crow-prefix\src\crow\include\crow/http_server.
h(199,32): error C3861: is: идентификатор не найден [C:\Users\DAB\mysite\backend\bui
ld_new\crow-prefix\src\crow-build\examples\example_vs.vcxproj] [C:\Users\DAB\mysite\
backend\build_new\crow.vcxproj]
C:\Users\DAB\mysite\backend\build_new\crow-prefix\src\crow\include\crow/http_server.
h(202,15): error C3861: is: идентификатор не найден [C:\Users\DAB\mysite\backend\bui
ld_new\crow-prefix\src\crow-build\examples\example_vs.vcxproj] [C:\Users\DAB\mysite\
backend\build_new\crow.vcxproj]
C:\Users\DAB\mysite\backend\build_new\crow-prefix\src\crow\include\crow/http_server.
h(207,26): error C3861: is: идентификатор не найден [C:\Users\DAB\mysite\backend\bui
ld_new\crow-prefix\src\crow-build\examples\example_vs.vcxproj] [C:\Users\DAB\mysite\
backend\build_new\crow.vcxproj]
C:\Users\DAB\mysite\backend\build_new\crow-prefix\src\crow\include\crow/http_server.
h(210,23): error C3861: is: идентификатор не найден [C:\Users\DAB\mysite\backend\bui
ld_new\crow-prefix\src\crow-build\examples\example_vs.vcxproj] [C:\Users\DAB\mysite\
backend\build_new\crow.vcxproj]
C:\Users\DAB\mysite\backend\build_new\crow-prefix\src\crow\include\crow/http_server.
h(218,42): error C2065: is: необъявленный идентификатор [C:\Users\DAB\mysite\backend
\build_new\crow-prefix\src\crow-build\examples\example_vs.vcxproj] [C:\Users\DAB\mys
ite\backend\build_new\crow.vcxproj]
C:\Users\DAB\mysite\backend\build_new\crow-prefix\src\crow\include\crow/http_server.
h(218,42): error C3861: is: идентификатор не найден [C:\Users\DAB\mysite\backend\bui
ld_new\crow-prefix\src\crow-build\examples\example_vs.vcxproj] [C:\Users\DAB\mysite\
backend\build_new\crow.vcxproj]
C:\Users\DAB\mysite\backend\build_new\crow-prefix\src\crow\include\crow/http_server.
h(197,31): error C2065: is: необъявленный идентификатор [C:\Users\DAB\mysite\backend
\build_new\crow-prefix\src\crow-build\examples\example_vs.vcxproj] [C:\Users\DAB\mys
ite\backend\build_new\crow.vcxproj]
C:\Users\DAB\mysite\backend\build_new\crow-prefix\src\crow\include\crow/http_server.
h(202,15): error C2065: is: необъявленный идентификатор [C:\Users\DAB\mysite\backend
\build_new\crow-prefix\src\crow-build\examples\example_vs.vcxproj] [C:\Users\DAB\mys
ite\backend\build_new\crow.vcxproj]
C:\Users\DAB\mysite\backend\build_new\crow-prefix\src\crow\include\crow/http_server.
h(210,23): error C2065: is: необъявленный идентификатор [C:\Users\DAB\mysite\backend
\build_new\crow-prefix\src\crow-build\examples\example_vs.vcxproj] [C:\Users\DAB\mys
ite\backend\build_new\crow.vcxproj]
    Building Custom Rule C:/Users/DAB/mysite/backend/build_new/crow-prefix/src/crow/
  examples/CMakeLists.txt
    example_ws.cpp
C:\Users\DAB\mysite\backend\build_new\crow-prefix\src\crow\include\crow/query_string
.h(117,20): warning C4267: =: преобразование из "size_t" в "int"; возможна потеря да
нных [C:\Users\DAB\mysite\backend\build_new\crow-prefix\src\crow-build\examples\exam
ple_websocket.vcxproj] [C:\Users\DAB\mysite\backend\build_new\crow.vcxproj]
C:\Users\DAB\mysite\backend\build_new\crow-prefix\src\crow\include\crow/query_string
.h(370,92): warning C4267: аргумент: преобразование из "size_t" в "int"; возможна по
теря данных [C:\Users\DAB\mysite\backend\build_new\crow-prefix\src\crow-build\exampl
es\example_websocket.vcxproj] [C:\Users\DAB\mysite\backend\build_new\crow.vcxproj]
C:\Users\DAB\mysite\backend\build_new\crow-prefix\src\crow\include\crow/query_string
.h(406,94): warning C4267: аргумент: преобразование из "size_t" в "int"; возможна по
теря данных [C:\Users\DAB\mysite\backend\build_new\crow-prefix\src\crow-build\exampl
es\example_websocket.vcxproj] [C:\Users\DAB\mysite\backend\build_new\crow.vcxproj]
C:\Users\DAB\mysite\backend\build_new\crow-prefix\src\crow\include\crow/query_string
.h(445,112): warning C4267: аргумент: преобразование из "size_t" в "int"; возможна п
отеря данных [C:\Users\DAB\mysite\backend\build_new\crow-prefix\src\crow-build\examp
les\example_websocket.vcxproj] [C:\Users\DAB\mysite\backend\build_new\crow.vcxproj]
C:\Users\DAB\mysite\backend\build_new\crow-prefix\src\crow\include\crow/utility.h(67
2,39): warning C4267: инициализация: преобразование из "size_t" в "unsigned int"; во
зможна потеря данных [C:\Users\DAB\mysite\backend\build_new\crow-prefix\src\crow-bui
ld\examples\example_websocket.vcxproj] [C:\Users\DAB\mysite\backend\build_new\crow.v
cxproj]
C:\Users\DAB\mysite\backend\build_new\crow-prefix\src\crow\include\crow/http_parser_
merged.h(589,32): warning C4244: =: преобразование "__int64" в "unsigned long", возм
ожна потеря данных [C:\Users\DAB\mysite\backend\build_new\crow-prefix\src\crow-build
\examples\example_websocket.vcxproj] [C:\Users\DAB\mysite\backend\build_new\crow.vcx
proj]
C:\Users\DAB\mysite\backend\build_new\crow-prefix\src\crow\include\crow/http_parser_
merged.h(609,32): warning C4244: =: преобразование "__int64" в "unsigned long", возм
ожна потеря данных [C:\Users\DAB\mysite\backend\build_new\crow-prefix\src\crow-build
\examples\example_websocket.vcxproj] [C:\Users\DAB\mysite\backend\build_new\crow.vcx
proj]
    Please define _WIN32_WINNT or _WIN32_WINDOWS appropriately. For example:
    - add -D_WIN32_WINNT=0x0601 to the compiler command line; or
    - add _WIN32_WINNT=0x0601 to your project's Preprocessor Definitions.
    Assuming _WIN32_WINNT=0x0601 (i.e. Windows 7 target).
C:\Users\DAB\mysite\backend\build_new\crow-prefix\src\crow\include\crow/socket_adapt
ors.h(21,36): error C2039: "io_service": не является членом "boost::asio". [C:\Users
\DAB\mysite\backend\build_new\crow-prefix\src\crow-build\examples\example_websocket.
vcxproj] [C:\Users\DAB\mysite\backend\build_new\crow.vcxproj]
  C:\Users\DAB\Desktop\vcpkg\installed\x64-windows\include\boost/asio/impl/write_at.
  hpp(35,11): message : см. объявление "boost::asio" [C:\Users\DAB\mysite\backend\bu
  ild_new\crow-prefix\src\crow-build\examples\example_websocket.vcxproj]
C:\Users\DAB\mysite\backend\build_new\crow-prefix\src\crow\include\crow/socket_adapt
ors.h(21,36): error C2061: синтаксическая ошибка: идентификатор "io_service" [C:\Use
rs\DAB\mysite\backend\build_new\crow-prefix\src\crow-build\examples\example_websocke
t.vcxproj] [C:\Users\DAB\mysite\backend\build_new\crow.vcxproj]
C:\Users\DAB\mysite\backend\build_new\crow-prefix\src\crow\include\crow/socket_adapt
ors.h(25,22): error C2039: "io_service": не является членом "boost::asio". [C:\Users
\DAB\mysite\backend\build_new\crow-prefix\src\crow-build\examples\example_websocket.
vcxproj] [C:\Users\DAB\mysite\backend\build_new\crow.vcxproj]
  C:\Users\DAB\Desktop\vcpkg\installed\x64-windows\include\boost/asio/impl/write_at.
  hpp(35,11): message : см. объявление "boost::asio" [C:\Users\DAB\mysite\backend\bu
  ild_new\crow-prefix\src\crow-build\examples\example_websocket.vcxproj]
C:\Users\DAB\mysite\backend\build_new\crow-prefix\src\crow\include\crow/socket_adapt
ors.h(25,32): error C2143: синтаксическая ошибка: отсутствие ";" перед "&" [C:\Users
\DAB\mysite\backend\build_new\crow-prefix\src\crow-build\examples\example_websocket.
vcxproj] [C:\Users\DAB\mysite\backend\build_new\crow.vcxproj]
C:\Users\DAB\mysite\backend\build_new\crow-prefix\src\crow\include\crow/socket_adapt
ors.h(25,32): error C4430: отсутствует спецификатор типа - предполагается int. Приме
чание. C++ не поддерживает int по умолчанию [C:\Users\DAB\mysite\backend\build_new\c
row-prefix\src\crow-build\examples\example_websocket.vcxproj] [C:\Users\DAB\mysite\b
ackend\build_new\crow.vcxproj]
C:\Users\DAB\mysite\backend\build_new\crow-prefix\src\crow\include\crow/socket_adapt
ors.h(26,9): error C2334: непредвиденные лексемы перед "{"; пропуск вероятного тела
функции [C:\Users\DAB\mysite\backend\build_new\crow-prefix\src\crow-build\examples\e
xample_websocket.vcxproj] [C:\Users\DAB\mysite\backend\build_new\crow.vcxproj]
C:\Users\DAB\mysite\backend\build_new\crow-prefix\src\crow\include\crow/socket_adapt
ors.h(22,19): error C2065: io_service: необъявленный идентификатор [C:\Users\DAB\mys
ite\backend\build_new\crow-prefix\src\crow-build\examples\example_websocket.vcxproj]
 [C:\Users\DAB\mysite\backend\build_new\crow.vcxproj]
C:\Users\DAB\mysite\backend\build_new\crow-prefix\src\crow\include\crow/json.h(63,42
): warning C4244: аргумент: преобразование "int" в "_Elem", возможна потеря данных [
C:\Users\DAB\mysite\backend\build_new\crow-prefix\src\crow-build\examples\example_we
bsocket.vcxproj] [C:\Users\DAB\mysite\backend\build_new\crow.vcxproj]
            with
            [
                _Elem=char
            ]
C:\Users\DAB\mysite\backend\build_new\crow-prefix\src\crow\include\crow/json.h(64,42
): warning C4244: аргумент: преобразование "int" в "_Elem", возможна потеря данных [
C:\Users\DAB\mysite\backend\build_new\crow-prefix\src\crow-build\examples\example_we
bsocket.vcxproj] [C:\Users\DAB\mysite\backend\build_new\crow.vcxproj]
            with
            [
                _Elem=char
            ]
C:\Users\DAB\mysite\backend\build_new\crow-prefix\src\crow\include\crow/json.h(461,5
6): warning C4244: =: преобразование "unsigned int" в "char", возможна потеря данных
 [C:\Users\DAB\mysite\backend\build_new\crow-prefix\src\crow-build\examples\example_
websocket.vcxproj] [C:\Users\DAB\mysite\backend\build_new\crow.vcxproj]
C:\Users\DAB\mysite\backend\build_new\crow-prefix\src\crow\include\crow/json.h(467,5
6): warning C4244: =: преобразование "unsigned int" в "char", возможна потеря данных
 [C:\Users\DAB\mysite\backend\build_new\crow-prefix\src\crow-build\examples\example_
websocket.vcxproj] [C:\Users\DAB\mysite\backend\build_new\crow.vcxproj]
C:\Users\DAB\mysite\backend\build_new\crow-prefix\src\crow\include\crow/json.h(472,5
1): warning C4244: =: преобразование "unsigned int" в "char", возможна потеря данных
 [C:\Users\DAB\mysite\backend\build_new\crow-prefix\src\crow-build\examples\example_
websocket.vcxproj] [C:\Users\DAB\mysite\backend\build_new\crow.vcxproj]
C:\Users\DAB\mysite\backend\build_new\crow-prefix\src\crow\include\crow/json.h(681,4
1): warning C4244: =: преобразование "uint32_t" в "uint16_t", возможна потеря данных
 [C:\Users\DAB\mysite\backend\build_new\crow-prefix\src\crow-build\examples\example_
websocket.vcxproj] [C:\Users\DAB\mysite\backend\build_new\crow.vcxproj]
C:\Users\DAB\mysite\backend\build_new\crow-prefix\src\crow\include\crow/json.h(1211,
35): warning C4267: аргумент: преобразование из "size_t" в "uint32_t"; возможна поте
ря данных [C:\Users\DAB\mysite\backend\build_new\crow-prefix\src\crow-build\examples
\example_websocket.vcxproj] [C:\Users\DAB\mysite\backend\build_new\crow.vcxproj]
C:\Users\DAB\mysite\backend\build_new\crow-prefix\src\crow\include\crow/json.h(1671,
32): warning C4267: return: преобразование из "size_t" в "int"; возможна потеря данн
ых [C:\Users\DAB\mysite\backend\build_new\crow-prefix\src\crow-build\examples\exampl
e_websocket.vcxproj] [C:\Users\DAB\mysite\backend\build_new\crow.vcxproj]
C:\Users\DAB\mysite\backend\build_new\crow-prefix\src\crow\include\crow/json.h(1792,
52): warning C4458: объявление "o" скрывает член класса [C:\Users\DAB\mysite\backend
\build_new\crow-prefix\src\crow-build\examples\example_websocket.vcxproj] [C:\Users\
DAB\mysite\backend\build_new\crow.vcxproj]
  C:\Users\DAB\mysite\backend\build_new\crow-prefix\src\crow\include\crow/json.h(127
  0,37): message : см. объявление "crow::json::wvalue::o" [C:\Users\DAB\mysite\backe
  nd\build_new\crow-prefix\src\crow-build\examples\example_websocket.vcxproj]
C:\Users\DAB\mysite\backend\build_new\crow-prefix\src\crow\include\crow/mustache.h(9
7,33): warning C4267: инициализация: преобразование из "size_t" в "int"; возможна по
теря данных [C:\Users\DAB\mysite\backend\build_new\crow-prefix\src\crow-build\exampl
es\example_websocket.vcxproj] [C:\Users\DAB\mysite\backend\build_new\crow.vcxproj]
C:\Users\DAB\mysite\backend\build_new\crow-prefix\src\crow\include\crow/mustache.h(1
16,48): warning C4267: =: преобразование из "size_t" в "int"; возможна потеря данных
 [C:\Users\DAB\mysite\backend\build_new\crow-prefix\src\crow-build\examples\example_
websocket.vcxproj] [C:\Users\DAB\mysite\backend\build_new\crow.vcxproj]
C:\Users\DAB\mysite\backend\build_new\crow-prefix\src\crow\include\crow/mustache.h(1
18,53): warning C4267: аргумент: преобразование из "size_t" в "_Ty"; возможна потеря
 данных [C:\Users\DAB\mysite\backend\build_new\crow-prefix\src\crow-build\examples\e
xample_websocket.vcxproj] [C:\Users\DAB\mysite\backend\build_new\crow.vcxproj]
            with
            [
                _Ty=int
            ]
C:\Users\DAB\mysite\backend\build_new\crow-prefix\src\crow\include\crow/mustache.h(2
21,94): warning C4267: аргумент: преобразование из "size_t" в "int"; возможна потеря
 данных [C:\Users\DAB\mysite\backend\build_new\crow-prefix\src\crow-build\examples\e
xample_websocket.vcxproj] [C:\Users\DAB\mysite\backend\build_new\crow.vcxproj]
C:\Users\DAB\mysite\backend\build_new\crow-prefix\src\crow\include\crow/mustache.h(3
67,54): warning C4267: аргумент: преобразование из "size_t" в "int"; возможна потеря
 данных [C:\Users\DAB\mysite\backend\build_new\crow-prefix\src\crow-build\examples\e
xample_websocket.vcxproj] [C:\Users\DAB\mysite\backend\build_new\crow.vcxproj]
C:\Users\DAB\mysite\backend\build_new\crow-prefix\src\crow\include\crow/mustache.h(3
78,54): warning C4267: аргумент: преобразование из "size_t" в "int"; возможна потеря
 данных [C:\Users\DAB\mysite\backend\build_new\crow-prefix\src\crow-build\examples\e
xample_websocket.vcxproj] [C:\Users\DAB\mysite\backend\build_new\crow.vcxproj]
C:\Users\DAB\mysite\backend\build_new\crow-prefix\src\crow\include\crow/mustache.h(3
90,54): warning C4267: аргумент: преобразование из "size_t" в "int"; возможна потеря
 данных [C:\Users\DAB\mysite\backend\build_new\crow-prefix\src\crow-build\examples\e
xample_websocket.vcxproj] [C:\Users\DAB\mysite\backend\build_new\crow.vcxproj]
C:\Users\DAB\mysite\backend\build_new\crow-prefix\src\crow\include\crow/mustache.h(4
01,54): warning C4267: аргумент: преобразование из "size_t" в "int"; возможна потеря
 данных [C:\Users\DAB\mysite\backend\build_new\crow-prefix\src\crow-build\examples\e
xample_websocket.vcxproj] [C:\Users\DAB\mysite\backend\build_new\crow.vcxproj]
C:\Users\DAB\mysite\backend\build_new\crow-prefix\src\crow\include\crow/mustache.h(4
63,60): warning C4267: =: преобразование из "size_t" в "int"; возможна потеря данных
 [C:\Users\DAB\mysite\backend\build_new\crow-prefix\src\crow-build\examples\example_
websocket.vcxproj] [C:\Users\DAB\mysite\backend\build_new\crow.vcxproj]
C:\Users\DAB\mysite\backend\build_new\crow-prefix\src\crow\include\crow/mustache.h(5
63,28): warning C4267: инициализация: преобразование из "size_t" в "int"; возможна п
отеря данных [C:\Users\DAB\mysite\backend\build_new\crow-prefix\src\crow-build\examp
les\example_websocket.vcxproj] [C:\Users\DAB\mysite\backend\build_new\crow.vcxproj]
C:\Users\DAB\mysite\backend\build_new\crow-prefix\src\crow\include\crow/task_timer.h
(28,37): error C2039: "io_service": не является членом "boost::asio". [C:\Users\DAB\
mysite\backend\build_new\crow-prefix\src\crow-build\examples\example_websocket.vcxpr
oj] [C:\Users\DAB\mysite\backend\build_new\crow.vcxproj]
  C:\Users\DAB\Desktop\vcpkg\installed\x64-windows\include\boost/asio/impl/write_at.
  hpp(35,11): message : см. объявление "boost::asio" [C:\Users\DAB\mysite\backend\bu
  ild_new\crow-prefix\src\crow-build\examples\example_websocket.vcxproj]
C:\Users\DAB\mysite\backend\build_new\crow-prefix\src\crow\include\crow/task_timer.h
(28,37): error C2061: синтаксическая ошибка: идентификатор "io_service" [C:\Users\DA
B\mysite\backend\build_new\crow-prefix\src\crow-build\examples\example_websocket.vcx
proj] [C:\Users\DAB\mysite\backend\build_new\crow.vcxproj]
C:\Users\DAB\mysite\backend\build_new\crow-prefix\src\crow\include\crow/task_timer.h
(123,26): error C2039: "io_service": не является членом "boost::asio". [C:\Users\DAB
\mysite\backend\build_new\crow-prefix\src\crow-build\examples\example_websocket.vcxp
roj] [C:\Users\DAB\mysite\backend\build_new\crow.vcxproj]
  C:\Users\DAB\Desktop\vcpkg\installed\x64-windows\include\boost/asio/impl/write_at.
  hpp(35,11): message : см. объявление "boost::asio" [C:\Users\DAB\mysite\backend\bu
  ild_new\crow-prefix\src\crow-build\examples\example_websocket.vcxproj]
C:\Users\DAB\mysite\backend\build_new\crow-prefix\src\crow\include\crow/task_timer.h
(123,36): error C2143: синтаксическая ошибка: отсутствие ";" перед "&" [C:\Users\DAB
\mysite\backend\build_new\crow-prefix\src\crow-build\examples\example_websocket.vcxp
roj] [C:\Users\DAB\mysite\backend\build_new\crow.vcxproj]
C:\Users\DAB\mysite\backend\build_new\crow-prefix\src\crow\include\crow/task_timer.h
(123,36): error C4430: отсутствует спецификатор типа - предполагается int. Примечани
е. C++ не поддерживает int по умолчанию [C:\Users\DAB\mysite\backend\build_new\crow-
prefix\src\crow-build\examples\example_websocket.vcxproj] [C:\Users\DAB\mysite\backe
nd\build_new\crow.vcxproj]
C:\Users\DAB\mysite\backend\build_new\crow-prefix\src\crow\include\crow/task_timer.h
(123,49): error C2238: непредвиденные лексемы перед ";" [C:\Users\DAB\mysite\backend
\build_new\crow-prefix\src\crow-build\examples\example_websocket.vcxproj] [C:\Users\
DAB\mysite\backend\build_new\crow.vcxproj]
C:\Users\DAB\mysite\backend\build_new\crow-prefix\src\crow\include\crow/task_timer.h
(29,27): error C2065: io_service: необъявленный идентификатор [C:\Users\DAB\mysite\b
ackend\build_new\crow-prefix\src\crow-build\examples\example_websocket.vcxproj] [C:\
Users\DAB\mysite\backend\build_new\crow.vcxproj]
C:\Users\DAB\mysite\backend\build_new\crow-prefix\src\crow\include\crow/task_timer.h
(29,56): error C2065: io_service_: необъявленный идентификатор [C:\Users\DAB\mysite\
backend\build_new\crow-prefix\src\crow-build\examples\example_websocket.vcxproj] [C:
\Users\DAB\mysite\backend\build_new\crow.vcxproj]
C:\Users\DAB\mysite\backend\build_new\crow-prefix\src\crow\include\crow/task_timer.h
(29,15): error C2614: crow::detail::task_timer: недопустимая инициализация члена: "i
o_service_" не является базовым классом или членом [C:\Users\DAB\mysite\backend\buil
d_new\crow-prefix\src\crow-build\examples\example_websocket.vcxproj] [C:\Users\DAB\m
ysite\backend\build_new\crow.vcxproj]
C:\Users\DAB\mysite\backend\build_new\crow-prefix\src\crow\include\crow/http_request
.h(38,22): error C2039: "io_service": не является членом "boost::asio". [C:\Users\DA
B\mysite\backend\build_new\crow-prefix\src\crow-build\examples\example_websocket.vcx
proj] [C:\Users\DAB\mysite\backend\build_new\crow.vcxproj]
  C:\Users\DAB\Desktop\vcpkg\installed\x64-windows\include\boost/asio/impl/write_at.
  hpp(35,11): message : см. объявление "boost::asio" [C:\Users\DAB\mysite\backend\bu
  ild_new\crow-prefix\src\crow-build\examples\example_websocket.vcxproj]
C:\Users\DAB\mysite\backend\build_new\crow-prefix\src\crow\include\crow/http_request
.h(38,32): error C2143: синтаксическая ошибка: отсутствие ";" перед "*" [C:\Users\DA
B\mysite\backend\build_new\crow-prefix\src\crow-build\examples\example_websocket.vcx
proj] [C:\Users\DAB\mysite\backend\build_new\crow.vcxproj]
C:\Users\DAB\mysite\backend\build_new\crow-prefix\src\crow\include\crow/http_request
.h(38,32): error C4430: отсутствует спецификатор типа - предполагается int. Примечан
ие. C++ не поддерживает int по умолчанию [C:\Users\DAB\mysite\backend\build_new\crow
-prefix\src\crow-build\examples\example_websocket.vcxproj] [C:\Users\DAB\mysite\back
end\build_new\crow.vcxproj]
C:\Users\DAB\mysite\backend\build_new\crow-prefix\src\crow\include\crow/http_request
.h(38,44): error C2334: непредвиденные лексемы перед "{"; пропуск вероятного тела фу
нкции [C:\Users\DAB\mysite\backend\build_new\crow-prefix\src\crow-build\examples\exa
mple_websocket.vcxproj] [C:\Users\DAB\mysite\backend\build_new\crow.vcxproj]
C:\Users\DAB\mysite\backend\build_new\crow-prefix\src\crow\include\crow/http_request
.h(69,13): error C3861: io_service: идентификатор не найден [C:\Users\DAB\mysite\bac
kend\build_new\crow-prefix\src\crow-build\examples\example_websocket.vcxproj] [C:\Us
ers\DAB\mysite\backend\build_new\crow.vcxproj]
  C:\Users\DAB\mysite\backend\build_new\crow-prefix\src\crow\include\crow/http_reque
  st.h(67,14): message : Сообщение диагностики возникло в созданной компилятором фун
  кции "void crow::request::post(CompletionHandler)" [C:\Users\DAB\mysite\backend\bu
  ild_new\crow-prefix\src\crow-build\examples\example_websocket.vcxproj]
C:\Users\DAB\mysite\backend\build_new\crow-prefix\src\crow\include\crow/http_request
.h(69,13): error C2065: io_service: необъявленный идентификатор [C:\Users\DAB\mysite
\backend\build_new\crow-prefix\src\crow-build\examples\example_websocket.vcxproj] [C
:\Users\DAB\mysite\backend\build_new\crow.vcxproj]
  C:\Users\DAB\mysite\backend\build_new\crow-prefix\src\crow\include\crow/http_reque
  st.h(67,14): message : Сообщение диагностики возникло в созданной компилятором фун
  кции "void crow::request::post(CompletionHandler)" [C:\Users\DAB\mysite\backend\bu
  ild_new\crow-prefix\src\crow-build\examples\example_websocket.vcxproj]
C:\Users\DAB\mysite\backend\build_new\crow-prefix\src\crow\include\crow/http_request
.h(76,13): error C3861: io_service: идентификатор не найден [C:\Users\DAB\mysite\bac
kend\build_new\crow-prefix\src\crow-build\examples\example_websocket.vcxproj] [C:\Us
ers\DAB\mysite\backend\build_new\crow.vcxproj]
  C:\Users\DAB\mysite\backend\build_new\crow-prefix\src\crow\include\crow/http_reque
  st.h(74,14): message : Сообщение диагностики возникло в созданной компилятором фун
  кции "void crow::request::dispatch(CompletionHandler)" [C:\Users\DAB\mysite\backen
  d\build_new\crow-prefix\src\crow-build\examples\example_websocket.vcxproj]
C:\Users\DAB\mysite\backend\build_new\crow-prefix\src\crow\include\crow/http_request
.h(76,13): error C2065: io_service: необъявленный идентификатор [C:\Users\DAB\mysite
\backend\build_new\crow-prefix\src\crow-build\examples\example_websocket.vcxproj] [C
:\Users\DAB\mysite\backend\build_new\crow.vcxproj]
  C:\Users\DAB\mysite\backend\build_new\crow-prefix\src\crow\include\crow/http_reque
  st.h(74,14): message : Сообщение диагностики возникло в созданной компилятором фун
  кции "void crow::request::dispatch(CompletionHandler)" [C:\Users\DAB\mysite\backen
  d\build_new\crow-prefix\src\crow-build\examples\example_websocket.vcxproj]
C:\Users\DAB\mysite\backend\build_new\crow-prefix\src\crow\include\crow/multipart.h(
167,84): warning C4458: объявление "part_map" скрывает член класса [C:\Users\DAB\mys
ite\backend\build_new\crow-prefix\src\crow-build\examples\example_websocket.vcxproj]
 [C:\Users\DAB\mysite\backend\build_new\crow.vcxproj]
  C:\Users\DAB\mysite\backend\build_new\crow-prefix\src\crow\include\crow/multipart.
  h(79,20): message : см. объявление "crow::multipart::message::part_map" [C:\Users\
  DAB\mysite\backend\build_new\crow-prefix\src\crow-build\examples\example_websocket
  .vcxproj]
C:\Users\DAB\mysite\backend\build_new\crow-prefix\src\crow\include\crow/multipart.h(
218,32): warning C4456: объявление "found" скрывает предыдущее локальное объявление
[C:\Users\DAB\mysite\backend\build_new\crow-prefix\src\crow-build\examples\example_w
ebsocket.vcxproj] [C:\Users\DAB\mysite\backend\build_new\crow.vcxproj]
  C:\Users\DAB\mysite\backend\build_new\crow-prefix\src\crow\include\crow/multipart.
  h(211,28): message : см. объявление "found" [C:\Users\DAB\mysite\backend\build_new
  \crow-prefix\src\crow-build\examples\example_websocket.vcxproj]
C:\Users\DAB\mysite\backend\build_new\crow-prefix\src\crow\include\crow/multipart.h(
234,32): warning C4456: объявление "found" скрывает предыдущее локальное объявление
[C:\Users\DAB\mysite\backend\build_new\crow-prefix\src\crow-build\examples\example_w
ebsocket.vcxproj] [C:\Users\DAB\mysite\backend\build_new\crow.vcxproj]
  C:\Users\DAB\mysite\backend\build_new\crow-prefix\src\crow\include\crow/multipart.
  h(211,28): message : см. объявление "found" [C:\Users\DAB\mysite\backend\build_new
  \crow-prefix\src\crow-build\examples\example_websocket.vcxproj]
C:\Users\DAB\mysite\backend\build_new\crow-prefix\src\crow\include\crow/routing.h(80
0,70): warning C4244: аргумент: преобразование "__int64" в "unsigned int", возможна
потеря данных [C:\Users\DAB\mysite\backend\build_new\crow-prefix\src\crow-build\exam
ples\example_websocket.vcxproj] [C:\Users\DAB\mysite\backend\build_new\crow.vcxproj]
C:\Users\DAB\mysite\backend\build_new\crow-prefix\src\crow\include\crow/routing.h(82
1,70): warning C4244: аргумент: преобразование "__int64" в "unsigned int", возможна
потеря данных [C:\Users\DAB\mysite\backend\build_new\crow-prefix\src\crow-build\exam
ples\example_websocket.vcxproj] [C:\Users\DAB\mysite\backend\build_new\crow.vcxproj]
C:\Users\DAB\mysite\backend\build_new\crow-prefix\src\crow\include\crow/routing.h(84
2,70): warning C4244: аргумент: преобразование "__int64" в "unsigned int", возможна
потеря данных [C:\Users\DAB\mysite\backend\build_new\crow-prefix\src\crow-build\exam
ples\example_websocket.vcxproj] [C:\Users\DAB\mysite\backend\build_new\crow.vcxproj]
C:\Users\DAB\mysite\backend\build_new\crow-prefix\src\crow\include\crow/routing.h(86
4,61): warning C4267: аргумент: преобразование из "size_t" в "unsigned int"; возможн
а потеря данных [C:\Users\DAB\mysite\backend\build_new\crow-prefix\src\crow-build\ex
amples\example_websocket.vcxproj] [C:\Users\DAB\mysite\backend\build_new\crow.vcxpro
j]
C:\Users\DAB\mysite\backend\build_new\crow-prefix\src\crow\include\crow/routing.h(88
0,61): warning C4267: аргумент: преобразование из "size_t" в "unsigned int"; возможн
а потеря данных [C:\Users\DAB\mysite\backend\build_new\crow-prefix\src\crow-build\ex
amples\example_websocket.vcxproj] [C:\Users\DAB\mysite\backend\build_new\crow.vcxpro
j]
C:\Users\DAB\mysite\backend\build_new\crow-prefix\src\crow\include\crow/routing.h(89
5,61): warning C4267: аргумент: преобразование из "size_t" в "unsigned int"; возможн
а потеря данных [C:\Users\DAB\mysite\backend\build_new\crow-prefix\src\crow-build\ex
amples\example_websocket.vcxproj] [C:\Users\DAB\mysite\backend\build_new\crow.vcxpro
j]
C:\Users\DAB\mysite\backend\build_new\crow-prefix\src\crow\include\crow/routing.h(94
5,53): warning C4267: +=: преобразование из "size_t" в "unsigned int"; возможна поте
ря данных [C:\Users\DAB\mysite\backend\build_new\crow-prefix\src\crow-build\examples
\example_websocket.vcxproj] [C:\Users\DAB\mysite\backend\build_new\crow.vcxproj]
C:\Users\DAB\mysite\backend\build_new\crow-prefix\src\crow\include\crow/routing.h(95
6,45): warning C4267: +=: преобразование из "size_t" в "unsigned int"; возможна поте
ря данных [C:\Users\DAB\mysite\backend\build_new\crow-prefix\src\crow-build\examples
\example_websocket.vcxproj] [C:\Users\DAB\mysite\backend\build_new\crow.vcxproj]
C:\Users\DAB\mysite\backend\build_new\crow-prefix\src\crow\include\crow/routing.h(10
02,36): warning C4267: +=: преобразование из "size_t" в "unsigned int"; возможна пот
еря данных [C:\Users\DAB\mysite\backend\build_new\crow-prefix\src\crow-build\example
s\example_websocket.vcxproj] [C:\Users\DAB\mysite\backend\build_new\crow.vcxproj]
C:\Users\DAB\mysite\backend\build_new\crow-prefix\src\crow\include\crow/routing.h(10
05,33): warning C4267: +=: преобразование из "size_t" в "unsigned int"; возможна пот
еря данных [C:\Users\DAB\mysite\backend\build_new\crow-prefix\src\crow-build\example
s\example_websocket.vcxproj] [C:\Users\DAB\mysite\backend\build_new\crow.vcxproj]
C:\Users\DAB\mysite\backend\build_new\crow-prefix\src\crow\include\crow/routing.h(12
04,101): warning C4267: аргумент: преобразование из "size_t" в "unsigned int"; возмо
жна потеря данных [C:\Users\DAB\mysite\backend\build_new\crow-prefix\src\crow-build\
examples\example_websocket.vcxproj] [C:\Users\DAB\mysite\backend\build_new\crow.vcxp
roj]
C:\Users\DAB\mysite\backend\build_new\crow-prefix\src\crow\include\crow/routing.h(12
04,87): warning C4267: аргумент: преобразование из "size_t" в "uint16_t"; возможна п
отеря данных [C:\Users\DAB\mysite\backend\build_new\crow-prefix\src\crow-build\examp
les\example_websocket.vcxproj] [C:\Users\DAB\mysite\backend\build_new\crow.vcxproj]
C:\Users\DAB\mysite\backend\build_new\crow-prefix\src\crow\include\crow/routing.h(12
10,118): warning C4267: аргумент: преобразование из "size_t" в "unsigned int"; возмо
жна потеря данных [C:\Users\DAB\mysite\backend\build_new\crow-prefix\src\crow-build\
examples\example_websocket.vcxproj] [C:\Users\DAB\mysite\backend\build_new\crow.vcxp
roj]
C:\Users\DAB\mysite\backend\build_new\crow-prefix\src\crow\include\crow/routing.h(12
58,29): warning C4456: объявление "i" скрывает предыдущее локальное объявление [C:\U
sers\DAB\mysite\backend\build_new\crow-prefix\src\crow-build\examples\example_websoc
ket.vcxproj] [C:\Users\DAB\mysite\backend\build_new\crow.vcxproj]
  C:\Users\DAB\mysite\backend\build_new\crow-prefix\src\crow\include\crow/routing.h(
  1249,27): message : см. объявление "i" [C:\Users\DAB\mysite\backend\build_new\crow
  -prefix\src\crow-build\examples\example_websocket.vcxproj]
C:\Users\DAB\mysite\backend\build_new\crow-prefix\src\crow\include\crow/routing.h(12
59,104): warning C4244: аргумент: преобразование "int" в "uint16_t", возможна потеря
 данных [C:\Users\DAB\mysite\backend\build_new\crow-prefix\src\crow-build\examples\e
xample_websocket.vcxproj] [C:\Users\DAB\mysite\backend\build_new\crow.vcxproj]
C:\Users\DAB\mysite\backend\build_new\crow-prefix\src\crow\include\crow/routing.h(12
59,100): warning C4267: аргумент: преобразование из "size_t" в "unsigned int"; возмо
жна потеря данных [C:\Users\DAB\mysite\backend\build_new\crow-prefix\src\crow-build\
examples\example_websocket.vcxproj] [C:\Users\DAB\mysite\backend\build_new\crow.vcxp
roj]
C:\Users\DAB\mysite\backend\build_new\crow-prefix\src\crow\include\crow/routing.h(12
70,76): warning C4244: аргумент: преобразование "unsigned int" в "const uint16_t", в
озможна потеря данных [C:\Users\DAB\mysite\backend\build_new\crow-prefix\src\crow-bu
ild\examples\example_websocket.vcxproj] [C:\Users\DAB\mysite\backend\build_new\crow.
vcxproj]
C:\Users\DAB\mysite\backend\build_new\crow-prefix\src\crow\include\crow/routing.h(14
20,24): warning C4267: инициализация: преобразование из "size_t" в "int"; возможна п
отеря данных [C:\Users\DAB\mysite\backend\build_new\crow-prefix\src\crow-build\examp
les\example_websocket.vcxproj] [C:\Users\DAB\mysite\backend\build_new\crow.vcxproj]
C:\Users\DAB\mysite\backend\build_new\crow-prefix\src\crow\include\crow/routing.h(15
11,28): warning C4456: объявление "per_method" скрывает предыдущее локальное объявле
ние [C:\Users\DAB\mysite\backend\build_new\crow-prefix\src\crow-build\examples\examp
le_websocket.vcxproj] [C:\Users\DAB\mysite\backend\build_new\crow.vcxproj]
  C:\Users\DAB\mysite\backend\build_new\crow-prefix\src\crow\include\crow/routing.h(
  1501,19): message : см. объявление "per_method" [C:\Users\DAB\mysite\backend\build
  _new\crow-prefix\src\crow-build\examples\example_websocket.vcxproj]
C:\Users\DAB\mysite\backend\build_new\crow-prefix\src\crow\include\crow/routing.h(15
53,13): warning C4530: Использован обработчик исключений C++, но семантика уничтожен
ия объектов не включена. Задайте параметр /EHsc [C:\Users\DAB\mysite\backend\build_n
ew\crow-prefix\src\crow-build\examples\example_websocket.vcxproj] [C:\Users\DAB\mysi
te\backend\build_new\crow.vcxproj]
C:\Users\DAB\mysite\backend\build_new\crow-prefix\src\crow\include\crow/http_connect
ion.h(40,24): error C2039: "io_service": не является членом "boost::asio". [C:\Users
\DAB\mysite\backend\build_new\crow-prefix\src\crow-build\examples\example_websocket.
vcxproj] [C:\Users\DAB\mysite\backend\build_new\crow.vcxproj]
  C:\Users\DAB\Desktop\vcpkg\installed\x64-windows\include\boost/asio/impl/write_at.
  hpp(35,11): message : см. объявление "boost::asio" [C:\Users\DAB\mysite\backend\bu
  ild_new\crow-prefix\src\crow-build\examples\example_websocket.vcxproj]
  C:\Users\DAB\mysite\backend\build_new\crow-prefix\src\crow\include\crow/http_conne
  ction.h(626,6): message : выполняется компиляция ссылки на экземпляр класс шаблон
  функции "crow::Connection<Adaptor,Handler,Middlewares...>" [C:\Users\DAB\mysite\ba
  ckend\build_new\crow-prefix\src\crow-build\examples\example_websocket.vcxproj]
C:\Users\DAB\mysite\backend\build_new\crow-prefix\src\crow\include\crow/http_connect
ion.h(40,24): error C2061: синтаксическая ошибка: идентификатор "io_service" [C:\Use
rs\DAB\mysite\backend\build_new\crow-prefix\src\crow-build\examples\example_websocke
t.vcxproj] [C:\Users\DAB\mysite\backend\build_new\crow.vcxproj]
C:\Users\DAB\mysite\backend\build_new\crow-prefix\src\crow\include\crow/http_connect
ion.h(48,20): error C3861: io_service: идентификатор не найден [C:\Users\DAB\mysite\
backend\build_new\crow-prefix\src\crow-build\examples\example_websocket.vcxproj] [C:
\Users\DAB\mysite\backend\build_new\crow.vcxproj]
C:\Users\DAB\mysite\backend\build_new\crow-prefix\src\crow\include\crow/http_connect
ion.h(48,32): error C3861: adaptor_ctx_: идентификатор не найден [C:\Users\DAB\mysit
e\backend\build_new\crow-prefix\src\crow-build\examples\example_websocket.vcxproj] [
C:\Users\DAB\mysite\backend\build_new\crow.vcxproj]
C:\Users\DAB\mysite\backend\build_new\crow-prefix\src\crow\include\crow/http_connect
ion.h(49,20): error C3861: handler: идентификатор не найден [C:\Users\DAB\mysite\bac
kend\build_new\crow-prefix\src\crow-build\examples\example_websocket.vcxproj] [C:\Us
ers\DAB\mysite\backend\build_new\crow.vcxproj]
C:\Users\DAB\mysite\backend\build_new\crow-prefix\src\crow\include\crow/http_connect
ion.h(51,24): error C3861: server_name: идентификатор не найден [C:\Users\DAB\mysite
\backend\build_new\crow-prefix\src\crow-build\examples\example_websocket.vcxproj] [C
:\Users\DAB\mysite\backend\build_new\crow.vcxproj]
C:\Users\DAB\mysite\backend\build_new\crow-prefix\src\crow\include\crow/http_connect
ion.h(52,24): error C3861: middlewares: идентификатор не найден [C:\Users\DAB\mysite
\backend\build_new\crow-prefix\src\crow-build\examples\example_websocket.vcxproj] [C
:\Users\DAB\mysite\backend\build_new\crow.vcxproj]
C:\Users\DAB\mysite\backend\build_new\crow-prefix\src\crow\include\crow/http_connect
ion.h(53,31): error C3861: get_cached_date_str_f: идентификатор не найден [C:\Users\
DAB\mysite\backend\build_new\crow-prefix\src\crow-build\examples\example_websocket.v
cxproj] [C:\Users\DAB\mysite\backend\build_new\crow.vcxproj]
C:\Users\DAB\mysite\backend\build_new\crow-prefix\src\crow\include\crow/http_connect
ion.h(54,23): error C3861: task_timer: идентификатор не найден [C:\Users\DAB\mysite\
backend\build_new\crow-prefix\src\crow-build\examples\example_websocket.vcxproj] [C:
\Users\DAB\mysite\backend\build_new\crow.vcxproj]
C:\Users\DAB\mysite\backend\build_new\crow-prefix\src\crow\include\crow/http_connect
ion.h(55,33): error C3861: handler: идентификатор не найден [C:\Users\DAB\mysite\bac
kend\build_new\crow-prefix\src\crow-build\examples\example_websocket.vcxproj] [C:\Us
ers\DAB\mysite\backend\build_new\crow.vcxproj]
C:\Users\DAB\mysite\backend\build_new\crow-prefix\src\crow\include\crow/http_connect
ion.h(56,25): error C3861: queue_length: идентификатор не найден [C:\Users\DAB\mysit
e\backend\build_new\crow-prefix\src\crow-build\examples\example_websocket.vcxproj] [
C:\Users\DAB\mysite\backend\build_new\crow.vcxproj]
C:\Users\DAB\mysite\backend\build_new\crow-prefix\src\crow\include\crow/http_connect
ion.h(48,20): error C2065: io_service: необъявленный идентификатор [C:\Users\DAB\mys
ite\backend\build_new\crow-prefix\src\crow-build\examples\example_websocket.vcxproj]
 [C:\Users\DAB\mysite\backend\build_new\crow.vcxproj]
C:\Users\DAB\mysite\backend\build_new\crow-prefix\src\crow\include\crow/http_connect
ion.h(48,32): error C2065: adaptor_ctx_: необъявленный идентификатор [C:\Users\DAB\m
ysite\backend\build_new\crow-prefix\src\crow-build\examples\example_websocket.vcxpro
j] [C:\Users\DAB\mysite\backend\build_new\crow.vcxproj]
C:\Users\DAB\mysite\backend\build_new\crow-prefix\src\crow\include\crow/http_connect
ion.h(49,20): error C2065: handler: необъявленный идентификатор [C:\Users\DAB\mysite
\backend\build_new\crow-prefix\src\crow-build\examples\example_websocket.vcxproj] [C
:\Users\DAB\mysite\backend\build_new\crow.vcxproj]
C:\Users\DAB\mysite\backend\build_new\crow-prefix\src\crow\include\crow/http_connect
ion.h(51,24): error C2065: server_name: необъявленный идентификатор [C:\Users\DAB\my
site\backend\build_new\crow-prefix\src\crow-build\examples\example_websocket.vcxproj
] [C:\Users\DAB\mysite\backend\build_new\crow.vcxproj]
C:\Users\DAB\mysite\backend\build_new\crow-prefix\src\crow\include\crow/http_connect
ion.h(52,24): error C2065: middlewares: необъявленный идентификатор [C:\Users\DAB\my
site\backend\build_new\crow-prefix\src\crow-build\examples\example_websocket.vcxproj
] [C:\Users\DAB\mysite\backend\build_new\crow.vcxproj]
C:\Users\DAB\mysite\backend\build_new\crow-prefix\src\crow\include\crow/http_connect
ion.h(53,31): error C2065: get_cached_date_str_f: необъявленный идентификатор [C:\Us
ers\DAB\mysite\backend\build_new\crow-prefix\src\crow-build\examples\example_websock
et.vcxproj] [C:\Users\DAB\mysite\backend\build_new\crow.vcxproj]
C:\Users\DAB\mysite\backend\build_new\crow-prefix\src\crow\include\crow/http_connect
ion.h(54,23): error C2065: task_timer: необъявленный идентификатор [C:\Users\DAB\mys
ite\backend\build_new\crow-prefix\src\crow-build\examples\example_websocket.vcxproj]
 [C:\Users\DAB\mysite\backend\build_new\crow.vcxproj]
C:\Users\DAB\mysite\backend\build_new\crow-prefix\src\crow\include\crow/http_connect
ion.h(55,33): error C2065: handler: необъявленный идентификатор [C:\Users\DAB\mysite
\backend\build_new\crow-prefix\src\crow-build\examples\example_websocket.vcxproj] [C
:\Users\DAB\mysite\backend\build_new\crow.vcxproj]
C:\Users\DAB\mysite\backend\build_new\crow-prefix\src\crow\include\crow/http_connect
ion.h(56,25): error C2065: queue_length: необъявленный идентификатор [C:\Users\DAB\m
ysite\backend\build_new\crow-prefix\src\crow-build\examples\example_websocket.vcxpro
j] [C:\Users\DAB\mysite\backend\build_new\crow.vcxproj]
C:\Users\DAB\mysite\backend\build_new\crow-prefix\src\crow\include\crow/http_server.
h(226,15): error C2039: "io_service": не является членом "boost::asio". [C:\Users\DA
B\mysite\backend\build_new\crow-prefix\src\crow-build\examples\example_websocket.vcx
proj] [C:\Users\DAB\mysite\backend\build_new\crow.vcxproj]
  C:\Users\DAB\Desktop\vcpkg\installed\x64-windows\include\boost/asio/impl/write_at.
  hpp(35,11): message : см. объявление "boost::asio" [C:\Users\DAB\mysite\backend\bu
  ild_new\crow-prefix\src\crow-build\examples\example_websocket.vcxproj]
  C:\Users\DAB\mysite\backend\build_new\crow-prefix\src\crow\include\crow/http_serve
  r.h(248,6): message : выполняется компиляция ссылки на экземпляр класс шаблон функ
  ции "crow::Server<Handler,Adaptor,Middlewares...>" [C:\Users\DAB\mysite\backend\bu
  ild_new\crow-prefix\src\crow-build\examples\example_websocket.vcxproj]
C:\Users\DAB\mysite\backend\build_new\crow-prefix\src\crow\include\crow/http_server.
h(226,26): error C3646: io_service_: неизвестный спецификатор переопределения [C:\Us
ers\DAB\mysite\backend\build_new\crow-prefix\src\crow-build\examples\example_websock
et.vcxproj] [C:\Users\DAB\mysite\backend\build_new\crow.vcxproj]
C:\Users\DAB\mysite\backend\build_new\crow-prefix\src\crow\include\crow/http_server.
h(226,1): error C4430: отсутствует спецификатор типа - предполагается int. Примечани
е. C++ не поддерживает int по умолчанию [C:\Users\DAB\mysite\backend\build_new\crow-
prefix\src\crow-build\examples\example_websocket.vcxproj] [C:\Users\DAB\mysite\backe
nd\build_new\crow.vcxproj]
C:\Users\DAB\mysite\backend\build_new\crow-prefix\src\crow\include\crow/http_server.
h(227,43): error C2039: "io_service": не является членом "boost::asio". [C:\Users\DA
B\mysite\backend\build_new\crow-prefix\src\crow-build\examples\example_websocket.vcx
proj] [C:\Users\DAB\mysite\backend\build_new\crow.vcxproj]
  C:\Users\DAB\Desktop\vcpkg\installed\x64-windows\include\boost/asio/impl/write_at.
  hpp(35,11): message : см. объявление "boost::asio" [C:\Users\DAB\mysite\backend\bu
  ild_new\crow-prefix\src\crow-build\examples\example_websocket.vcxproj]
C:\Users\DAB\mysite\backend\build_new\crow-prefix\src\crow\include\crow/http_server.
h(227,43): error C2065: io_service: необъявленный идентификатор [C:\Users\DAB\mysite
\backend\build_new\crow-prefix\src\crow-build\examples\example_websocket.vcxproj] [C
:\Users\DAB\mysite\backend\build_new\crow.vcxproj]
C:\Users\DAB\mysite\backend\build_new\crow-prefix\src\crow\include\crow/http_server.
h(227,26): error C2923: std::unique_ptr: "io_service" не является допустимым аргумен
том типа шаблон для параметра "_Ty" [C:\Users\DAB\mysite\backend\build_new\crow-pref
ix\src\crow-build\examples\example_websocket.vcxproj] [C:\Users\DAB\mysite\backend\b
uild_new\crow.vcxproj]
  C:\Users\DAB\mysite\backend\build_new\crow-prefix\src\crow\include\crow/http_serve
  r.h(227,43): message : см. объявление "io_service" [C:\Users\DAB\mysite\backend\bu
  ild_new\crow-prefix\src\crow-build\examples\example_websocket.vcxproj]
C:\Users\DAB\mysite\backend\build_new\crow-prefix\src\crow\include\crow/http_server.
h(227,26): error C2976: std::unique_ptr: слишком мало аргументов шаблон [C:\Users\DA
B\mysite\backend\build_new\crow-prefix\src\crow-build\examples\example_websocket.vcx
proj] [C:\Users\DAB\mysite\backend\build_new\crow.vcxproj]
  C:\Program Files\Microsoft Visual Studio\2022\Community\VC\Tools\MSVC\14.37.32822\
  include\memory(3213,1): message : см. объявление "std::unique_ptr" [C:\Users\DAB\m
  ysite\backend\build_new\crow-prefix\src\crow-build\examples\example_websocket.vcxp
  roj]
C:\Users\DAB\mysite\backend\build_new\crow-prefix\src\crow\include\crow/http_server.
h(227,26): error C3203: "unique_ptr": неспециализированный класс шаблон нельзя испол
ьзовать в качестве аргумента шаблон для параметра шаблон "_Ty", требуется действител
ьный тип [C:\Users\DAB\mysite\backend\build_new\crow-prefix\src\crow-build\examples\
example_websocket.vcxproj] [C:\Users\DAB\mysite\backend\build_new\crow.vcxproj]
C:\Users\DAB\mysite\backend\build_new\crow-prefix\src\crow\include\crow/http_server.
h(30,21): error C3861: io_service_: идентификатор не найден [C:\Users\DAB\mysite\bac
kend\build_new\crow-prefix\src\crow-build\examples\example_websocket.vcxproj] [C:\Us
ers\DAB\mysite\backend\build_new\crow.vcxproj]
C:\Users\DAB\mysite\backend\build_new\crow-prefix\src\crow\include\crow/http_server.
h(31,20): error C3861: io_service_: идентификатор не найден [C:\Users\DAB\mysite\bac
kend\build_new\crow-prefix\src\crow-build\examples\example_websocket.vcxproj] [C:\Us
ers\DAB\mysite\backend\build_new\crow.vcxproj]
C:\Users\DAB\mysite\backend\build_new\crow-prefix\src\crow\include\crow/http_server.
h(32,23): error C3861: io_service_: идентификатор не найден [C:\Users\DAB\mysite\bac
kend\build_new\crow-prefix\src\crow-build\examples\example_websocket.vcxproj] [C:\Us
ers\DAB\mysite\backend\build_new\crow.vcxproj]
C:\Users\DAB\mysite\backend\build_new\crow-prefix\src\crow\include\crow/http_server.
h(30,21): error C2065: io_service_: необъявленный идентификатор [C:\Users\DAB\mysite
\backend\build_new\crow-prefix\src\crow-build\examples\example_websocket.vcxproj] [C
:\Users\DAB\mysite\backend\build_new\crow.vcxproj]
C:\Users\DAB\mysite\backend\build_new\crow-prefix\src\crow\include\crow/http_server.
h(31,20): error C2065: io_service_: необъявленный идентификатор [C:\Users\DAB\mysite
\backend\build_new\crow-prefix\src\crow-build\examples\example_websocket.vcxproj] [C
:\Users\DAB\mysite\backend\build_new\crow.vcxproj]
C:\Users\DAB\mysite\backend\build_new\crow-prefix\src\crow\include\crow/http_server.
h(32,23): error C2065: io_service_: необъявленный идентификатор [C:\Users\DAB\mysite
\backend\build_new\crow-prefix\src\crow-build\examples\example_websocket.vcxproj] [C
:\Users\DAB\mysite\backend\build_new\crow.vcxproj]
C:\Users\DAB\mysite\backend\build_new\crow-prefix\src\crow\include\crow/http_server.
h(65,51): error C2187: синтаксическая ошибка: непредвиденный здесь элемент "boost" [
C:\Users\DAB\mysite\backend\build_new\crow-prefix\src\crow-build\examples\example_we
bsocket.vcxproj] [C:\Users\DAB\mysite\backend\build_new\crow.vcxproj]
C:\Users\DAB\mysite\backend\build_new\crow-prefix\src\crow\include\crow/http_server.
h(65,74): error C3878: синтаксическая ошибка: непредвиденный маркер "(" после "expre
ssion" [C:\Users\DAB\mysite\backend\build_new\crow-prefix\src\crow-build\examples\ex
ample_websocket.vcxproj] [C:\Users\DAB\mysite\backend\build_new\crow.vcxproj]
  C:\Users\DAB\mysite\backend\build_new\crow-prefix\src\crow\include\crow/http_serve
  r.h(65,74): message : пропущено восстановление ошибки: "(" [C:\Users\DAB\mysite\ba
  ckend\build_new\crow-prefix\src\crow-build\examples\example_websocket.vcxproj]
C:\Users\DAB\mysite\backend\build_new\crow-prefix\src\crow\include\crow/http_server.
h(65,75): error C2760: синтаксическая ошибка: непредвиденный элемент ")". Ожидается
";" [C:\Users\DAB\mysite\backend\build_new\crow-prefix\src\crow-build\examples\examp
le_websocket.vcxproj] [C:\Users\DAB\mysite\backend\build_new\crow.vcxproj]
C:\Users\DAB\mysite\backend\build_new\crow-prefix\src\crow\include\crow/http_server.
h(65,75): error C3878: синтаксическая ошибка: непредвиденный маркер ")" после "expre
ssion_statement" [C:\Users\DAB\mysite\backend\build_new\crow-prefix\src\crow-build\e
xamples\example_websocket.vcxproj] [C:\Users\DAB\mysite\backend\build_new\crow.vcxpr
oj]
  C:\Users\DAB\mysite\backend\build_new\crow-prefix\src\crow\include\crow/http_serve
  r.h(65,75): message : пропущено восстановление ошибки: ") )" [C:\Users\DAB\mysite\
  backend\build_new\crow-prefix\src\crow-build\examples\example_websocket.vcxproj]
C:\Users\DAB\mysite\backend\build_new\crow-prefix\src\crow\include\crow/http_server.
h(156,19): error C2065: io_service_: необъявленный идентификатор [C:\Users\DAB\mysit
e\backend\build_new\crow-prefix\src\crow-build\examples\example_websocket.vcxproj] [
C:\Users\DAB\mysite\backend\build_new\crow.vcxproj]
C:\Users\DAB\mysite\backend\build_new\crow-prefix\src\crow\include\crow/http_server.
h(164,13): error C3861: io_service_: идентификатор не найден [C:\Users\DAB\mysite\ba
ckend\build_new\crow-prefix\src\crow-build\examples\example_websocket.vcxproj] [C:\U
sers\DAB\mysite\backend\build_new\crow.vcxproj]
C:\Users\DAB\mysite\backend\build_new\crow-prefix\src\crow\include\crow/http_server.
h(164,13): error C2065: io_service_: необъявленный идентификатор [C:\Users\DAB\mysit
e\backend\build_new\crow-prefix\src\crow-build\examples\example_websocket.vcxproj] [
C:\Users\DAB\mysite\backend\build_new\crow.vcxproj]
C:\Users\DAB\mysite\backend\build_new\crow-prefix\src\crow\include\crow/http_server.
h(197,19): error C2039: "io_service": не является членом "boost::asio". [C:\Users\DA
B\mysite\backend\build_new\crow-prefix\src\crow-build\examples\example_websocket.vcx
proj] [C:\Users\DAB\mysite\backend\build_new\crow.vcxproj]
  C:\Users\DAB\Desktop\vcpkg\installed\x64-windows\include\boost/asio/impl/write_at.
  hpp(35,11): message : см. объявление "boost::asio" [C:\Users\DAB\mysite\backend\bu
  ild_new\crow-prefix\src\crow-build\examples\example_websocket.vcxproj]
C:\Users\DAB\mysite\backend\build_new\crow-prefix\src\crow\include\crow/http_server.
h(197,31): error C3861: is: идентификатор не найден [C:\Users\DAB\mysite\backend\bui
ld_new\crow-prefix\src\crow-build\examples\example_websocket.vcxproj] [C:\Users\DAB\
mysite\backend\build_new\crow.vcxproj]
C:\Users\DAB\mysite\backend\build_new\crow-prefix\src\crow\include\crow/http_server.
h(199,32): error C2065: is: необъявленный идентификатор [C:\Users\DAB\mysite\backend
\build_new\crow-prefix\src\crow-build\examples\example_websocket.vcxproj] [C:\Users\
DAB\mysite\backend\build_new\crow.vcxproj]
C:\Users\DAB\mysite\backend\build_new\crow-prefix\src\crow\include\crow/http_server.
h(199,32): error C3861: is: идентификатор не найден [C:\Users\DAB\mysite\backend\bui
ld_new\crow-prefix\src\crow-build\examples\example_websocket.vcxproj] [C:\Users\DAB\
mysite\backend\build_new\crow.vcxproj]
C:\Users\DAB\mysite\backend\build_new\crow-prefix\src\crow\include\crow/http_server.
h(202,15): error C3861: is: идентификатор не найден [C:\Users\DAB\mysite\backend\bui
ld_new\crow-prefix\src\crow-build\examples\example_websocket.vcxproj] [C:\Users\DAB\
mysite\backend\build_new\crow.vcxproj]
C:\Users\DAB\mysite\backend\build_new\crow-prefix\src\crow\include\crow/http_server.
h(207,26): error C3861: is: идентификатор не найден [C:\Users\DAB\mysite\backend\bui
ld_new\crow-prefix\src\crow-build\examples\example_websocket.vcxproj] [C:\Users\DAB\
mysite\backend\build_new\crow.vcxproj]
C:\Users\DAB\mysite\backend\build_new\crow-prefix\src\crow\include\crow/http_server.
h(210,23): error C3861: is: идентификатор не найден [C:\Users\DAB\mysite\backend\bui
ld_new\crow-prefix\src\crow-build\examples\example_websocket.vcxproj] [C:\Users\DAB\
mysite\backend\build_new\crow.vcxproj]
C:\Users\DAB\mysite\backend\build_new\crow-prefix\src\crow\include\crow/http_server.
h(218,42): error C2065: is: необъявленный идентификатор [C:\Users\DAB\mysite\backend
\build_new\crow-prefix\src\crow-build\examples\example_websocket.vcxproj] [C:\Users\
DAB\mysite\backend\build_new\crow.vcxproj]
C:\Users\DAB\mysite\backend\build_new\crow-prefix\src\crow\include\crow/http_server.
h(218,42): error C3861: is: идентификатор не найден [C:\Users\DAB\mysite\backend\bui
ld_new\crow-prefix\src\crow-build\examples\example_websocket.vcxproj] [C:\Users\DAB\
mysite\backend\build_new\crow.vcxproj]
C:\Users\DAB\mysite\backend\build_new\crow-prefix\src\crow\include\crow/http_server.
h(197,31): error C2065: is: необъявленный идентификатор [C:\Users\DAB\mysite\backend
\build_new\crow-prefix\src\crow-build\examples\example_websocket.vcxproj] [C:\Users\
DAB\mysite\backend\build_new\crow.vcxproj]
C:\Users\DAB\mysite\backend\build_new\crow-prefix\src\crow\include\crow/http_server.
h(202,15): error C2065: is: необъявленный идентификатор [C:\Users\DAB\mysite\backend
\build_new\crow-prefix\src\crow-build\examples\example_websocket.vcxproj] [C:\Users\
DAB\mysite\backend\build_new\crow.vcxproj]
C:\Users\DAB\mysite\backend\build_new\crow-prefix\src\crow\include\crow/http_server.
h(210,23): error C2065: is: необъявленный идентификатор [C:\Users\DAB\mysite\backend
\build_new\crow-prefix\src\crow-build\examples\example_websocket.vcxproj] [C:\Users\
DAB\mysite\backend\build_new\crow.vcxproj]
    Building Custom Rule C:/Users/DAB/mysite/backend/build_new/crow-prefix/src/crow/
  examples/CMakeLists.txt
    helloworld.cpp
C:\Users\DAB\mysite\backend\build_new\crow-prefix\src\crow\include\crow/query_string
.h(117,20): warning C4267: =: преобразование из "size_t" в "int"; возможна потеря да
нных [C:\Users\DAB\mysite\backend\build_new\crow-prefix\src\crow-build\examples\hell
oworld.vcxproj] [C:\Users\DAB\mysite\backend\build_new\crow.vcxproj]
C:\Users\DAB\mysite\backend\build_new\crow-prefix\src\crow\include\crow/query_string
.h(370,92): warning C4267: аргумент: преобразование из "size_t" в "int"; возможна по
теря данных [C:\Users\DAB\mysite\backend\build_new\crow-prefix\src\crow-build\exampl
es\helloworld.vcxproj] [C:\Users\DAB\mysite\backend\build_new\crow.vcxproj]
C:\Users\DAB\mysite\backend\build_new\crow-prefix\src\crow\include\crow/query_string
.h(406,94): warning C4267: аргумент: преобразование из "size_t" в "int"; возможна по
теря данных [C:\Users\DAB\mysite\backend\build_new\crow-prefix\src\crow-build\exampl
es\helloworld.vcxproj] [C:\Users\DAB\mysite\backend\build_new\crow.vcxproj]
C:\Users\DAB\mysite\backend\build_new\crow-prefix\src\crow\include\crow/query_string
.h(445,112): warning C4267: аргумент: преобразование из "size_t" в "int"; возможна п
отеря данных [C:\Users\DAB\mysite\backend\build_new\crow-prefix\src\crow-build\examp
les\helloworld.vcxproj] [C:\Users\DAB\mysite\backend\build_new\crow.vcxproj]
C:\Users\DAB\mysite\backend\build_new\crow-prefix\src\crow\include\crow/utility.h(67
2,39): warning C4267: инициализация: преобразование из "size_t" в "unsigned int"; во
зможна потеря данных [C:\Users\DAB\mysite\backend\build_new\crow-prefix\src\crow-bui
ld\examples\helloworld.vcxproj] [C:\Users\DAB\mysite\backend\build_new\crow.vcxproj]
C:\Users\DAB\mysite\backend\build_new\crow-prefix\src\crow\include\crow/http_parser_
merged.h(589,32): warning C4244: =: преобразование "__int64" в "unsigned long", возм
ожна потеря данных [C:\Users\DAB\mysite\backend\build_new\crow-prefix\src\crow-build
\examples\helloworld.vcxproj] [C:\Users\DAB\mysite\backend\build_new\crow.vcxproj]
C:\Users\DAB\mysite\backend\build_new\crow-prefix\src\crow\include\crow/http_parser_
merged.h(609,32): warning C4244: =: преобразование "__int64" в "unsigned long", возм
ожна потеря данных [C:\Users\DAB\mysite\backend\build_new\crow-prefix\src\crow-build
\examples\helloworld.vcxproj] [C:\Users\DAB\mysite\backend\build_new\crow.vcxproj]
    Please define _WIN32_WINNT or _WIN32_WINDOWS appropriately. For example:
    - add -D_WIN32_WINNT=0x0601 to the compiler command line; or
    - add _WIN32_WINNT=0x0601 to your project's Preprocessor Definitions.
    Assuming _WIN32_WINNT=0x0601 (i.e. Windows 7 target).
C:\Users\DAB\mysite\backend\build_new\crow-prefix\src\crow\include\crow/socket_adapt
ors.h(21,36): error C2039: "io_service": не является членом "boost::asio". [C:\Users
\DAB\mysite\backend\build_new\crow-prefix\src\crow-build\examples\helloworld.vcxproj
] [C:\Users\DAB\mysite\backend\build_new\crow.vcxproj]
  C:\Users\DAB\Desktop\vcpkg\installed\x64-windows\include\boost/asio/impl/write_at.
  hpp(35,11): message : см. объявление "boost::asio" [C:\Users\DAB\mysite\backend\bu
  ild_new\crow-prefix\src\crow-build\examples\helloworld.vcxproj]
C:\Users\DAB\mysite\backend\build_new\crow-prefix\src\crow\include\crow/socket_adapt
ors.h(21,36): error C2061: синтаксическая ошибка: идентификатор "io_service" [C:\Use
rs\DAB\mysite\backend\build_new\crow-prefix\src\crow-build\examples\helloworld.vcxpr
oj] [C:\Users\DAB\mysite\backend\build_new\crow.vcxproj]
C:\Users\DAB\mysite\backend\build_new\crow-prefix\src\crow\include\crow/socket_adapt
ors.h(25,22): error C2039: "io_service": не является членом "boost::asio". [C:\Users
\DAB\mysite\backend\build_new\crow-prefix\src\crow-build\examples\helloworld.vcxproj
] [C:\Users\DAB\mysite\backend\build_new\crow.vcxproj]
  C:\Users\DAB\Desktop\vcpkg\installed\x64-windows\include\boost/asio/impl/write_at.
  hpp(35,11): message : см. объявление "boost::asio" [C:\Users\DAB\mysite\backend\bu
  ild_new\crow-prefix\src\crow-build\examples\helloworld.vcxproj]
C:\Users\DAB\mysite\backend\build_new\crow-prefix\src\crow\include\crow/socket_adapt
ors.h(25,32): error C2143: синтаксическая ошибка: отсутствие ";" перед "&" [C:\Users
\DAB\mysite\backend\build_new\crow-prefix\src\crow-build\examples\helloworld.vcxproj
] [C:\Users\DAB\mysite\backend\build_new\crow.vcxproj]
C:\Users\DAB\mysite\backend\build_new\crow-prefix\src\crow\include\crow/socket_adapt
ors.h(25,32): error C4430: отсутствует спецификатор типа - предполагается int. Приме
чание. C++ не поддерживает int по умолчанию [C:\Users\DAB\mysite\backend\build_new\c
row-prefix\src\crow-build\examples\helloworld.vcxproj] [C:\Users\DAB\mysite\backend\
build_new\crow.vcxproj]
C:\Users\DAB\mysite\backend\build_new\crow-prefix\src\crow\include\crow/socket_adapt
ors.h(26,9): error C2334: непредвиденные лексемы перед "{"; пропуск вероятного тела
функции [C:\Users\DAB\mysite\backend\build_new\crow-prefix\src\crow-build\examples\h
elloworld.vcxproj] [C:\Users\DAB\mysite\backend\build_new\crow.vcxproj]
C:\Users\DAB\mysite\backend\build_new\crow-prefix\src\crow\include\crow/socket_adapt
ors.h(22,19): error C2065: io_service: необъявленный идентификатор [C:\Users\DAB\mys
ite\backend\build_new\crow-prefix\src\crow-build\examples\helloworld.vcxproj] [C:\Us
ers\DAB\mysite\backend\build_new\crow.vcxproj]
C:\Users\DAB\mysite\backend\build_new\crow-prefix\src\crow\include\crow/json.h(63,42
): warning C4244: аргумент: преобразование "int" в "_Elem", возможна потеря данных [
C:\Users\DAB\mysite\backend\build_new\crow-prefix\src\crow-build\examples\helloworld
.vcxproj] [C:\Users\DAB\mysite\backend\build_new\crow.vcxproj]
            with
            [
                _Elem=char
            ]
C:\Users\DAB\mysite\backend\build_new\crow-prefix\src\crow\include\crow/json.h(64,42
): warning C4244: аргумент: преобразование "int" в "_Elem", возможна потеря данных [
C:\Users\DAB\mysite\backend\build_new\crow-prefix\src\crow-build\examples\helloworld
.vcxproj] [C:\Users\DAB\mysite\backend\build_new\crow.vcxproj]
            with
            [
                _Elem=char
            ]
C:\Users\DAB\mysite\backend\build_new\crow-prefix\src\crow\include\crow/json.h(461,5
6): warning C4244: =: преобразование "unsigned int" в "char", возможна потеря данных
 [C:\Users\DAB\mysite\backend\build_new\crow-prefix\src\crow-build\examples\hellowor
ld.vcxproj] [C:\Users\DAB\mysite\backend\build_new\crow.vcxproj]
C:\Users\DAB\mysite\backend\build_new\crow-prefix\src\crow\include\crow/json.h(467,5
6): warning C4244: =: преобразование "unsigned int" в "char", возможна потеря данных
 [C:\Users\DAB\mysite\backend\build_new\crow-prefix\src\crow-build\examples\hellowor
ld.vcxproj] [C:\Users\DAB\mysite\backend\build_new\crow.vcxproj]
C:\Users\DAB\mysite\backend\build_new\crow-prefix\src\crow\include\crow/json.h(472,5
1): warning C4244: =: преобразование "unsigned int" в "char", возможна потеря данных
 [C:\Users\DAB\mysite\backend\build_new\crow-prefix\src\crow-build\examples\hellowor
ld.vcxproj] [C:\Users\DAB\mysite\backend\build_new\crow.vcxproj]
C:\Users\DAB\mysite\backend\build_new\crow-prefix\src\crow\include\crow/json.h(681,4
1): warning C4244: =: преобразование "uint32_t" в "uint16_t", возможна потеря данных
 [C:\Users\DAB\mysite\backend\build_new\crow-prefix\src\crow-build\examples\hellowor
ld.vcxproj] [C:\Users\DAB\mysite\backend\build_new\crow.vcxproj]
C:\Users\DAB\mysite\backend\build_new\crow-prefix\src\crow\include\crow/json.h(1211,
35): warning C4267: аргумент: преобразование из "size_t" в "uint32_t"; возможна поте
ря данных [C:\Users\DAB\mysite\backend\build_new\crow-prefix\src\crow-build\examples
\helloworld.vcxproj] [C:\Users\DAB\mysite\backend\build_new\crow.vcxproj]
C:\Users\DAB\mysite\backend\build_new\crow-prefix\src\crow\include\crow/json.h(1671,
32): warning C4267: return: преобразование из "size_t" в "int"; возможна потеря данн
ых [C:\Users\DAB\mysite\backend\build_new\crow-prefix\src\crow-build\examples\hellow
orld.vcxproj] [C:\Users\DAB\mysite\backend\build_new\crow.vcxproj]
C:\Users\DAB\mysite\backend\build_new\crow-prefix\src\crow\include\crow/json.h(1792,
52): warning C4458: объявление "o" скрывает член класса [C:\Users\DAB\mysite\backend
\build_new\crow-prefix\src\crow-build\examples\helloworld.vcxproj] [C:\Users\DAB\mys
ite\backend\build_new\crow.vcxproj]
  C:\Users\DAB\mysite\backend\build_new\crow-prefix\src\crow\include\crow/json.h(127
  0,37): message : см. объявление "crow::json::wvalue::o" [C:\Users\DAB\mysite\backe
  nd\build_new\crow-prefix\src\crow-build\examples\helloworld.vcxproj]
C:\Users\DAB\mysite\backend\build_new\crow-prefix\src\crow\include\crow/mustache.h(9
7,33): warning C4267: инициализация: преобразование из "size_t" в "int"; возможна по
теря данных [C:\Users\DAB\mysite\backend\build_new\crow-prefix\src\crow-build\exampl
es\helloworld.vcxproj] [C:\Users\DAB\mysite\backend\build_new\crow.vcxproj]
C:\Users\DAB\mysite\backend\build_new\crow-prefix\src\crow\include\crow/mustache.h(1
16,48): warning C4267: =: преобразование из "size_t" в "int"; возможна потеря данных
 [C:\Users\DAB\mysite\backend\build_new\crow-prefix\src\crow-build\examples\hellowor
ld.vcxproj] [C:\Users\DAB\mysite\backend\build_new\crow.vcxproj]
C:\Users\DAB\mysite\backend\build_new\crow-prefix\src\crow\include\crow/mustache.h(1
18,53): warning C4267: аргумент: преобразование из "size_t" в "_Ty"; возможна потеря
 данных [C:\Users\DAB\mysite\backend\build_new\crow-prefix\src\crow-build\examples\h
elloworld.vcxproj] [C:\Users\DAB\mysite\backend\build_new\crow.vcxproj]
            with
            [
                _Ty=int
            ]
C:\Users\DAB\mysite\backend\build_new\crow-prefix\src\crow\include\crow/mustache.h(2
21,94): warning C4267: аргумент: преобразование из "size_t" в "int"; возможна потеря
 данных [C:\Users\DAB\mysite\backend\build_new\crow-prefix\src\crow-build\examples\h
elloworld.vcxproj] [C:\Users\DAB\mysite\backend\build_new\crow.vcxproj]
C:\Users\DAB\mysite\backend\build_new\crow-prefix\src\crow\include\crow/mustache.h(3
67,54): warning C4267: аргумент: преобразование из "size_t" в "int"; возможна потеря
 данных [C:\Users\DAB\mysite\backend\build_new\crow-prefix\src\crow-build\examples\h
elloworld.vcxproj] [C:\Users\DAB\mysite\backend\build_new\crow.vcxproj]
C:\Users\DAB\mysite\backend\build_new\crow-prefix\src\crow\include\crow/mustache.h(3
78,54): warning C4267: аргумент: преобразование из "size_t" в "int"; возможна потеря
 данных [C:\Users\DAB\mysite\backend\build_new\crow-prefix\src\crow-build\examples\h
elloworld.vcxproj] [C:\Users\DAB\mysite\backend\build_new\crow.vcxproj]
C:\Users\DAB\mysite\backend\build_new\crow-prefix\src\crow\include\crow/mustache.h(3
90,54): warning C4267: аргумент: преобразование из "size_t" в "int"; возможна потеря
 данных [C:\Users\DAB\mysite\backend\build_new\crow-prefix\src\crow-build\examples\h
elloworld.vcxproj] [C:\Users\DAB\mysite\backend\build_new\crow.vcxproj]
C:\Users\DAB\mysite\backend\build_new\crow-prefix\src\crow\include\crow/mustache.h(4
01,54): warning C4267: аргумент: преобразование из "size_t" в "int"; возможна потеря
 данных [C:\Users\DAB\mysite\backend\build_new\crow-prefix\src\crow-build\examples\h
elloworld.vcxproj] [C:\Users\DAB\mysite\backend\build_new\crow.vcxproj]
C:\Users\DAB\mysite\backend\build_new\crow-prefix\src\crow\include\crow/mustache.h(4
63,60): warning C4267: =: преобразование из "size_t" в "int"; возможна потеря данных
 [C:\Users\DAB\mysite\backend\build_new\crow-prefix\src\crow-build\examples\hellowor
ld.vcxproj] [C:\Users\DAB\mysite\backend\build_new\crow.vcxproj]
C:\Users\DAB\mysite\backend\build_new\crow-prefix\src\crow\include\crow/mustache.h(5
63,28): warning C4267: инициализация: преобразование из "size_t" в "int"; возможна п
отеря данных [C:\Users\DAB\mysite\backend\build_new\crow-prefix\src\crow-build\examp
les\helloworld.vcxproj] [C:\Users\DAB\mysite\backend\build_new\crow.vcxproj]
C:\Users\DAB\mysite\backend\build_new\crow-prefix\src\crow\include\crow/task_timer.h
(28,37): error C2039: "io_service": не является членом "boost::asio". [C:\Users\DAB\
mysite\backend\build_new\crow-prefix\src\crow-build\examples\helloworld.vcxproj] [C:
\Users\DAB\mysite\backend\build_new\crow.vcxproj]
  C:\Users\DAB\Desktop\vcpkg\installed\x64-windows\include\boost/asio/impl/write_at.
  hpp(35,11): message : см. объявление "boost::asio" [C:\Users\DAB\mysite\backend\bu
  ild_new\crow-prefix\src\crow-build\examples\helloworld.vcxproj]
C:\Users\DAB\mysite\backend\build_new\crow-prefix\src\crow\include\crow/task_timer.h
(28,37): error C2061: синтаксическая ошибка: идентификатор "io_service" [C:\Users\DA
B\mysite\backend\build_new\crow-prefix\src\crow-build\examples\helloworld.vcxproj] [
C:\Users\DAB\mysite\backend\build_new\crow.vcxproj]
C:\Users\DAB\mysite\backend\build_new\crow-prefix\src\crow\include\crow/task_timer.h
(123,26): error C2039: "io_service": не является членом "boost::asio". [C:\Users\DAB
\mysite\backend\build_new\crow-prefix\src\crow-build\examples\helloworld.vcxproj] [C
:\Users\DAB\mysite\backend\build_new\crow.vcxproj]
  C:\Users\DAB\Desktop\vcpkg\installed\x64-windows\include\boost/asio/impl/write_at.
  hpp(35,11): message : см. объявление "boost::asio" [C:\Users\DAB\mysite\backend\bu
  ild_new\crow-prefix\src\crow-build\examples\helloworld.vcxproj]
C:\Users\DAB\mysite\backend\build_new\crow-prefix\src\crow\include\crow/task_timer.h
(123,36): error C2143: синтаксическая ошибка: отсутствие ";" перед "&" [C:\Users\DAB
\mysite\backend\build_new\crow-prefix\src\crow-build\examples\helloworld.vcxproj] [C
:\Users\DAB\mysite\backend\build_new\crow.vcxproj]
C:\Users\DAB\mysite\backend\build_new\crow-prefix\src\crow\include\crow/task_timer.h
(123,36): error C4430: отсутствует спецификатор типа - предполагается int. Примечани
е. C++ не поддерживает int по умолчанию [C:\Users\DAB\mysite\backend\build_new\crow-
prefix\src\crow-build\examples\helloworld.vcxproj] [C:\Users\DAB\mysite\backend\buil
d_new\crow.vcxproj]
C:\Users\DAB\mysite\backend\build_new\crow-prefix\src\crow\include\crow/task_timer.h
(123,49): error C2238: непредвиденные лексемы перед ";" [C:\Users\DAB\mysite\backend
\build_new\crow-prefix\src\crow-build\examples\helloworld.vcxproj] [C:\Users\DAB\mys
ite\backend\build_new\crow.vcxproj]
C:\Users\DAB\mysite\backend\build_new\crow-prefix\src\crow\include\crow/task_timer.h
(29,27): error C2065: io_service: необъявленный идентификатор [C:\Users\DAB\mysite\b
ackend\build_new\crow-prefix\src\crow-build\examples\helloworld.vcxproj] [C:\Users\D
AB\mysite\backend\build_new\crow.vcxproj]
C:\Users\DAB\mysite\backend\build_new\crow-prefix\src\crow\include\crow/task_timer.h
(29,56): error C2065: io_service_: необъявленный идентификатор [C:\Users\DAB\mysite\
backend\build_new\crow-prefix\src\crow-build\examples\helloworld.vcxproj] [C:\Users\
DAB\mysite\backend\build_new\crow.vcxproj]
C:\Users\DAB\mysite\backend\build_new\crow-prefix\src\crow\include\crow/task_timer.h
(29,15): error C2614: crow::detail::task_timer: недопустимая инициализация члена: "i
o_service_" не является базовым классом или членом [C:\Users\DAB\mysite\backend\buil
d_new\crow-prefix\src\crow-build\examples\helloworld.vcxproj] [C:\Users\DAB\mysite\b
ackend\build_new\crow.vcxproj]
C:\Users\DAB\mysite\backend\build_new\crow-prefix\src\crow\include\crow/http_request
.h(38,22): error C2039: "io_service": не является членом "boost::asio". [C:\Users\DA
B\mysite\backend\build_new\crow-prefix\src\crow-build\examples\helloworld.vcxproj] [
C:\Users\DAB\mysite\backend\build_new\crow.vcxproj]
  C:\Users\DAB\Desktop\vcpkg\installed\x64-windows\include\boost/asio/impl/write_at.
  hpp(35,11): message : см. объявление "boost::asio" [C:\Users\DAB\mysite\backend\bu
  ild_new\crow-prefix\src\crow-build\examples\helloworld.vcxproj]
C:\Users\DAB\mysite\backend\build_new\crow-prefix\src\crow\include\crow/http_request
.h(38,32): error C2143: синтаксическая ошибка: отсутствие ";" перед "*" [C:\Users\DA
B\mysite\backend\build_new\crow-prefix\src\crow-build\examples\helloworld.vcxproj] [
C:\Users\DAB\mysite\backend\build_new\crow.vcxproj]
C:\Users\DAB\mysite\backend\build_new\crow-prefix\src\crow\include\crow/http_request
.h(38,32): error C4430: отсутствует спецификатор типа - предполагается int. Примечан
ие. C++ не поддерживает int по умолчанию [C:\Users\DAB\mysite\backend\build_new\crow
-prefix\src\crow-build\examples\helloworld.vcxproj] [C:\Users\DAB\mysite\backend\bui
ld_new\crow.vcxproj]
C:\Users\DAB\mysite\backend\build_new\crow-prefix\src\crow\include\crow/http_request
.h(38,44): error C2334: непредвиденные лексемы перед "{"; пропуск вероятного тела фу
нкции [C:\Users\DAB\mysite\backend\build_new\crow-prefix\src\crow-build\examples\hel
loworld.vcxproj] [C:\Users\DAB\mysite\backend\build_new\crow.vcxproj]
C:\Users\DAB\mysite\backend\build_new\crow-prefix\src\crow\include\crow/http_request
.h(69,13): error C3861: io_service: идентификатор не найден [C:\Users\DAB\mysite\bac
kend\build_new\crow-prefix\src\crow-build\examples\helloworld.vcxproj] [C:\Users\DAB
\mysite\backend\build_new\crow.vcxproj]
  C:\Users\DAB\mysite\backend\build_new\crow-prefix\src\crow\include\crow/http_reque
  st.h(67,14): message : Сообщение диагностики возникло в созданной компилятором фун
  кции "void crow::request::post(CompletionHandler)" [C:\Users\DAB\mysite\backend\bu
  ild_new\crow-prefix\src\crow-build\examples\helloworld.vcxproj]
C:\Users\DAB\mysite\backend\build_new\crow-prefix\src\crow\include\crow/http_request
.h(69,13): error C2065: io_service: необъявленный идентификатор [C:\Users\DAB\mysite
\backend\build_new\crow-prefix\src\crow-build\examples\helloworld.vcxproj] [C:\Users
\DAB\mysite\backend\build_new\crow.vcxproj]
  C:\Users\DAB\mysite\backend\build_new\crow-prefix\src\crow\include\crow/http_reque
  st.h(67,14): message : Сообщение диагностики возникло в созданной компилятором фун
  кции "void crow::request::post(CompletionHandler)" [C:\Users\DAB\mysite\backend\bu
  ild_new\crow-prefix\src\crow-build\examples\helloworld.vcxproj]
C:\Users\DAB\mysite\backend\build_new\crow-prefix\src\crow\include\crow/http_request
.h(76,13): error C3861: io_service: идентификатор не найден [C:\Users\DAB\mysite\bac
kend\build_new\crow-prefix\src\crow-build\examples\helloworld.vcxproj] [C:\Users\DAB
\mysite\backend\build_new\crow.vcxproj]
  C:\Users\DAB\mysite\backend\build_new\crow-prefix\src\crow\include\crow/http_reque
  st.h(74,14): message : Сообщение диагностики возникло в созданной компилятором фун
  кции "void crow::request::dispatch(CompletionHandler)" [C:\Users\DAB\mysite\backen
  d\build_new\crow-prefix\src\crow-build\examples\helloworld.vcxproj]
C:\Users\DAB\mysite\backend\build_new\crow-prefix\src\crow\include\crow/http_request
.h(76,13): error C2065: io_service: необъявленный идентификатор [C:\Users\DAB\mysite
\backend\build_new\crow-prefix\src\crow-build\examples\helloworld.vcxproj] [C:\Users
\DAB\mysite\backend\build_new\crow.vcxproj]
  C:\Users\DAB\mysite\backend\build_new\crow-prefix\src\crow\include\crow/http_reque
  st.h(74,14): message : Сообщение диагностики возникло в созданной компилятором фун
  кции "void crow::request::dispatch(CompletionHandler)" [C:\Users\DAB\mysite\backen
  d\build_new\crow-prefix\src\crow-build\examples\helloworld.vcxproj]
C:\Users\DAB\mysite\backend\build_new\crow-prefix\src\crow\include\crow/multipart.h(
167,84): warning C4458: объявление "part_map" скрывает член класса [C:\Users\DAB\mys
ite\backend\build_new\crow-prefix\src\crow-build\examples\helloworld.vcxproj] [C:\Us
ers\DAB\mysite\backend\build_new\crow.vcxproj]
  C:\Users\DAB\mysite\backend\build_new\crow-prefix\src\crow\include\crow/multipart.
  h(79,20): message : см. объявление "crow::multipart::message::part_map" [C:\Users\
  DAB\mysite\backend\build_new\crow-prefix\src\crow-build\examples\helloworld.vcxpro
  j]
C:\Users\DAB\mysite\backend\build_new\crow-prefix\src\crow\include\crow/multipart.h(
218,32): warning C4456: объявление "found" скрывает предыдущее локальное объявление
[C:\Users\DAB\mysite\backend\build_new\crow-prefix\src\crow-build\examples\helloworl
d.vcxproj] [C:\Users\DAB\mysite\backend\build_new\crow.vcxproj]
  C:\Users\DAB\mysite\backend\build_new\crow-prefix\src\crow\include\crow/multipart.
  h(211,28): message : см. объявление "found" [C:\Users\DAB\mysite\backend\build_new
  \crow-prefix\src\crow-build\examples\helloworld.vcxproj]
C:\Users\DAB\mysite\backend\build_new\crow-prefix\src\crow\include\crow/multipart.h(
234,32): warning C4456: объявление "found" скрывает предыдущее локальное объявление
[C:\Users\DAB\mysite\backend\build_new\crow-prefix\src\crow-build\examples\helloworl
d.vcxproj] [C:\Users\DAB\mysite\backend\build_new\crow.vcxproj]
  C:\Users\DAB\mysite\backend\build_new\crow-prefix\src\crow\include\crow/multipart.
  h(211,28): message : см. объявление "found" [C:\Users\DAB\mysite\backend\build_new
  \crow-prefix\src\crow-build\examples\helloworld.vcxproj]
C:\Users\DAB\mysite\backend\build_new\crow-prefix\src\crow\include\crow/routing.h(80
0,70): warning C4244: аргумент: преобразование "__int64" в "unsigned int", возможна
потеря данных [C:\Users\DAB\mysite\backend\build_new\crow-prefix\src\crow-build\exam
ples\helloworld.vcxproj] [C:\Users\DAB\mysite\backend\build_new\crow.vcxproj]
C:\Users\DAB\mysite\backend\build_new\crow-prefix\src\crow\include\crow/routing.h(82
1,70): warning C4244: аргумент: преобразование "__int64" в "unsigned int", возможна
потеря данных [C:\Users\DAB\mysite\backend\build_new\crow-prefix\src\crow-build\exam
ples\helloworld.vcxproj] [C:\Users\DAB\mysite\backend\build_new\crow.vcxproj]
C:\Users\DAB\mysite\backend\build_new\crow-prefix\src\crow\include\crow/routing.h(84
2,70): warning C4244: аргумент: преобразование "__int64" в "unsigned int", возможна
потеря данных [C:\Users\DAB\mysite\backend\build_new\crow-prefix\src\crow-build\exam
ples\helloworld.vcxproj] [C:\Users\DAB\mysite\backend\build_new\crow.vcxproj]
C:\Users\DAB\mysite\backend\build_new\crow-prefix\src\crow\include\crow/routing.h(86
4,61): warning C4267: аргумент: преобразование из "size_t" в "unsigned int"; возможн
а потеря данных [C:\Users\DAB\mysite\backend\build_new\crow-prefix\src\crow-build\ex
amples\helloworld.vcxproj] [C:\Users\DAB\mysite\backend\build_new\crow.vcxproj]
C:\Users\DAB\mysite\backend\build_new\crow-prefix\src\crow\include\crow/routing.h(88
0,61): warning C4267: аргумент: преобразование из "size_t" в "unsigned int"; возможн
а потеря данных [C:\Users\DAB\mysite\backend\build_new\crow-prefix\src\crow-build\ex
amples\helloworld.vcxproj] [C:\Users\DAB\mysite\backend\build_new\crow.vcxproj]
C:\Users\DAB\mysite\backend\build_new\crow-prefix\src\crow\include\crow/routing.h(89
5,61): warning C4267: аргумент: преобразование из "size_t" в "unsigned int"; возможн
а потеря данных [C:\Users\DAB\mysite\backend\build_new\crow-prefix\src\crow-build\ex
amples\helloworld.vcxproj] [C:\Users\DAB\mysite\backend\build_new\crow.vcxproj]
C:\Users\DAB\mysite\backend\build_new\crow-prefix\src\crow\include\crow/routing.h(94
5,53): warning C4267: +=: преобразование из "size_t" в "unsigned int"; возможна поте
ря данных [C:\Users\DAB\mysite\backend\build_new\crow-prefix\src\crow-build\examples
\helloworld.vcxproj] [C:\Users\DAB\mysite\backend\build_new\crow.vcxproj]
C:\Users\DAB\mysite\backend\build_new\crow-prefix\src\crow\include\crow/routing.h(95
6,45): warning C4267: +=: преобразование из "size_t" в "unsigned int"; возможна поте
ря данных [C:\Users\DAB\mysite\backend\build_new\crow-prefix\src\crow-build\examples
\helloworld.vcxproj] [C:\Users\DAB\mysite\backend\build_new\crow.vcxproj]
C:\Users\DAB\mysite\backend\build_new\crow-prefix\src\crow\include\crow/routing.h(10
02,36): warning C4267: +=: преобразование из "size_t" в "unsigned int"; возможна пот
еря данных [C:\Users\DAB\mysite\backend\build_new\crow-prefix\src\crow-build\example
s\helloworld.vcxproj] [C:\Users\DAB\mysite\backend\build_new\crow.vcxproj]
C:\Users\DAB\mysite\backend\build_new\crow-prefix\src\crow\include\crow/routing.h(10
05,33): warning C4267: +=: преобразование из "size_t" в "unsigned int"; возможна пот
еря данных [C:\Users\DAB\mysite\backend\build_new\crow-prefix\src\crow-build\example
s\helloworld.vcxproj] [C:\Users\DAB\mysite\backend\build_new\crow.vcxproj]
C:\Users\DAB\mysite\backend\build_new\crow-prefix\src\crow\include\crow/routing.h(12
04,101): warning C4267: аргумент: преобразование из "size_t" в "unsigned int"; возмо
жна потеря данных [C:\Users\DAB\mysite\backend\build_new\crow-prefix\src\crow-build\
examples\helloworld.vcxproj] [C:\Users\DAB\mysite\backend\build_new\crow.vcxproj]
C:\Users\DAB\mysite\backend\build_new\crow-prefix\src\crow\include\crow/routing.h(12
04,87): warning C4267: аргумент: преобразование из "size_t" в "uint16_t"; возможна п
отеря данных [C:\Users\DAB\mysite\backend\build_new\crow-prefix\src\crow-build\examp
les\helloworld.vcxproj] [C:\Users\DAB\mysite\backend\build_new\crow.vcxproj]
C:\Users\DAB\mysite\backend\build_new\crow-prefix\src\crow\include\crow/routing.h(12
10,118): warning C4267: аргумент: преобразование из "size_t" в "unsigned int"; возмо
жна потеря данных [C:\Users\DAB\mysite\backend\build_new\crow-prefix\src\crow-build\
examples\helloworld.vcxproj] [C:\Users\DAB\mysite\backend\build_new\crow.vcxproj]
C:\Users\DAB\mysite\backend\build_new\crow-prefix\src\crow\include\crow/routing.h(12
58,29): warning C4456: объявление "i" скрывает предыдущее локальное объявление [C:\U
sers\DAB\mysite\backend\build_new\crow-prefix\src\crow-build\examples\helloworld.vcx
proj] [C:\Users\DAB\mysite\backend\build_new\crow.vcxproj]
  C:\Users\DAB\mysite\backend\build_new\crow-prefix\src\crow\include\crow/routing.h(
  1249,27): message : см. объявление "i" [C:\Users\DAB\mysite\backend\build_new\crow
  -prefix\src\crow-build\examples\helloworld.vcxproj]
C:\Users\DAB\mysite\backend\build_new\crow-prefix\src\crow\include\crow/routing.h(12
59,104): warning C4244: аргумент: преобразование "int" в "uint16_t", возможна потеря
 данных [C:\Users\DAB\mysite\backend\build_new\crow-prefix\src\crow-build\examples\h
elloworld.vcxproj] [C:\Users\DAB\mysite\backend\build_new\crow.vcxproj]
C:\Users\DAB\mysite\backend\build_new\crow-prefix\src\crow\include\crow/routing.h(12
59,100): warning C4267: аргумент: преобразование из "size_t" в "unsigned int"; возмо
жна потеря данных [C:\Users\DAB\mysite\backend\build_new\crow-prefix\src\crow-build\
examples\helloworld.vcxproj] [C:\Users\DAB\mysite\backend\build_new\crow.vcxproj]
C:\Users\DAB\mysite\backend\build_new\crow-prefix\src\crow\include\crow/routing.h(12
70,76): warning C4244: аргумент: преобразование "unsigned int" в "const uint16_t", в
озможна потеря данных [C:\Users\DAB\mysite\backend\build_new\crow-prefix\src\crow-bu
ild\examples\helloworld.vcxproj] [C:\Users\DAB\mysite\backend\build_new\crow.vcxproj
]
C:\Users\DAB\mysite\backend\build_new\crow-prefix\src\crow\include\crow/routing.h(14
20,24): warning C4267: инициализация: преобразование из "size_t" в "int"; возможна п
отеря данных [C:\Users\DAB\mysite\backend\build_new\crow-prefix\src\crow-build\examp
les\helloworld.vcxproj] [C:\Users\DAB\mysite\backend\build_new\crow.vcxproj]
C:\Users\DAB\mysite\backend\build_new\crow-prefix\src\crow\include\crow/routing.h(15
11,28): warning C4456: объявление "per_method" скрывает предыдущее локальное объявле
ние [C:\Users\DAB\mysite\backend\build_new\crow-prefix\src\crow-build\examples\hello
world.vcxproj] [C:\Users\DAB\mysite\backend\build_new\crow.vcxproj]
  C:\Users\DAB\mysite\backend\build_new\crow-prefix\src\crow\include\crow/routing.h(
  1501,19): message : см. объявление "per_method" [C:\Users\DAB\mysite\backend\build
  _new\crow-prefix\src\crow-build\examples\helloworld.vcxproj]
C:\Users\DAB\mysite\backend\build_new\crow-prefix\src\crow\include\crow/routing.h(15
53,13): warning C4530: Использован обработчик исключений C++, но семантика уничтожен
ия объектов не включена. Задайте параметр /EHsc [C:\Users\DAB\mysite\backend\build_n
ew\crow-prefix\src\crow-build\examples\helloworld.vcxproj] [C:\Users\DAB\mysite\back
end\build_new\crow.vcxproj]
C:\Users\DAB\mysite\backend\build_new\crow-prefix\src\crow\include\crow/http_connect
ion.h(40,24): error C2039: "io_service": не является членом "boost::asio". [C:\Users
\DAB\mysite\backend\build_new\crow-prefix\src\crow-build\examples\helloworld.vcxproj
] [C:\Users\DAB\mysite\backend\build_new\crow.vcxproj]
  C:\Users\DAB\Desktop\vcpkg\installed\x64-windows\include\boost/asio/impl/write_at.
  hpp(35,11): message : см. объявление "boost::asio" [C:\Users\DAB\mysite\backend\bu
  ild_new\crow-prefix\src\crow-build\examples\helloworld.vcxproj]
  C:\Users\DAB\mysite\backend\build_new\crow-prefix\src\crow\include\crow/http_conne
  ction.h(626,6): message : выполняется компиляция ссылки на экземпляр класс шаблон
  функции "crow::Connection<Adaptor,Handler,Middlewares...>" [C:\Users\DAB\mysite\ba
  ckend\build_new\crow-prefix\src\crow-build\examples\helloworld.vcxproj]
C:\Users\DAB\mysite\backend\build_new\crow-prefix\src\crow\include\crow/http_connect
ion.h(40,24): error C2061: синтаксическая ошибка: идентификатор "io_service" [C:\Use
rs\DAB\mysite\backend\build_new\crow-prefix\src\crow-build\examples\helloworld.vcxpr
oj] [C:\Users\DAB\mysite\backend\build_new\crow.vcxproj]
C:\Users\DAB\mysite\backend\build_new\crow-prefix\src\crow\include\crow/http_connect
ion.h(48,20): error C3861: io_service: идентификатор не найден [C:\Users\DAB\mysite\
backend\build_new\crow-prefix\src\crow-build\examples\helloworld.vcxproj] [C:\Users\
DAB\mysite\backend\build_new\crow.vcxproj]
C:\Users\DAB\mysite\backend\build_new\crow-prefix\src\crow\include\crow/http_connect
ion.h(48,32): error C3861: adaptor_ctx_: идентификатор не найден [C:\Users\DAB\mysit
e\backend\build_new\crow-prefix\src\crow-build\examples\helloworld.vcxproj] [C:\User
s\DAB\mysite\backend\build_new\crow.vcxproj]
C:\Users\DAB\mysite\backend\build_new\crow-prefix\src\crow\include\crow/http_connect
ion.h(49,20): error C3861: handler: идентификатор не найден [C:\Users\DAB\mysite\bac
kend\build_new\crow-prefix\src\crow-build\examples\helloworld.vcxproj] [C:\Users\DAB
\mysite\backend\build_new\crow.vcxproj]
C:\Users\DAB\mysite\backend\build_new\crow-prefix\src\crow\include\crow/http_connect
ion.h(51,24): error C3861: server_name: идентификатор не найден [C:\Users\DAB\mysite
\backend\build_new\crow-prefix\src\crow-build\examples\helloworld.vcxproj] [C:\Users
\DAB\mysite\backend\build_new\crow.vcxproj]
C:\Users\DAB\mysite\backend\build_new\crow-prefix\src\crow\include\crow/http_connect
ion.h(52,24): error C3861: middlewares: идентификатор не найден [C:\Users\DAB\mysite
\backend\build_new\crow-prefix\src\crow-build\examples\helloworld.vcxproj] [C:\Users
\DAB\mysite\backend\build_new\crow.vcxproj]
C:\Users\DAB\mysite\backend\build_new\crow-prefix\src\crow\include\crow/http_connect
ion.h(53,31): error C3861: get_cached_date_str_f: идентификатор не найден [C:\Users\
DAB\mysite\backend\build_new\crow-prefix\src\crow-build\examples\helloworld.vcxproj]
 [C:\Users\DAB\mysite\backend\build_new\crow.vcxproj]
C:\Users\DAB\mysite\backend\build_new\crow-prefix\src\crow\include\crow/http_connect
ion.h(54,23): error C3861: task_timer: идентификатор не найден [C:\Users\DAB\mysite\
backend\build_new\crow-prefix\src\crow-build\examples\helloworld.vcxproj] [C:\Users\
DAB\mysite\backend\build_new\crow.vcxproj]
C:\Users\DAB\mysite\backend\build_new\crow-prefix\src\crow\include\crow/http_connect
ion.h(55,33): error C3861: handler: идентификатор не найден [C:\Users\DAB\mysite\bac
kend\build_new\crow-prefix\src\crow-build\examples\helloworld.vcxproj] [C:\Users\DAB
\mysite\backend\build_new\crow.vcxproj]
C:\Users\DAB\mysite\backend\build_new\crow-prefix\src\crow\include\crow/http_connect
ion.h(56,25): error C3861: queue_length: идентификатор не найден [C:\Users\DAB\mysit
e\backend\build_new\crow-prefix\src\crow-build\examples\helloworld.vcxproj] [C:\User
s\DAB\mysite\backend\build_new\crow.vcxproj]
C:\Users\DAB\mysite\backend\build_new\crow-prefix\src\crow\include\crow/http_connect
ion.h(48,20): error C2065: io_service: необъявленный идентификатор [C:\Users\DAB\mys
ite\backend\build_new\crow-prefix\src\crow-build\examples\helloworld.vcxproj] [C:\Us
ers\DAB\mysite\backend\build_new\crow.vcxproj]
C:\Users\DAB\mysite\backend\build_new\crow-prefix\src\crow\include\crow/http_connect
ion.h(48,32): error C2065: adaptor_ctx_: необъявленный идентификатор [C:\Users\DAB\m
ysite\backend\build_new\crow-prefix\src\crow-build\examples\helloworld.vcxproj] [C:\
Users\DAB\mysite\backend\build_new\crow.vcxproj]
C:\Users\DAB\mysite\backend\build_new\crow-prefix\src\crow\include\crow/http_connect
ion.h(49,20): error C2065: handler: необъявленный идентификатор [C:\Users\DAB\mysite
\backend\build_new\crow-prefix\src\crow-build\examples\helloworld.vcxproj] [C:\Users
\DAB\mysite\backend\build_new\crow.vcxproj]
C:\Users\DAB\mysite\backend\build_new\crow-prefix\src\crow\include\crow/http_connect
ion.h(51,24): error C2065: server_name: необъявленный идентификатор [C:\Users\DAB\my
site\backend\build_new\crow-prefix\src\crow-build\examples\helloworld.vcxproj] [C:\U
sers\DAB\mysite\backend\build_new\crow.vcxproj]
C:\Users\DAB\mysite\backend\build_new\crow-prefix\src\crow\include\crow/http_connect
ion.h(52,24): error C2065: middlewares: необъявленный идентификатор [C:\Users\DAB\my
site\backend\build_new\crow-prefix\src\crow-build\examples\helloworld.vcxproj] [C:\U
sers\DAB\mysite\backend\build_new\crow.vcxproj]
C:\Users\DAB\mysite\backend\build_new\crow-prefix\src\crow\include\crow/http_connect
ion.h(53,31): error C2065: get_cached_date_str_f: необъявленный идентификатор [C:\Us
ers\DAB\mysite\backend\build_new\crow-prefix\src\crow-build\examples\helloworld.vcxp
roj] [C:\Users\DAB\mysite\backend\build_new\crow.vcxproj]
C:\Users\DAB\mysite\backend\build_new\crow-prefix\src\crow\include\crow/http_connect
ion.h(54,23): error C2065: task_timer: необъявленный идентификатор [C:\Users\DAB\mys
ite\backend\build_new\crow-prefix\src\crow-build\examples\helloworld.vcxproj] [C:\Us
ers\DAB\mysite\backend\build_new\crow.vcxproj]
C:\Users\DAB\mysite\backend\build_new\crow-prefix\src\crow\include\crow/http_connect
ion.h(55,33): error C2065: handler: необъявленный идентификатор [C:\Users\DAB\mysite
\backend\build_new\crow-prefix\src\crow-build\examples\helloworld.vcxproj] [C:\Users
\DAB\mysite\backend\build_new\crow.vcxproj]
C:\Users\DAB\mysite\backend\build_new\crow-prefix\src\crow\include\crow/http_connect
ion.h(56,25): error C2065: queue_length: необъявленный идентификатор [C:\Users\DAB\m
ysite\backend\build_new\crow-prefix\src\crow-build\examples\helloworld.vcxproj] [C:\
Users\DAB\mysite\backend\build_new\crow.vcxproj]
C:\Users\DAB\mysite\backend\build_new\crow-prefix\src\crow\include\crow/http_server.
h(226,15): error C2039: "io_service": не является членом "boost::asio". [C:\Users\DA
B\mysite\backend\build_new\crow-prefix\src\crow-build\examples\helloworld.vcxproj] [
C:\Users\DAB\mysite\backend\build_new\crow.vcxproj]
  C:\Users\DAB\Desktop\vcpkg\installed\x64-windows\include\boost/asio/impl/write_at.
  hpp(35,11): message : см. объявление "boost::asio" [C:\Users\DAB\mysite\backend\bu
  ild_new\crow-prefix\src\crow-build\examples\helloworld.vcxproj]
  C:\Users\DAB\mysite\backend\build_new\crow-prefix\src\crow\include\crow/http_serve
  r.h(248,6): message : выполняется компиляция ссылки на экземпляр класс шаблон функ
  ции "crow::Server<Handler,Adaptor,Middlewares...>" [C:\Users\DAB\mysite\backend\bu
  ild_new\crow-prefix\src\crow-build\examples\helloworld.vcxproj]
C:\Users\DAB\mysite\backend\build_new\crow-prefix\src\crow\include\crow/http_server.
h(226,26): error C3646: io_service_: неизвестный спецификатор переопределения [C:\Us
ers\DAB\mysite\backend\build_new\crow-prefix\src\crow-build\examples\helloworld.vcxp
roj] [C:\Users\DAB\mysite\backend\build_new\crow.vcxproj]
C:\Users\DAB\mysite\backend\build_new\crow-prefix\src\crow\include\crow/http_server.
h(226,1): error C4430: отсутствует спецификатор типа - предполагается int. Примечани
е. C++ не поддерживает int по умолчанию [C:\Users\DAB\mysite\backend\build_new\crow-
prefix\src\crow-build\examples\helloworld.vcxproj] [C:\Users\DAB\mysite\backend\buil
d_new\crow.vcxproj]
C:\Users\DAB\mysite\backend\build_new\crow-prefix\src\crow\include\crow/http_server.
h(227,43): error C2039: "io_service": не является членом "boost::asio". [C:\Users\DA
B\mysite\backend\build_new\crow-prefix\src\crow-build\examples\helloworld.vcxproj] [
C:\Users\DAB\mysite\backend\build_new\crow.vcxproj]
  C:\Users\DAB\Desktop\vcpkg\installed\x64-windows\include\boost/asio/impl/write_at.
  hpp(35,11): message : см. объявление "boost::asio" [C:\Users\DAB\mysite\backend\bu
  ild_new\crow-prefix\src\crow-build\examples\helloworld.vcxproj]
C:\Users\DAB\mysite\backend\build_new\crow-prefix\src\crow\include\crow/http_server.
h(227,43): error C2065: io_service: необъявленный идентификатор [C:\Users\DAB\mysite
\backend\build_new\crow-prefix\src\crow-build\examples\helloworld.vcxproj] [C:\Users
\DAB\mysite\backend\build_new\crow.vcxproj]
C:\Users\DAB\mysite\backend\build_new\crow-prefix\src\crow\include\crow/http_server.
h(227,26): error C2923: std::unique_ptr: "io_service" не является допустимым аргумен
том типа шаблон для параметра "_Ty" [C:\Users\DAB\mysite\backend\build_new\crow-pref
ix\src\crow-build\examples\helloworld.vcxproj] [C:\Users\DAB\mysite\backend\build_ne
w\crow.vcxproj]
  C:\Users\DAB\mysite\backend\build_new\crow-prefix\src\crow\include\crow/http_serve
  r.h(227,43): message : см. объявление "io_service" [C:\Users\DAB\mysite\backend\bu
  ild_new\crow-prefix\src\crow-build\examples\helloworld.vcxproj]
C:\Users\DAB\mysite\backend\build_new\crow-prefix\src\crow\include\crow/http_server.
h(227,26): error C2976: std::unique_ptr: слишком мало аргументов шаблон [C:\Users\DA
B\mysite\backend\build_new\crow-prefix\src\crow-build\examples\helloworld.vcxproj] [
C:\Users\DAB\mysite\backend\build_new\crow.vcxproj]
  C:\Program Files\Microsoft Visual Studio\2022\Community\VC\Tools\MSVC\14.37.32822\
  include\memory(3213,1): message : см. объявление "std::unique_ptr" [C:\Users\DAB\m
  ysite\backend\build_new\crow-prefix\src\crow-build\examples\helloworld.vcxproj]
C:\Users\DAB\mysite\backend\build_new\crow-prefix\src\crow\include\crow/http_server.
h(227,26): error C3203: "unique_ptr": неспециализированный класс шаблон нельзя испол
ьзовать в качестве аргумента шаблон для параметра шаблон "_Ty", требуется действител
ьный тип [C:\Users\DAB\mysite\backend\build_new\crow-prefix\src\crow-build\examples\
helloworld.vcxproj] [C:\Users\DAB\mysite\backend\build_new\crow.vcxproj]
C:\Users\DAB\mysite\backend\build_new\crow-prefix\src\crow\include\crow/http_server.
h(30,21): error C3861: io_service_: идентификатор не найден [C:\Users\DAB\mysite\bac
kend\build_new\crow-prefix\src\crow-build\examples\helloworld.vcxproj] [C:\Users\DAB
\mysite\backend\build_new\crow.vcxproj]
C:\Users\DAB\mysite\backend\build_new\crow-prefix\src\crow\include\crow/http_server.
h(31,20): error C3861: io_service_: идентификатор не найден [C:\Users\DAB\mysite\bac
kend\build_new\crow-prefix\src\crow-build\examples\helloworld.vcxproj] [C:\Users\DAB
\mysite\backend\build_new\crow.vcxproj]
C:\Users\DAB\mysite\backend\build_new\crow-prefix\src\crow\include\crow/http_server.
h(32,23): error C3861: io_service_: идентификатор не найден [C:\Users\DAB\mysite\bac
kend\build_new\crow-prefix\src\crow-build\examples\helloworld.vcxproj] [C:\Users\DAB
\mysite\backend\build_new\crow.vcxproj]
C:\Users\DAB\mysite\backend\build_new\crow-prefix\src\crow\include\crow/http_server.
h(30,21): error C2065: io_service_: необъявленный идентификатор [C:\Users\DAB\mysite
\backend\build_new\crow-prefix\src\crow-build\examples\helloworld.vcxproj] [C:\Users
\DAB\mysite\backend\build_new\crow.vcxproj]
C:\Users\DAB\mysite\backend\build_new\crow-prefix\src\crow\include\crow/http_server.
h(31,20): error C2065: io_service_: необъявленный идентификатор [C:\Users\DAB\mysite
\backend\build_new\crow-prefix\src\crow-build\examples\helloworld.vcxproj] [C:\Users
\DAB\mysite\backend\build_new\crow.vcxproj]
C:\Users\DAB\mysite\backend\build_new\crow-prefix\src\crow\include\crow/http_server.
h(32,23): error C2065: io_service_: необъявленный идентификатор [C:\Users\DAB\mysite
\backend\build_new\crow-prefix\src\crow-build\examples\helloworld.vcxproj] [C:\Users
\DAB\mysite\backend\build_new\crow.vcxproj]
C:\Users\DAB\mysite\backend\build_new\crow-prefix\src\crow\include\crow/http_server.
h(65,51): error C2187: синтаксическая ошибка: непредвиденный здесь элемент "boost" [
C:\Users\DAB\mysite\backend\build_new\crow-prefix\src\crow-build\examples\helloworld
.vcxproj] [C:\Users\DAB\mysite\backend\build_new\crow.vcxproj]
C:\Users\DAB\mysite\backend\build_new\crow-prefix\src\crow\include\crow/http_server.
h(65,74): error C3878: синтаксическая ошибка: непредвиденный маркер "(" после "expre
ssion" [C:\Users\DAB\mysite\backend\build_new\crow-prefix\src\crow-build\examples\he
lloworld.vcxproj] [C:\Users\DAB\mysite\backend\build_new\crow.vcxproj]
  C:\Users\DAB\mysite\backend\build_new\crow-prefix\src\crow\include\crow/http_serve
  r.h(65,74): message : пропущено восстановление ошибки: "(" [C:\Users\DAB\mysite\ba
  ckend\build_new\crow-prefix\src\crow-build\examples\helloworld.vcxproj]
C:\Users\DAB\mysite\backend\build_new\crow-prefix\src\crow\include\crow/http_server.
h(65,75): error C2760: синтаксическая ошибка: непредвиденный элемент ")". Ожидается
";" [C:\Users\DAB\mysite\backend\build_new\crow-prefix\src\crow-build\examples\hello
world.vcxproj] [C:\Users\DAB\mysite\backend\build_new\crow.vcxproj]
C:\Users\DAB\mysite\backend\build_new\crow-prefix\src\crow\include\crow/http_server.
h(65,75): error C3878: синтаксическая ошибка: непредвиденный маркер ")" после "expre
ssion_statement" [C:\Users\DAB\mysite\backend\build_new\crow-prefix\src\crow-build\e
xamples\helloworld.vcxproj] [C:\Users\DAB\mysite\backend\build_new\crow.vcxproj]
  C:\Users\DAB\mysite\backend\build_new\crow-prefix\src\crow\include\crow/http_serve
  r.h(65,75): message : пропущено восстановление ошибки: ") )" [C:\Users\DAB\mysite\
  backend\build_new\crow-prefix\src\crow-build\examples\helloworld.vcxproj]
C:\Users\DAB\mysite\backend\build_new\crow-prefix\src\crow\include\crow/http_server.
h(156,19): error C2065: io_service_: необъявленный идентификатор [C:\Users\DAB\mysit
e\backend\build_new\crow-prefix\src\crow-build\examples\helloworld.vcxproj] [C:\User
s\DAB\mysite\backend\build_new\crow.vcxproj]
C:\Users\DAB\mysite\backend\build_new\crow-prefix\src\crow\include\crow/http_server.
h(164,13): error C3861: io_service_: идентификатор не найден [C:\Users\DAB\mysite\ba
ckend\build_new\crow-prefix\src\crow-build\examples\helloworld.vcxproj] [C:\Users\DA
B\mysite\backend\build_new\crow.vcxproj]
C:\Users\DAB\mysite\backend\build_new\crow-prefix\src\crow\include\crow/http_server.
h(164,13): error C2065: io_service_: необъявленный идентификатор [C:\Users\DAB\mysit
e\backend\build_new\crow-prefix\src\crow-build\examples\helloworld.vcxproj] [C:\User
s\DAB\mysite\backend\build_new\crow.vcxproj]
C:\Users\DAB\mysite\backend\build_new\crow-prefix\src\crow\include\crow/http_server.
h(197,19): error C2039: "io_service": не является членом "boost::asio". [C:\Users\DA
B\mysite\backend\build_new\crow-prefix\src\crow-build\examples\helloworld.vcxproj] [
C:\Users\DAB\mysite\backend\build_new\crow.vcxproj]
  C:\Users\DAB\Desktop\vcpkg\installed\x64-windows\include\boost/asio/impl/write_at.
  hpp(35,11): message : см. объявление "boost::asio" [C:\Users\DAB\mysite\backend\bu
  ild_new\crow-prefix\src\crow-build\examples\helloworld.vcxproj]
C:\Users\DAB\mysite\backend\build_new\crow-prefix\src\crow\include\crow/http_server.
h(197,31): error C3861: is: идентификатор не найден [C:\Users\DAB\mysite\backend\bui
ld_new\crow-prefix\src\crow-build\examples\helloworld.vcxproj] [C:\Users\DAB\mysite\
backend\build_new\crow.vcxproj]
C:\Users\DAB\mysite\backend\build_new\crow-prefix\src\crow\include\crow/http_server.
h(199,32): error C2065: is: необъявленный идентификатор [C:\Users\DAB\mysite\backend
\build_new\crow-prefix\src\crow-build\examples\helloworld.vcxproj] [C:\Users\DAB\mys
ite\backend\build_new\crow.vcxproj]
C:\Users\DAB\mysite\backend\build_new\crow-prefix\src\crow\include\crow/http_server.
h(199,32): error C3861: is: идентификатор не найден [C:\Users\DAB\mysite\backend\bui
ld_new\crow-prefix\src\crow-build\examples\helloworld.vcxproj] [C:\Users\DAB\mysite\
backend\build_new\crow.vcxproj]
C:\Users\DAB\mysite\backend\build_new\crow-prefix\src\crow\include\crow/http_server.
h(202,15): error C3861: is: идентификатор не найден [C:\Users\DAB\mysite\backend\bui
ld_new\crow-prefix\src\crow-build\examples\helloworld.vcxproj] [C:\Users\DAB\mysite\
backend\build_new\crow.vcxproj]
C:\Users\DAB\mysite\backend\build_new\crow-prefix\src\crow\include\crow/http_server.
h(207,26): error C3861: is: идентификатор не найден [C:\Users\DAB\mysite\backend\bui
ld_new\crow-prefix\src\crow-build\examples\helloworld.vcxproj] [C:\Users\DAB\mysite\
backend\build_new\crow.vcxproj]
C:\Users\DAB\mysite\backend\build_new\crow-prefix\src\crow\include\crow/http_server.
h(210,23): error C3861: is: идентификатор не найден [C:\Users\DAB\mysite\backend\bui
ld_new\crow-prefix\src\crow-build\examples\helloworld.vcxproj] [C:\Users\DAB\mysite\
backend\build_new\crow.vcxproj]
C:\Users\DAB\mysite\backend\build_new\crow-prefix\src\crow\include\crow/http_server.
h(218,42): error C2065: is: необъявленный идентификатор [C:\Users\DAB\mysite\backend
\build_new\crow-prefix\src\crow-build\examples\helloworld.vcxproj] [C:\Users\DAB\mys
ite\backend\build_new\crow.vcxproj]
C:\Users\DAB\mysite\backend\build_new\crow-prefix\src\crow\include\crow/http_server.
h(218,42): error C3861: is: идентификатор не найден [C:\Users\DAB\mysite\backend\bui
ld_new\crow-prefix\src\crow-build\examples\helloworld.vcxproj] [C:\Users\DAB\mysite\
backend\build_new\crow.vcxproj]
C:\Users\DAB\mysite\backend\build_new\crow-prefix\src\crow\include\crow/http_server.
h(197,31): error C2065: is: необъявленный идентификатор [C:\Users\DAB\mysite\backend
\build_new\crow-prefix\src\crow-build\examples\helloworld.vcxproj] [C:\Users\DAB\mys
ite\backend\build_new\crow.vcxproj]
C:\Users\DAB\mysite\backend\build_new\crow-prefix\src\crow\include\crow/http_server.
h(202,15): error C2065: is: необъявленный идентификатор [C:\Users\DAB\mysite\backend
\build_new\crow-prefix\src\crow-build\examples\helloworld.vcxproj] [C:\Users\DAB\mys
ite\backend\build_new\crow.vcxproj]
C:\Users\DAB\mysite\backend\build_new\crow-prefix\src\crow\include\crow/http_server.
h(210,23): error C2065: is: необъявленный идентификатор [C:\Users\DAB\mysite\backend
\build_new\crow-prefix\src\crow-build\examples\helloworld.vcxproj] [C:\Users\DAB\mys
ite\backend\build_new\crow.vcxproj]
C:\Program Files\Microsoft Visual Studio\2022\Community\MSBuild\Microsoft\VC\v170\Mi
crosoft.CppCommon.targets(249,5): error MSB8066: пользовательская сборка для "C:\Use
rs\DAB\mysite\backend\build_new\CMakeFiles\96d83d2b0ab6061c36e7137f97724605\crow-mkd
ir.rule;C:\Users\DAB\mysite\backend\build_new\CMakeFiles\96d83d2b0ab6061c36e7137f977
24605\crow-download.rule;C:\Users\DAB\mysite\backend\build_new\CMakeFiles\96d83d2b0a
b6061c36e7137f97724605\crow-update.rule;C:\Users\DAB\mysite\backend\build_new\CMakeF
iles\96d83d2b0ab6061c36e7137f97724605\crow-patch.rule;C:\Users\DAB\mysite\backend\bu
ild_new\CMakeFiles\96d83d2b0ab6061c36e7137f97724605\crow-configure.rule;C:\Users\DAB
\mysite\backend\build_new\CMakeFiles\96d83d2b0ab6061c36e7137f97724605\crow-build.rul
e;C:\Users\DAB\mysite\backend\build_new\CMakeFiles\96d83d2b0ab6061c36e7137f97724605\
crow-install.rule;C:\Users\DAB\mysite\backend\build_new\CMakeFiles\04650afdb920ce46f
6ef95509531fe44\crow-complete.rule;C:\Users\DAB\mysite\backend\build_new\CMakeFiles\
e97c9837f5d5d2b036df19e23b7c01b3\crow.rule;C:\Users\DAB\mysite\backend\CMakeLists.tx
t" завершила работу с кодом 1. [C:\Users\DAB\mysite\backend\build_new\crow.vcxproj]
PS C:\Users\DAB\mysite\backend\build_new>

